data/sales_data.csv
Date,Product_Category,Region,Units_Sold,Unit_Price,Total_Sales,Month,Year,Day_of_Week,Quarter
2022-01-01,Electronics,North,15,39.83,597.48,1,2022,Saturday,Q1
2022-01-02,Electronics,North,27,22.59,609.89,1,2022,Sunday,Q1
2022-01-03,Electronics,North,11,48.38,532.22,1,2022,Monday,Q1
2022-01-04,Electronics,North,31,15.1,468.01,1,2022,Tuesday,Q1
2022-01-05,Electronics,North,10,48.55,485.51,1,2022,Wednesday,Q1
2022-01-06,Electronics,North,15,36.31,544.62,1,2022,Thursday,Q1
2022-01-07,Electronics,North,14,35.13,491.82,1,2022,Friday,Q1
2022-01-08,Electronics,North,19,31.7,602.31,1,2022,Saturday,Q1
2022-01-09,Electronics,North,18,36.25,652.52,1,2022,Sunday,Q1
2022-01-10,Electronics,North,21,25.02,525.52,1,2022,Monday,Q1
2022-01-11,Electronics,North,41,13.08,536.08,1,2022,Tuesday,Q1
2022-01-12,Electronics,North,17,35.05,595.91,1,2022,Wednesday,Q1
2022-01-13,Electronics,North,18,28.91,520.39,1,2022,Thursday,Q1
2022-01-14,Electronics,North,13,36.49,474.43,1,2022,Friday,Q1
2022-01-15,Electronics,North,20,31.81,636.3,1,2022,Saturday,Q1
2022-01-16,Electronics,North,23,27.09,623.0,1,2022,Sunday,Q1
2022-01-17,Electronics,North,12,46.78,561.38,1,2022,Monday,Q1
2022-01-18,Electronics,North,12,47.13,565.57,1,2022,Tuesday,Q1
2022-01-19,Electronics,North,15,35.03,525.38,1,2022,Wednesday,Q1
2022-01-20,Electronics,North,40,13.59,543.51,1,2022,Thursday,Q1
2022-01-21,Electronics,North,14,39.06,546.84,1,2022,Friday,Q1
2022-01-22,Electronics,North,12,53.47,641.63,1,2022,Saturday,Q1
2022-01-23,Electronics,North,20,31.08,621.68,1,2022,Sunday,Q1
2022-01-24,Electronics,North,12,46.68,560.19,1,2022,Monday,Q1
2022-01-25,Electronics,North,45,11.86,533.65,1,2022,Tuesday,Q1
2022-01-26,Electronics,North,12,45.65,547.78,1,2022,Wednesday,Q1
2022-01-27,Electronics,North,24,23.48,563.52,1,2022,Thursday,Q1
2022-01-28,Electronics,North,31,17.01,527.44,1,2022,Friday,Q1
2022-01-29,Electronics,North,35,18.08,632.92,1,2022,Saturday,Q1
2022-01-30,Electronics,North,38,16.8,638.38,1,2022,Sunday,Q1
2022-01-31,Electronics,North,12,47.51,570.08,1,2022,Monday,Q1
2022-02-01,Electronics,North,13,41.63,541.22,2,2022,Tuesday,Q1
2022-02-02,Electronics,North,41,15.73,644.95,2,2022,Wednesday,Q1
2022-02-03,Electronics,North,13,44.28,575.59,2,2022,Thursday,Q1
2022-02-04,Electronics,North,13,42.85,557.05,2,2022,Friday,Q1
2022-02-05,Electronics,North,19,33.88,643.81,2,2022,Saturday,Q1
2022-02-06,Electronics,North,25,28.85,721.19,2,2022,Sunday,Q1
2022-02-07,Electronics,North,12,50.4,604.78,2,2022,Monday,Q1
2022-02-08,Electronics,North,16,34.93,558.92,2,2022,Tuesday,Q1
2022-02-09,Electronics,North,41,14.56,596.81,2,2022,Wednesday,Q1
2022-02-10,Electronics,North,23,24.3,558.88,2,2022,Thursday,Q1
2022-02-11,Electronics,North,13,45.74,594.66,2,2022,Friday,Q1
2022-02-12,Electronics,North,16,42.31,677.0,2,2022,Saturday,Q1
2022-02-13,Electronics,North,34,21.06,715.93,2,2022,Sunday,Q1
2022-02-14,Electronics,North,21,29.64,622.53,2,2022,Monday,Q1
2022-02-15,Electronics,North,35,18.08,632.83,2,2022,Tuesday,Q1
2022-02-16,Electronics,North,33,18.62,614.53,2,2022,Wednesday,Q1
2022-02-17,Electronics,North,12,51.12,613.39,2,2022,Thursday,Q1
2022-02-18,Electronics,North,17,36.86,626.56,2,2022,Friday,Q1
2022-02-19,Electronics,North,33,21.74,717.48,2,2022,Saturday,Q1
2022-02-20,Electronics,North,16,45.45,727.17,2,2022,Sunday,Q1
2022-02-21,Electronics,North,60,10.37,622.07,2,2022,Monday,Q1
2022-02-22,Electronics,North,46,13.42,617.3,2,2022,Tuesday,Q1
2022-02-23,Electronics,North,27,22.92,618.82,2,2022,Wednesday,Q1
2022-02-24,Electronics,North,28,22.02,616.67,2,2022,Thursday,Q1
2022-02-25,Electronics,North,20,31.68,633.58,2,2022,Friday,Q1
2022-02-26,Electronics,North,18,39.27,706.91,2,2022,Saturday,Q1
2022-02-27,Electronics,North,60,12.15,728.72,2,2022,Sunday,Q1
2022-02-28,Electronics,North,60,10.09,605.7,2,2022,Monday,Q1
2022-03-01,Electronics,North,23,27.47,631.78,3,2022,Tuesday,Q1
2022-03-02,Electronics,North,67,10.53,705.5,3,2022,Wednesday,Q1
2022-03-03,Electronics,North,33,18.08,596.63,3,2022,Thursday,Q1
2022-03-04,Electronics,North,12,51.9,622.83,3,2022,Friday,Q1
2022-03-05,Electronics,North,14,52.81,739.27,3,2022,Saturday,Q1
2022-03-06,Electronics,North,40,18.62,744.75,3,2022,Sunday,Q1
2022-03-07,Electronics,North,18,34.52,621.38,3,2022,Monday,Q1
2022-03-08,Electronics,North,25,25.61,640.25,3,2022,Tuesday,Q1
2022-03-09,Electronics,North,17,35.92,610.61,3,2022,Wednesday,Q1
2022-03-10,Electronics,North,18,36.04,648.75,3,2022,Thursday,Q1
2022-03-11,Electronics,North,31,20.63,639.58,3,2022,Friday,Q1
2022-03-12,Electronics,North,17,43.15,733.59,3,2022,Saturday,Q1
2022-03-13,Electronics,North,33,22.42,739.85,3,2022,Sunday,Q1
2022-03-14,Electronics,North,32,18.9,604.93,3,2022,Monday,Q1
2022-03-15,Electronics,North,27,23.91,645.49,3,2022,Tuesday,Q1
2022-03-16,Electronics,North,20,33.29,665.83,3,2022,Wednesday,Q1
2022-03-17,Electronics,North,16,39.3,628.88,3,2022,Thursday,Q1
2022-03-18,Electronics,North,56,11.05,618.81,3,2022,Friday,Q1
2022-03-19,Electronics,North,20,39.44,788.84,3,2022,Saturday,Q1
2022-03-20,Electronics,North,34,22.04,749.46,3,2022,Sunday,Q1
2022-03-21,Electronics,North,29,22.42,650.2,3,2022,Monday,Q1
2022-03-22,Electronics,North,46,15.19,698.56,3,2022,Tuesday,Q1
2022-03-23,Electronics,North,42,14.04,589.54,3,2022,Wednesday,Q1
2022-03-24,Electronics,North,15,42.67,640.1,3,2022,Thursday,Q1
2022-03-25,Electronics,North,14,48.78,682.88,3,2022,Friday,Q1
2022-03-26,Electronics,North,32,23.77,760.67,3,2022,Saturday,Q1
2022-03-27,Electronics,North,30,24.36,730.83,3,2022,Sunday,Q1
2022-03-28,Electronics,North,16,43.04,688.67,3,2022,Monday,Q1
2022-03-29,Electronics,North,14,46.32,648.54,3,2022,Tuesday,Q1
2022-03-30,Electronics,North,14,47.79,669.02,3,2022,Wednesday,Q1
2022-03-31,Electronics,North,39,16.31,636.22,3,2022,Thursday,Q1
2022-04-01,Electronics,North,15,45.06,675.88,4,2022,Friday,Q2
2022-04-02,Electronics,North,22,31.93,702.41,4,2022,Saturday,Q2
2022-04-03,Electronics,North,52,14.26,741.48,4,2022,Sunday,Q2
2022-04-04,Electronics,North,43,15.46,664.64,4,2022,Monday,Q2
2022-04-05,Electronics,North,62,10.9,675.57,4,2022,Tuesday,Q2
2022-04-06,Electronics,North,26,26.84,697.78,4,2022,Wednesday,Q2
2022-04-07,Electronics,North,15,43.16,647.39,4,2022,Thursday,Q2
2022-04-08,Electronics,North,39,16.68,650.49,4,2022,Friday,Q2
2022-04-09,Electronics,North,30,24.09,722.73,4,2022,Saturday,Q2
2022-04-10,Electronics,North,15,49.89,748.33,4,2022,Sunday,Q2
2022-04-11,Electronics,North,15,39.85,597.69,4,2022,Monday,Q2
2022-04-12,Electronics,North,65,10.61,689.68,4,2022,Tuesday,Q2
2022-04-13,Electronics,North,20,30.54,610.86,4,2022,Wednesday,Q2
2022-04-14,Electronics,North,15,42.72,640.75,4,2022,Thursday,Q2
2022-04-15,Electronics,North,24,26.41,633.87,4,2022,Friday,Q2
2022-04-16,Electronics,North,31,24.33,754.24,4,2022,Saturday,Q2
2022-04-17,Electronics,North,68,10.3,700.56,4,2022,Sunday,Q2
2022-04-18,Electronics,North,30,21.47,644.23,4,2022,Monday,Q2
2022-04-19,Electronics,North,27,25.39,685.58,4,2022,Tuesday,Q2
2022-04-20,Electronics,North,15,40.99,614.78,4,2022,Wednesday,Q2
2022-04-21,Electronics,North,20,33.22,664.49,4,2022,Thursday,Q2
2022-04-22,Electronics,North,38,17.43,662.21,4,2022,Friday,Q2
2022-04-23,Electronics,North,40,18.31,732.5,4,2022,Saturday,Q2
2022-04-24,Electronics,North,16,45.12,721.92,4,2022,Sunday,Q2
2022-04-25,Electronics,North,19,34.59,657.15,4,2022,Monday,Q2
2022-04-26,Electronics,North,26,25.7,668.13,4,2022,Tuesday,Q2
2022-04-27,Electronics,North,18,34.62,623.07,4,2022,Wednesday,Q2
2022-04-28,Electronics,North,29,22.09,640.61,4,2022,Thursday,Q2
2022-04-29,Electronics,North,12,47.29,567.5,4,2022,Friday,Q2
2022-04-30,Electronics,North,23,31.64,727.69,4,2022,Saturday,Q2
2022-05-01,Electronics,North,27,26.44,714.0,5,2022,Sunday,Q2
2022-05-02,Electronics,North,21,31.99,671.72,5,2022,Monday,Q2
2022-05-03,Electronics,North,19,34.13,648.44,5,2022,Tuesday,Q2
2022-05-04,Electronics,North,40,16.57,662.77,5,2022,Wednesday,Q2
2022-05-05,Electronics,North,22,29.45,647.82,5,2022,Thursday,Q2
2022-05-06,Electronics,North,17,33.65,572.1,5,2022,Friday,Q2
2022-05-07,Electronics,North,19,36.58,694.95,5,2022,Saturday,Q2
2022-05-08,Electronics,North,19,38.27,727.05,5,2022,Sunday,Q2
2022-05-09,Electronics,North,14,40.8,571.19,5,2022,Monday,Q2
2022-05-10,Electronics,North,25,24.07,601.82,5,2022,Tuesday,Q2
2022-05-11,Electronics,North,33,18.56,612.38,5,2022,Wednesday,Q2
2022-05-12,Electronics,North,15,40.96,614.36,5,2022,Thursday,Q2
2022-05-13,Electronics,North,30,20.42,612.56,5,2022,Friday,Q2
2022-05-14,Electronics,North,58,12.07,700.27,5,2022,Saturday,Q2
2022-05-15,Electronics,North,25,26.8,670.09,5,2022,Sunday,Q2
2022-05-16,Electronics,North,35,19.92,697.06,5,2022,Monday,Q2
2022-05-17,Electronics,North,32,18.35,587.27,5,2022,Tuesday,Q2
2022-05-18,Electronics,North,18,34.82,626.77,5,2022,Wednesday,Q2
2022-05-19,Electronics,North,12,48.82,585.86,5,2022,Thursday,Q2
2022-05-20,Electronics,North,15,41.37,620.58,5,2022,Friday,Q2
2022-05-21,Electronics,North,43,15.9,683.73,5,2022,Saturday,Q2
2022-05-22,Electronics,North,35,20.13,704.7,5,2022,Sunday,Q2
2022-05-23,Electronics,North,12,51.95,623.34,5,2022,Monday,Q2
2022-05-24,Electronics,North,12,50.03,600.38,5,2022,Tuesday,Q2
2022-05-25,Electronics,North,12,47.87,574.44,5,2022,Wednesday,Q2
2022-05-26,Electronics,North,20,30.36,607.2,5,2022,Thursday,Q2
2022-05-27,Electronics,North,32,17.82,570.38,5,2022,Friday,Q2
2022-05-28,Electronics,North,22,32.09,706.08,5,2022,Saturday,Q2
2022-05-29,Electronics,North,33,21.16,698.35,5,2022,Sunday,Q2
2022-05-30,Electronics,North,15,37.86,567.83,5,2022,Monday,Q2
2022-05-31,Electronics,North,11,49.06,539.61,5,2022,Tuesday,Q2
2022-06-01,Electronics,North,19,30.24,574.49,6,2022,Wednesday,Q2
2022-06-02,Electronics,North,11,50.3,553.28,6,2022,Thursday,Q2
2022-06-03,Electronics,North,24,23.21,557.04,6,2022,Friday,Q2
2022-06-04,Electronics,North,19,35.04,665.68,6,2022,Saturday,Q2
2022-06-05,Electronics,North,30,21.93,657.85,6,2022,Sunday,Q2
2022-06-06,Electronics,North,18,30.33,545.86,6,2022,Monday,Q2
2022-06-07,Electronics,North,19,29.91,568.38,6,2022,Tuesday,Q2
2022-06-08,Electronics,North,55,10.53,579.22,6,2022,Wednesday,Q2
2022-06-09,Electronics,North,11,49.31,542.39,6,2022,Thursday,Q2
2022-06-10,Electronics,North,30,19.44,583.07,6,2022,Friday,Q2
2022-06-11,Electronics,North,27,23.76,641.64,6,2022,Saturday,Q2
2022-06-12,Electronics,North,35,18.5,647.66,6,2022,Sunday,Q2
2022-06-13,Electronics,North,11,51.7,568.68,6,2022,Monday,Q2
2022-06-14,Electronics,North,41,14.29,585.8,6,2022,Tuesday,Q2
2022-06-15,Electronics,North,38,13.75,522.64,6,2022,Wednesday,Q2
2022-06-16,Electronics,North,26,19.36,503.49,6,2022,Thursday,Q2
2022-06-17,Electronics,North,21,26.89,564.73,6,2022,Friday,Q2
2022-06-18,Electronics,North,16,38.7,619.25,6,2022,Saturday,Q2
2022-06-19,Electronics,North,17,34.74,590.53,6,2022,Sunday,Q2
2022-06-20,Electronics,North,18,30.73,553.08,6,2022,Monday,Q2
2022-06-21,Electronics,North,43,13.06,561.53,6,2022,Tuesday,Q2
2022-06-22,Electronics,North,15,34.36,515.39,6,2022,Wednesday,Q2
2022-06-23,Electronics,North,11,46.91,515.99,6,2022,Thursday,Q2
2022-06-24,Electronics,North,28,18.45,516.57,6,2022,Friday,Q2
2022-06-25,Electronics,North,48,12.36,593.51,6,2022,Saturday,Q2
2022-06-26,Electronics,North,37,17.38,642.96,6,2022,Sunday,Q2
2022-06-27,Electronics,North,24,21.18,508.36,6,2022,Monday,Q2
2022-06-28,Electronics,North,11,46.9,515.88,6,2022,Tuesday,Q2
2022-06-29,Electronics,North,21,23.93,502.43,6,2022,Wednesday,Q2
2022-06-30,Electronics,North,11,45.22,497.42,6,2022,Thursday,Q2
2022-07-01,Electronics,North,22,23.87,525.08,7,2022,Friday,Q3
2022-07-02,Electronics,North,22,25.22,554.86,7,2022,Saturday,Q3
2022-07-03,Electronics,North,43,13.89,597.35,7,2022,Sunday,Q3
2022-07-04,Electronics,North,14,35.12,491.69,7,2022,Monday,Q3
2022-07-05,Electronics,North,11,44.65,491.13,7,2022,Tuesday,Q3
2022-07-06,Electronics,North,14,34.47,482.56,7,2022,Wednesday,Q3
2022-07-07,Electronics,North,23,19.48,448.13,7,2022,Thursday,Q3
2022-07-08,Electronics,North,23,22.55,518.58,7,2022,Friday,Q3
2022-07-09,Electronics,North,32,17.59,563.0,7,2022,Saturday,Q3
2022-07-10,Electronics,North,13,44.0,572.05,7,2022,Sunday,Q3
2022-07-11,Electronics,North,12,44.55,534.65,7,2022,Monday,Q3
2022-07-12,Electronics,North,24,19.64,471.37,7,2022,Tuesday,Q3
2022-07-13,Electronics,North,11,50.31,553.39,7,2022,Wednesday,Q3
2022-07-14,Electronics,North,33,13.81,455.8,7,2022,Thursday,Q3
2022-07-15,Electronics,North,39,13.53,527.73,7,2022,Friday,Q3
2022-07-16,Electronics,North,11,50.51,555.58,7,2022,Saturday,Q3
2022-07-17,Electronics,North,44,11.55,508.23,7,2022,Sunday,Q3
2022-07-18,Electronics,North,13,34.7,451.16,7,2022,Monday,Q3
2022-07-19,Electronics,North,15,34.94,524.04,7,2022,Tuesday,Q3
2022-07-20,Electronics,North,25,21.77,544.36,7,2022,Wednesday,Q3
2022-07-21,Electronics,North,13,35.26,458.41,7,2022,Thursday,Q3
2022-07-22,Electronics,North,22,22.31,490.81,7,2022,Friday,Q3
2022-07-23,Electronics,North,17,29.28,497.78,7,2022,Saturday,Q3
2022-07-24,Electronics,North,19,27.9,530.01,7,2022,Sunday,Q3
2022-07-25,Electronics,North,39,10.97,427.96,7,2022,Monday,Q3
2022-07-26,Electronics,North,19,22.16,421.05,7,2022,Tuesday,Q3
2022-07-27,Electronics,North,12,35.96,431.51,7,2022,Wednesday,Q3
2022-07-28,Electronics,North,18,26.82,482.81,7,2022,Thursday,Q3
2022-07-29,Electronics,North,22,19.65,432.27,7,2022,Friday,Q3
2022-07-30,Electronics,North,11,46.38,510.13,7,2022,Saturday,Q3
2022-07-31,Electronics,North,17,33.49,569.38,7,2022,Sunday,Q3
2022-08-01,Electronics,North,26,15.9,413.33,8,2022,Monday,Q3
2022-08-02,Electronics,North,10,40.07,400.67,8,2022,Tuesday,Q3
2022-08-03,Electronics,North,14,29.99,419.83,8,2022,Wednesday,Q3
2022-08-04,Electronics,North,14,32.67,457.32,8,2022,Thursday,Q3
2022-08-05,Electronics,North,29,15.75,456.69,8,2022,Friday,Q3
2022-08-06,Electronics,North,14,35.53,497.36,8,2022,Saturday,Q3
2022-08-07,Electronics,North,10,52.7,527.03,8,2022,Sunday,Q3
2022-08-08,Electronics,North,8,49.12,392.95,8,2022,Monday,Q3
2022-08-09,Electronics,North,9,45.88,412.9,8,2022,Tuesday,Q3
2022-08-10,Electronics,North,12,36.88,442.54,8,2022,Wednesday,Q3
2022-08-11,Electronics,North,14,30.46,426.46,8,2022,Thursday,Q3
2022-08-12,Electronics,North,8,50.95,407.64,8,2022,Friday,Q3
2022-08-13,Electronics,North,12,43.49,521.9,8,2022,Saturday,Q3
2022-08-14,Electronics,North,15,33.26,498.94,8,2022,Sunday,Q3
2022-08-15,Electronics,North,15,26.5,397.51,8,2022,Monday,Q3
2022-08-16,Electronics,North,10,40.65,406.54,8,2022,Tuesday,Q3
2022-08-17,Electronics,North,7,52.72,369.03,8,2022,Wednesday,Q3
2022-08-18,Electronics,North,14,27.37,383.11,8,2022,Thursday,Q3
2022-08-19,Electronics,North,14,30.22,423.03,8,2022,Friday,Q3
2022-08-20,Electronics,North,13,36.31,472.03,8,2022,Saturday,Q3
2022-08-21,Electronics,North,14,34.32,480.46,8,2022,Sunday,Q3
2022-08-22,Electronics,North,11,35.71,392.77,8,2022,Monday,Q3
2022-08-23,Electronics,North,32,12.16,389.05,8,2022,Tuesday,Q3
2022-08-24,Electronics,North,13,31.49,409.38,8,2022,Wednesday,Q3
2022-08-25,Electronics,North,15,28.76,431.4,8,2022,Thursday,Q3
2022-08-26,Electronics,North,21,17.4,365.5,8,2022,Friday,Q3
2022-08-27,Electronics,North,11,48.58,534.38,8,2022,Saturday,Q3
2022-08-28,Electronics,North,24,18.9,453.59,8,2022,Sunday,Q3
2022-08-29,Electronics,North,20,19.38,387.65,8,2022,Monday,Q3
2022-08-30,Electronics,North,7,47.9,335.33,8,2022,Tuesday,Q3
2022-08-31,Electronics,North,17,23.73,403.44,8,2022,Wednesday,Q3
2022-09-01,Electronics,North,20,19.91,398.28,9,2022,Thursday,Q3
2022-09-02,Electronics,North,15,26.37,395.51,9,2022,Friday,Q3
2022-09-03,Electronics,North,10,44.98,449.76,9,2022,Saturday,Q3
2022-09-04,Electronics,North,10,44.3,443.0,9,2022,Sunday,Q3
2022-09-05,Electronics,North,15,25.25,378.74,9,2022,Monday,Q3
2022-09-06,Electronics,North,8,45.54,364.32,9,2022,Tuesday,Q3
2022-09-07,Electronics,North,12,31.35,376.15,9,2022,Wednesday,Q3
2022-09-08,Electronics,North,9,43.99,395.88,9,2022,Thursday,Q3
2022-09-09,Electronics,North,21,19.78,415.4,9,2022,Friday,Q3
2022-09-10,Electronics,North,19,24.28,461.28,9,2022,Saturday,Q3
2022-09-11,Electronics,North,25,15.02,375.61,9,2022,Sunday,Q3
2022-09-12,Electronics,North,34,11.27,383.12,9,2022,Monday,Q3
2022-09-13,Electronics,North,35,12.31,430.76,9,2022,Tuesday,Q3
2022-09-14,Electronics,North,13,28.19,366.5,9,2022,Wednesday,Q3
2022-09-15,Electronics,North,15,27.35,410.26,9,2022,Thursday,Q3
2022-09-16,Electronics,North,16,24.14,386.25,9,2022,Friday,Q3
2022-09-17,Electronics,North,15,31.69,475.3,9,2022,Saturday,Q3
2022-09-18,Electronics,North,16,33.1,529.65,9,2022,Sunday,Q3
2022-09-19,Electronics,North,20,21.23,424.7,9,2022,Monday,Q3
2022-09-20,Electronics,North,13,28.65,372.42,9,2022,Tuesday,Q3
2022-09-21,Electronics,North,9,44.29,398.59,9,2022,Wednesday,Q3
2022-09-22,Electronics,North,8,48.0,384.01,9,2022,Thursday,Q3
2022-09-23,Electronics,North,28,13.95,390.47,9,2022,Friday,Q3
2022-09-24,Electronics,North,11,44.3,487.32,9,2022,Saturday,Q3
2022-09-25,Electronics,North,10,49.95,499.53,9,2022,Sunday,Q3
2022-09-26,Electronics,North,7,55.34,387.4,9,2022,Monday,Q3
2022-09-27,Electronics,North,11,34.17,375.91,9,2022,Tuesday,Q3
2022-09-28,Electronics,North,8,43.59,348.69,9,2022,Wednesday,Q3
2022-09-29,Electronics,North,9,42.08,378.68,9,2022,Thursday,Q3
2022-09-30,Electronics,North,6,51.19,307.12,9,2022,Friday,Q3
2022-10-01,Electronics,North,35,17.75,621.13,10,2022,Saturday,Q4
2022-10-02,Electronics,North,51,12.74,649.68,10,2022,Sunday,Q4
2022-10-03,Electronics,North,35,16.07,562.32,10,2022,Monday,Q4
2022-10-04,Electronics,North,28,19.05,533.47,10,2022,Tuesday,Q4
2022-10-05,Electronics,North,31,18.51,573.9,10,2022,Wednesday,Q4
2022-10-06,Electronics,North,17,34.92,593.63,10,2022,Thursday,Q4
2022-10-07,Electronics,North,17,32.22,547.79,10,2022,Friday,Q4
2022-10-08,Electronics,North,36,17.08,614.79,10,2022,Saturday,Q4
2022-10-09,Electronics,North,18,34.67,624.12,10,2022,Sunday,Q4
2022-10-10,Electronics,North,26,20.49,532.86,10,2022,Monday,Q4
2022-10-11,Electronics,North,28,17.6,492.73,10,2022,Tuesday,Q4
