data/sales_data.csv
Date,Product_Category,Region,Units_Sold,Unit_Price,Total_Sales,Month,Year,Day_of_Week,Quarter
2022-10-12,Electronics,North,12,48.06,576.73,10,2022,Wednesday,Q4
2022-10-13,Electronics,North,25,24.53,613.15,10,2022,Thursday,Q4
2022-10-14,Electronics,North,17,33.94,576.94,10,2022,Friday,Q4
2022-10-15,Electronics,North,14,49.96,699.41,10,2022,Saturday,Q4
2022-10-16,Electronics,North,19,33.61,638.53,10,2022,Sunday,Q4
2022-10-17,Electronics,North,12,47.56,570.72,10,2022,Monday,Q4
2022-10-18,Electronics,North,30,18.58,557.54,10,2022,Tuesday,Q4
2022-10-19,Electronics,North,12,47.23,566.74,10,2022,Wednesday,Q4
2022-10-20,Electronics,North,20,30.55,610.93,10,2022,Thursday,Q4
2022-10-21,Electronics,North,25,24.05,601.14,10,2022,Friday,Q4
2022-10-22,Electronics,North,29,22.32,647.35,10,2022,Saturday,Q4
2022-10-23,Electronics,North,25,23.95,598.86,10,2022,Sunday,Q4
2022-10-24,Electronics,North,52,10.84,563.5,10,2022,Monday,Q4
2022-10-25,Electronics,North,43,13.38,575.3,10,2022,Tuesday,Q4
2022-10-26,Electronics,North,17,36.34,617.84,10,2022,Wednesday,Q4
2022-10-27,Electronics,North,26,23.93,622.13,10,2022,Thursday,Q4
2022-10-28,Electronics,North,14,42.63,596.84,10,2022,Friday,Q4
2022-10-29,Electronics,North,22,29.4,646.9,10,2022,Saturday,Q4
2022-10-30,Electronics,North,22,31.37,690.08,10,2022,Sunday,Q4
2022-10-31,Electronics,North,11,51.24,563.64,10,2022,Monday,Q4
2022-11-01,Electronics,North,15,38.33,574.95,11,2022,Tuesday,Q4
2022-11-02,Electronics,North,26,21.06,547.62,11,2022,Wednesday,Q4
2022-11-03,Electronics,North,22,26.73,588.14,11,2022,Thursday,Q4
2022-11-04,Electronics,North,15,37.99,569.89,11,2022,Friday,Q4
2022-11-05,Electronics,North,24,29.19,700.5,11,2022,Saturday,Q4
2022-11-06,Electronics,North,14,49.76,696.61,11,2022,Sunday,Q4
2022-11-07,Electronics,North,30,20.67,620.09,11,2022,Monday,Q4
2022-11-08,Electronics,North,12,42.38,508.5,11,2022,Tuesday,Q4
2022-11-09,Electronics,North,17,33.97,577.52,11,2022,Wednesday,Q4
2022-11-10,Electronics,North,16,37.31,597.0,11,2022,Thursday,Q4
2022-11-11,Electronics,North,46,13.98,642.92,11,2022,Friday,Q4
2022-11-12,Electronics,North,15,45.91,688.61,11,2022,Saturday,Q4
2022-11-13,Electronics,North,57,13.01,741.59,11,2022,Sunday,Q4
2022-11-14,Electronics,North,24,25.58,613.88,11,2022,Monday,Q4
2022-11-15,Electronics,North,54,10.49,566.4,11,2022,Tuesday,Q4
2022-11-16,Electronics,North,15,40.28,604.23,11,2022,Wednesday,Q4
2022-11-17,Electronics,North,13,45.67,593.77,11,2022,Thursday,Q4
2022-11-18,Electronics,North,17,35.21,598.56,11,2022,Friday,Q4
2022-11-19,Electronics,North,44,15.85,697.31,11,2022,Saturday,Q4
2022-11-20,Electronics,North,27,25.54,689.56,11,2022,Sunday,Q4
2022-11-21,Electronics,North,27,23.47,633.79,11,2022,Monday,Q4
2022-11-22,Electronics,North,14,49.5,692.93,11,2022,Tuesday,Q4
2022-11-23,Electronics,North,48,14.38,690.35,11,2022,Wednesday,Q4
2022-11-24,Electronics,North,29,22.17,642.81,11,2022,Thursday,Q4
2022-11-25,Electronics,North,32,19.19,614.19,11,2022,Friday,Q4
2022-11-26,Electronics,North,26,28.44,739.54,11,2022,Saturday,Q4
2022-11-27,Electronics,North,21,33.99,713.86,11,2022,Sunday,Q4
2022-11-28,Electronics,North,15,39.55,593.19,11,2022,Monday,Q4
2022-11-29,Electronics,North,49,13.49,661.13,11,2022,Tuesday,Q4
2022-11-30,Electronics,North,45,14.1,634.51,11,2022,Wednesday,Q4
2022-01-01,Electronics,South,17,34.03,578.43,1,2022,Saturday,Q1
2022-01-02,Electronics,South,17,32.27,548.59,1,2022,Sunday,Q1
2022-01-03,Electronics,South,18,30.47,548.53,1,2022,Monday,Q1
2022-01-04,Electronics,South,21,23.71,497.85,1,2022,Tuesday,Q1
2022-01-05,Electronics,South,36,15.54,559.59,1,2022,Wednesday,Q1
2022-01-06,Electronics,South,16,33.01,528.1,1,2022,Thursday,Q1
2022-01-07,Electronics,South,10,52.29,522.94,1,2022,Friday,Q1
2022-01-08,Electronics,South,16,36.34,581.39,1,2022,Saturday,Q1
2022-01-09,Electronics,South,47,11.93,560.64,1,2022,Sunday,Q1
2022-01-10,Electronics,South,12,44.14,529.66,1,2022,Monday,Q1
2022-01-11,Electronics,South,11,46.68,513.53,1,2022,Tuesday,Q1
2022-01-12,Electronics,South,11,46.21,508.3,1,2022,Wednesday,Q1
2022-01-13,Electronics,South,36,15.35,552.57,1,2022,Thursday,Q1
2022-01-14,Electronics,South,27,19.77,533.78,1,2022,Friday,Q1
2022-01-15,Electronics,South,20,31.42,628.34,1,2022,Saturday,Q1
2022-01-16,Electronics,South,12,49.72,596.62,1,2022,Sunday,Q1
2022-01-17,Electronics,South,11,48.91,537.98,1,2022,Monday,Q1
2022-01-18,Electronics,South,14,43.91,614.71,1,2022,Tuesday,Q1
2022-01-19,Electronics,South,16,35.2,563.23,1,2022,Wednesday,Q1
2022-01-20,Electronics,South,10,51.84,518.38,1,2022,Thursday,Q1
2022-01-21,Electronics,South,12,45.23,542.81,1,2022,Friday,Q1
2022-01-22,Electronics,South,20,31.55,630.99,1,2022,Saturday,Q1
2022-01-23,Electronics,South,18,35.7,642.61,1,2022,Sunday,Q1
2022-01-24,Electronics,South,13,44.76,581.82,1,2022,Monday,Q1
2022-01-25,Electronics,South,50,10.81,540.75,1,2022,Tuesday,Q1
2022-01-26,Electronics,South,11,50.41,554.54,1,2022,Wednesday,Q1
2022-01-27,Electronics,South,14,40.92,572.94,1,2022,Thursday,Q1
2022-01-28,Electronics,South,12,42.08,504.92,1,2022,Friday,Q1
2022-01-29,Electronics,South,23,30.75,707.24,1,2022,Saturday,Q1
2022-01-30,Electronics,South,47,14.31,672.69,1,2022,Sunday,Q1
2022-01-31,Electronics,South,13,40.6,527.74,1,2022,Monday,Q1
2022-02-01,Electronics,South,40,15.37,614.89,2,2022,Tuesday,Q1
2022-02-02,Electronics,South,51,11.34,578.11,2,2022,Wednesday,Q1
2022-02-03,Electronics,South,42,14.9,625.79,2,2022,Thursday,Q1
2022-02-04,Electronics,South,17,32.56,553.6,2,2022,Friday,Q1
2022-02-05,Electronics,South,43,17.05,733.22,2,2022,Saturday,Q1
2022-02-06,Electronics,South,55,12.43,683.58,2,2022,Sunday,Q1
2022-02-07,Electronics,South,22,30.36,667.91,2,2022,Monday,Q1
2022-02-08,Electronics,South,17,36.07,613.2,2,2022,Tuesday,Q1
2022-02-09,Electronics,South,19,32.35,614.64,2,2022,Wednesday,Q1
2022-02-10,Electronics,South,13,43.86,570.15,2,2022,Thursday,Q1
2022-02-11,Electronics,South,16,37.06,592.99,2,2022,Friday,Q1
2022-02-12,Electronics,South,36,18.27,657.75,2,2022,Saturday,Q1
2022-02-13,Electronics,South,16,43.94,702.98,2,2022,Sunday,Q1
2022-02-14,Electronics,South,20,29.56,591.14,2,2022,Monday,Q1
2022-02-15,Electronics,South,17,33.61,571.37,2,2022,Tuesday,Q1
2022-02-16,Electronics,South,14,47.11,659.59,2,2022,Wednesday,Q1
2022-02-17,Electronics,South,24,27.29,655.03,2,2022,Thursday,Q1
2022-02-18,Electronics,South,40,15.34,613.72,2,2022,Friday,Q1
2022-02-19,Electronics,South,14,48.8,683.13,2,2022,Saturday,Q1
2022-02-20,Electronics,South,21,33.95,712.95,2,2022,Sunday,Q1
2022-02-21,Electronics,South,55,10.47,575.87,2,2022,Monday,Q1
2022-02-22,Electronics,South,25,24.94,623.55,2,2022,Tuesday,Q1
2022-02-23,Electronics,South,19,34.06,647.18,2,2022,Wednesday,Q1
2022-02-24,Electronics,South,14,48.03,672.39,2,2022,Thursday,Q1
2022-02-25,Electronics,South,14,45.71,640.0,2,2022,Friday,Q1
2022-02-26,Electronics,South,17,40.93,695.82,2,2022,Saturday,Q1
2022-02-27,Electronics,South,57,12.93,737.07,2,2022,Sunday,Q1
2022-02-28,Electronics,South,21,31.62,664.0,2,2022,Monday,Q1
2022-03-01,Electronics,South,22,29.54,649.8,3,2022,Tuesday,Q1
2022-03-02,Electronics,South,22,29.85,656.66,3,2022,Wednesday,Q1
2022-03-03,Electronics,South,39,15.79,615.94,3,2022,Thursday,Q1
2022-03-04,Electronics,South,36,18.15,653.37,3,2022,Friday,Q1
2022-03-05,Electronics,South,60,11.86,711.51,3,2022,Saturday,Q1
2022-03-06,Electronics,South,54,13.07,705.52,3,2022,Sunday,Q1
2022-03-07,Electronics,South,18,37.89,681.97,3,2022,Monday,Q1
2022-03-08,Electronics,South,39,16.94,660.48,3,2022,Tuesday,Q1
2022-03-09,Electronics,South,25,24.04,600.92,3,2022,Wednesday,Q1
2022-03-10,Electronics,South,49,13.16,644.61,3,2022,Thursday,Q1
2022-03-11,Electronics,South,24,27.85,668.31,3,2022,Friday,Q1
2022-03-12,Electronics,South,26,28.7,746.13,3,2022,Saturday,Q1
2022-03-13,Electronics,South,15,49.45,741.81,3,2022,Sunday,Q1
2022-03-14,Electronics,South,13,48.41,629.32,3,2022,Monday,Q1
2022-03-15,Electronics,South,16,42.74,683.79,3,2022,Tuesday,Q1
2022-03-16,Electronics,South,52,12.84,667.92,3,2022,Wednesday,Q1
2022-03-17,Electronics,South,32,21.07,674.25,3,2022,Thursday,Q1
2022-03-18,Electronics,South,26,24.69,641.99,3,2022,Friday,Q1
2022-03-19,Electronics,South,20,36.5,730.08,3,2022,Saturday,Q1
2022-03-20,Electronics,South,16,44.15,706.45,3,2022,Sunday,Q1
2022-03-21,Electronics,South,19,32.93,625.69,3,2022,Monday,Q1
2022-03-22,Electronics,South,36,17.87,643.45,3,2022,Tuesday,Q1
2022-03-23,Electronics,South,21,30.22,634.61,3,2022,Wednesday,Q1
2022-03-24,Electronics,South,24,25.78,618.69,3,2022,Thursday,Q1
2022-03-25,Electronics,South,36,17.75,638.99,3,2022,Friday,Q1
2022-03-26,Electronics,South,18,40.92,736.51,3,2022,Saturday,Q1
2022-03-27,Electronics,South,31,24.95,773.41,3,2022,Sunday,Q1
2022-03-28,Electronics,South,18,35.77,643.81,3,2022,Monday,Q1
2022-03-29,Electronics,South,22,30.16,663.42,3,2022,Tuesday,Q1
2022-03-30,Electronics,South,24,26.81,643.55,3,2022,Wednesday,Q1
2022-03-31,Electronics,South,32,20.88,668.09,3,2022,Thursday,Q1
2022-04-01,Electronics,South,33,18.12,598.0,4,2022,Friday,Q2
2022-04-02,Electronics,South,46,17.21,791.88,4,2022,Saturday,Q2
2022-04-03,Electronics,South,28,26.93,753.93,4,2022,Sunday,Q2
2022-04-04,Electronics,South,18,34.8,626.34,4,2022,Monday,Q2
2022-04-05,Electronics,South,28,23.11,647.11,4,2022,Tuesday,Q2
2022-04-06,Electronics,South,30,23.62,708.46,4,2022,Wednesday,Q2
2022-04-07,Electronics,South,14,51.11,715.47,4,2022,Thursday,Q2
2022-04-08,Electronics,South,36,17.49,629.69,4,2022,Friday,Q2
2022-04-09,Electronics,South,42,17.42,731.64,4,2022,Saturday,Q2
2022-04-10,Electronics,South,42,15.68,658.45,4,2022,Sunday,Q2
2022-04-11,Electronics,South,59,11.05,651.92,4,2022,Monday,Q2
2022-04-12,Electronics,South,17,37.68,640.6,4,2022,Tuesday,Q2
2022-04-13,Electronics,South,29,22.85,662.59,4,2022,Wednesday,Q2
2022-04-14,Electronics,South,14,44.98,629.71,4,2022,Thursday,Q2
2022-04-15,Electronics,South,14,47.21,661.0,4,2022,Friday,Q2
2022-04-16,Electronics,South,59,12.32,726.78,4,2022,Saturday,Q2
2022-04-17,Electronics,South,29,26.51,768.93,4,2022,Sunday,Q2
2022-04-18,Electronics,South,30,21.85,655.52,4,2022,Monday,Q2
2022-04-19,Electronics,South,43,15.35,659.85,4,2022,Tuesday,Q2
2022-04-20,Electronics,South,25,24.14,603.4,4,2022,Wednesday,Q2
2022-04-21,Electronics,South,34,18.38,624.81,4,2022,Thursday,Q2
2022-04-22,Electronics,South,24,27.46,658.93,4,2022,Friday,Q2
2022-04-23,Electronics,South,15,44.18,662.75,4,2022,Saturday,Q2
2022-04-24,Electronics,South,34,20.79,706.92,4,2022,Sunday,Q2
2022-04-25,Electronics,South,43,15.1,649.18,4,2022,Monday,Q2
2022-04-26,Electronics,South,14,46.05,644.73,4,2022,Tuesday,Q2
2022-04-27,Electronics,South,14,45.51,637.18,4,2022,Wednesday,Q2
2022-04-28,Electronics,South,22,29.76,654.62,4,2022,Thursday,Q2
2022-04-29,Electronics,South,13,48.02,624.23,4,2022,Friday,Q2
2022-04-30,Electronics,South,25,26.55,663.84,4,2022,Saturday,Q2
2022-05-01,Electronics,South,15,46.01,690.12,5,2022,Sunday,Q2
2022-05-02,Electronics,South,39,15.12,589.71,5,2022,Monday,Q2
2022-05-03,Electronics,South,29,21.2,614.88,5,2022,Tuesday,Q2
2022-05-04,Electronics,South,46,14.18,652.32,5,2022,Wednesday,Q2
2022-05-05,Electronics,South,53,12.41,657.87,5,2022,Thursday,Q2
2022-05-06,Electronics,South,44,13.8,607.36,5,2022,Friday,Q2
2022-05-07,Electronics,South,32,22.86,731.48,5,2022,Saturday,Q2
2022-05-08,Electronics,South,31,22.75,705.24,5,2022,Sunday,Q2
2022-05-09,Electronics,South,12,50.66,607.9,5,2022,Monday,Q2
2022-05-10,Electronics,South,12,51.47,617.65,5,2022,Tuesday,Q2
2022-05-11,Electronics,South,16,39.84,637.41,5,2022,Wednesday,Q2
2022-05-12,Electronics,South,19,34.88,662.8,5,2022,Thursday,Q2
2022-05-13,Electronics,South,12,50.18,602.21,5,2022,Friday,Q2
2022-05-14,Electronics,South,43,16.2,696.7,5,2022,Saturday,Q2
2022-05-15,Electronics,South,15,46.6,699.07,5,2022,Sunday,Q2
2022-05-16,Electronics,South,14,43.23,605.23,5,2022,Monday,Q2
2022-05-17,Electronics,South,12,51.02,612.21,5,2022,Tuesday,Q2
2022-05-18,Electronics,South,19,32.38,615.31,5,2022,Wednesday,Q2
2022-05-19,Electronics,South,18,36.52,657.3,5,2022,Thursday,Q2
2022-05-20,Electronics,South,44,13.46,592.12,5,2022,Friday,Q2
2022-05-21,Electronics,South,27,25.94,700.37,5,2022,Saturday,Q2
2022-05-22,Electronics,South,19,40.88,776.75,5,2022,Sunday,Q2
2022-05-23,Electronics,South,13,47.51,617.57,5,2022,Monday,Q2
2022-05-24,Electronics,South,22,29.44,647.67,5,2022,Tuesday,Q2
2022-05-25,Electronics,South,14,42.82,599.49,5,2022,Wednesday,Q2
2022-05-26,Electronics,South,31,19.65,609.03,5,2022,Thursday,Q2
2022-05-27,Electronics,South,16,34.97,559.52,5,2022,Friday,Q2
2022-05-28,Electronics,South,44,14.91,656.11,5,2022,Saturday,Q2
2022-05-29,Electronics,South,25,26.75,668.79,5,2022,Sunday,Q2
2022-05-30,Electronics,South,14,43.35,606.83,5,2022,Monday,Q2
2022-05-31,Electronics,South,24,24.1,578.29,5,2022,Tuesday,Q2
2022-06-01,Electronics,South,22,23.49,516.7,6,2022,Wednesday,Q2
2022-06-02,Electronics,South,46,13.72,631.08,6,2022,Thursday,Q2
2022-06-03,Electronics,South,20,29.88,597.66,6,2022,Friday,Q2
2022-06-04,Electronics,South,53,11.58,613.88,6,2022,Saturday,Q2
2022-06-05,Electronics,South,44,15.15,666.68,6,2022,Sunday,Q2
2022-06-06,Electronics,South,12,46.1,553.2,6,2022,Monday,Q2
2022-06-07,Electronics,South,40,14.81,592.51,6,2022,Tuesday,Q2
2022-06-08,Electronics,South,30,18.62,558.64,6,2022,Wednesday,Q2
2022-06-09,Electronics,South,15,39.37,590.55,6,2022,Thursday,Q2
2022-06-10,Electronics,South,12,48.65,583.75,6,2022,Friday,Q2
2022-06-11,Electronics,South,21,29.61,621.78,6,2022,Saturday,Q2
2022-06-12,Electronics,South,20,30.39,607.73,6,2022,Sunday,Q2
2022-06-13,Electronics,South,17,32.03,544.44,6,2022,Monday,Q2
2022-06-14,Electronics,South,17,35.06,595.97,6,2022,Tuesday,Q2
2022-06-15,Electronics,South,13,41.02,533.32,6,2022,Wednesday,Q2
2022-06-16,Electronics,South,29,20.62,598.02,6,2022,Thursday,Q2
2022-06-17,Electronics,South,23,23.82,547.86,6,2022,Friday,Q2
2022-06-18,Electronics,South,22,29.14,641.02,6,2022,Saturday,Q2
2022-06-19,Electronics,South,13,48.93,636.04,6,2022,Sunday,Q2
2022-06-20,Electronics,South,28,18.26,511.28,6,2022,Monday,Q2
2022-06-21,Electronics,South,11,47.33,520.59,6,2022,Tuesday,Q2
2022-06-22,Electronics,South,32,16.87,539.94,6,2022,Wednesday,Q2
2022-06-23,Electronics,South,50,10.58,529.14,6,2022,Thursday,Q2
2022-06-24,Electronics,South,10,48.84,488.4,6,2022,Friday,Q2
2022-06-25,Electronics,South,21,29.02,609.37,6,2022,Saturday,Q2
2022-06-26,Electronics,South,47,13.42,630.85,6,2022,Sunday,Q2
2022-06-27,Electronics,South,46,11.37,522.99,6,2022,Monday,Q2
2022-06-28,Electronics,South,18,28.82,518.8,6,2022,Tuesday,Q2
2022-06-29,Electronics,South,28,19.77,553.58,6,2022,Wednesday,Q2
2022-06-30,Electronics,South,14,36.36,509.08,6,2022,Thursday,Q2
2022-07-01,Electronics,South,25,20.14,503.47,7,2022,Friday,Q3
2022-07-02,Electronics,South,25,22.77,569.24,7,2022,Saturday,Q3
2022-07-03,Electronics,South,19,32.89,624.91,7,2022,Sunday,Q3
2022-07-04,Electronics,South,12,43.91,526.96,7,2022,Monday,Q3
2022-07-05,Electronics,South,18,30.03,540.6,7,2022,Tuesday,Q3
2022-07-06,Electronics,South,17,28.2,479.46,7,2022,Wednesday,Q3
2022-07-07,Electronics,South,48,10.6,508.89,7,2022,Thursday,Q3
2022-07-08,Electronics,South,38,10.83,411.42,7,2022,Friday,Q3
2022-07-09,Electronics,South,16,36.51,584.13,7,2022,Saturday,Q3
2022-07-10,Electronics,South,12,45.6,547.22,7,2022,Sunday,Q3
2022-07-11,Electronics,South,28,16.65,466.25,7,2022,Monday,Q3
2022-07-12,Electronics,South,13,34.11,443.49,7,2022,Tuesday,Q3
2022-07-13,Electronics,South,14,35.23,493.26,7,2022,Wednesday,Q3
2022-07-14,Electronics,South,14,33.71,472.0,7,2022,Thursday,Q3
2022-07-15,Electronics,South,12,39.52,474.26,7,2022,Friday,Q3
2022-07-16,Electronics,South,51,11.9,606.93,7,2022,Saturday,Q3
2022-07-17,Electronics,South,26,23.58,613.03,7,2022,Sunday,Q3
2022-07-18,Electronics,South,10,46.88,468.84,7,2022,Monday,Q3
2022-07-19,Electronics,South,12,40.5,486.05,7,2022,Tuesday,Q3
2022-07-20,Electronics,South,18,25.62,461.12,7,2022,Wednesday,Q3
2022-07-21,Electronics,South,9,50.57,455.1,7,2022,Thursday,Q3
2022-07-22,Electronics,South,34,13.51,459.41,7,2022,Friday,Q3
2022-07-23,Electronics,South,16,35.66,570.53,7,2022,Saturday,Q3
2022-07-24,Electronics,South,20,26.7,533.99,7,2022,Sunday,Q3
2022-07-25,Electronics,South,35,14.06,492.25,7,2022,Monday,Q3
2022-07-26,Electronics,South,15,32.41,486.2,7,2022,Tuesday,Q3
2022-07-27,Electronics,South,12,40.16,481.97,7,2022,Wednesday,Q3
2022-07-28,Electronics,South,25,17.87,446.66,7,2022,Thursday,Q3
2022-07-29,Electronics,South,12,33.91,406.94,7,2022,Friday,Q3
2022-07-30,Electronics,South,25,20.35,508.81,7,2022,Saturday,Q3
2022-07-31,Electronics,South,11,47.39,521.26,7,2022,Sunday,Q3
2022-08-01,Electronics,South,37,11.52,426.09,8,2022,Monday,Q3
2022-08-02,Electronics,South,16,27.13,434.13,8,2022,Tuesday,Q3
2022-08-03,Electronics,South,14,30.69,429.63,8,2022,Wednesday,Q3
2022-08-04,Electronics,South,14,29.46,412.39,8,2022,Thursday,Q3
2022-08-05,Electronics,South,9,50.44,453.93,8,2022,Friday,Q3
2022-08-06,Electronics,South,12,42.9,514.78,8,2022,Saturday,Q3
2022-08-07,Electronics,South,12,40.08,480.99,8,2022,Sunday,Q3
2022-08-08,Electronics,South,13,31.32,407.2,8,2022,Monday,Q3
2022-08-09,Electronics,South,44,10.02,441.04,8,2022,Tuesday,Q3
2022-08-10,Electronics,South,22,20.05,441.04,8,2022,Wednesday,Q3
2022-08-11,Electronics,South,8,47.45,379.58,8,2022,Thursday,Q3
2022-08-12,Electronics,South,17,26.69,453.68,8,2022,Friday,Q3
2022-08-13,Electronics,South,18,26.64,479.59,8,2022,Saturday,Q3
2022-08-14,Electronics,South,14,33.15,464.08,8,2022,Sunday,Q3
2022-08-15,Electronics,South,18,25.94,466.87,8,2022,Monday,Q3
2022-08-16,Electronics,South,9,43.85,394.64,8,2022,Tuesday,Q3
2022-08-17,Electronics,South,25,13.77,344.32,8,2022,Wednesday,Q3
2022-08-18,Electronics,South,19,20.0,379.99,8,2022,Thursday,Q3
2022-08-19,Electronics,South,13,30.21,392.74,8,2022,Friday,Q3
2022-08-20,Electronics,South,18,24.37,438.67,8,2022,Saturday,Q3
2022-08-21,Electronics,South,11,47.26,519.84,8,2022,Sunday,Q3
