data/sales_data.csv
Date,Product_Category,Region,Units_Sold,Unit_Price,Total_Sales,Month,Year,Day_of_Week,Quarter
2022-08-22,Electronics,South,14,32.98,461.74,8,2022,Monday,Q3
2022-08-23,Electronics,South,10,38.66,386.55,8,2022,Tuesday,Q3
2022-08-24,Electronics,South,10,40.38,403.81,8,2022,Wednesday,Q3
2022-08-25,Electronics,South,9,35.54,319.88,8,2022,Thursday,Q3
2022-08-26,Electronics,South,15,28.76,431.35,8,2022,Friday,Q3
2022-08-27,Electronics,South,9,47.5,427.52,8,2022,Saturday,Q3
2022-08-28,Electronics,South,45,10.52,473.51,8,2022,Sunday,Q3
2022-08-29,Electronics,South,28,15.02,420.58,8,2022,Monday,Q3
2022-08-30,Electronics,South,18,22.38,402.79,8,2022,Tuesday,Q3
2022-08-31,Electronics,South,39,11.03,430.16,8,2022,Wednesday,Q3
2022-09-01,Electronics,South,10,37.73,377.26,9,2022,Thursday,Q3
2022-09-02,Electronics,South,8,48.28,386.25,9,2022,Friday,Q3
2022-09-03,Electronics,South,10,46.48,464.8,9,2022,Saturday,Q3
2022-09-04,Electronics,South,14,33.34,466.75,9,2022,Sunday,Q3
2022-09-05,Electronics,South,13,28.35,368.57,9,2022,Monday,Q3
2022-09-06,Electronics,South,15,23.84,357.63,9,2022,Tuesday,Q3
2022-09-07,Electronics,South,7,47.69,333.83,9,2022,Wednesday,Q3
2022-09-08,Electronics,South,8,40.97,327.73,9,2022,Thursday,Q3
2022-09-09,Electronics,South,36,11.89,428.2,9,2022,Friday,Q3
2022-09-10,Electronics,South,9,50.06,450.53,9,2022,Saturday,Q3
2022-09-11,Electronics,South,17,26.81,455.7,9,2022,Sunday,Q3
2022-09-12,Electronics,South,12,28.05,336.59,9,2022,Monday,Q3
2022-09-13,Electronics,South,16,26.84,429.46,9,2022,Tuesday,Q3
2022-09-14,Electronics,South,15,27.35,410.31,9,2022,Wednesday,Q3
2022-09-15,Electronics,South,34,11.88,404.06,9,2022,Thursday,Q3
2022-09-16,Electronics,South,14,27.01,378.11,9,2022,Friday,Q3
2022-09-17,Electronics,South,21,19.11,401.24,9,2022,Saturday,Q3
2022-09-18,Electronics,South,16,27.44,439.05,9,2022,Sunday,Q3
2022-09-19,Electronics,South,27,12.45,336.26,9,2022,Monday,Q3
2022-09-20,Electronics,South,9,42.65,383.86,9,2022,Tuesday,Q3
2022-09-21,Electronics,South,6,53.37,320.23,9,2022,Wednesday,Q3
2022-09-22,Electronics,South,18,19.48,350.64,9,2022,Thursday,Q3
2022-09-23,Electronics,South,14,24.26,339.68,9,2022,Friday,Q3
2022-09-24,Electronics,South,7,55.5,388.52,9,2022,Saturday,Q3
2022-09-25,Electronics,South,17,27.87,473.81,9,2022,Sunday,Q3
2022-09-26,Electronics,South,26,13.34,346.83,9,2022,Monday,Q3
2022-09-27,Electronics,South,15,22.56,338.4,9,2022,Tuesday,Q3
2022-09-28,Electronics,South,18,17.08,307.47,9,2022,Wednesday,Q3
2022-09-29,Electronics,South,7,51.82,362.75,9,2022,Thursday,Q3
2022-09-30,Electronics,South,11,28.9,317.9,9,2022,Friday,Q3
2022-10-01,Electronics,South,21,30.22,634.66,10,2022,Saturday,Q4
2022-10-02,Electronics,South,16,40.84,653.49,10,2022,Sunday,Q4
2022-10-03,Electronics,South,20,28.76,575.12,10,2022,Monday,Q4
2022-10-04,Electronics,South,34,15.87,539.59,10,2022,Tuesday,Q4
2022-10-05,Electronics,South,12,47.31,567.75,10,2022,Wednesday,Q4
2022-10-06,Electronics,South,16,32.92,526.76,10,2022,Thursday,Q4
2022-10-07,Electronics,South,19,32.57,618.86,10,2022,Friday,Q4
2022-10-08,Electronics,South,32,18.51,592.37,10,2022,Saturday,Q4
2022-10-09,Electronics,South,17,41.14,699.4,10,2022,Sunday,Q4
2022-10-10,Electronics,South,20,28.95,579.0,10,2022,Monday,Q4
2022-10-11,Electronics,South,11,48.82,537.06,10,2022,Tuesday,Q4
2022-10-12,Electronics,South,30,17.86,535.91,10,2022,Wednesday,Q4
2022-10-13,Electronics,South,33,17.31,571.07,10,2022,Thursday,Q4
2022-10-14,Electronics,South,11,52.24,574.61,10,2022,Friday,Q4
2022-10-15,Electronics,South,13,48.42,629.45,10,2022,Saturday,Q4
2022-10-16,Electronics,South,17,37.52,637.83,10,2022,Sunday,Q4
2022-10-17,Electronics,South,22,26.45,581.87,10,2022,Monday,Q4
2022-10-18,Electronics,South,23,22.22,511.01,10,2022,Tuesday,Q4
2022-10-19,Electronics,South,36,15.76,567.49,10,2022,Wednesday,Q4
2022-10-20,Electronics,South,12,48.27,579.28,10,2022,Thursday,Q4
2022-10-21,Electronics,South,36,16.92,609.26,10,2022,Friday,Q4
2022-10-22,Electronics,South,35,19.53,683.49,10,2022,Saturday,Q4
2022-10-23,Electronics,South,13,50.29,653.75,10,2022,Sunday,Q4
2022-10-24,Electronics,South,17,35.0,595.0,10,2022,Monday,Q4
2022-10-25,Electronics,South,12,50.23,602.79,10,2022,Tuesday,Q4
2022-10-26,Electronics,South,16,34.84,557.43,10,2022,Wednesday,Q4
2022-10-27,Electronics,South,17,34.55,587.36,10,2022,Thursday,Q4
2022-10-28,Electronics,South,27,19.21,518.67,10,2022,Friday,Q4
2022-10-29,Electronics,South,21,30.78,646.29,10,2022,Saturday,Q4
2022-10-30,Electronics,South,18,39.12,704.18,10,2022,Sunday,Q4
2022-10-31,Electronics,South,27,21.92,591.82,10,2022,Monday,Q4
2022-11-01,Electronics,South,16,36.26,580.17,11,2022,Tuesday,Q4
2022-11-02,Electronics,South,29,19.35,561.21,11,2022,Wednesday,Q4
2022-11-03,Electronics,South,37,15.5,573.4,11,2022,Thursday,Q4
2022-11-04,Electronics,South,13,47.8,621.46,11,2022,Friday,Q4
2022-11-05,Electronics,South,17,39.88,678.03,11,2022,Saturday,Q4
2022-11-06,Electronics,South,14,50.1,701.39,11,2022,Sunday,Q4
2022-11-07,Electronics,South,31,18.48,572.95,11,2022,Monday,Q4
2022-11-08,Electronics,South,14,46.08,645.05,11,2022,Tuesday,Q4
2022-11-09,Electronics,South,31,20.25,627.84,11,2022,Wednesday,Q4
2022-11-10,Electronics,South,13,45.91,596.85,11,2022,Thursday,Q4
2022-11-11,Electronics,South,46,13.06,600.56,11,2022,Friday,Q4
2022-11-12,Electronics,South,25,27.5,687.57,11,2022,Saturday,Q4
2022-11-13,Electronics,South,15,44.7,670.51,11,2022,Sunday,Q4
2022-11-14,Electronics,South,21,28.97,608.36,11,2022,Monday,Q4
2022-11-15,Electronics,South,13,44.61,579.92,11,2022,Tuesday,Q4
2022-11-16,Electronics,South,22,28.66,630.51,11,2022,Wednesday,Q4
2022-11-17,Electronics,South,14,41.47,580.53,11,2022,Thursday,Q4
2022-11-18,Electronics,South,32,19.62,627.7,11,2022,Friday,Q4
2022-11-19,Electronics,South,37,19.11,706.94,11,2022,Saturday,Q4
2022-11-20,Electronics,South,15,48.16,722.41,11,2022,Sunday,Q4
2022-11-21,Electronics,South,20,31.81,636.14,11,2022,Monday,Q4
2022-11-22,Electronics,South,21,31.52,661.82,11,2022,Tuesday,Q4
2022-11-23,Electronics,South,11,51.84,570.28,11,2022,Wednesday,Q4
2022-11-24,Electronics,South,35,17.53,613.68,11,2022,Thursday,Q4
2022-11-25,Electronics,South,24,24.95,598.87,11,2022,Friday,Q4
2022-11-26,Electronics,South,54,13.07,705.67,11,2022,Saturday,Q4
2022-11-27,Electronics,South,28,24.33,681.15,11,2022,Sunday,Q4
2022-11-28,Electronics,South,16,40.14,642.3,11,2022,Monday,Q4
2022-11-29,Electronics,South,15,41.49,622.3,11,2022,Tuesday,Q4
2022-11-30,Electronics,South,16,39.45,631.19,11,2022,Wednesday,Q4
2022-01-01,Electronics,East,46,12.51,575.56,1,2022,Saturday,Q1
2022-01-02,Electronics,East,11,49.58,545.37,1,2022,Sunday,Q1
2022-01-03,Electronics,East,12,43.22,518.69,1,2022,Monday,Q1
2022-01-04,Electronics,East,16,31.6,505.63,1,2022,Tuesday,Q1
2022-01-05,Electronics,East,10,48.96,489.6,1,2022,Wednesday,Q1
2022-01-06,Electronics,East,24,21.18,508.35,1,2022,Thursday,Q1
2022-01-07,Electronics,East,11,47.28,520.08,1,2022,Friday,Q1
2022-01-08,Electronics,East,12,45.02,540.19,1,2022,Saturday,Q1
2022-01-09,Electronics,East,21,30.8,646.78,1,2022,Sunday,Q1
2022-01-10,Electronics,East,12,45.21,542.56,1,2022,Monday,Q1
2022-01-11,Electronics,East,38,13.54,514.6,1,2022,Tuesday,Q1
2022-01-12,Electronics,East,28,21.32,597.01,1,2022,Wednesday,Q1
2022-01-13,Electronics,East,28,19.2,537.5,1,2022,Thursday,Q1
2022-01-14,Electronics,East,31,17.66,547.45,1,2022,Friday,Q1
2022-01-15,Electronics,East,19,32.38,615.17,1,2022,Saturday,Q1
2022-01-16,Electronics,East,12,51.2,614.38,1,2022,Sunday,Q1
2022-01-17,Electronics,East,11,50.47,555.21,1,2022,Monday,Q1
2022-01-18,Electronics,East,26,20.49,532.81,1,2022,Tuesday,Q1
2022-01-19,Electronics,East,12,49.74,596.89,1,2022,Wednesday,Q1
2022-01-20,Electronics,East,49,12.83,628.78,1,2022,Thursday,Q1
2022-01-21,Electronics,East,14,38.8,543.22,1,2022,Friday,Q1
2022-01-22,Electronics,East,57,10.88,620.32,1,2022,Saturday,Q1
2022-01-23,Electronics,East,47,14.33,673.43,1,2022,Sunday,Q1
2022-01-24,Electronics,East,51,11.56,589.52,1,2022,Monday,Q1
2022-01-25,Electronics,East,22,25.58,562.74,1,2022,Tuesday,Q1
2022-01-26,Electronics,East,15,38.32,574.74,1,2022,Wednesday,Q1
2022-01-27,Electronics,East,13,44.58,579.59,1,2022,Thursday,Q1
2022-01-28,Electronics,East,40,13.51,540.25,1,2022,Friday,Q1
2022-01-29,Electronics,East,31,21.2,657.05,1,2022,Saturday,Q1
2022-01-30,Electronics,East,61,11.43,697.5,1,2022,Sunday,Q1
2022-01-31,Electronics,East,23,24.49,563.31,1,2022,Monday,Q1
2022-02-01,Electronics,East,29,19.95,578.65,2,2022,Tuesday,Q1
2022-02-02,Electronics,East,34,18.1,615.55,2,2022,Wednesday,Q1
2022-02-03,Electronics,East,25,23.17,579.32,2,2022,Thursday,Q1
2022-02-04,Electronics,East,15,40.95,614.25,2,2022,Friday,Q1
2022-02-05,Electronics,East,36,19.11,687.88,2,2022,Saturday,Q1
2022-02-06,Electronics,East,40,17.19,687.76,2,2022,Sunday,Q1
2022-02-07,Electronics,East,23,25.89,595.58,2,2022,Monday,Q1
2022-02-08,Electronics,East,47,12.53,588.8,2,2022,Tuesday,Q1
2022-02-09,Electronics,East,45,14.07,633.16,2,2022,Wednesday,Q1
2022-02-10,Electronics,East,33,17.21,567.89,2,2022,Thursday,Q1
2022-02-11,Electronics,East,14,44.79,627.11,2,2022,Friday,Q1
2022-02-12,Electronics,East,21,34.92,733.36,2,2022,Saturday,Q1
2022-02-13,Electronics,East,53,12.47,660.66,2,2022,Sunday,Q1
2022-02-14,Electronics,East,22,27.56,606.29,2,2022,Monday,Q1
2022-02-15,Electronics,East,18,34.61,622.99,2,2022,Tuesday,Q1
2022-02-16,Electronics,East,12,50.17,602.09,2,2022,Wednesday,Q1
2022-02-17,Electronics,East,12,48.4,580.79,2,2022,Thursday,Q1
2022-02-18,Electronics,East,15,38.6,579.07,2,2022,Friday,Q1
2022-02-19,Electronics,East,67,10.72,718.36,2,2022,Saturday,Q1
2022-02-20,Electronics,East,27,22.85,616.82,2,2022,Sunday,Q1
2022-02-21,Electronics,East,14,43.59,610.32,2,2022,Monday,Q1
2022-02-22,Electronics,East,16,39.14,626.3,2,2022,Tuesday,Q1
2022-02-23,Electronics,East,17,38.94,661.98,2,2022,Wednesday,Q1
2022-02-24,Electronics,East,18,35.85,645.34,2,2022,Thursday,Q1
2022-02-25,Electronics,East,42,15.12,635.21,2,2022,Friday,Q1
2022-02-26,Electronics,East,31,22.07,684.29,2,2022,Saturday,Q1
2022-02-27,Electronics,East,34,19.43,660.72,2,2022,Sunday,Q1
2022-02-28,Electronics,East,14,44.32,620.54,2,2022,Monday,Q1
2022-03-01,Electronics,East,24,25.64,615.25,3,2022,Tuesday,Q1
2022-03-02,Electronics,East,17,37.28,633.79,3,2022,Wednesday,Q1
2022-03-03,Electronics,East,20,33.64,672.88,3,2022,Thursday,Q1
2022-03-04,Electronics,East,21,27.99,587.77,3,2022,Friday,Q1
2022-03-05,Electronics,East,27,25.83,697.47,3,2022,Saturday,Q1
2022-03-06,Electronics,East,15,42.67,640.02,3,2022,Sunday,Q1
2022-03-07,Electronics,East,16,40.12,641.86,3,2022,Monday,Q1
2022-03-08,Electronics,East,26,25.43,661.29,3,2022,Tuesday,Q1
2022-03-09,Electronics,East,48,12.97,622.62,3,2022,Wednesday,Q1
2022-03-10,Electronics,East,18,34.79,626.13,3,2022,Thursday,Q1
2022-03-11,Electronics,East,19,36.63,696.01,3,2022,Friday,Q1
2022-03-12,Electronics,East,17,40.25,684.32,3,2022,Saturday,Q1
2022-03-13,Electronics,East,29,24.88,721.63,3,2022,Sunday,Q1
2022-03-14,Electronics,East,25,27.08,676.9,3,2022,Monday,Q1
2022-03-15,Electronics,East,13,46.73,607.51,3,2022,Tuesday,Q1
2022-03-16,Electronics,East,16,41.35,661.59,3,2022,Wednesday,Q1
2022-03-17,Electronics,East,28,23.35,653.77,3,2022,Thursday,Q1
2022-03-18,Electronics,East,29,22.74,659.33,3,2022,Friday,Q1
2022-03-19,Electronics,East,19,37.25,707.69,3,2022,Saturday,Q1
2022-03-20,Electronics,East,15,49.21,738.17,3,2022,Sunday,Q1
2022-03-21,Electronics,East,19,33.7,640.36,3,2022,Monday,Q1
2022-03-22,Electronics,East,23,30.82,708.8,3,2022,Tuesday,Q1
2022-03-23,Electronics,East,31,20.13,624.06,3,2022,Wednesday,Q1
2022-03-24,Electronics,East,15,42.44,636.53,3,2022,Thursday,Q1
2022-03-25,Electronics,East,53,12.68,672.2,3,2022,Friday,Q1
2022-03-26,Electronics,East,17,44.1,749.64,3,2022,Saturday,Q1
2022-03-27,Electronics,East,38,18.85,716.13,3,2022,Sunday,Q1
2022-03-28,Electronics,East,43,14.25,612.75,3,2022,Monday,Q1
2022-03-29,Electronics,East,18,33.09,595.58,3,2022,Tuesday,Q1
2022-03-30,Electronics,East,53,11.26,597.01,3,2022,Wednesday,Q1
2022-03-31,Electronics,East,16,38.74,619.78,3,2022,Thursday,Q1
2022-04-01,Electronics,East,15,44.0,660.05,4,2022,Friday,Q2
2022-04-02,Electronics,East,15,50.98,764.76,4,2022,Saturday,Q2
2022-04-03,Electronics,East,51,14.92,760.97,4,2022,Sunday,Q2
2022-04-04,Electronics,East,17,40.44,687.51,4,2022,Monday,Q2
2022-04-05,Electronics,East,16,38.97,623.6,4,2022,Tuesday,Q2
2022-04-06,Electronics,East,39,16.56,645.85,4,2022,Wednesday,Q2
2022-04-07,Electronics,East,22,28.81,633.82,4,2022,Thursday,Q2
2022-04-08,Electronics,East,53,12.07,639.51,4,2022,Friday,Q2
2022-04-09,Electronics,East,34,22.93,779.47,4,2022,Saturday,Q2
2022-04-10,Electronics,East,45,15.65,704.28,4,2022,Sunday,Q2
2022-04-11,Electronics,East,39,17.23,672.11,4,2022,Monday,Q2
2022-04-12,Electronics,East,14,48.9,684.54,4,2022,Tuesday,Q2
2022-04-13,Electronics,East,17,41.7,708.98,4,2022,Wednesday,Q2
2022-04-14,Electronics,East,17,40.43,687.33,4,2022,Thursday,Q2
2022-04-15,Electronics,East,32,21.34,682.97,4,2022,Friday,Q2
2022-04-16,Electronics,East,38,18.93,719.32,4,2022,Saturday,Q2
2022-04-17,Electronics,East,31,24.19,749.76,4,2022,Sunday,Q2
2022-04-18,Electronics,East,19,31.97,607.5,4,2022,Monday,Q2
2022-04-19,Electronics,East,28,22.5,630.02,4,2022,Tuesday,Q2
2022-04-20,Electronics,East,56,12.08,676.2,4,2022,Wednesday,Q2
2022-04-21,Electronics,East,23,29.44,677.2,4,2022,Thursday,Q2
2022-04-22,Electronics,East,21,31.5,661.54,4,2022,Friday,Q2
2022-04-23,Electronics,East,28,27.96,782.91,4,2022,Saturday,Q2
2022-04-24,Electronics,East,25,28.35,708.76,4,2022,Sunday,Q2
2022-04-25,Electronics,East,26,26.43,687.2,4,2022,Monday,Q2
2022-04-26,Electronics,East,12,50.78,609.38,4,2022,Tuesday,Q2
2022-04-27,Electronics,East,17,38.27,650.53,4,2022,Wednesday,Q2
2022-04-28,Electronics,East,35,17.92,627.24,4,2022,Thursday,Q2
2022-04-29,Electronics,East,14,48.0,672.03,4,2022,Friday,Q2
2022-04-30,Electronics,East,21,34.18,717.79,4,2022,Saturday,Q2
2022-05-01,Electronics,East,15,49.3,739.54,5,2022,Sunday,Q2
2022-05-02,Electronics,East,32,18.94,605.98,5,2022,Monday,Q2
2022-05-03,Electronics,East,17,33.67,572.35,5,2022,Tuesday,Q2
2022-05-04,Electronics,East,39,14.4,561.79,5,2022,Wednesday,Q2
2022-05-05,Electronics,East,12,49.99,599.84,5,2022,Thursday,Q2
2022-05-06,Electronics,East,36,17.91,644.63,5,2022,Friday,Q2
2022-05-07,Electronics,East,17,39.59,672.95,5,2022,Saturday,Q2
2022-05-08,Electronics,East,50,13.79,689.65,5,2022,Sunday,Q2
2022-05-09,Electronics,East,31,20.55,636.93,5,2022,Monday,Q2
2022-05-10,Electronics,East,35,16.83,588.99,5,2022,Tuesday,Q2
2022-05-11,Electronics,East,37,16.89,624.77,5,2022,Wednesday,Q2
2022-05-12,Electronics,East,20,28.97,579.35,5,2022,Thursday,Q2
2022-05-13,Electronics,East,17,39.04,663.63,5,2022,Friday,Q2
2022-05-14,Electronics,East,21,36.64,769.48,5,2022,Saturday,Q2
2022-05-15,Electronics,East,15,45.94,689.06,5,2022,Sunday,Q2
2022-05-16,Electronics,East,38,14.52,551.69,5,2022,Monday,Q2
2022-05-17,Electronics,East,13,46.98,610.76,5,2022,Tuesday,Q2
2022-05-18,Electronics,East,41,15.54,636.96,5,2022,Wednesday,Q2
2022-05-19,Electronics,East,22,26.56,584.35,5,2022,Thursday,Q2
2022-05-20,Electronics,East,24,23.69,568.44,5,2022,Friday,Q2
2022-05-21,Electronics,East,15,45.44,681.57,5,2022,Saturday,Q2
2022-05-22,Electronics,East,23,29.16,670.65,5,2022,Sunday,Q2
2022-05-23,Electronics,East,56,11.12,622.89,5,2022,Monday,Q2
2022-05-24,Electronics,East,11,51.28,564.07,5,2022,Tuesday,Q2
2022-05-25,Electronics,East,17,36.96,628.31,5,2022,Wednesday,Q2
2022-05-26,Electronics,East,12,50.82,609.8,5,2022,Thursday,Q2
2022-05-27,Electronics,East,15,38.73,580.93,5,2022,Friday,Q2
2022-05-28,Electronics,East,14,48.18,674.5,5,2022,Saturday,Q2
2022-05-29,Electronics,East,51,13.6,693.77,5,2022,Sunday,Q2
2022-05-30,Electronics,East,17,37.39,635.62,5,2022,Monday,Q2
2022-05-31,Electronics,East,12,49.3,591.61,5,2022,Tuesday,Q2
2022-06-01,Electronics,East,12,50.1,601.15,6,2022,Wednesday,Q2
2022-06-02,Electronics,East,13,46.6,605.81,6,2022,Thursday,Q2
2022-06-03,Electronics,East,35,16.03,561.21,6,2022,Friday,Q2
2022-06-04,Electronics,East,18,39.29,707.22,6,2022,Saturday,Q2
2022-06-05,Electronics,East,17,37.74,641.5,6,2022,Sunday,Q2
2022-06-06,Electronics,East,23,24.62,566.17,6,2022,Monday,Q2
2022-06-07,Electronics,East,11,50.05,550.52,6,2022,Tuesday,Q2
2022-06-08,Electronics,East,27,21.12,570.34,6,2022,Wednesday,Q2
2022-06-09,Electronics,East,19,28.48,541.13,6,2022,Thursday,Q2
2022-06-10,Electronics,East,16,31.9,510.35,6,2022,Friday,Q2
2022-06-11,Electronics,East,18,37.17,669.1,6,2022,Saturday,Q2
2022-06-12,Electronics,East,12,48.7,584.44,6,2022,Sunday,Q2
2022-06-13,Electronics,East,43,12.05,518.14,6,2022,Monday,Q2
2022-06-14,Electronics,East,14,34.26,479.65,6,2022,Tuesday,Q2
2022-06-15,Electronics,East,22,25.85,568.65,6,2022,Wednesday,Q2
2022-06-16,Electronics,East,10,47.99,479.87,6,2022,Thursday,Q2
2022-06-17,Electronics,East,13,43.51,565.58,6,2022,Friday,Q2
2022-06-18,Electronics,East,34,17.6,598.57,6,2022,Saturday,Q2
2022-06-19,Electronics,East,37,17.7,655.06,6,2022,Sunday,Q2
2022-06-20,Electronics,East,43,13.11,563.88,6,2022,Monday,Q2
2022-06-21,Electronics,East,11,50.26,552.81,6,2022,Tuesday,Q2
2022-06-22,Electronics,East,17,29.77,506.16,6,2022,Wednesday,Q2
2022-06-23,Electronics,East,22,24.09,530.02,6,2022,Thursday,Q2
2022-06-24,Electronics,East,15,34.89,523.3,6,2022,Friday,Q2
2022-06-25,Electronics,East,44,14.43,635.01,6,2022,Saturday,Q2
2022-06-26,Electronics,East,13,44.99,584.83,6,2022,Sunday,Q2
2022-06-27,Electronics,East,11,49.8,547.76,6,2022,Monday,Q2
2022-06-28,Electronics,East,12,40.06,480.74,6,2022,Tuesday,Q2
2022-06-29,Electronics,East,16,37.43,598.8,6,2022,Wednesday,Q2
2022-06-30,Electronics,East,12,42.68,512.14,6,2022,Thursday,Q2
2022-07-01,Electronics,East,38,14.46,549.42,7,2022,Friday,Q3
2022-07-02,Electronics,East,16,34.52,552.35,7,2022,Saturday,Q3
2022-07-03,Electronics,East,17,36.12,614.02,7,2022,Sunday,Q3
2022-07-04,Electronics,East,37,13.31,492.57,7,2022,Monday,Q3
