data/sales_data.csv
Date,Product_Category,Region,Units_Sold,Unit_Price,Total_Sales,Month,Year,Day_of_Week,Quarter
2022-07-05,Electronics,East,17,29.39,499.56,7,2022,Tuesday,Q3
2022-07-06,Electronics,East,12,38.25,459.01,7,2022,Wednesday,Q3
2022-07-07,Electronics,East,32,15.11,483.37,7,2022,Thursday,Q3
2022-07-08,Electronics,East,16,29.44,471.05,7,2022,Friday,Q3
2022-07-09,Electronics,East,26,23.08,600.05,7,2022,Saturday,Q3
2022-07-10,Electronics,East,20,29.6,591.98,7,2022,Sunday,Q3
2022-07-11,Electronics,East,11,38.05,418.6,7,2022,Monday,Q3
2022-07-12,Electronics,East,14,32.68,457.51,7,2022,Tuesday,Q3
2022-07-13,Electronics,East,11,50.55,556.05,7,2022,Wednesday,Q3
2022-07-14,Electronics,East,15,28.89,433.38,7,2022,Thursday,Q3
2022-07-15,Electronics,East,17,28.72,488.17,7,2022,Friday,Q3
2022-07-16,Electronics,East,13,48.67,632.75,7,2022,Saturday,Q3
2022-07-17,Electronics,East,14,40.57,567.94,7,2022,Sunday,Q3
2022-07-18,Electronics,East,14,34.08,477.18,7,2022,Monday,Q3
2022-07-19,Electronics,East,30,14.8,444.1,7,2022,Tuesday,Q3
2022-07-20,Electronics,East,32,14.26,456.43,7,2022,Wednesday,Q3
2022-07-21,Electronics,East,23,19.52,448.93,7,2022,Thursday,Q3
2022-07-22,Electronics,East,13,34.86,453.21,7,2022,Friday,Q3
2022-07-23,Electronics,East,10,49.72,497.16,7,2022,Saturday,Q3
2022-07-24,Electronics,East,14,38.83,543.63,7,2022,Sunday,Q3
2022-07-25,Electronics,East,21,24.3,510.22,7,2022,Monday,Q3
2022-07-26,Electronics,East,12,39.0,467.96,7,2022,Tuesday,Q3
2022-07-27,Electronics,East,13,35.06,455.78,7,2022,Wednesday,Q3
2022-07-28,Electronics,East,14,31.83,445.64,7,2022,Thursday,Q3
2022-07-29,Electronics,East,27,16.42,443.26,7,2022,Friday,Q3
2022-07-30,Electronics,East,15,36.55,548.27,7,2022,Saturday,Q3
2022-07-31,Electronics,East,36,13.82,497.59,7,2022,Sunday,Q3
2022-08-01,Electronics,East,31,14.64,453.71,8,2022,Monday,Q3
2022-08-02,Electronics,East,13,31.63,411.2,8,2022,Tuesday,Q3
2022-08-03,Electronics,East,16,25.43,406.86,8,2022,Wednesday,Q3
2022-08-04,Electronics,East,15,26.6,399.05,8,2022,Thursday,Q3
2022-08-05,Electronics,East,23,17.91,411.87,8,2022,Friday,Q3
2022-08-06,Electronics,East,28,17.26,483.36,8,2022,Saturday,Q3
2022-08-07,Electronics,East,19,24.95,474.05,8,2022,Sunday,Q3
2022-08-08,Electronics,East,8,47.56,380.49,8,2022,Monday,Q3
2022-08-09,Electronics,East,31,14.13,437.97,8,2022,Tuesday,Q3
2022-08-10,Electronics,East,15,30.84,462.54,8,2022,Wednesday,Q3
2022-08-11,Electronics,East,10,41.74,417.36,8,2022,Thursday,Q3
2022-08-12,Electronics,East,12,28.86,346.32,8,2022,Friday,Q3
2022-08-13,Electronics,East,27,19.96,538.91,8,2022,Saturday,Q3
2022-08-14,Electronics,East,10,48.81,488.14,8,2022,Sunday,Q3
2022-08-15,Electronics,East,9,44.98,404.79,8,2022,Monday,Q3
2022-08-16,Electronics,East,12,32.25,386.96,8,2022,Tuesday,Q3
2022-08-17,Electronics,East,11,36.6,402.6,8,2022,Wednesday,Q3
2022-08-18,Electronics,East,11,39.5,434.55,8,2022,Thursday,Q3
2022-08-19,Electronics,East,23,17.4,400.26,8,2022,Friday,Q3
2022-08-20,Electronics,East,21,23.57,494.99,8,2022,Saturday,Q3
2022-08-21,Electronics,East,12,38.94,467.32,8,2022,Sunday,Q3
2022-08-22,Electronics,East,13,32.45,421.89,8,2022,Monday,Q3
2022-08-23,Electronics,East,8,48.42,387.4,8,2022,Tuesday,Q3
2022-08-24,Electronics,East,14,27.2,380.74,8,2022,Wednesday,Q3
2022-08-25,Electronics,East,8,46.5,372.02,8,2022,Thursday,Q3
2022-08-26,Electronics,East,11,35.91,395.01,8,2022,Friday,Q3
2022-08-27,Electronics,East,16,28.64,458.29,8,2022,Saturday,Q3
2022-08-28,Electronics,East,10,43.87,438.74,8,2022,Sunday,Q3
2022-08-29,Electronics,East,11,31.39,345.34,8,2022,Monday,Q3
2022-08-30,Electronics,East,31,14.19,439.82,8,2022,Tuesday,Q3
2022-08-31,Electronics,East,8,44.87,358.93,8,2022,Wednesday,Q3
2022-09-01,Electronics,East,7,52.96,370.72,9,2022,Thursday,Q3
2022-09-02,Electronics,East,13,29.17,379.16,9,2022,Friday,Q3
2022-09-03,Electronics,East,14,32.49,454.89,9,2022,Saturday,Q3
2022-09-04,Electronics,East,13,37.47,487.07,9,2022,Sunday,Q3
2022-09-05,Electronics,East,7,51.63,361.42,9,2022,Monday,Q3
2022-09-06,Electronics,East,20,19.85,397.0,9,2022,Tuesday,Q3
2022-09-07,Electronics,East,16,20.11,321.77,9,2022,Wednesday,Q3
2022-09-08,Electronics,East,7,49.64,347.47,9,2022,Thursday,Q3
2022-09-09,Electronics,East,13,28.35,368.58,9,2022,Friday,Q3
2022-09-10,Electronics,East,9,49.21,442.85,9,2022,Saturday,Q3
2022-09-11,Electronics,East,8,50.03,400.22,9,2022,Sunday,Q3
2022-09-12,Electronics,East,6,53.02,318.11,9,2022,Monday,Q3
2022-09-13,Electronics,East,10,39.06,390.61,9,2022,Tuesday,Q3
2022-09-14,Electronics,East,12,32.45,389.44,9,2022,Wednesday,Q3
2022-09-15,Electronics,East,13,29.88,388.46,9,2022,Thursday,Q3
2022-09-16,Electronics,East,14,29.56,413.83,9,2022,Friday,Q3
2022-09-17,Electronics,East,14,30.88,432.39,9,2022,Saturday,Q3
2022-09-18,Electronics,East,30,15.5,464.93,9,2022,Sunday,Q3
2022-09-19,Electronics,East,6,57.22,343.31,9,2022,Monday,Q3
2022-09-20,Electronics,East,14,24.89,348.43,9,2022,Tuesday,Q3
2022-09-21,Electronics,East,10,35.56,355.57,9,2022,Wednesday,Q3
2022-09-22,Electronics,East,38,10.17,386.36,9,2022,Thursday,Q3
2022-09-23,Electronics,East,25,16.43,410.86,9,2022,Friday,Q3
2022-09-24,Electronics,East,10,42.38,423.77,9,2022,Saturday,Q3
2022-09-25,Electronics,East,15,28.8,431.97,9,2022,Sunday,Q3
2022-09-26,Electronics,East,9,45.13,406.16,9,2022,Monday,Q3
2022-09-27,Electronics,East,13,25.48,331.3,9,2022,Tuesday,Q3
2022-09-28,Electronics,East,17,23.18,394.13,9,2022,Wednesday,Q3
2022-09-29,Electronics,East,9,44.15,397.32,9,2022,Thursday,Q3
2022-09-30,Electronics,East,12,31.51,378.15,9,2022,Friday,Q3
2022-10-01,Electronics,East,17,37.05,629.78,10,2022,Saturday,Q4
2022-10-02,Electronics,East,29,23.16,671.73,10,2022,Sunday,Q4
2022-10-03,Electronics,East,20,29.59,591.88,10,2022,Monday,Q4
2022-10-04,Electronics,East,16,39.31,629.0,10,2022,Tuesday,Q4
2022-10-05,Electronics,East,13,43.54,566.01,10,2022,Wednesday,Q4
2022-10-06,Electronics,East,13,45.87,596.37,10,2022,Thursday,Q4
2022-10-07,Electronics,East,19,29.42,559.03,10,2022,Friday,Q4
2022-10-08,Electronics,East,25,26.44,660.94,10,2022,Saturday,Q4
2022-10-09,Electronics,East,17,40.38,686.39,10,2022,Sunday,Q4
2022-10-10,Electronics,East,12,48.36,580.34,10,2022,Monday,Q4
2022-10-11,Electronics,East,15,37.54,563.07,10,2022,Tuesday,Q4
2022-10-12,Electronics,East,22,24.61,541.34,10,2022,Wednesday,Q4
2022-10-13,Electronics,East,16,38.79,620.67,10,2022,Thursday,Q4
2022-10-14,Electronics,East,22,25.83,568.17,10,2022,Friday,Q4
2022-10-15,Electronics,East,51,12.44,634.48,10,2022,Saturday,Q4
2022-10-16,Electronics,East,12,52.23,626.72,10,2022,Sunday,Q4
2022-10-17,Electronics,East,27,21.23,573.25,10,2022,Monday,Q4
2022-10-18,Electronics,East,15,39.31,589.59,10,2022,Tuesday,Q4
2022-10-19,Electronics,East,20,32.12,642.36,10,2022,Wednesday,Q4
2022-10-20,Electronics,East,37,16.34,604.45,10,2022,Thursday,Q4
2022-10-21,Electronics,East,14,39.84,557.71,10,2022,Friday,Q4
2022-10-22,Electronics,East,19,32.86,624.38,10,2022,Saturday,Q4
2022-10-23,Electronics,East,21,30.42,638.73,10,2022,Sunday,Q4
2022-10-24,Electronics,East,14,46.12,645.65,10,2022,Monday,Q4
2022-10-25,Electronics,East,12,48.98,587.81,10,2022,Tuesday,Q4
2022-10-26,Electronics,East,31,19.85,615.3,10,2022,Wednesday,Q4
2022-10-27,Electronics,East,15,40.02,600.33,10,2022,Thursday,Q4
2022-10-28,Electronics,East,32,17.77,568.56,10,2022,Friday,Q4
2022-10-29,Electronics,East,36,19.66,707.69,10,2022,Saturday,Q4
2022-10-30,Electronics,East,61,10.11,616.55,10,2022,Sunday,Q4
2022-10-31,Electronics,East,11,51.93,571.24,10,2022,Monday,Q4
2022-11-01,Electronics,East,11,52.54,577.92,11,2022,Tuesday,Q4
2022-11-02,Electronics,East,14,40.95,573.33,11,2022,Wednesday,Q4
2022-11-03,Electronics,East,13,49.07,637.97,11,2022,Thursday,Q4
2022-11-04,Electronics,East,18,31.7,570.56,11,2022,Friday,Q4
2022-11-05,Electronics,East,14,49.35,690.92,11,2022,Saturday,Q4
2022-11-06,Electronics,East,37,18.31,677.45,11,2022,Sunday,Q4
2022-11-07,Electronics,East,24,24.09,578.14,11,2022,Monday,Q4
2022-11-08,Electronics,East,14,42.5,595.05,11,2022,Tuesday,Q4
2022-11-09,Electronics,East,34,17.92,609.43,11,2022,Wednesday,Q4
2022-11-10,Electronics,East,14,40.33,564.66,11,2022,Thursday,Q4
2022-11-11,Electronics,East,15,41.03,615.46,11,2022,Friday,Q4
2022-11-12,Electronics,East,57,11.81,673.09,11,2022,Saturday,Q4
2022-11-13,Electronics,East,16,41.5,663.93,11,2022,Sunday,Q4
2022-11-14,Electronics,East,36,16.04,577.52,11,2022,Monday,Q4
2022-11-15,Electronics,East,20,30.8,616.04,11,2022,Tuesday,Q4
2022-11-16,Electronics,East,24,23.85,572.34,11,2022,Wednesday,Q4
2022-11-17,Electronics,East,14,42.13,589.82,11,2022,Thursday,Q4
2022-11-18,Electronics,East,26,23.2,603.23,11,2022,Friday,Q4
2022-11-19,Electronics,East,23,29.52,679.07,11,2022,Saturday,Q4
2022-11-20,Electronics,East,31,23.82,738.35,11,2022,Sunday,Q4
2022-11-21,Electronics,East,39,16.01,624.44,11,2022,Monday,Q4
2022-11-22,Electronics,East,27,21.25,573.84,11,2022,Tuesday,Q4
2022-11-23,Electronics,East,19,31.73,602.87,11,2022,Wednesday,Q4
2022-11-24,Electronics,East,13,51.81,673.58,11,2022,Thursday,Q4
2022-11-25,Electronics,East,15,42.81,642.14,11,2022,Friday,Q4
2022-11-26,Electronics,East,51,13.75,701.25,11,2022,Saturday,Q4
2022-11-27,Electronics,East,29,25.21,731.01,11,2022,Sunday,Q4
2022-11-28,Electronics,East,12,50.96,611.56,11,2022,Monday,Q4
2022-11-29,Electronics,East,22,30.41,669.08,11,2022,Tuesday,Q4
2022-11-30,Electronics,East,41,15.68,642.85,11,2022,Wednesday,Q4
2022-01-01,Electronics,West,12,47.96,575.56,1,2022,Saturday,Q1
2022-01-02,Electronics,West,14,42.22,591.12,1,2022,Sunday,Q1
2022-01-03,Electronics,West,15,32.57,488.49,1,2022,Monday,Q1
2022-01-04,Electronics,West,13,40.2,522.59,1,2022,Tuesday,Q1
2022-01-05,Electronics,West,11,45.77,503.43,1,2022,Wednesday,Q1
2022-01-06,Electronics,West,24,20.55,493.1,1,2022,Thursday,Q1
2022-01-07,Electronics,West,12,40.34,484.04,1,2022,Friday,Q1
2022-01-08,Electronics,West,29,20.92,606.54,1,2022,Saturday,Q1
2022-01-09,Electronics,West,12,46.71,560.47,1,2022,Sunday,Q1
2022-01-10,Electronics,West,19,27.37,520.08,1,2022,Monday,Q1
2022-01-11,Electronics,West,10,53.57,535.7,1,2022,Tuesday,Q1
2022-01-12,Electronics,West,28,18.11,507.07,1,2022,Wednesday,Q1
2022-01-13,Electronics,West,14,39.24,549.32,1,2022,Thursday,Q1
2022-01-14,Electronics,West,21,24.2,508.25,1,2022,Friday,Q1
2022-01-15,Electronics,West,29,20.36,590.34,1,2022,Saturday,Q1
2022-01-16,Electronics,West,13,45.72,594.32,1,2022,Sunday,Q1
2022-01-17,Electronics,West,30,17.53,525.95,1,2022,Monday,Q1
2022-01-18,Electronics,West,13,40.08,521.09,1,2022,Tuesday,Q1
2022-01-19,Electronics,West,11,48.52,533.75,1,2022,Wednesday,Q1
2022-01-20,Electronics,West,13,42.57,553.35,1,2022,Thursday,Q1
2022-01-21,Electronics,West,32,18.4,588.83,1,2022,Friday,Q1
2022-01-22,Electronics,West,13,47.17,613.16,1,2022,Saturday,Q1
2022-01-23,Electronics,West,47,13.15,617.85,1,2022,Sunday,Q1
2022-01-24,Electronics,West,16,34.12,545.89,1,2022,Monday,Q1
2022-01-25,Electronics,West,15,38.05,570.81,1,2022,Tuesday,Q1
2022-01-26,Electronics,West,17,33.89,576.2,1,2022,Wednesday,Q1
2022-01-27,Electronics,West,18,30.93,556.73,1,2022,Thursday,Q1
2022-01-28,Electronics,West,15,39.48,592.13,1,2022,Friday,Q1
2022-01-29,Electronics,West,15,42.19,632.78,1,2022,Saturday,Q1
2022-01-30,Electronics,West,14,48.8,683.26,1,2022,Sunday,Q1
2022-01-31,Electronics,West,25,25.0,625.02,1,2022,Monday,Q1
2022-02-01,Electronics,West,45,13.21,594.37,2,2022,Tuesday,Q1
2022-02-02,Electronics,West,14,39.36,551.1,2,2022,Wednesday,Q1
2022-02-03,Electronics,West,23,25.43,584.98,2,2022,Thursday,Q1
2022-02-04,Electronics,West,25,21.58,539.59,2,2022,Friday,Q1
2022-02-05,Electronics,West,49,13.9,681.28,2,2022,Saturday,Q1
2022-02-06,Electronics,West,17,39.61,673.29,2,2022,Sunday,Q1
2022-02-07,Electronics,West,13,45.4,590.15,2,2022,Monday,Q1
2022-02-08,Electronics,West,12,53.33,639.93,2,2022,Tuesday,Q1
2022-02-09,Electronics,West,20,29.63,592.51,2,2022,Wednesday,Q1
2022-02-10,Electronics,West,44,13.99,615.39,2,2022,Thursday,Q1
2022-02-11,Electronics,West,13,44.91,583.8,2,2022,Friday,Q1
2022-02-12,Electronics,West,39,17.82,695.11,2,2022,Saturday,Q1
2022-02-13,Electronics,West,29,23.62,685.11,2,2022,Sunday,Q1
2022-02-14,Electronics,West,16,41.27,660.29,2,2022,Monday,Q1
2022-02-15,Electronics,West,25,24.32,607.93,2,2022,Tuesday,Q1
2022-02-16,Electronics,West,13,43.38,563.95,2,2022,Wednesday,Q1
2022-02-17,Electronics,West,23,27.2,625.51,2,2022,Thursday,Q1
2022-02-18,Electronics,West,50,13.0,650.08,2,2022,Friday,Q1
2022-02-19,Electronics,West,14,51.05,714.66,2,2022,Saturday,Q1
2022-02-20,Electronics,West,26,27.62,718.25,2,2022,Sunday,Q1
2022-02-21,Electronics,West,18,33.17,597.03,2,2022,Monday,Q1
2022-02-22,Electronics,West,25,25.38,634.5,2,2022,Tuesday,Q1
2022-02-23,Electronics,West,15,38.2,572.98,2,2022,Wednesday,Q1
2022-02-24,Electronics,West,14,43.89,614.42,2,2022,Thursday,Q1
2022-02-25,Electronics,West,14,43.87,614.22,2,2022,Friday,Q1
2022-02-26,Electronics,West,29,24.82,719.69,2,2022,Saturday,Q1
2022-02-27,Electronics,West,32,21.44,686.06,2,2022,Sunday,Q1
2022-02-28,Electronics,West,62,10.24,635.03,2,2022,Monday,Q1
2022-03-01,Electronics,West,49,12.15,595.14,3,2022,Tuesday,Q1
2022-03-02,Electronics,West,28,23.2,649.53,3,2022,Wednesday,Q1
2022-03-03,Electronics,West,41,15.88,651.16,3,2022,Thursday,Q1
2022-03-04,Electronics,West,19,34.19,649.58,3,2022,Friday,Q1
2022-03-05,Electronics,West,18,42.03,756.59,3,2022,Saturday,Q1
2022-03-06,Electronics,West,16,45.26,724.11,3,2022,Sunday,Q1
2022-03-07,Electronics,West,36,17.08,615.05,3,2022,Monday,Q1
2022-03-08,Electronics,West,60,11.1,665.89,3,2022,Tuesday,Q1
2022-03-09,Electronics,West,16,42.97,687.51,3,2022,Wednesday,Q1
2022-03-10,Electronics,West,18,35.24,634.38,3,2022,Thursday,Q1
2022-03-11,Electronics,West,34,20.15,684.97,3,2022,Friday,Q1
2022-03-12,Electronics,West,27,27.6,745.27,3,2022,Saturday,Q1
2022-03-13,Electronics,West,24,30.63,735.23,3,2022,Sunday,Q1
2022-03-14,Electronics,West,26,27.27,708.91,3,2022,Monday,Q1
2022-03-15,Electronics,West,14,45.79,641.0,3,2022,Tuesday,Q1
2022-03-16,Electronics,West,17,40.68,691.54,3,2022,Wednesday,Q1
2022-03-17,Electronics,West,32,20.79,665.21,3,2022,Thursday,Q1
2022-03-18,Electronics,West,19,36.43,692.25,3,2022,Friday,Q1
2022-03-19,Electronics,West,21,34.07,715.41,3,2022,Saturday,Q1
2022-03-20,Electronics,West,26,29.05,755.19,3,2022,Sunday,Q1
2022-03-21,Electronics,West,21,31.44,660.18,3,2022,Monday,Q1
2022-03-22,Electronics,West,19,36.87,700.45,3,2022,Tuesday,Q1
2022-03-23,Electronics,West,13,48.62,632.12,3,2022,Wednesday,Q1
2022-03-24,Electronics,West,34,19.51,663.34,3,2022,Thursday,Q1
2022-03-25,Electronics,West,47,13.77,647.27,3,2022,Friday,Q1
2022-03-26,Electronics,West,22,33.61,739.33,3,2022,Saturday,Q1
2022-03-27,Electronics,West,57,13.42,764.79,3,2022,Sunday,Q1
2022-03-28,Electronics,West,26,24.33,632.62,3,2022,Monday,Q1
2022-03-29,Electronics,West,28,23.52,658.42,3,2022,Tuesday,Q1
2022-03-30,Electronics,West,20,34.69,693.84,3,2022,Wednesday,Q1
2022-03-31,Electronics,West,49,12.28,601.86,3,2022,Thursday,Q1
2022-04-01,Electronics,West,20,33.36,667.26,4,2022,Friday,Q2
2022-04-02,Electronics,West,57,12.23,696.89,4,2022,Saturday,Q2
2022-04-03,Electronics,West,75,10.08,756.17,4,2022,Sunday,Q2
2022-04-04,Electronics,West,15,45.75,686.32,4,2022,Monday,Q2
2022-04-05,Electronics,West,26,26.59,691.29,4,2022,Tuesday,Q2
2022-04-06,Electronics,West,15,41.69,625.31,4,2022,Wednesday,Q2
2022-04-07,Electronics,West,17,37.76,641.97,4,2022,Thursday,Q2
2022-04-08,Electronics,West,23,26.79,616.18,4,2022,Friday,Q2
2022-04-09,Electronics,West,29,25.98,753.51,4,2022,Saturday,Q2
2022-04-10,Electronics,West,47,16.64,782.13,4,2022,Sunday,Q2
2022-04-11,Electronics,West,22,29.84,656.58,4,2022,Monday,Q2
2022-04-12,Electronics,West,62,10.82,670.61,4,2022,Tuesday,Q2
2022-04-13,Electronics,West,32,19.49,623.61,4,2022,Wednesday,Q2
2022-04-14,Electronics,West,14,43.84,613.82,4,2022,Thursday,Q2
2022-04-15,Electronics,West,34,20.43,694.6,4,2022,Friday,Q2
2022-04-16,Electronics,West,68,10.15,690.0,4,2022,Saturday,Q2
2022-04-17,Electronics,West,16,44.58,713.23,4,2022,Sunday,Q2
2022-04-18,Electronics,West,36,16.7,601.15,4,2022,Monday,Q2
2022-04-19,Electronics,West,17,36.89,627.16,4,2022,Tuesday,Q2
2022-04-20,Electronics,West,32,20.47,654.99,4,2022,Wednesday,Q2
2022-04-21,Electronics,West,33,18.84,621.57,4,2022,Thursday,Q2
2022-04-22,Electronics,West,17,36.53,621.05,4,2022,Friday,Q2
2022-04-23,Electronics,West,33,21.27,701.97,4,2022,Saturday,Q2
2022-04-24,Electronics,West,21,34.36,721.65,4,2022,Sunday,Q2
2022-04-25,Electronics,West,14,46.91,656.8,4,2022,Monday,Q2
2022-04-26,Electronics,West,32,21.4,684.96,4,2022,Tuesday,Q2
2022-04-27,Electronics,West,22,27.66,608.44,4,2022,Wednesday,Q2
2022-04-28,Electronics,West,43,15.44,664.04,4,2022,Thursday,Q2
2022-04-29,Electronics,West,12,49.34,592.14,4,2022,Friday,Q2
2022-04-30,Electronics,West,39,19.32,753.31,4,2022,Saturday,Q2
2022-05-01,Electronics,West,25,28.32,708.0,5,2022,Sunday,Q2
2022-05-02,Electronics,West,23,26.6,611.75,5,2022,Monday,Q2
2022-05-03,Electronics,West,13,48.06,624.73,5,2022,Tuesday,Q2
2022-05-04,Electronics,West,19,36.54,694.2,5,2022,Wednesday,Q2
2022-05-05,Electronics,West,15,37.11,556.65,5,2022,Thursday,Q2
2022-05-06,Electronics,West,38,17.77,675.1,5,2022,Friday,Q2
2022-05-07,Electronics,West,42,17.08,717.35,5,2022,Saturday,Q2
2022-05-08,Electronics,West,43,15.8,679.25,5,2022,Sunday,Q2
2022-05-09,Electronics,West,50,12.87,643.36,5,2022,Monday,Q2
2022-05-10,Electronics,West,13,52.22,678.91,5,2022,Tuesday,Q2
2022-05-11,Electronics,West,11,51.1,562.13,5,2022,Wednesday,Q2
2022-05-12,Electronics,West,31,20.0,620.1,5,2022,Thursday,Q2
2022-05-13,Electronics,West,32,18.7,598.52,5,2022,Friday,Q2
2022-05-14,Electronics,West,68,10.78,733.36,5,2022,Saturday,Q2
2022-05-15,Electronics,West,45,15.2,683.93,5,2022,Sunday,Q2
2022-05-16,Electronics,West,31,19.65,609.29,5,2022,Monday,Q2
2022-05-17,Electronics,West,19,32.62,619.87,5,2022,Tuesday,Q2
2022-05-18,Electronics,West,14,45.66,639.31,5,2022,Wednesday,Q2
2022-05-19,Electronics,West,47,12.18,572.44,5,2022,Thursday,Q2
