data/sales_data.csv
Date,Product_Category,Region,Units_Sold,Unit_Price,Total_Sales,Month,Year,Day_of_Week,Quarter
2022-05-20,Electronics,West,56,10.77,602.86,5,2022,Friday,Q2
2022-05-21,Electronics,West,15,46.3,694.54,5,2022,Saturday,Q2
2022-05-22,Electronics,West,31,21.61,669.76,5,2022,Sunday,Q2
2022-05-23,Electronics,West,33,20.4,673.25,5,2022,Monday,Q2
2022-05-24,Electronics,West,14,42.35,592.85,5,2022,Tuesday,Q2
2022-05-25,Electronics,West,12,51.04,612.49,5,2022,Wednesday,Q2
2022-05-26,Electronics,West,38,16.24,617.29,5,2022,Thursday,Q2
2022-05-27,Electronics,West,17,33.15,563.51,5,2022,Friday,Q2
2022-05-28,Electronics,West,28,22.82,638.93,5,2022,Saturday,Q2
2022-05-29,Electronics,West,15,45.46,681.9,5,2022,Sunday,Q2
2022-05-30,Electronics,West,24,24.98,599.53,5,2022,Monday,Q2
2022-05-31,Electronics,West,54,10.17,548.96,5,2022,Tuesday,Q2
2022-06-01,Electronics,West,14,42.43,594.0,6,2022,Wednesday,Q2
2022-06-02,Electronics,West,35,16.61,581.24,6,2022,Thursday,Q2
2022-06-03,Electronics,West,17,31.94,542.95,6,2022,Friday,Q2
2022-06-04,Electronics,West,17,36.64,622.84,6,2022,Saturday,Q2
2022-06-05,Electronics,West,23,29.76,684.48,6,2022,Sunday,Q2
2022-06-06,Electronics,West,14,40.59,568.25,6,2022,Monday,Q2
2022-06-07,Electronics,West,12,49.31,591.66,6,2022,Tuesday,Q2
2022-06-08,Electronics,West,45,12.9,580.71,6,2022,Wednesday,Q2
2022-06-09,Electronics,West,16,36.61,585.82,6,2022,Thursday,Q2
2022-06-10,Electronics,West,17,35.43,602.27,6,2022,Friday,Q2
2022-06-11,Electronics,West,23,28.21,648.86,6,2022,Saturday,Q2
2022-06-12,Electronics,West,14,46.32,648.51,6,2022,Sunday,Q2
2022-06-13,Electronics,West,25,21.38,534.58,6,2022,Monday,Q2
2022-06-14,Electronics,West,42,13.65,573.23,6,2022,Tuesday,Q2
2022-06-15,Electronics,West,19,27.42,520.93,6,2022,Wednesday,Q2
2022-06-16,Electronics,West,21,25.59,537.33,6,2022,Thursday,Q2
2022-06-17,Electronics,West,11,50.04,550.4,6,2022,Friday,Q2
2022-06-18,Electronics,West,22,31.19,686.1,6,2022,Saturday,Q2
2022-06-19,Electronics,West,16,36.5,583.96,6,2022,Sunday,Q2
2022-06-20,Electronics,West,30,16.24,487.15,6,2022,Monday,Q2
2022-06-21,Electronics,West,13,37.71,490.26,6,2022,Tuesday,Q2
2022-06-22,Electronics,West,16,35.31,564.91,6,2022,Wednesday,Q2
2022-06-23,Electronics,West,11,50.09,551.02,6,2022,Thursday,Q2
2022-06-24,Electronics,West,13,37.82,491.71,6,2022,Friday,Q2
2022-06-25,Electronics,West,14,43.52,609.28,6,2022,Saturday,Q2
2022-06-26,Electronics,West,15,41.19,617.91,6,2022,Sunday,Q2
2022-06-27,Electronics,West,14,36.78,514.95,6,2022,Monday,Q2
2022-06-28,Electronics,West,13,41.24,536.17,6,2022,Tuesday,Q2
2022-06-29,Electronics,West,23,21.05,484.26,6,2022,Wednesday,Q2
2022-06-30,Electronics,West,11,42.75,470.21,6,2022,Thursday,Q2
2022-07-01,Electronics,West,10,51.45,514.47,7,2022,Friday,Q3
2022-07-02,Electronics,West,48,12.87,617.69,7,2022,Saturday,Q3
2022-07-03,Electronics,West,37,16.36,605.18,7,2022,Sunday,Q3
2022-07-04,Electronics,West,16,31.34,501.51,7,2022,Monday,Q3
2022-07-05,Electronics,West,12,43.45,521.43,7,2022,Tuesday,Q3
2022-07-06,Electronics,West,11,45.4,499.45,7,2022,Wednesday,Q3
2022-07-07,Electronics,West,9,52.48,472.3,7,2022,Thursday,Q3
2022-07-08,Electronics,West,27,17.22,464.93,7,2022,Friday,Q3
2022-07-09,Electronics,West,30,20.13,603.96,7,2022,Saturday,Q3
2022-07-10,Electronics,West,18,32.09,577.59,7,2022,Sunday,Q3
2022-07-11,Electronics,West,22,20.46,450.08,7,2022,Monday,Q3
2022-07-12,Electronics,West,23,18.24,419.43,7,2022,Tuesday,Q3
2022-07-13,Electronics,West,10,45.03,450.34,7,2022,Wednesday,Q3
2022-07-14,Electronics,West,43,12.37,531.84,7,2022,Thursday,Q3
2022-07-15,Electronics,West,17,26.69,453.69,7,2022,Friday,Q3
2022-07-16,Electronics,West,46,12.08,555.66,7,2022,Saturday,Q3
2022-07-17,Electronics,West,15,38.61,579.17,7,2022,Sunday,Q3
2022-07-18,Electronics,West,26,16.69,434.05,7,2022,Monday,Q3
2022-07-19,Electronics,West,13,36.07,468.96,7,2022,Tuesday,Q3
2022-07-20,Electronics,West,10,45.92,459.21,7,2022,Wednesday,Q3
2022-07-21,Electronics,West,26,18.31,476.12,7,2022,Thursday,Q3
2022-07-22,Electronics,West,11,43.31,476.37,7,2022,Friday,Q3
2022-07-23,Electronics,West,17,30.8,523.68,7,2022,Saturday,Q3
2022-07-24,Electronics,West,13,39.34,511.43,7,2022,Sunday,Q3
2022-07-25,Electronics,West,11,40.91,450.04,7,2022,Monday,Q3
2022-07-26,Electronics,West,32,13.92,445.37,7,2022,Tuesday,Q3
2022-07-27,Electronics,West,16,27.48,439.67,7,2022,Wednesday,Q3
2022-07-28,Electronics,West,9,43.25,389.25,7,2022,Thursday,Q3
2022-07-29,Electronics,West,10,39.94,399.38,7,2022,Friday,Q3
2022-07-30,Electronics,West,21,24.32,510.65,7,2022,Saturday,Q3
2022-07-31,Electronics,West,13,34.64,450.35,7,2022,Sunday,Q3
2022-08-01,Electronics,West,9,48.25,434.22,8,2022,Monday,Q3
2022-08-02,Electronics,West,16,24.45,391.26,8,2022,Tuesday,Q3
2022-08-03,Electronics,West,11,38.12,419.34,8,2022,Wednesday,Q3
2022-08-04,Electronics,West,9,44.13,397.19,8,2022,Thursday,Q3
2022-08-05,Electronics,West,29,15.28,443.15,8,2022,Friday,Q3
2022-08-06,Electronics,West,20,27.01,540.14,8,2022,Saturday,Q3
2022-08-07,Electronics,West,23,24.88,572.26,8,2022,Sunday,Q3
2022-08-08,Electronics,West,24,17.13,411.11,8,2022,Monday,Q3
2022-08-09,Electronics,West,11,37.33,410.6,8,2022,Tuesday,Q3
2022-08-10,Electronics,West,14,33.84,473.81,8,2022,Wednesday,Q3
2022-08-11,Electronics,West,10,40.64,406.44,8,2022,Thursday,Q3
2022-08-12,Electronics,West,11,44.13,485.44,8,2022,Friday,Q3
2022-08-13,Electronics,West,30,17.01,510.33,8,2022,Saturday,Q3
2022-08-14,Electronics,West,18,26.33,474.02,8,2022,Sunday,Q3
2022-08-15,Electronics,West,10,47.49,474.93,8,2022,Monday,Q3
2022-08-16,Electronics,West,16,23.85,381.67,8,2022,Tuesday,Q3
2022-08-17,Electronics,West,9,47.59,428.31,8,2022,Wednesday,Q3
2022-08-18,Electronics,West,12,33.44,401.26,8,2022,Thursday,Q3
2022-08-19,Electronics,West,13,31.12,404.52,8,2022,Friday,Q3
2022-08-20,Electronics,West,11,44.74,492.13,8,2022,Saturday,Q3
2022-08-21,Electronics,West,17,28.53,485.08,8,2022,Sunday,Q3
2022-08-22,Electronics,West,11,38.75,426.24,8,2022,Monday,Q3
2022-08-23,Electronics,West,12,35.68,428.15,8,2022,Tuesday,Q3
2022-08-24,Electronics,West,11,33.17,364.85,8,2022,Wednesday,Q3
2022-08-25,Electronics,West,14,27.83,389.6,8,2022,Thursday,Q3
2022-08-26,Electronics,West,11,33.08,363.83,8,2022,Friday,Q3
2022-08-27,Electronics,West,13,35.92,466.97,8,2022,Saturday,Q3
2022-08-28,Electronics,West,21,24.06,505.21,8,2022,Sunday,Q3
2022-08-29,Electronics,West,7,51.85,362.94,8,2022,Monday,Q3
2022-08-30,Electronics,West,6,53.28,319.66,8,2022,Tuesday,Q3
2022-08-31,Electronics,West,15,26.89,403.41,8,2022,Wednesday,Q3
2022-09-01,Electronics,West,10,43.08,430.83,9,2022,Thursday,Q3
2022-09-02,Electronics,West,12,33.95,407.37,9,2022,Friday,Q3
2022-09-03,Electronics,West,14,31.98,447.72,9,2022,Saturday,Q3
2022-09-04,Electronics,West,22,19.05,419.07,9,2022,Sunday,Q3
2022-09-05,Electronics,West,23,17.56,403.78,9,2022,Monday,Q3
2022-09-06,Electronics,West,14,26.8,375.24,9,2022,Tuesday,Q3
2022-09-07,Electronics,West,8,45.72,365.79,9,2022,Wednesday,Q3
2022-09-08,Electronics,West,33,10.58,349.25,9,2022,Thursday,Q3
2022-09-09,Electronics,West,26,14.74,383.36,9,2022,Friday,Q3
2022-09-10,Electronics,West,17,29.01,493.14,9,2022,Saturday,Q3
2022-09-11,Electronics,West,17,25.25,429.19,9,2022,Sunday,Q3
2022-09-12,Electronics,West,7,49.96,349.74,9,2022,Monday,Q3
2022-09-13,Electronics,West,15,23.95,359.27,9,2022,Tuesday,Q3
2022-09-14,Electronics,West,7,52.77,369.42,9,2022,Wednesday,Q3
2022-09-15,Electronics,West,8,50.05,400.37,9,2022,Thursday,Q3
2022-09-16,Electronics,West,15,27.34,410.13,9,2022,Friday,Q3
2022-09-17,Electronics,West,20,21.42,428.32,9,2022,Saturday,Q3
2022-09-18,Electronics,West,29,14.61,423.6,9,2022,Sunday,Q3
2022-09-19,Electronics,West,15,22.99,344.81,9,2022,Monday,Q3
2022-09-20,Electronics,West,8,48.98,391.81,9,2022,Tuesday,Q3
2022-09-21,Electronics,West,9,45.04,405.32,9,2022,Wednesday,Q3
2022-09-22,Electronics,West,32,11.03,353.1,9,2022,Thursday,Q3
2022-09-23,Electronics,West,7,46.0,321.99,9,2022,Friday,Q3
2022-09-24,Electronics,West,13,33.96,441.48,9,2022,Saturday,Q3
2022-09-25,Electronics,West,17,27.59,468.96,9,2022,Sunday,Q3
2022-09-26,Electronics,West,8,45.02,360.13,9,2022,Monday,Q3
2022-09-27,Electronics,West,10,35.36,353.6,9,2022,Tuesday,Q3
2022-09-28,Electronics,West,7,46.93,328.51,9,2022,Wednesday,Q3
2022-09-29,Electronics,West,12,31.99,383.93,9,2022,Thursday,Q3
2022-09-30,Electronics,West,10,35.46,354.56,9,2022,Friday,Q3
2022-10-01,Electronics,West,28,23.4,655.28,10,2022,Saturday,Q4
2022-10-02,Electronics,West,19,33.98,645.64,10,2022,Sunday,Q4
2022-10-03,Electronics,West,17,34.06,578.96,10,2022,Monday,Q4
2022-10-04,Electronics,West,16,37.23,595.67,10,2022,Tuesday,Q4
2022-10-05,Electronics,West,19,27.76,527.42,10,2022,Wednesday,Q4
2022-10-06,Electronics,West,18,33.72,606.93,10,2022,Thursday,Q4
2022-10-07,Electronics,West,20,25.57,511.35,10,2022,Friday,Q4
2022-10-08,Electronics,West,37,17.63,652.48,10,2022,Saturday,Q4
2022-10-09,Electronics,West,18,35.97,647.5,10,2022,Sunday,Q4
2022-10-10,Electronics,West,13,40.22,522.81,10,2022,Monday,Q4
2022-10-11,Electronics,West,13,47.27,614.45,10,2022,Tuesday,Q4
2022-10-12,Electronics,West,32,17.46,558.8,10,2022,Wednesday,Q4
2022-10-13,Electronics,West,13,45.76,594.87,10,2022,Thursday,Q4
2022-10-14,Electronics,West,17,35.53,604.08,10,2022,Friday,Q4
2022-10-15,Electronics,West,34,19.54,664.31,10,2022,Saturday,Q4
2022-10-16,Electronics,West,18,37.04,666.67,10,2022,Sunday,Q4
2022-10-17,Electronics,West,49,11.32,554.61,10,2022,Monday,Q4
2022-10-18,Electronics,West,15,36.72,550.86,10,2022,Tuesday,Q4
2022-10-19,Electronics,West,43,13.96,600.39,10,2022,Wednesday,Q4
2022-10-20,Electronics,West,13,44.98,584.69,10,2022,Thursday,Q4
2022-10-21,Electronics,West,23,28.38,652.64,10,2022,Friday,Q4
2022-10-22,Electronics,West,65,10.11,657.17,10,2022,Saturday,Q4
2022-10-23,Electronics,West,14,44.8,627.22,10,2022,Sunday,Q4
2022-10-24,Electronics,West,10,53.34,533.41,10,2022,Monday,Q4
2022-10-25,Electronics,West,31,19.12,592.73,10,2022,Tuesday,Q4
2022-10-26,Electronics,West,21,27.72,582.02,10,2022,Wednesday,Q4
2022-10-27,Electronics,West,14,41.41,579.78,10,2022,Thursday,Q4
2022-10-28,Electronics,West,15,41.29,619.37,10,2022,Friday,Q4
2022-10-29,Electronics,West,23,27.5,632.43,10,2022,Saturday,Q4
2022-10-30,Electronics,West,20,32.72,654.49,10,2022,Sunday,Q4
2022-10-31,Electronics,West,14,41.06,574.86,10,2022,Monday,Q4
2022-11-01,Electronics,West,15,37.83,567.46,11,2022,Tuesday,Q4
2022-11-02,Electronics,West,15,39.67,595.06,11,2022,Wednesday,Q4
2022-11-03,Electronics,West,12,45.7,548.36,11,2022,Thursday,Q4
2022-11-04,Electronics,West,24,24.42,586.13,11,2022,Friday,Q4
2022-11-05,Electronics,West,24,29.01,696.33,11,2022,Saturday,Q4
2022-11-06,Electronics,West,22,32.8,721.66,11,2022,Sunday,Q4
2022-11-07,Electronics,West,33,18.78,619.76,11,2022,Monday,Q4
2022-11-08,Electronics,West,32,18.81,601.81,11,2022,Tuesday,Q4
2022-11-09,Electronics,West,19,33.34,633.44,11,2022,Wednesday,Q4
2022-11-10,Electronics,West,13,45.42,590.5,11,2022,Thursday,Q4
2022-11-11,Electronics,West,17,34.37,584.27,11,2022,Friday,Q4
2022-11-12,Electronics,West,17,40.62,690.52,11,2022,Saturday,Q4
2022-11-13,Electronics,West,67,10.58,708.99,11,2022,Sunday,Q4
2022-11-14,Electronics,West,12,49.24,590.83,11,2022,Monday,Q4
2022-11-15,Electronics,West,18,32.63,587.42,11,2022,Tuesday,Q4
2022-11-16,Electronics,West,24,27.03,648.64,11,2022,Wednesday,Q4
2022-11-17,Electronics,West,23,28.63,658.56,11,2022,Thursday,Q4
2022-11-18,Electronics,West,18,35.54,639.65,11,2022,Friday,Q4
2022-11-19,Electronics,West,26,26.78,696.15,11,2022,Saturday,Q4
2022-11-20,Electronics,West,29,21.09,611.6,11,2022,Sunday,Q4
2022-11-21,Electronics,West,18,32.63,587.4,11,2022,Monday,Q4
2022-11-22,Electronics,West,57,12.26,698.64,11,2022,Tuesday,Q4
2022-11-23,Electronics,West,19,31.91,606.22,11,2022,Wednesday,Q4
2022-11-24,Electronics,West,14,43.45,608.29,11,2022,Thursday,Q4
2022-11-25,Electronics,West,14,41.83,585.6,11,2022,Friday,Q4
2022-11-26,Electronics,West,18,42.78,770.03,11,2022,Saturday,Q4
2022-11-27,Electronics,West,17,42.8,727.65,11,2022,Sunday,Q4
2022-11-28,Electronics,West,23,26.01,598.31,11,2022,Monday,Q4
2022-11-29,Electronics,West,24,24.95,598.79,11,2022,Tuesday,Q4
2022-11-30,Electronics,West,13,48.49,630.35,11,2022,Wednesday,Q4
2022-01-01,Clothing,North,39,11.02,429.96,1,2022,Saturday,Q1
2022-01-02,Clothing,North,30,13.58,407.37,1,2022,Sunday,Q1
2022-01-03,Clothing,North,9,34.09,306.77,1,2022,Monday,Q1
2022-01-04,Clothing,North,6,53.03,318.2,1,2022,Tuesday,Q1
2022-01-05,Clothing,North,7,48.21,337.5,1,2022,Wednesday,Q1
2022-01-06,Clothing,North,6,52.23,313.4,1,2022,Thursday,Q1
2022-01-07,Clothing,North,14,25.06,350.82,1,2022,Friday,Q1
2022-01-08,Clothing,North,34,11.09,377.17,1,2022,Saturday,Q1
2022-01-09,Clothing,North,29,12.9,374.1,1,2022,Sunday,Q1
2022-01-10,Clothing,North,24,14.62,350.91,1,2022,Monday,Q1
2022-01-11,Clothing,North,6,47.55,285.29,1,2022,Tuesday,Q1
2022-01-12,Clothing,North,8,33.45,267.6,1,2022,Wednesday,Q1
2022-01-13,Clothing,North,19,15.15,287.86,1,2022,Thursday,Q1
2022-01-14,Clothing,North,9,37.17,334.57,1,2022,Friday,Q1
2022-01-15,Clothing,North,36,11.01,396.31,1,2022,Saturday,Q1
2022-01-16,Clothing,North,24,16.84,404.24,1,2022,Sunday,Q1
2022-01-17,Clothing,North,10,34.67,346.67,1,2022,Monday,Q1
2022-01-18,Clothing,North,8,43.59,348.74,1,2022,Tuesday,Q1
2022-01-19,Clothing,North,6,53.23,319.4,1,2022,Wednesday,Q1
2022-01-20,Clothing,North,19,18.82,357.52,1,2022,Thursday,Q1
2022-01-21,Clothing,North,35,10.62,371.84,1,2022,Friday,Q1
2022-01-22,Clothing,North,21,21.07,442.38,1,2022,Saturday,Q1
2022-01-23,Clothing,North,11,39.81,437.9,1,2022,Sunday,Q1
2022-01-24,Clothing,North,26,13.4,348.34,1,2022,Monday,Q1
2022-01-25,Clothing,North,8,49.16,393.31,1,2022,Tuesday,Q1
2022-01-26,Clothing,North,14,25.78,360.86,1,2022,Wednesday,Q1
2022-01-27,Clothing,North,10,37.43,374.27,1,2022,Thursday,Q1
2022-01-28,Clothing,North,6,55.41,332.47,1,2022,Friday,Q1
2022-01-29,Clothing,North,42,10.47,439.82,1,2022,Saturday,Q1
2022-01-30,Clothing,North,11,41.57,457.31,1,2022,Sunday,Q1
2022-01-31,Clothing,North,13,29.58,384.53,1,2022,Monday,Q1
2022-02-01,Clothing,North,16,23.9,382.37,2,2022,Tuesday,Q1
2022-02-02,Clothing,North,8,45.45,363.59,2,2022,Wednesday,Q1
2022-02-03,Clothing,North,16,27.02,432.35,2,2022,Thursday,Q1
2022-02-04,Clothing,North,20,17.86,357.23,2,2022,Friday,Q1
2022-02-05,Clothing,North,13,36.17,470.18,2,2022,Saturday,Q1
2022-02-06,Clothing,North,34,14.0,476.09,2,2022,Sunday,Q1
2022-02-07,Clothing,North,9,44.57,401.14,2,2022,Monday,Q1
2022-02-08,Clothing,North,8,49.96,399.67,2,2022,Tuesday,Q1
2022-02-09,Clothing,North,9,42.66,383.97,2,2022,Wednesday,Q1
2022-02-10,Clothing,North,21,20.71,434.87,2,2022,Thursday,Q1
2022-02-11,Clothing,North,9,44.03,396.28,2,2022,Friday,Q1
2022-02-12,Clothing,North,16,32.45,519.17,2,2022,Saturday,Q1
2022-02-13,Clothing,North,12,42.17,506.1,2,2022,Sunday,Q1
2022-02-14,Clothing,North,11,35.37,389.05,2,2022,Monday,Q1
2022-02-15,Clothing,North,8,48.37,386.96,2,2022,Tuesday,Q1
2022-02-16,Clothing,North,13,33.64,437.34,2,2022,Wednesday,Q1
2022-02-17,Clothing,North,11,40.75,448.28,2,2022,Thursday,Q1
2022-02-18,Clothing,North,22,19.22,422.94,2,2022,Friday,Q1
2022-02-19,Clothing,North,10,46.81,468.13,2,2022,Saturday,Q1
2022-02-20,Clothing,North,11,46.66,513.25,2,2022,Sunday,Q1
2022-02-21,Clothing,North,7,51.91,363.34,2,2022,Monday,Q1
2022-02-22,Clothing,North,11,38.03,418.28,2,2022,Tuesday,Q1
2022-02-23,Clothing,North,14,27.87,390.13,2,2022,Wednesday,Q1
2022-02-24,Clothing,North,16,26.33,421.21,2,2022,Thursday,Q1
2022-02-25,Clothing,North,9,49.4,444.62,2,2022,Friday,Q1
2022-02-26,Clothing,North,26,18.8,488.67,2,2022,Saturday,Q1
2022-02-27,Clothing,North,23,23.21,533.83,2,2022,Sunday,Q1
2022-02-28,Clothing,North,20,22.76,455.13,2,2022,Monday,Q1
2022-03-01,Clothing,North,9,46.46,418.17,3,2022,Tuesday,Q1
2022-03-02,Clothing,North,14,32.47,454.58,3,2022,Wednesday,Q1
2022-03-03,Clothing,North,17,26.43,449.38,3,2022,Thursday,Q1
2022-03-04,Clothing,North,8,55.18,441.4,3,2022,Friday,Q1
2022-03-05,Clothing,North,11,41.9,460.95,3,2022,Saturday,Q1
2022-03-06,Clothing,North,13,42.71,555.22,3,2022,Sunday,Q1
2022-03-07,Clothing,North,9,50.21,451.85,3,2022,Monday,Q1
2022-03-08,Clothing,North,10,39.49,394.88,3,2022,Tuesday,Q1
2022-03-09,Clothing,North,11,38.67,425.42,3,2022,Wednesday,Q1
2022-03-10,Clothing,North,38,10.62,403.54,3,2022,Thursday,Q1
2022-03-11,Clothing,North,23,18.63,428.44,3,2022,Friday,Q1
2022-03-12,Clothing,North,12,48.69,584.25,3,2022,Saturday,Q1
2022-03-13,Clothing,North,16,32.41,518.5,3,2022,Sunday,Q1
2022-03-14,Clothing,North,13,38.65,502.39,3,2022,Monday,Q1
2022-03-15,Clothing,North,16,26.44,423.08,3,2022,Tuesday,Q1
2022-03-16,Clothing,North,28,16.09,450.38,3,2022,Wednesday,Q1
2022-03-17,Clothing,North,24,19.44,466.53,3,2022,Thursday,Q1
2022-03-18,Clothing,North,11,42.54,467.97,3,2022,Friday,Q1
2022-03-19,Clothing,North,19,28.78,546.85,3,2022,Saturday,Q1
2022-03-20,Clothing,North,10,51.51,515.08,3,2022,Sunday,Q1
2022-03-21,Clothing,North,22,20.98,461.64,3,2022,Monday,Q1
2022-03-22,Clothing,North,18,25.59,460.54,3,2022,Tuesday,Q1
2022-03-23,Clothing,North,9,42.78,385.01,3,2022,Wednesday,Q1
2022-03-24,Clothing,North,10,47.32,473.16,3,2022,Thursday,Q1
2022-03-25,Clothing,North,28,16.53,462.71,3,2022,Friday,Q1
2022-03-26,Clothing,North,21,26.44,555.31,3,2022,Saturday,Q1
2022-03-27,Clothing,North,11,44.37,488.06,3,2022,Sunday,Q1
2022-03-28,Clothing,North,13,38.92,505.95,3,2022,Monday,Q1
2022-03-29,Clothing,North,11,41.03,451.28,3,2022,Tuesday,Q1
2022-03-30,Clothing,North,13,34.74,451.61,3,2022,Wednesday,Q1
2022-03-31,Clothing,North,11,41.05,451.52,3,2022,Thursday,Q1
2022-04-01,Clothing,North,10,42.59,425.93,4,2022,Friday,Q2
2022-04-02,Clothing,North,16,33.75,540.08,4,2022,Saturday,Q2
2022-04-03,Clothing,North,25,20.28,507.04,4,2022,Sunday,Q2
2022-04-04,Clothing,North,14,36.24,507.32,4,2022,Monday,Q2
2022-04-05,Clothing,North,16,27.87,445.86,4,2022,Tuesday,Q2
2022-04-06,Clothing,North,11,47.2,519.2,4,2022,Wednesday,Q2
