data/sales_data.csv
Date,Product_Category,Region,Units_Sold,Unit_Price,Total_Sales,Month,Year,Day_of_Week,Quarter
2022-04-07,Clothing,North,12,36.46,437.56,4,2022,Thursday,Q2
2022-04-08,Clothing,North,14,26.14,365.96,4,2022,Friday,Q2
2022-04-09,Clothing,North,30,17.46,523.76,4,2022,Saturday,Q2
2022-04-10,Clothing,North,14,36.84,515.8,4,2022,Sunday,Q2
2022-04-11,Clothing,North,14,32.85,459.88,4,2022,Monday,Q2
2022-04-12,Clothing,North,14,37.26,521.6,4,2022,Tuesday,Q2
2022-04-13,Clothing,North,22,18.44,405.76,4,2022,Wednesday,Q2
2022-04-14,Clothing,North,10,44.73,447.29,4,2022,Thursday,Q2
2022-04-15,Clothing,North,10,44.68,446.81,4,2022,Friday,Q2
2022-04-16,Clothing,North,34,14.97,509.0,4,2022,Saturday,Q2
2022-04-17,Clothing,North,39,12.98,506.36,4,2022,Sunday,Q2
2022-04-18,Clothing,North,18,23.47,422.37,4,2022,Monday,Q2
2022-04-19,Clothing,North,20,24.84,496.72,4,2022,Tuesday,Q2
2022-04-20,Clothing,North,10,40.17,401.72,4,2022,Wednesday,Q2
2022-04-21,Clothing,North,15,29.62,444.29,4,2022,Thursday,Q2
2022-04-22,Clothing,North,36,11.91,428.66,4,2022,Friday,Q2
2022-04-23,Clothing,North,9,51.77,465.94,4,2022,Saturday,Q2
2022-04-24,Clothing,North,20,23.44,468.74,4,2022,Sunday,Q2
2022-04-25,Clothing,North,13,35.83,465.83,4,2022,Monday,Q2
2022-04-26,Clothing,North,11,43.58,479.38,4,2022,Tuesday,Q2
2022-04-27,Clothing,North,13,32.25,419.25,4,2022,Wednesday,Q2
2022-04-28,Clothing,North,16,29.36,469.82,4,2022,Thursday,Q2
2022-04-29,Clothing,North,16,21.8,348.88,4,2022,Friday,Q2
2022-04-30,Clothing,North,18,31.89,574.02,4,2022,Saturday,Q2
2022-05-01,Clothing,North,14,37.53,525.48,5,2022,Sunday,Q2
2022-05-02,Clothing,North,16,25.39,406.3,5,2022,Monday,Q2
2022-05-03,Clothing,North,16,30.79,492.7,5,2022,Tuesday,Q2
2022-05-04,Clothing,North,12,36.47,437.65,5,2022,Wednesday,Q2
2022-05-05,Clothing,North,34,12.93,439.45,5,2022,Thursday,Q2
2022-05-06,Clothing,North,43,10.81,464.69,5,2022,Friday,Q2
2022-05-07,Clothing,North,10,50.78,507.76,5,2022,Saturday,Q2
2022-05-08,Clothing,North,12,41.83,501.98,5,2022,Sunday,Q2
2022-05-09,Clothing,North,12,36.51,438.14,5,2022,Monday,Q2
2022-05-10,Clothing,North,31,13.14,407.31,5,2022,Tuesday,Q2
2022-05-11,Clothing,North,29,16.07,465.99,5,2022,Wednesday,Q2
2022-05-12,Clothing,North,8,51.71,413.67,5,2022,Thursday,Q2
2022-05-13,Clothing,North,14,28.26,395.62,5,2022,Friday,Q2
2022-05-14,Clothing,North,14,37.11,519.52,5,2022,Saturday,Q2
2022-05-15,Clothing,North,13,36.93,480.09,5,2022,Sunday,Q2
2022-05-16,Clothing,North,24,17.12,410.96,5,2022,Monday,Q2
2022-05-17,Clothing,North,12,36.7,440.34,5,2022,Tuesday,Q2
2022-05-18,Clothing,North,19,20.87,396.57,5,2022,Wednesday,Q2
2022-05-19,Clothing,North,14,26.93,377.09,5,2022,Thursday,Q2
2022-05-20,Clothing,North,12,36.67,440.06,5,2022,Friday,Q2
2022-05-21,Clothing,North,11,42.33,465.6,5,2022,Saturday,Q2
2022-05-22,Clothing,North,14,36.1,505.34,5,2022,Sunday,Q2
2022-05-23,Clothing,North,14,33.35,466.97,5,2022,Monday,Q2
2022-05-24,Clothing,North,10,41.77,417.73,5,2022,Tuesday,Q2
2022-05-25,Clothing,North,13,31.5,409.45,5,2022,Wednesday,Q2
2022-05-26,Clothing,North,8,46.83,374.65,5,2022,Thursday,Q2
2022-05-27,Clothing,North,10,35.43,354.32,5,2022,Friday,Q2
2022-05-28,Clothing,North,24,20.09,482.1,5,2022,Saturday,Q2
2022-05-29,Clothing,North,22,20.01,440.21,5,2022,Sunday,Q2
2022-05-30,Clothing,North,11,33.54,368.9,5,2022,Monday,Q2
2022-05-31,Clothing,North,14,29.82,417.44,5,2022,Tuesday,Q2
2022-06-01,Clothing,North,9,43.08,387.76,6,2022,Wednesday,Q2
2022-06-02,Clothing,North,25,16.84,421.07,6,2022,Thursday,Q2
2022-06-03,Clothing,North,8,50.76,406.1,6,2022,Friday,Q2
2022-06-04,Clothing,North,16,27.33,437.23,6,2022,Saturday,Q2
2022-06-05,Clothing,North,37,12.61,466.75,6,2022,Sunday,Q2
2022-06-06,Clothing,North,8,51.38,411.02,6,2022,Monday,Q2
2022-06-07,Clothing,North,9,41.13,370.2,6,2022,Tuesday,Q2
2022-06-08,Clothing,North,9,40.06,360.52,6,2022,Wednesday,Q2
2022-06-09,Clothing,North,7,50.63,354.41,6,2022,Thursday,Q2
2022-06-10,Clothing,North,11,31.18,343.02,6,2022,Friday,Q2
2022-06-11,Clothing,North,20,22.13,442.5,6,2022,Saturday,Q2
2022-06-12,Clothing,North,29,14.69,426.0,6,2022,Sunday,Q2
2022-06-13,Clothing,North,7,52.69,368.84,6,2022,Monday,Q2
2022-06-14,Clothing,North,6,52.54,315.21,6,2022,Tuesday,Q2
2022-06-15,Clothing,North,20,14.18,283.58,6,2022,Wednesday,Q2
2022-06-16,Clothing,North,7,43.7,305.88,6,2022,Thursday,Q2
2022-06-17,Clothing,North,17,22.4,380.83,6,2022,Friday,Q2
2022-06-18,Clothing,North,11,42.18,463.99,6,2022,Saturday,Q2
2022-06-19,Clothing,North,17,22.77,387.06,6,2022,Sunday,Q2
2022-06-20,Clothing,North,9,40.29,362.61,6,2022,Monday,Q2
2022-06-21,Clothing,North,16,24.17,386.73,6,2022,Tuesday,Q2
2022-06-22,Clothing,North,15,23.27,349.05,6,2022,Wednesday,Q2
2022-06-23,Clothing,North,10,33.24,332.43,6,2022,Thursday,Q2
2022-06-24,Clothing,North,10,35.69,356.94,6,2022,Friday,Q2
2022-06-25,Clothing,North,17,23.01,391.2,6,2022,Saturday,Q2
2022-06-26,Clothing,North,17,20.71,352.15,6,2022,Sunday,Q2
2022-06-27,Clothing,North,6,47.36,284.18,6,2022,Monday,Q2
2022-06-28,Clothing,North,13,29.82,387.67,6,2022,Tuesday,Q2
2022-06-29,Clothing,North,9,28.12,253.09,6,2022,Wednesday,Q2
2022-06-30,Clothing,North,5,50.92,254.62,6,2022,Thursday,Q2
2022-07-01,Clothing,North,7,41.97,293.82,7,2022,Friday,Q3
2022-07-02,Clothing,North,7,53.77,376.39,7,2022,Saturday,Q3
2022-07-03,Clothing,North,37,11.22,415.2,7,2022,Sunday,Q3
2022-07-04,Clothing,North,9,35.57,320.11,7,2022,Monday,Q3
2022-07-05,Clothing,North,17,18.05,306.77,7,2022,Tuesday,Q3
2022-07-06,Clothing,North,6,49.32,295.9,7,2022,Wednesday,Q3
2022-07-07,Clothing,North,15,18.16,272.36,7,2022,Thursday,Q3
2022-07-08,Clothing,North,22,13.83,304.22,7,2022,Friday,Q3
2022-07-09,Clothing,North,14,28.99,405.87,7,2022,Saturday,Q3
2022-07-10,Clothing,North,12,26.36,316.31,7,2022,Sunday,Q3
2022-07-11,Clothing,North,11,28.3,311.29,7,2022,Monday,Q3
2022-07-12,Clothing,North,19,11.77,223.7,7,2022,Tuesday,Q3
2022-07-13,Clothing,North,12,20.54,246.54,7,2022,Wednesday,Q3
2022-07-14,Clothing,North,19,16.21,308.0,7,2022,Thursday,Q3
2022-07-15,Clothing,North,18,15.32,275.84,7,2022,Friday,Q3
2022-07-16,Clothing,North,19,20.33,386.25,7,2022,Saturday,Q3
2022-07-17,Clothing,North,15,22.09,331.37,7,2022,Sunday,Q3
2022-07-18,Clothing,North,13,17.46,226.94,7,2022,Monday,Q3
2022-07-19,Clothing,North,9,28.21,253.91,7,2022,Tuesday,Q3
2022-07-20,Clothing,North,12,22.18,266.11,7,2022,Wednesday,Q3
2022-07-21,Clothing,North,8,30.6,244.8,7,2022,Thursday,Q3
2022-07-22,Clothing,North,19,15.47,293.87,7,2022,Friday,Q3
2022-07-23,Clothing,North,13,24.47,318.15,7,2022,Saturday,Q3
2022-07-24,Clothing,North,7,50.73,355.12,7,2022,Sunday,Q3
2022-07-25,Clothing,North,9,31.5,283.47,7,2022,Monday,Q3
2022-07-26,Clothing,North,7,37.59,263.14,7,2022,Tuesday,Q3
2022-07-27,Clothing,North,9,24.87,223.81,7,2022,Wednesday,Q3
2022-07-28,Clothing,North,6,42.63,255.76,7,2022,Thursday,Q3
2022-07-29,Clothing,North,7,32.65,228.53,7,2022,Friday,Q3
2022-07-30,Clothing,North,7,45.28,316.97,7,2022,Saturday,Q3
2022-07-31,Clothing,North,9,32.62,293.6,7,2022,Sunday,Q3
2022-08-01,Clothing,North,7,37.04,259.26,8,2022,Monday,Q3
2022-08-02,Clothing,North,20,10.82,216.38,8,2022,Tuesday,Q3
2022-08-03,Clothing,North,7,33.71,235.97,8,2022,Wednesday,Q3
2022-08-04,Clothing,North,8,28.38,227.06,8,2022,Thursday,Q3
2022-08-05,Clothing,North,8,29.89,239.15,8,2022,Friday,Q3
2022-08-06,Clothing,North,9,33.29,299.62,8,2022,Saturday,Q3
2022-08-07,Clothing,North,9,38.02,342.16,8,2022,Sunday,Q3
2022-08-08,Clothing,North,10,22.5,225.04,8,2022,Monday,Q3
2022-08-09,Clothing,North,16,14.99,239.81,8,2022,Tuesday,Q3
2022-08-10,Clothing,North,7,43.07,301.46,8,2022,Wednesday,Q3
2022-08-11,Clothing,North,4,56.21,224.84,8,2022,Thursday,Q3
2022-08-12,Clothing,North,7,21.96,153.71,8,2022,Friday,Q3
2022-08-13,Clothing,North,5,58.68,293.39,8,2022,Saturday,Q3
2022-08-14,Clothing,North,7,46.78,327.47,8,2022,Sunday,Q3
2022-08-15,Clothing,North,5,40.25,201.24,8,2022,Monday,Q3
2022-08-16,Clothing,North,4,50.76,203.03,8,2022,Tuesday,Q3
2022-08-17,Clothing,North,6,29.14,174.85,8,2022,Wednesday,Q3
2022-08-18,Clothing,North,12,17.49,209.93,8,2022,Thursday,Q3
2022-08-19,Clothing,North,5,43.41,217.04,8,2022,Friday,Q3
2022-08-20,Clothing,North,5,53.13,265.67,8,2022,Saturday,Q3
2022-08-21,Clothing,North,9,30.15,271.34,8,2022,Sunday,Q3
2022-08-22,Clothing,North,7,27.11,189.8,8,2022,Monday,Q3
2022-08-23,Clothing,North,10,22.48,224.79,8,2022,Tuesday,Q3
2022-08-24,Clothing,North,7,26.68,186.79,8,2022,Wednesday,Q3
2022-08-25,Clothing,North,15,10.61,159.09,8,2022,Thursday,Q3
2022-08-26,Clothing,North,5,33.15,165.77,8,2022,Friday,Q3
2022-08-27,Clothing,North,20,16.37,327.46,8,2022,Saturday,Q3
2022-08-28,Clothing,North,15,17.3,259.55,8,2022,Sunday,Q3
2022-08-29,Clothing,North,5,42.7,213.5,8,2022,Monday,Q3
2022-08-30,Clothing,North,6,27.15,162.91,8,2022,Tuesday,Q3
2022-08-31,Clothing,North,4,53.32,213.29,8,2022,Wednesday,Q3
2022-09-01,Clothing,North,6,41.76,250.57,9,2022,Thursday,Q3
2022-09-02,Clothing,North,4,44.27,177.08,9,2022,Friday,Q3
2022-09-03,Clothing,North,10,27.14,271.44,9,2022,Saturday,Q3
2022-09-04,Clothing,North,7,36.57,255.99,9,2022,Sunday,Q3
2022-09-05,Clothing,North,10,21.45,214.53,9,2022,Monday,Q3
2022-09-06,Clothing,North,4,54.6,218.41,9,2022,Tuesday,Q3
2022-09-07,Clothing,North,9,18.5,166.54,9,2022,Wednesday,Q3
2022-09-08,Clothing,North,3,55.72,167.17,9,2022,Thursday,Q3
2022-09-09,Clothing,North,3,55.66,166.97,9,2022,Friday,Q3
2022-09-10,Clothing,North,12,20.44,245.31,9,2022,Saturday,Q3
2022-09-11,Clothing,North,6,42.82,256.89,9,2022,Sunday,Q3
2022-09-12,Clothing,North,4,41.23,164.94,9,2022,Monday,Q3
2022-09-13,Clothing,North,4,51.55,206.19,9,2022,Tuesday,Q3
2022-09-14,Clothing,North,4,46.53,186.12,9,2022,Wednesday,Q3
2022-09-15,Clothing,North,2,65.35,130.71,9,2022,Thursday,Q3
2022-09-16,Clothing,North,10,21.76,217.64,9,2022,Friday,Q3
2022-09-17,Clothing,North,19,12.92,245.55,9,2022,Saturday,Q3
2022-09-18,Clothing,North,9,24.29,218.6,9,2022,Sunday,Q3
2022-09-19,Clothing,North,3,56.67,170.01,9,2022,Monday,Q3
2022-09-20,Clothing,North,5,41.48,207.4,9,2022,Tuesday,Q3
2022-09-21,Clothing,North,7,17.15,120.08,9,2022,Wednesday,Q3
2022-09-22,Clothing,North,3,39.09,117.28,9,2022,Thursday,Q3
2022-09-23,Clothing,North,6,31.56,189.39,9,2022,Friday,Q3
2022-09-24,Clothing,North,6,31.43,188.56,9,2022,Saturday,Q3
2022-09-25,Clothing,North,15,18.23,273.46,9,2022,Sunday,Q3
2022-09-26,Clothing,North,4,36.27,145.07,9,2022,Monday,Q3
2022-09-27,Clothing,North,4,29.45,117.78,9,2022,Tuesday,Q3
2022-09-28,Clothing,North,13,13.43,174.54,9,2022,Wednesday,Q3
2022-09-29,Clothing,North,7,25.18,176.23,9,2022,Thursday,Q3
2022-09-30,Clothing,North,3,52.23,156.69,9,2022,Friday,Q3
2022-10-01,Clothing,North,16,30.11,481.74,10,2022,Saturday,Q4
2022-10-02,Clothing,North,11,29.64,326.06,10,2022,Sunday,Q4
2022-10-03,Clothing,North,7,55.51,388.54,10,2022,Monday,Q4
2022-10-04,Clothing,North,8,41.76,334.07,10,2022,Tuesday,Q4
2022-10-05,Clothing,North,13,28.76,373.82,10,2022,Wednesday,Q4
2022-10-06,Clothing,North,9,38.11,342.98,10,2022,Thursday,Q4
2022-10-07,Clothing,North,10,35.89,358.88,10,2022,Friday,Q4
2022-10-08,Clothing,North,20,21.7,434.02,10,2022,Saturday,Q4
2022-10-09,Clothing,North,9,50.33,452.93,10,2022,Sunday,Q4
2022-10-10,Clothing,North,13,30.2,392.56,10,2022,Monday,Q4
2022-10-11,Clothing,North,11,32.23,354.48,10,2022,Tuesday,Q4
2022-10-12,Clothing,North,15,22.08,331.2,10,2022,Wednesday,Q4
2022-10-13,Clothing,North,7,49.68,347.74,10,2022,Thursday,Q4
2022-10-14,Clothing,North,8,46.06,368.49,10,2022,Friday,Q4
2022-10-15,Clothing,North,14,35.54,497.5,10,2022,Saturday,Q4
2022-10-16,Clothing,North,17,26.69,453.66,10,2022,Sunday,Q4
2022-10-17,Clothing,North,8,44.16,353.28,10,2022,Monday,Q4
2022-10-18,Clothing,North,8,49.31,394.5,10,2022,Tuesday,Q4
2022-10-19,Clothing,North,14,25.85,361.84,10,2022,Wednesday,Q4
2022-10-20,Clothing,North,19,18.11,344.13,10,2022,Thursday,Q4
2022-10-21,Clothing,North,18,18.65,335.67,10,2022,Friday,Q4
2022-10-22,Clothing,North,8,52.75,421.99,10,2022,Saturday,Q4
2022-10-23,Clothing,North,11,45.62,501.84,10,2022,Sunday,Q4
2022-10-24,Clothing,North,31,13.4,415.33,10,2022,Monday,Q4
2022-10-25,Clothing,North,8,49.09,392.72,10,2022,Tuesday,Q4
2022-10-26,Clothing,North,19,20.43,388.16,10,2022,Wednesday,Q4
2022-10-27,Clothing,North,13,29.38,381.98,10,2022,Thursday,Q4
2022-10-28,Clothing,North,30,12.74,382.17,10,2022,Friday,Q4
2022-10-29,Clothing,North,21,23.41,491.6,10,2022,Saturday,Q4
2022-10-30,Clothing,North,19,25.02,475.41,10,2022,Sunday,Q4
2022-10-31,Clothing,North,13,29.61,384.91,10,2022,Monday,Q4
2022-11-01,Clothing,North,27,13.35,360.45,11,2022,Tuesday,Q4
2022-11-02,Clothing,North,10,36.26,362.64,11,2022,Wednesday,Q4
2022-11-03,Clothing,North,29,15.17,439.98,11,2022,Thursday,Q4
2022-11-04,Clothing,North,13,30.86,401.16,11,2022,Friday,Q4
2022-11-05,Clothing,North,14,32.45,454.34,11,2022,Saturday,Q4
2022-11-06,Clothing,North,11,44.06,484.67,11,2022,Sunday,Q4
2022-11-07,Clothing,North,9,37.96,341.63,11,2022,Monday,Q4
2022-11-08,Clothing,North,14,25.55,357.7,11,2022,Tuesday,Q4
2022-11-09,Clothing,North,15,24.65,369.77,11,2022,Wednesday,Q4
2022-11-10,Clothing,North,9,45.34,408.1,11,2022,Thursday,Q4
2022-11-11,Clothing,North,10,43.18,431.82,11,2022,Friday,Q4
2022-11-12,Clothing,North,12,43.55,522.62,11,2022,Saturday,Q4
2022-11-13,Clothing,North,11,46.07,506.74,11,2022,Sunday,Q4
2022-11-14,Clothing,North,22,18.18,399.89,11,2022,Monday,Q4
2022-11-15,Clothing,North,32,12.71,406.8,11,2022,Tuesday,Q4
2022-11-16,Clothing,North,17,24.6,418.17,11,2022,Wednesday,Q4
2022-11-17,Clothing,North,9,43.74,393.68,11,2022,Thursday,Q4
2022-11-18,Clothing,North,14,28.39,397.44,11,2022,Friday,Q4
2022-11-19,Clothing,North,9,53.12,478.04,11,2022,Saturday,Q4
2022-11-20,Clothing,North,10,47.43,474.26,11,2022,Sunday,Q4
2022-11-21,Clothing,North,12,32.11,385.34,11,2022,Monday,Q4
2022-11-22,Clothing,North,12,33.77,405.24,11,2022,Tuesday,Q4
2022-11-23,Clothing,North,15,31.32,469.85,11,2022,Wednesday,Q4
2022-11-24,Clothing,North,19,22.64,430.18,11,2022,Thursday,Q4
2022-11-25,Clothing,North,8,47.43,379.44,11,2022,Friday,Q4
2022-11-26,Clothing,North,46,10.32,474.68,11,2022,Saturday,Q4
2022-11-27,Clothing,North,31,15.18,470.7,11,2022,Sunday,Q4
2022-11-28,Clothing,North,10,42.73,427.32,11,2022,Monday,Q4
2022-11-29,Clothing,North,38,11.9,452.14,11,2022,Tuesday,Q4
2022-11-30,Clothing,North,9,47.82,430.4,11,2022,Wednesday,Q4
2022-01-01,Clothing,South,8,50.7,405.61,1,2022,Saturday,Q1
2022-01-02,Clothing,South,21,18.59,390.35,1,2022,Sunday,Q1
2022-01-03,Clothing,South,13,27.29,354.78,1,2022,Monday,Q1
2022-01-04,Clothing,South,15,20.55,308.24,1,2022,Tuesday,Q1
2022-01-05,Clothing,South,8,34.52,276.17,1,2022,Wednesday,Q1
2022-01-06,Clothing,South,9,36.22,325.95,1,2022,Thursday,Q1
2022-01-07,Clothing,South,16,21.87,349.95,1,2022,Friday,Q1
2022-01-08,Clothing,South,8,49.69,397.5,1,2022,Saturday,Q1
2022-01-09,Clothing,South,11,37.95,417.41,1,2022,Sunday,Q1
2022-01-10,Clothing,South,7,50.08,350.55,1,2022,Monday,Q1
2022-01-11,Clothing,South,5,57.3,286.51,1,2022,Tuesday,Q1
2022-01-12,Clothing,South,24,13.15,315.54,1,2022,Wednesday,Q1
2022-01-13,Clothing,South,10,37.22,372.22,1,2022,Thursday,Q1
2022-01-14,Clothing,South,21,17.39,365.11,1,2022,Friday,Q1
2022-01-15,Clothing,South,16,23.52,376.34,1,2022,Saturday,Q1
2022-01-16,Clothing,South,12,37.02,444.21,1,2022,Sunday,Q1
2022-01-17,Clothing,South,7,48.49,339.4,1,2022,Monday,Q1
2022-01-18,Clothing,South,7,47.47,332.26,1,2022,Tuesday,Q1
2022-01-19,Clothing,South,7,49.33,345.32,1,2022,Wednesday,Q1
2022-01-20,Clothing,South,19,18.28,347.25,1,2022,Thursday,Q1
2022-01-21,Clothing,South,25,13.79,344.77,1,2022,Friday,Q1
2022-01-22,Clothing,South,12,33.93,407.16,1,2022,Saturday,Q1
2022-01-23,Clothing,South,17,28.95,492.07,1,2022,Sunday,Q1
2022-01-24,Clothing,South,9,39.12,352.1,1,2022,Monday,Q1
2022-01-25,Clothing,South,12,29.78,357.36,1,2022,Tuesday,Q1
2022-01-26,Clothing,South,16,21.39,342.22,1,2022,Wednesday,Q1
2022-01-27,Clothing,South,18,20.55,369.93,1,2022,Thursday,Q1
2022-01-28,Clothing,South,24,16.54,397.06,1,2022,Friday,Q1
2022-01-29,Clothing,South,30,13.22,396.52,1,2022,Saturday,Q1
2022-01-30,Clothing,South,9,48.46,436.11,1,2022,Sunday,Q1
2022-01-31,Clothing,South,10,40.92,409.21,1,2022,Monday,Q1
2022-02-01,Clothing,South,7,48.8,341.57,2,2022,Tuesday,Q1
2022-02-02,Clothing,South,25,17.59,439.72,2,2022,Wednesday,Q1
2022-02-03,Clothing,South,12,29.93,359.11,2,2022,Thursday,Q1
2022-02-04,Clothing,South,10,38.0,379.97,2,2022,Friday,Q1
2022-02-05,Clothing,South,14,33.18,464.46,2,2022,Saturday,Q1
2022-02-06,Clothing,South,15,28.57,428.6,2,2022,Sunday,Q1
2022-02-07,Clothing,South,18,22.38,402.77,2,2022,Monday,Q1
2022-02-08,Clothing,South,19,20.27,385.09,2,2022,Tuesday,Q1
2022-02-09,Clothing,South,12,30.89,370.72,2,2022,Wednesday,Q1
2022-02-10,Clothing,South,38,11.08,420.86,2,2022,Thursday,Q1
2022-02-11,Clothing,South,14,29.27,409.77,2,2022,Friday,Q1
2022-02-12,Clothing,South,45,10.33,464.97,2,2022,Saturday,Q1
2022-02-13,Clothing,South,16,32.12,513.87,2,2022,Sunday,Q1
2022-02-14,Clothing,South,27,15.6,421.18,2,2022,Monday,Q1
2022-02-15,Clothing,South,11,34.97,384.69,2,2022,Tuesday,Q1
2022-02-16,Clothing,South,13,31.42,408.51,2,2022,Wednesday,Q1
2022-02-17,Clothing,South,10,49.03,490.35,2,2022,Thursday,Q1
2022-02-18,Clothing,South,9,45.19,406.68,2,2022,Friday,Q1
2022-02-19,Clothing,South,24,22.03,528.78,2,2022,Saturday,Q1
2022-02-20,Clothing,South,19,28.37,539.12,2,2022,Sunday,Q1
2022-02-21,Clothing,South,16,26.44,423.05,2,2022,Monday,Q1
2022-02-22,Clothing,South,9,46.87,421.81,2,2022,Tuesday,Q1
2022-02-23,Clothing,South,26,15.79,410.53,2,2022,Wednesday,Q1
2022-02-24,Clothing,South,18,24.33,437.86,2,2022,Thursday,Q1
2022-02-25,Clothing,South,26,15.96,414.88,2,2022,Friday,Q1
2022-02-26,Clothing,South,11,48.49,533.35,2,2022,Saturday,Q1
2022-02-27,Clothing,South,17,29.6,503.13,2,2022,Sunday,Q1
2022-02-28,Clothing,South,28,14.44,404.36,2,2022,Monday,Q1
2022-03-01,Clothing,South,10,47.53,475.34,3,2022,Tuesday,Q1
2022-03-02,Clothing,South,9,50.52,454.66,3,2022,Wednesday,Q1
