data/sales_data.csv
Date,Product_Category,Region,Units_Sold,Unit_Price,Total_Sales,Month,Year,Day_of_Week,Quarter
2022-03-03,Clothing,South,12,39.05,468.64,3,2022,Thursday,Q1
2022-03-04,Clothing,South,23,18.08,415.85,3,2022,Friday,Q1
2022-03-05,Clothing,South,27,20.27,547.17,3,2022,Saturday,Q1
2022-03-06,Clothing,South,13,37.39,486.01,3,2022,Sunday,Q1
2022-03-07,Clothing,South,41,11.74,481.35,3,2022,Monday,Q1
2022-03-08,Clothing,South,10,42.97,429.71,3,2022,Tuesday,Q1
2022-03-09,Clothing,South,16,24.39,390.27,3,2022,Wednesday,Q1
2022-03-10,Clothing,South,9,51.94,467.42,3,2022,Thursday,Q1
2022-03-11,Clothing,South,10,45.14,451.43,3,2022,Friday,Q1
2022-03-12,Clothing,South,39,12.86,501.48,3,2022,Saturday,Q1
2022-03-13,Clothing,South,16,31.24,499.85,3,2022,Sunday,Q1
2022-03-14,Clothing,South,27,16.96,457.95,3,2022,Monday,Q1
2022-03-15,Clothing,South,10,44.52,445.18,3,2022,Tuesday,Q1
2022-03-16,Clothing,South,13,37.71,490.18,3,2022,Wednesday,Q1
2022-03-17,Clothing,South,12,35.01,420.16,3,2022,Thursday,Q1
2022-03-18,Clothing,South,42,11.65,489.18,3,2022,Friday,Q1
2022-03-19,Clothing,South,13,38.74,503.57,3,2022,Saturday,Q1
2022-03-20,Clothing,South,12,43.72,524.68,3,2022,Sunday,Q1
2022-03-21,Clothing,South,14,30.07,421.02,3,2022,Monday,Q1
2022-03-22,Clothing,South,11,36.92,406.17,3,2022,Tuesday,Q1
2022-03-23,Clothing,South,24,16.19,388.53,3,2022,Wednesday,Q1
2022-03-24,Clothing,South,19,26.74,508.05,3,2022,Thursday,Q1
2022-03-25,Clothing,South,8,52.32,418.55,3,2022,Friday,Q1
2022-03-26,Clothing,South,23,23.56,541.99,3,2022,Saturday,Q1
2022-03-27,Clothing,South,23,19.51,448.67,3,2022,Sunday,Q1
2022-03-28,Clothing,South,33,12.98,428.2,3,2022,Monday,Q1
2022-03-29,Clothing,South,19,24.56,466.7,3,2022,Tuesday,Q1
2022-03-30,Clothing,South,17,26.66,453.16,3,2022,Wednesday,Q1
2022-03-31,Clothing,South,24,18.41,441.94,3,2022,Thursday,Q1
2022-04-01,Clothing,South,21,20.68,434.19,4,2022,Friday,Q2
2022-04-02,Clothing,South,18,31.26,562.67,4,2022,Saturday,Q2
2022-04-03,Clothing,South,54,10.65,575.2,4,2022,Sunday,Q2
2022-04-04,Clothing,South,26,17.48,454.47,4,2022,Monday,Q2
2022-04-05,Clothing,South,10,50.21,502.11,4,2022,Tuesday,Q2
2022-04-06,Clothing,South,14,35.0,489.97,4,2022,Wednesday,Q2
2022-04-07,Clothing,South,9,49.96,449.66,4,2022,Thursday,Q2
2022-04-08,Clothing,South,11,46.86,515.43,4,2022,Friday,Q2
2022-04-09,Clothing,South,12,43.93,527.16,4,2022,Saturday,Q2
2022-04-10,Clothing,South,16,31.13,498.04,4,2022,Sunday,Q2
2022-04-11,Clothing,South,16,26.89,430.19,4,2022,Monday,Q2
2022-04-12,Clothing,South,10,40.81,408.11,4,2022,Tuesday,Q2
2022-04-13,Clothing,South,10,43.31,433.06,4,2022,Wednesday,Q2
2022-04-14,Clothing,South,30,15.39,461.71,4,2022,Thursday,Q2
2022-04-15,Clothing,South,17,27.07,460.25,4,2022,Friday,Q2
2022-04-16,Clothing,South,42,13.0,546.08,4,2022,Saturday,Q2
2022-04-17,Clothing,South,28,18.11,507.03,4,2022,Sunday,Q2
2022-04-18,Clothing,South,15,30.97,464.57,4,2022,Monday,Q2
2022-04-19,Clothing,South,11,43.03,473.3,4,2022,Tuesday,Q2
2022-04-20,Clothing,South,9,49.09,441.82,4,2022,Wednesday,Q2
2022-04-21,Clothing,South,10,46.34,463.36,4,2022,Thursday,Q2
2022-04-22,Clothing,South,18,23.76,427.74,4,2022,Friday,Q2
2022-04-23,Clothing,South,11,49.79,547.74,4,2022,Saturday,Q2
2022-04-24,Clothing,South,38,14.42,547.8,4,2022,Sunday,Q2
2022-04-25,Clothing,South,29,15.58,451.72,4,2022,Monday,Q2
2022-04-26,Clothing,South,8,51.42,411.38,4,2022,Tuesday,Q2
2022-04-27,Clothing,South,47,10.45,490.99,4,2022,Wednesday,Q2
2022-04-28,Clothing,South,21,19.95,418.87,4,2022,Thursday,Q2
2022-04-29,Clothing,South,9,50.69,456.24,4,2022,Friday,Q2
2022-04-30,Clothing,South,10,53.05,530.54,4,2022,Saturday,Q2
2022-05-01,Clothing,South,21,21.76,456.89,5,2022,Sunday,Q2
2022-05-02,Clothing,South,17,26.86,456.62,5,2022,Monday,Q2
2022-05-03,Clothing,South,38,12.24,465.0,5,2022,Tuesday,Q2
2022-05-04,Clothing,South,33,13.28,438.22,5,2022,Wednesday,Q2
2022-05-05,Clothing,South,7,53.3,373.1,5,2022,Thursday,Q2
2022-05-06,Clothing,South,36,12.2,439.1,5,2022,Friday,Q2
2022-05-07,Clothing,South,24,19.21,460.94,5,2022,Saturday,Q2
2022-05-08,Clothing,South,30,16.0,479.94,5,2022,Sunday,Q2
2022-05-09,Clothing,South,10,41.89,418.9,5,2022,Monday,Q2
2022-05-10,Clothing,South,36,12.48,449.25,5,2022,Tuesday,Q2
2022-05-11,Clothing,South,39,10.45,407.36,5,2022,Wednesday,Q2
2022-05-12,Clothing,South,14,31.42,439.93,5,2022,Thursday,Q2
2022-05-13,Clothing,South,20,19.55,391.0,5,2022,Friday,Q2
2022-05-14,Clothing,South,11,45.56,501.19,5,2022,Saturday,Q2
2022-05-15,Clothing,South,20,25.25,504.98,5,2022,Sunday,Q2
2022-05-16,Clothing,South,14,30.17,422.33,5,2022,Monday,Q2
2022-05-17,Clothing,South,7,54.45,381.12,5,2022,Tuesday,Q2
2022-05-18,Clothing,South,15,25.74,386.06,5,2022,Wednesday,Q2
2022-05-19,Clothing,South,17,24.04,408.72,5,2022,Thursday,Q2
2022-05-20,Clothing,South,9,37.94,341.42,5,2022,Friday,Q2
2022-05-21,Clothing,South,21,22.77,478.2,5,2022,Saturday,Q2
2022-05-22,Clothing,South,10,44.51,445.13,5,2022,Sunday,Q2
2022-05-23,Clothing,South,9,42.31,380.81,5,2022,Monday,Q2
2022-05-24,Clothing,South,7,50.4,352.78,5,2022,Tuesday,Q2
2022-05-25,Clothing,South,27,14.94,403.49,5,2022,Wednesday,Q2
2022-05-26,Clothing,South,21,17.89,375.65,5,2022,Thursday,Q2
2022-05-27,Clothing,South,33,10.24,337.78,5,2022,Friday,Q2
2022-05-28,Clothing,South,42,11.58,486.42,5,2022,Saturday,Q2
2022-05-29,Clothing,South,16,28.31,453.03,5,2022,Sunday,Q2
2022-05-30,Clothing,South,10,41.44,414.37,5,2022,Monday,Q2
2022-05-31,Clothing,South,7,55.89,391.22,5,2022,Tuesday,Q2
2022-06-01,Clothing,South,18,23.2,417.6,6,2022,Wednesday,Q2
2022-06-02,Clothing,South,6,55.86,335.17,6,2022,Thursday,Q2
2022-06-03,Clothing,South,14,26.83,375.59,6,2022,Friday,Q2
2022-06-04,Clothing,South,29,15.44,447.76,6,2022,Saturday,Q2
2022-06-05,Clothing,South,15,27.7,415.56,6,2022,Sunday,Q2
2022-06-06,Clothing,South,9,41.98,377.86,6,2022,Monday,Q2
2022-06-07,Clothing,South,9,43.33,389.96,6,2022,Tuesday,Q2
2022-06-08,Clothing,South,8,49.51,396.05,6,2022,Wednesday,Q2
2022-06-09,Clothing,South,8,46.44,371.55,6,2022,Thursday,Q2
2022-06-10,Clothing,South,26,17.19,446.99,6,2022,Friday,Q2
2022-06-11,Clothing,South,34,12.02,408.81,6,2022,Saturday,Q2
2022-06-12,Clothing,South,14,31.68,443.58,6,2022,Sunday,Q2
2022-06-13,Clothing,South,16,26.13,418.06,6,2022,Monday,Q2
2022-06-14,Clothing,South,10,34.47,344.75,6,2022,Tuesday,Q2
2022-06-15,Clothing,South,14,23.91,334.74,6,2022,Wednesday,Q2
2022-06-16,Clothing,South,8,37.78,302.24,6,2022,Thursday,Q2
2022-06-17,Clothing,South,18,19.86,357.5,6,2022,Friday,Q2
2022-06-18,Clothing,South,11,38.79,426.72,6,2022,Saturday,Q2
2022-06-19,Clothing,South,23,17.46,401.55,6,2022,Sunday,Q2
2022-06-20,Clothing,South,9,40.28,362.52,6,2022,Monday,Q2
2022-06-21,Clothing,South,14,22.31,312.39,6,2022,Tuesday,Q2
2022-06-22,Clothing,South,8,38.9,311.22,6,2022,Wednesday,Q2
2022-06-23,Clothing,South,17,18.79,319.37,6,2022,Thursday,Q2
2022-06-24,Clothing,South,11,28.99,318.85,6,2022,Friday,Q2
2022-06-25,Clothing,South,14,26.17,366.36,6,2022,Saturday,Q2
2022-06-26,Clothing,South,29,14.94,433.18,6,2022,Sunday,Q2
2022-06-27,Clothing,South,7,46.02,322.16,6,2022,Monday,Q2
2022-06-28,Clothing,South,6,50.34,302.06,6,2022,Tuesday,Q2
2022-06-29,Clothing,South,9,34.26,308.35,6,2022,Wednesday,Q2
2022-06-30,Clothing,South,8,39.09,312.76,6,2022,Thursday,Q2
2022-07-01,Clothing,South,12,27.14,325.63,7,2022,Friday,Q3
2022-07-02,Clothing,South,13,26.9,349.72,7,2022,Saturday,Q3
2022-07-03,Clothing,South,15,28.05,420.73,7,2022,Sunday,Q3
2022-07-04,Clothing,South,8,39.57,316.55,7,2022,Monday,Q3
2022-07-05,Clothing,South,11,30.81,338.88,7,2022,Tuesday,Q3
2022-07-06,Clothing,South,10,24.66,246.64,7,2022,Wednesday,Q3
2022-07-07,Clothing,South,8,35.42,283.36,7,2022,Thursday,Q3
2022-07-08,Clothing,South,8,39.22,313.73,7,2022,Friday,Q3
2022-07-09,Clothing,South,13,28.13,365.73,7,2022,Saturday,Q3
2022-07-10,Clothing,South,13,27.37,355.84,7,2022,Sunday,Q3
2022-07-11,Clothing,South,6,49.14,294.85,7,2022,Monday,Q3
2022-07-12,Clothing,South,7,34.03,238.2,7,2022,Tuesday,Q3
2022-07-13,Clothing,South,8,32.19,257.5,7,2022,Wednesday,Q3
2022-07-14,Clothing,South,27,14.21,383.54,7,2022,Thursday,Q3
2022-07-15,Clothing,South,8,30.16,241.27,7,2022,Friday,Q3
2022-07-16,Clothing,South,7,51.39,359.71,7,2022,Saturday,Q3
2022-07-17,Clothing,South,7,48.77,341.36,7,2022,Sunday,Q3
2022-07-18,Clothing,South,6,41.98,251.91,7,2022,Monday,Q3
2022-07-19,Clothing,South,8,32.41,259.27,7,2022,Tuesday,Q3
2022-07-20,Clothing,South,5,50.82,254.1,7,2022,Wednesday,Q3
2022-07-21,Clothing,South,10,30.12,301.23,7,2022,Thursday,Q3
2022-07-22,Clothing,South,10,22.93,229.31,7,2022,Friday,Q3
2022-07-23,Clothing,South,14,27.32,382.55,7,2022,Saturday,Q3
2022-07-24,Clothing,South,14,27.72,388.14,7,2022,Sunday,Q3
2022-07-25,Clothing,South,6,47.1,282.63,7,2022,Monday,Q3
2022-07-26,Clothing,South,6,45.02,270.12,7,2022,Tuesday,Q3
2022-07-27,Clothing,South,6,44.42,266.51,7,2022,Wednesday,Q3
2022-07-28,Clothing,South,16,17.83,285.29,7,2022,Thursday,Q3
2022-07-29,Clothing,South,19,13.2,250.88,7,2022,Friday,Q3
2022-07-30,Clothing,South,7,53.11,371.74,7,2022,Saturday,Q3
2022-07-31,Clothing,South,9,33.63,302.64,7,2022,Sunday,Q3
2022-08-01,Clothing,South,6,45.98,275.89,8,2022,Monday,Q3
2022-08-02,Clothing,South,4,47.59,190.37,8,2022,Tuesday,Q3
2022-08-03,Clothing,South,15,18.4,275.94,8,2022,Wednesday,Q3
2022-08-04,Clothing,South,5,48.69,243.45,8,2022,Thursday,Q3
2022-08-05,Clothing,South,5,41.79,208.95,8,2022,Friday,Q3
2022-08-06,Clothing,South,6,57.99,347.93,8,2022,Saturday,Q3
2022-08-07,Clothing,South,18,18.01,324.13,8,2022,Sunday,Q3
2022-08-08,Clothing,South,9,18.41,165.7,8,2022,Monday,Q3
2022-08-09,Clothing,South,11,19.67,216.37,8,2022,Tuesday,Q3
2022-08-10,Clothing,South,14,14.72,206.11,8,2022,Wednesday,Q3
2022-08-11,Clothing,South,9,25.75,231.74,8,2022,Thursday,Q3
2022-08-12,Clothing,South,19,11.66,221.52,8,2022,Friday,Q3
2022-08-13,Clothing,South,12,25.05,300.62,8,2022,Saturday,Q3
2022-08-14,Clothing,South,9,34.03,306.25,8,2022,Sunday,Q3
2022-08-15,Clothing,South,9,22.42,201.81,8,2022,Monday,Q3
2022-08-16,Clothing,South,7,34.23,239.6,8,2022,Tuesday,Q3
2022-08-17,Clothing,South,5,29.16,145.79,8,2022,Wednesday,Q3
2022-08-18,Clothing,South,4,46.31,185.25,8,2022,Thursday,Q3
2022-08-19,Clothing,South,5,43.86,219.28,8,2022,Friday,Q3
2022-08-20,Clothing,South,14,24.59,344.22,8,2022,Saturday,Q3
2022-08-21,Clothing,South,11,24.95,274.43,8,2022,Sunday,Q3
2022-08-22,Clothing,South,5,45.28,226.4,8,2022,Monday,Q3
2022-08-23,Clothing,South,8,25.69,205.5,8,2022,Tuesday,Q3
2022-08-24,Clothing,South,8,23.27,186.15,8,2022,Wednesday,Q3
2022-08-25,Clothing,South,10,19.87,198.65,8,2022,Thursday,Q3
2022-08-26,Clothing,South,9,22.15,199.34,8,2022,Friday,Q3
2022-08-27,Clothing,South,8,36.33,290.66,8,2022,Saturday,Q3
2022-08-28,Clothing,South,11,24.78,272.62,8,2022,Sunday,Q3
2022-08-29,Clothing,South,6,31.78,190.65,8,2022,Monday,Q3
2022-08-30,Clothing,South,5,35.52,177.62,8,2022,Tuesday,Q3
2022-08-31,Clothing,South,7,26.99,188.96,8,2022,Wednesday,Q3
2022-09-01,Clothing,South,4,34.85,139.41,9,2022,Thursday,Q3
2022-09-02,Clothing,South,13,11.14,144.78,9,2022,Friday,Q3
2022-09-03,Clothing,South,21,12.0,252.05,9,2022,Saturday,Q3
2022-09-04,Clothing,South,5,48.85,244.27,9,2022,Sunday,Q3
2022-09-05,Clothing,South,9,23.61,212.48,9,2022,Monday,Q3
2022-09-06,Clothing,South,4,48.39,193.57,9,2022,Tuesday,Q3
2022-09-07,Clothing,South,3,46.03,138.08,9,2022,Wednesday,Q3
2022-09-08,Clothing,South,7,26.05,182.32,9,2022,Thursday,Q3
2022-09-09,Clothing,South,4,44.62,178.49,9,2022,Friday,Q3
2022-09-10,Clothing,South,16,18.88,302.07,9,2022,Saturday,Q3
2022-09-11,Clothing,South,14,21.39,299.48,9,2022,Sunday,Q3
2022-09-12,Clothing,South,7,23.86,167.0,9,2022,Monday,Q3
2022-09-13,Clothing,South,10,17.44,174.36,9,2022,Tuesday,Q3
2022-09-14,Clothing,South,3,48.19,144.56,9,2022,Wednesday,Q3
2022-09-15,Clothing,South,3,46.12,138.36,9,2022,Thursday,Q3
2022-09-16,Clothing,South,10,15.34,153.43,9,2022,Friday,Q3
2022-09-17,Clothing,South,6,44.46,266.74,9,2022,Saturday,Q3
2022-09-18,Clothing,South,9,29.64,266.8,9,2022,Sunday,Q3
2022-09-19,Clothing,South,3,44.74,134.22,9,2022,Monday,Q3
2022-09-20,Clothing,South,3,53.1,159.29,9,2022,Tuesday,Q3
2022-09-21,Clothing,South,16,10.24,163.76,9,2022,Wednesday,Q3
2022-09-22,Clothing,South,4,39.67,158.68,9,2022,Thursday,Q3
2022-09-23,Clothing,South,7,23.07,161.46,9,2022,Friday,Q3
2022-09-24,Clothing,South,9,25.45,229.08,9,2022,Saturday,Q3
2022-09-25,Clothing,South,7,33.8,236.59,9,2022,Sunday,Q3
2022-09-26,Clothing,South,2,51.15,102.3,9,2022,Monday,Q3
2022-09-27,Clothing,South,4,42.96,171.84,9,2022,Tuesday,Q3
2022-09-28,Clothing,South,14,10.6,148.37,9,2022,Wednesday,Q3
2022-09-29,Clothing,South,6,33.79,202.77,9,2022,Thursday,Q3
2022-09-30,Clothing,South,4,34.93,139.7,9,2022,Friday,Q3
2022-10-01,Clothing,South,9,45.14,406.3,10,2022,Saturday,Q4
2022-10-02,Clothing,South,24,18.84,452.25,10,2022,Sunday,Q4
2022-10-03,Clothing,South,27,12.02,324.52,10,2022,Monday,Q4
2022-10-04,Clothing,South,13,25.18,327.36,10,2022,Tuesday,Q4
2022-10-05,Clothing,South,10,36.36,363.62,10,2022,Wednesday,Q4
2022-10-06,Clothing,South,8,48.55,388.39,10,2022,Thursday,Q4
2022-10-07,Clothing,South,8,50.48,403.84,10,2022,Friday,Q4
2022-10-08,Clothing,South,20,19.59,391.89,10,2022,Saturday,Q4
2022-10-09,Clothing,South,28,15.64,437.9,10,2022,Sunday,Q4
2022-10-10,Clothing,South,24,17.48,419.45,10,2022,Monday,Q4
2022-10-11,Clothing,South,8,43.62,348.98,10,2022,Tuesday,Q4
2022-10-12,Clothing,South,8,39.0,312.01,10,2022,Wednesday,Q4
2022-10-13,Clothing,South,13,27.81,361.56,10,2022,Thursday,Q4
2022-10-14,Clothing,South,18,19.31,347.52,10,2022,Friday,Q4
2022-10-15,Clothing,South,22,19.69,433.25,10,2022,Saturday,Q4
2022-10-16,Clothing,South,9,53.91,485.23,10,2022,Sunday,Q4
2022-10-17,Clothing,South,18,21.92,394.61,10,2022,Monday,Q4
2022-10-18,Clothing,South,21,17.36,364.6,10,2022,Tuesday,Q4
2022-10-19,Clothing,South,20,18.39,367.83,10,2022,Wednesday,Q4
2022-10-20,Clothing,South,8,48.5,387.97,10,2022,Thursday,Q4
2022-10-21,Clothing,South,16,21.5,343.98,10,2022,Friday,Q4
2022-10-22,Clothing,South,11,39.46,434.1,10,2022,Saturday,Q4
2022-10-23,Clothing,South,19,23.15,439.82,10,2022,Sunday,Q4
2022-10-24,Clothing,South,24,16.51,396.35,10,2022,Monday,Q4
2022-10-25,Clothing,South,9,44.92,404.26,10,2022,Tuesday,Q4
2022-10-26,Clothing,South,14,24.67,345.39,10,2022,Wednesday,Q4
2022-10-27,Clothing,South,7,51.71,361.98,10,2022,Thursday,Q4
2022-10-28,Clothing,South,14,25.31,354.39,10,2022,Friday,Q4
2022-10-29,Clothing,South,30,15.56,466.74,10,2022,Saturday,Q4
2022-10-30,Clothing,South,18,25.89,465.96,10,2022,Sunday,Q4
2022-10-31,Clothing,South,30,14.54,436.19,10,2022,Monday,Q4
2022-11-01,Clothing,South,19,21.43,407.17,11,2022,Tuesday,Q4
2022-11-02,Clothing,South,8,45.3,362.44,11,2022,Wednesday,Q4
2022-11-03,Clothing,South,12,31.78,381.42,11,2022,Thursday,Q4
2022-11-04,Clothing,South,13,30.36,394.68,11,2022,Friday,Q4
2022-11-05,Clothing,South,26,17.67,459.5,11,2022,Saturday,Q4
2022-11-06,Clothing,South,27,17.82,481.07,11,2022,Sunday,Q4
2022-11-07,Clothing,South,40,10.64,425.51,11,2022,Monday,Q4
2022-11-08,Clothing,South,8,50.31,402.49,11,2022,Tuesday,Q4
2022-11-09,Clothing,South,28,12.97,363.1,11,2022,Wednesday,Q4
2022-11-10,Clothing,South,40,10.71,428.24,11,2022,Thursday,Q4
2022-11-11,Clothing,South,9,44.39,399.51,11,2022,Friday,Q4
2022-11-12,Clothing,South,10,48.13,481.32,11,2022,Saturday,Q4
2022-11-13,Clothing,South,49,10.38,508.76,11,2022,Sunday,Q4
2022-11-14,Clothing,South,15,24.89,373.41,11,2022,Monday,Q4
2022-11-15,Clothing,South,9,43.74,393.69,11,2022,Tuesday,Q4
2022-11-16,Clothing,South,15,26.89,403.39,11,2022,Wednesday,Q4
2022-11-17,Clothing,South,7,50.31,352.14,11,2022,Thursday,Q4
2022-11-18,Clothing,South,16,24.33,389.22,11,2022,Friday,Q4
2022-11-19,Clothing,South,30,17.77,533.08,11,2022,Saturday,Q4
2022-11-20,Clothing,South,12,42.41,508.94,11,2022,Sunday,Q4
2022-11-21,Clothing,South,10,46.9,469.03,11,2022,Monday,Q4
2022-11-22,Clothing,South,18,23.3,419.33,11,2022,Tuesday,Q4
2022-11-23,Clothing,South,12,34.59,415.11,11,2022,Wednesday,Q4
2022-11-24,Clothing,South,9,44.95,404.53,11,2022,Thursday,Q4
2022-11-25,Clothing,South,12,39.65,475.77,11,2022,Friday,Q4
2022-11-26,Clothing,South,19,27.13,515.49,11,2022,Saturday,Q4
2022-11-27,Clothing,South,21,24.36,511.53,11,2022,Sunday,Q4
2022-11-28,Clothing,South,11,43.9,482.88,11,2022,Monday,Q4
2022-11-29,Clothing,South,9,49.18,442.66,11,2022,Tuesday,Q4
2022-11-30,Clothing,South,14,31.63,442.76,11,2022,Wednesday,Q4
2022-01-01,Clothing,East,21,17.55,368.5,1,2022,Saturday,Q1
2022-01-02,Clothing,East,14,27.27,381.74,1,2022,Sunday,Q1
2022-01-03,Clothing,East,13,23.88,310.45,1,2022,Monday,Q1
2022-01-04,Clothing,East,11,22.99,252.91,1,2022,Tuesday,Q1
2022-01-05,Clothing,East,19,13.94,264.87,1,2022,Wednesday,Q1
2022-01-06,Clothing,East,9,35.12,316.11,1,2022,Thursday,Q1
2022-01-07,Clothing,East,7,47.68,333.78,1,2022,Friday,Q1
2022-01-08,Clothing,East,15,27.74,416.09,1,2022,Saturday,Q1
2022-01-09,Clothing,East,8,50.71,405.64,1,2022,Sunday,Q1
2022-01-10,Clothing,East,16,22.83,365.31,1,2022,Monday,Q1
2022-01-11,Clothing,East,7,43.88,307.18,1,2022,Tuesday,Q1
2022-01-12,Clothing,East,15,22.77,341.57,1,2022,Wednesday,Q1
2022-01-13,Clothing,East,12,31.7,380.42,1,2022,Thursday,Q1
2022-01-14,Clothing,East,18,17.81,320.54,1,2022,Friday,Q1
2022-01-15,Clothing,East,27,14.8,399.61,1,2022,Saturday,Q1
2022-01-16,Clothing,East,12,35.38,424.52,1,2022,Sunday,Q1
2022-01-17,Clothing,East,19,18.64,354.2,1,2022,Monday,Q1
2022-01-18,Clothing,East,26,14.53,377.71,1,2022,Tuesday,Q1
2022-01-19,Clothing,East,10,35.08,350.76,1,2022,Wednesday,Q1
2022-01-20,Clothing,East,10,35.06,350.6,1,2022,Thursday,Q1
2022-01-21,Clothing,East,13,27.99,363.84,1,2022,Friday,Q1
2022-01-22,Clothing,East,25,18.7,467.38,1,2022,Saturday,Q1
2022-01-23,Clothing,East,10,46.02,460.18,1,2022,Sunday,Q1
2022-01-24,Clothing,East,31,12.87,399.05,1,2022,Monday,Q1
2022-01-25,Clothing,East,6,55.02,330.1,1,2022,Tuesday,Q1
2022-01-26,Clothing,East,27,13.52,365.17,1,2022,Wednesday,Q1
