data/sales_data.csv
Date,Product_Category,Region,Units_Sold,Unit_Price,Total_Sales,Month,Year,Day_of_Week,Quarter
2022-01-27,Clothing,East,9,43.1,387.9,1,2022,Thursday,Q1
2022-01-28,Clothing,East,14,27.88,390.39,1,2022,Friday,Q1
2022-01-29,Clothing,East,12,36.64,439.64,1,2022,Saturday,Q1
2022-01-30,Clothing,East,20,24.12,482.37,1,2022,Sunday,Q1
2022-01-31,Clothing,East,8,51.27,410.16,1,2022,Monday,Q1
2022-02-01,Clothing,East,9,37.04,333.36,2,2022,Tuesday,Q1
2022-02-02,Clothing,East,8,51.05,408.4,2,2022,Wednesday,Q1
2022-02-03,Clothing,East,19,19.23,365.35,2,2022,Thursday,Q1
2022-02-04,Clothing,East,10,38.99,389.87,2,2022,Friday,Q1
2022-02-05,Clothing,East,13,34.78,452.15,2,2022,Saturday,Q1
2022-02-06,Clothing,East,12,37.41,448.94,2,2022,Sunday,Q1
2022-02-07,Clothing,East,22,17.63,387.87,2,2022,Monday,Q1
2022-02-08,Clothing,East,9,41.87,376.8,2,2022,Tuesday,Q1
2022-02-09,Clothing,East,12,29.68,356.11,2,2022,Wednesday,Q1
2022-02-10,Clothing,East,12,35.76,429.18,2,2022,Thursday,Q1
2022-02-11,Clothing,East,10,41.6,416.02,2,2022,Friday,Q1
2022-02-12,Clothing,East,9,51.08,459.72,2,2022,Saturday,Q1
2022-02-13,Clothing,East,19,23.73,450.96,2,2022,Sunday,Q1
2022-02-14,Clothing,East,8,53.76,430.1,2,2022,Monday,Q1
2022-02-15,Clothing,East,8,47.32,378.52,2,2022,Tuesday,Q1
2022-02-16,Clothing,East,9,46.65,419.81,2,2022,Wednesday,Q1
2022-02-17,Clothing,East,23,18.2,418.49,2,2022,Thursday,Q1
2022-02-18,Clothing,East,11,40.05,440.58,2,2022,Friday,Q1
2022-02-19,Clothing,East,36,14.09,507.21,2,2022,Saturday,Q1
2022-02-20,Clothing,East,16,34.14,546.28,2,2022,Sunday,Q1
2022-02-21,Clothing,East,29,14.69,425.99,2,2022,Monday,Q1
2022-02-22,Clothing,East,11,40.89,449.84,2,2022,Tuesday,Q1
2022-02-23,Clothing,East,25,16.54,413.61,2,2022,Wednesday,Q1
2022-02-24,Clothing,East,12,32.38,388.61,2,2022,Thursday,Q1
2022-02-25,Clothing,East,14,31.23,437.28,2,2022,Friday,Q1
2022-02-26,Clothing,East,24,22.34,536.07,2,2022,Saturday,Q1
2022-02-27,Clothing,East,10,52.8,528.01,2,2022,Sunday,Q1
2022-02-28,Clothing,East,8,48.75,390.0,2,2022,Monday,Q1
2022-03-01,Clothing,East,15,30.03,450.43,3,2022,Tuesday,Q1
2022-03-02,Clothing,East,30,15.11,453.3,3,2022,Wednesday,Q1
2022-03-03,Clothing,East,8,51.26,410.11,3,2022,Thursday,Q1
2022-03-04,Clothing,East,11,40.77,448.49,3,2022,Friday,Q1
2022-03-05,Clothing,East,12,38.15,457.84,3,2022,Saturday,Q1
2022-03-06,Clothing,East,17,27.34,464.79,3,2022,Sunday,Q1
2022-03-07,Clothing,East,20,22.94,458.82,3,2022,Monday,Q1
2022-03-08,Clothing,East,37,12.31,455.44,3,2022,Tuesday,Q1
2022-03-09,Clothing,East,9,48.54,436.82,3,2022,Wednesday,Q1
2022-03-10,Clothing,East,12,38.91,466.87,3,2022,Thursday,Q1
2022-03-11,Clothing,East,20,21.0,420.01,3,2022,Friday,Q1
2022-03-12,Clothing,East,18,28.22,507.99,3,2022,Saturday,Q1
2022-03-13,Clothing,East,14,38.32,536.41,3,2022,Sunday,Q1
2022-03-14,Clothing,East,8,45.9,367.19,3,2022,Monday,Q1
2022-03-15,Clothing,East,35,12.74,445.8,3,2022,Tuesday,Q1
2022-03-16,Clothing,East,29,16.9,489.97,3,2022,Wednesday,Q1
2022-03-17,Clothing,East,11,43.1,474.06,3,2022,Thursday,Q1
2022-03-18,Clothing,East,14,32.92,460.91,3,2022,Friday,Q1
2022-03-19,Clothing,East,48,10.83,519.91,3,2022,Saturday,Q1
2022-03-20,Clothing,East,40,13.11,524.4,3,2022,Sunday,Q1
2022-03-21,Clothing,East,20,22.44,448.73,3,2022,Monday,Q1
2022-03-22,Clothing,East,26,17.62,458.17,3,2022,Tuesday,Q1
2022-03-23,Clothing,East,10,36.97,369.73,3,2022,Wednesday,Q1
2022-03-24,Clothing,East,11,41.41,455.53,3,2022,Thursday,Q1
2022-03-25,Clothing,East,22,20.71,455.54,3,2022,Friday,Q1
2022-03-26,Clothing,East,16,33.1,529.65,3,2022,Saturday,Q1
2022-03-27,Clothing,East,13,43.82,569.65,3,2022,Sunday,Q1
2022-03-28,Clothing,East,25,16.71,417.83,3,2022,Monday,Q1
2022-03-29,Clothing,East,10,48.54,485.37,3,2022,Tuesday,Q1
2022-03-30,Clothing,East,21,21.69,455.53,3,2022,Wednesday,Q1
2022-03-31,Clothing,East,9,46.1,414.9,3,2022,Thursday,Q1
2022-04-01,Clothing,East,20,24.08,481.51,4,2022,Friday,Q2
2022-04-02,Clothing,East,10,48.45,484.48,4,2022,Saturday,Q2
2022-04-03,Clothing,East,11,51.79,569.64,4,2022,Sunday,Q2
2022-04-04,Clothing,East,11,47.01,517.06,4,2022,Monday,Q2
2022-04-05,Clothing,East,13,33.75,438.81,4,2022,Tuesday,Q2
2022-04-06,Clothing,East,15,32.5,487.43,4,2022,Wednesday,Q2
2022-04-07,Clothing,East,14,29.66,415.29,4,2022,Thursday,Q2
2022-04-08,Clothing,East,36,12.62,454.4,4,2022,Friday,Q2
2022-04-09,Clothing,East,18,30.5,548.91,4,2022,Saturday,Q2
2022-04-10,Clothing,East,14,34.16,478.3,4,2022,Sunday,Q2
2022-04-11,Clothing,East,26,18.52,481.64,4,2022,Monday,Q2
2022-04-12,Clothing,East,9,47.03,423.29,4,2022,Tuesday,Q2
2022-04-13,Clothing,East,11,40.45,444.96,4,2022,Wednesday,Q2
2022-04-14,Clothing,East,13,37.11,482.44,4,2022,Thursday,Q2
2022-04-15,Clothing,East,18,25.76,463.74,4,2022,Friday,Q2
2022-04-16,Clothing,East,19,28.43,540.09,4,2022,Saturday,Q2
2022-04-17,Clothing,East,17,28.04,476.69,4,2022,Sunday,Q2
2022-04-18,Clothing,East,13,36.06,468.81,4,2022,Monday,Q2
2022-04-19,Clothing,East,10,44.4,443.95,4,2022,Tuesday,Q2
2022-04-20,Clothing,East,8,49.05,392.39,4,2022,Wednesday,Q2
2022-04-21,Clothing,East,25,20.1,502.58,4,2022,Thursday,Q2
2022-04-22,Clothing,East,13,36.89,479.59,4,2022,Friday,Q2
2022-04-23,Clothing,East,11,42.11,463.26,4,2022,Saturday,Q2
2022-04-24,Clothing,East,12,41.74,500.86,4,2022,Sunday,Q2
2022-04-25,Clothing,East,8,51.7,413.59,4,2022,Monday,Q2
2022-04-26,Clothing,East,11,41.84,460.21,4,2022,Tuesday,Q2
2022-04-27,Clothing,East,41,11.55,473.41,4,2022,Wednesday,Q2
2022-04-28,Clothing,East,8,53.21,425.7,4,2022,Thursday,Q2
2022-04-29,Clothing,East,20,22.32,446.42,4,2022,Friday,Q2
2022-04-30,Clothing,East,11,42.8,470.83,4,2022,Saturday,Q2
2022-05-01,Clothing,East,21,24.42,512.79,5,2022,Sunday,Q2
2022-05-02,Clothing,East,32,13.02,416.62,5,2022,Monday,Q2
2022-05-03,Clothing,East,19,22.78,432.83,5,2022,Tuesday,Q2
2022-05-04,Clothing,East,20,20.74,414.71,5,2022,Wednesday,Q2
2022-05-05,Clothing,East,17,24.77,421.06,5,2022,Thursday,Q2
2022-05-06,Clothing,East,20,23.41,468.23,5,2022,Friday,Q2
2022-05-07,Clothing,East,17,30.67,521.4,5,2022,Saturday,Q2
2022-05-08,Clothing,East,28,18.49,517.77,5,2022,Sunday,Q2
2022-05-09,Clothing,East,40,11.3,452.01,5,2022,Monday,Q2
2022-05-10,Clothing,East,9,47.84,430.58,5,2022,Tuesday,Q2
2022-05-11,Clothing,East,15,28.29,424.41,5,2022,Wednesday,Q2
2022-05-12,Clothing,East,29,15.25,442.24,5,2022,Thursday,Q2
2022-05-13,Clothing,East,17,24.53,417.02,5,2022,Friday,Q2
2022-05-14,Clothing,East,17,29.33,498.62,5,2022,Saturday,Q2
2022-05-15,Clothing,East,13,36.63,476.17,5,2022,Sunday,Q2
2022-05-16,Clothing,East,13,33.0,428.99,5,2022,Monday,Q2
2022-05-17,Clothing,East,36,12.19,438.7,5,2022,Tuesday,Q2
2022-05-18,Clothing,East,15,27.24,408.57,5,2022,Wednesday,Q2
2022-05-19,Clothing,East,26,16.51,429.14,5,2022,Thursday,Q2
2022-05-20,Clothing,East,26,15.13,393.37,5,2022,Friday,Q2
2022-05-21,Clothing,East,16,29.78,476.44,5,2022,Saturday,Q2
2022-05-22,Clothing,East,22,20.97,461.33,5,2022,Sunday,Q2
2022-05-23,Clothing,East,30,13.88,416.39,5,2022,Monday,Q2
2022-05-24,Clothing,East,9,44.52,400.68,5,2022,Tuesday,Q2
2022-05-25,Clothing,East,10,36.52,365.23,5,2022,Wednesday,Q2
2022-05-26,Clothing,East,13,32.8,426.43,5,2022,Thursday,Q2
2022-05-27,Clothing,East,8,49.99,399.93,5,2022,Friday,Q2
2022-05-28,Clothing,East,26,18.46,480.02,5,2022,Saturday,Q2
2022-05-29,Clothing,East,28,15.88,444.66,5,2022,Sunday,Q2
2022-05-30,Clothing,East,12,28.51,342.17,5,2022,Monday,Q2
2022-05-31,Clothing,East,7,52.77,369.38,5,2022,Tuesday,Q2
2022-06-01,Clothing,East,11,30.34,333.78,6,2022,Wednesday,Q2
2022-06-02,Clothing,East,10,34.06,340.62,6,2022,Thursday,Q2
2022-06-03,Clothing,East,9,45.25,407.24,6,2022,Friday,Q2
2022-06-04,Clothing,East,20,22.75,454.99,6,2022,Saturday,Q2
2022-06-05,Clothing,East,9,43.11,388.0,6,2022,Sunday,Q2
2022-06-06,Clothing,East,31,11.83,366.74,6,2022,Monday,Q2
2022-06-07,Clothing,East,33,11.44,377.45,6,2022,Tuesday,Q2
2022-06-08,Clothing,East,10,32.88,328.81,6,2022,Wednesday,Q2
2022-06-09,Clothing,East,12,32.35,388.2,6,2022,Thursday,Q2
2022-06-10,Clothing,East,24,15.32,367.65,6,2022,Friday,Q2
2022-06-11,Clothing,East,28,16.63,465.59,6,2022,Saturday,Q2
2022-06-12,Clothing,East,17,25.66,436.15,6,2022,Sunday,Q2
2022-06-13,Clothing,East,11,31.99,351.91,6,2022,Monday,Q2
2022-06-14,Clothing,East,23,13.88,319.26,6,2022,Tuesday,Q2
2022-06-15,Clothing,East,18,21.53,387.59,6,2022,Wednesday,Q2
2022-06-16,Clothing,East,7,42.96,300.72,6,2022,Thursday,Q2
2022-06-17,Clothing,East,10,34.85,348.49,6,2022,Friday,Q2
2022-06-18,Clothing,East,14,30.93,433.08,6,2022,Saturday,Q2
2022-06-19,Clothing,East,20,20.7,414.05,6,2022,Sunday,Q2
2022-06-20,Clothing,East,35,11.54,404.06,6,2022,Monday,Q2
2022-06-21,Clothing,East,24,12.31,295.42,6,2022,Tuesday,Q2
2022-06-22,Clothing,East,22,15.79,347.44,6,2022,Wednesday,Q2
2022-06-23,Clothing,East,9,43.03,387.29,6,2022,Thursday,Q2
2022-06-24,Clothing,East,7,46.6,326.18,6,2022,Friday,Q2
2022-06-25,Clothing,East,9,45.1,405.87,6,2022,Saturday,Q2
2022-06-26,Clothing,East,19,25.37,482.12,6,2022,Sunday,Q2
2022-06-27,Clothing,East,19,18.32,348.05,6,2022,Monday,Q2
2022-06-28,Clothing,East,8,44.37,354.93,6,2022,Tuesday,Q2
2022-06-29,Clothing,East,6,42.66,255.94,6,2022,Wednesday,Q2
2022-06-30,Clothing,East,6,44.19,265.17,6,2022,Thursday,Q2
2022-07-01,Clothing,East,7,50.13,350.93,7,2022,Friday,Q3
2022-07-02,Clothing,East,23,15.29,351.58,7,2022,Saturday,Q3
2022-07-03,Clothing,East,22,19.19,422.1,7,2022,Sunday,Q3
2022-07-04,Clothing,East,7,40.31,282.18,7,2022,Monday,Q3
2022-07-05,Clothing,East,8,45.56,364.51,7,2022,Tuesday,Q3
2022-07-06,Clothing,East,7,39.06,273.4,7,2022,Wednesday,Q3
2022-07-07,Clothing,East,7,40.47,283.26,7,2022,Thursday,Q3
2022-07-08,Clothing,East,30,10.12,303.72,7,2022,Friday,Q3
2022-07-09,Clothing,East,11,32.97,362.66,7,2022,Saturday,Q3
2022-07-10,Clothing,East,7,48.23,337.59,7,2022,Sunday,Q3
2022-07-11,Clothing,East,29,11.08,321.19,7,2022,Monday,Q3
2022-07-12,Clothing,East,8,42.8,342.4,7,2022,Tuesday,Q3
2022-07-13,Clothing,East,22,12.76,280.82,7,2022,Wednesday,Q3
2022-07-14,Clothing,East,11,21.85,240.34,7,2022,Thursday,Q3
2022-07-15,Clothing,East,8,31.47,251.73,7,2022,Friday,Q3
2022-07-16,Clothing,East,13,27.58,358.6,7,2022,Saturday,Q3
2022-07-17,Clothing,East,33,10.61,350.15,7,2022,Sunday,Q3
2022-07-18,Clothing,East,23,13.74,316.03,7,2022,Monday,Q3
2022-07-19,Clothing,East,8,37.7,301.62,7,2022,Tuesday,Q3
2022-07-20,Clothing,East,6,34.16,204.99,7,2022,Wednesday,Q3
2022-07-21,Clothing,East,23,11.38,261.67,7,2022,Thursday,Q3
2022-07-22,Clothing,East,14,19.12,267.69,7,2022,Friday,Q3
2022-07-23,Clothing,East,11,33.55,369.09,7,2022,Saturday,Q3
2022-07-24,Clothing,East,6,52.67,316.01,7,2022,Sunday,Q3
2022-07-25,Clothing,East,9,18.06,162.58,7,2022,Monday,Q3
2022-07-26,Clothing,East,6,34.6,207.63,7,2022,Tuesday,Q3
2022-07-27,Clothing,East,10,27.77,277.74,7,2022,Wednesday,Q3
2022-07-28,Clothing,East,6,40.17,241.03,7,2022,Thursday,Q3
2022-07-29,Clothing,East,6,32.77,196.65,7,2022,Friday,Q3
2022-07-30,Clothing,East,8,31.56,252.46,7,2022,Saturday,Q3
2022-07-31,Clothing,East,9,36.01,324.13,7,2022,Sunday,Q3
2022-08-01,Clothing,East,6,39.29,235.77,8,2022,Monday,Q3
2022-08-02,Clothing,East,6,44.82,268.92,8,2022,Tuesday,Q3
2022-08-03,Clothing,East,10,20.7,207.02,8,2022,Wednesday,Q3
2022-08-04,Clothing,East,14,19.61,274.56,8,2022,Thursday,Q3
2022-08-05,Clothing,East,6,40.9,245.41,8,2022,Friday,Q3
2022-08-06,Clothing,East,14,25.28,353.9,8,2022,Saturday,Q3
2022-08-07,Clothing,East,11,31.52,346.77,8,2022,Sunday,Q3
2022-08-08,Clothing,East,15,13.12,196.83,8,2022,Monday,Q3
2022-08-09,Clothing,East,10,21.68,216.82,8,2022,Tuesday,Q3
2022-08-10,Clothing,East,15,13.28,199.27,8,2022,Wednesday,Q3
2022-08-11,Clothing,East,19,10.77,204.66,8,2022,Thursday,Q3
2022-08-12,Clothing,East,10,16.96,169.56,8,2022,Friday,Q3
2022-08-13,Clothing,East,12,21.78,261.35,8,2022,Saturday,Q3
2022-08-14,Clothing,East,6,46.62,279.75,8,2022,Sunday,Q3
2022-08-15,Clothing,East,13,18.15,235.9,8,2022,Monday,Q3
2022-08-16,Clothing,East,4,46.15,184.59,8,2022,Tuesday,Q3
2022-08-17,Clothing,East,5,35.42,177.08,8,2022,Wednesday,Q3
2022-08-18,Clothing,East,7,26.7,186.88,8,2022,Thursday,Q3
2022-08-19,Clothing,East,4,54.61,218.44,8,2022,Friday,Q3
2022-08-20,Clothing,East,9,30.98,278.84,8,2022,Saturday,Q3
2022-08-21,Clothing,East,7,43.16,302.11,8,2022,Sunday,Q3
2022-08-22,Clothing,East,3,57.92,173.77,8,2022,Monday,Q3
2022-08-23,Clothing,East,7,28.33,198.32,8,2022,Tuesday,Q3
2022-08-24,Clothing,East,4,54.15,216.61,8,2022,Wednesday,Q3
2022-08-25,Clothing,East,3,57.83,173.48,8,2022,Thursday,Q3
2022-08-26,Clothing,East,15,10.85,162.8,8,2022,Friday,Q3
2022-08-27,Clothing,East,12,23.76,285.08,8,2022,Saturday,Q3
2022-08-28,Clothing,East,5,42.84,214.22,8,2022,Sunday,Q3
2022-08-29,Clothing,East,4,45.6,182.4,8,2022,Monday,Q3
2022-08-30,Clothing,East,19,12.74,241.98,8,2022,Tuesday,Q3
2022-08-31,Clothing,East,7,28.86,202.04,8,2022,Wednesday,Q3
2022-09-01,Clothing,East,7,24.52,171.65,9,2022,Thursday,Q3
2022-09-02,Clothing,East,5,45.59,227.96,9,2022,Friday,Q3
2022-09-03,Clothing,East,10,26.78,267.83,9,2022,Saturday,Q3
2022-09-04,Clothing,East,6,43.25,259.5,9,2022,Sunday,Q3
2022-09-05,Clothing,East,8,23.97,191.75,9,2022,Monday,Q3
2022-09-06,Clothing,East,14,11.04,154.61,9,2022,Tuesday,Q3
2022-09-07,Clothing,East,4,27.53,110.12,9,2022,Wednesday,Q3
2022-09-08,Clothing,East,6,37.79,226.75,9,2022,Thursday,Q3
2022-09-09,Clothing,East,8,22.51,180.07,9,2022,Friday,Q3
2022-09-10,Clothing,East,8,37.23,297.8,9,2022,Saturday,Q3
2022-09-11,Clothing,East,5,50.53,252.65,9,2022,Sunday,Q3
2022-09-12,Clothing,East,10,16.74,167.38,9,2022,Monday,Q3
2022-09-13,Clothing,East,11,11.98,131.81,9,2022,Tuesday,Q3
2022-09-14,Clothing,East,4,51.4,205.61,9,2022,Wednesday,Q3
2022-09-15,Clothing,East,7,19.34,135.37,9,2022,Thursday,Q3
2022-09-16,Clothing,East,12,11.17,134.08,9,2022,Friday,Q3
2022-09-17,Clothing,East,13,21.73,282.44,9,2022,Saturday,Q3
2022-09-18,Clothing,East,8,37.53,300.22,9,2022,Sunday,Q3
2022-09-19,Clothing,East,4,45.53,182.14,9,2022,Monday,Q3
2022-09-20,Clothing,East,4,34.41,137.62,9,2022,Tuesday,Q3
2022-09-21,Clothing,East,7,21.08,147.56,9,2022,Wednesday,Q3
2022-09-22,Clothing,East,3,42.99,128.96,9,2022,Thursday,Q3
2022-09-23,Clothing,East,5,27.08,135.42,9,2022,Friday,Q3
2022-09-24,Clothing,East,5,50.49,252.46,9,2022,Saturday,Q3
2022-09-25,Clothing,East,24,12.48,299.52,9,2022,Sunday,Q3
2022-09-26,Clothing,East,8,22.57,180.58,9,2022,Monday,Q3
2022-09-27,Clothing,East,5,35.2,175.99,9,2022,Tuesday,Q3
2022-09-28,Clothing,East,7,24.16,169.13,9,2022,Wednesday,Q3
2022-09-29,Clothing,East,4,50.69,202.76,9,2022,Thursday,Q3
2022-09-30,Clothing,East,4,49.93,199.72,9,2022,Friday,Q3
2022-10-01,Clothing,East,36,12.67,456.21,10,2022,Saturday,Q4
2022-10-02,Clothing,East,8,54.33,434.67,10,2022,Sunday,Q4
2022-10-03,Clothing,East,18,20.48,368.58,10,2022,Monday,Q4
2022-10-04,Clothing,East,16,21.73,347.62,10,2022,Tuesday,Q4
2022-10-05,Clothing,East,31,10.68,330.97,10,2022,Wednesday,Q4
2022-10-06,Clothing,East,10,40.4,403.99,10,2022,Thursday,Q4
2022-10-07,Clothing,East,7,48.3,338.12,10,2022,Friday,Q4
2022-10-08,Clothing,East,23,21.23,488.18,10,2022,Saturday,Q4
2022-10-09,Clothing,East,9,43.82,394.42,10,2022,Sunday,Q4
2022-10-10,Clothing,East,26,13.76,357.71,10,2022,Monday,Q4
2022-10-11,Clothing,East,13,23.34,303.4,10,2022,Tuesday,Q4
2022-10-12,Clothing,East,20,18.08,361.64,10,2022,Wednesday,Q4
2022-10-13,Clothing,East,12,34.4,412.84,10,2022,Thursday,Q4
2022-10-14,Clothing,East,14,27.73,388.27,10,2022,Friday,Q4
2022-10-15,Clothing,East,11,42.98,472.81,10,2022,Saturday,Q4
2022-10-16,Clothing,East,9,53.42,480.8,10,2022,Sunday,Q4
2022-10-17,Clothing,East,11,37.0,406.96,10,2022,Monday,Q4
2022-10-18,Clothing,East,27,13.9,375.3,10,2022,Tuesday,Q4
2022-10-19,Clothing,East,13,32.79,426.24,10,2022,Wednesday,Q4
2022-10-20,Clothing,East,16,23.22,371.55,10,2022,Thursday,Q4
2022-10-21,Clothing,East,31,11.79,365.63,10,2022,Friday,Q4
2022-10-22,Clothing,East,14,30.96,433.45,10,2022,Saturday,Q4
2022-10-23,Clothing,East,9,45.21,406.93,10,2022,Sunday,Q4
2022-10-24,Clothing,East,13,27.87,362.27,10,2022,Monday,Q4
2022-10-25,Clothing,East,20,20.67,413.39,10,2022,Tuesday,Q4
2022-10-26,Clothing,East,26,14.04,365.04,10,2022,Wednesday,Q4
2022-10-27,Clothing,East,13,27.22,353.82,10,2022,Thursday,Q4
2022-10-28,Clothing,East,15,27.76,416.45,10,2022,Friday,Q4
2022-10-29,Clothing,East,35,14.65,512.79,10,2022,Saturday,Q4
2022-10-30,Clothing,East,12,36.79,441.48,10,2022,Sunday,Q4
2022-10-31,Clothing,East,6,56.3,337.82,10,2022,Monday,Q4
2022-11-01,Clothing,East,20,18.1,361.98,11,2022,Tuesday,Q4
2022-11-02,Clothing,East,8,48.78,390.26,11,2022,Wednesday,Q4
2022-11-03,Clothing,East,13,28.16,366.07,11,2022,Thursday,Q4
2022-11-04,Clothing,East,18,20.46,368.23,11,2022,Friday,Q4
2022-11-05,Clothing,East,19,25.37,481.94,11,2022,Saturday,Q4
2022-11-06,Clothing,East,40,10.59,423.69,11,2022,Sunday,Q4
2022-11-07,Clothing,East,9,48.16,433.43,11,2022,Monday,Q4
2022-11-08,Clothing,East,12,34.0,408.03,11,2022,Tuesday,Q4
2022-11-09,Clothing,East,10,36.36,363.59,11,2022,Wednesday,Q4
2022-11-10,Clothing,East,13,29.95,389.39,11,2022,Thursday,Q4
2022-11-11,Clothing,East,14,29.8,417.15,11,2022,Friday,Q4
2022-11-12,Clothing,East,30,16.34,490.14,11,2022,Saturday,Q4
2022-11-13,Clothing,East,33,16.43,542.17,11,2022,Sunday,Q4
2022-11-14,Clothing,East,19,21.24,403.53,11,2022,Monday,Q4
2022-11-15,Clothing,East,33,11.96,394.75,11,2022,Tuesday,Q4
2022-11-16,Clothing,East,12,34.23,410.78,11,2022,Wednesday,Q4
2022-11-17,Clothing,East,36,11.5,413.97,11,2022,Thursday,Q4
2022-11-18,Clothing,East,14,34.87,488.12,11,2022,Friday,Q4
2022-11-19,Clothing,East,12,39.37,472.44,11,2022,Saturday,Q4
2022-11-20,Clothing,East,15,34.45,516.74,11,2022,Sunday,Q4
2022-11-21,Clothing,East,25,17.06,426.43,11,2022,Monday,Q4
2022-11-22,Clothing,East,8,48.72,389.75,11,2022,Tuesday,Q4
2022-11-23,Clothing,East,42,10.82,454.35,11,2022,Wednesday,Q4
2022-11-24,Clothing,East,14,30.3,424.21,11,2022,Thursday,Q4
2022-11-25,Clothing,East,14,29.04,406.52,11,2022,Friday,Q4
2022-11-26,Clothing,East,38,13.37,508.19,11,2022,Saturday,Q4
2022-11-27,Clothing,East,18,28.4,511.24,11,2022,Sunday,Q4
2022-11-28,Clothing,East,9,51.39,462.54,11,2022,Monday,Q4
2022-11-29,Clothing,East,18,26.39,475.05,11,2022,Tuesday,Q4
2022-11-30,Clothing,East,33,13.23,436.73,11,2022,Wednesday,Q4
