data/sales_data.csv
Date,Product_Category,Region,Units_Sold,Unit_Price,Total_Sales,Month,Year,Day_of_Week,Quarter
2022-01-01,Clothing,West,23,17.34,398.86,1,2022,Saturday,Q1
2022-01-02,Clothing,West,18,20.9,376.18,1,2022,Sunday,Q1
2022-01-03,Clothing,West,9,33.21,298.87,1,2022,Monday,Q1
2022-01-04,Clothing,West,26,11.91,309.67,1,2022,Tuesday,Q1
2022-01-05,Clothing,West,6,53.11,318.63,1,2022,Wednesday,Q1
2022-01-06,Clothing,West,12,29.94,359.32,1,2022,Thursday,Q1
2022-01-07,Clothing,West,7,47.68,333.74,1,2022,Friday,Q1
2022-01-08,Clothing,West,25,17.08,426.91,1,2022,Saturday,Q1
2022-01-09,Clothing,West,11,35.64,391.99,1,2022,Sunday,Q1
2022-01-10,Clothing,West,7,46.68,326.77,1,2022,Monday,Q1
2022-01-11,Clothing,West,9,35.81,322.33,1,2022,Tuesday,Q1
2022-01-12,Clothing,West,9,43.07,387.6,1,2022,Wednesday,Q1
2022-01-13,Clothing,West,7,48.19,337.36,1,2022,Thursday,Q1
2022-01-14,Clothing,West,23,13.59,312.66,1,2022,Friday,Q1
2022-01-15,Clothing,West,8,48.32,386.56,1,2022,Saturday,Q1
2022-01-16,Clothing,West,20,22.2,444.09,1,2022,Sunday,Q1
2022-01-17,Clothing,West,20,16.59,331.72,1,2022,Monday,Q1
2022-01-18,Clothing,West,7,47.33,331.29,1,2022,Tuesday,Q1
2022-01-19,Clothing,West,14,27.28,381.92,1,2022,Wednesday,Q1
2022-01-20,Clothing,West,26,12.9,335.28,1,2022,Thursday,Q1
2022-01-21,Clothing,West,6,52.75,316.52,1,2022,Friday,Q1
2022-01-22,Clothing,West,43,10.48,450.69,1,2022,Saturday,Q1
2022-01-23,Clothing,West,11,38.37,422.08,1,2022,Sunday,Q1
2022-01-24,Clothing,West,14,23.9,334.53,1,2022,Monday,Q1
2022-01-25,Clothing,West,19,19.75,375.25,1,2022,Tuesday,Q1
2022-01-26,Clothing,West,22,19.09,420.0,1,2022,Wednesday,Q1
2022-01-27,Clothing,West,30,14.45,433.43,1,2022,Thursday,Q1
2022-01-28,Clothing,West,10,36.79,367.91,1,2022,Friday,Q1
2022-01-29,Clothing,West,17,22.38,380.49,1,2022,Saturday,Q1
2022-01-30,Clothing,West,11,43.14,474.57,1,2022,Sunday,Q1
2022-01-31,Clothing,West,14,26.9,376.65,1,2022,Monday,Q1
2022-02-01,Clothing,West,9,40.8,367.22,2,2022,Tuesday,Q1
2022-02-02,Clothing,West,10,39.72,397.17,2,2022,Wednesday,Q1
2022-02-03,Clothing,West,26,13.26,344.82,2,2022,Thursday,Q1
2022-02-04,Clothing,West,24,14.45,346.68,2,2022,Friday,Q1
2022-02-05,Clothing,West,14,30.56,427.78,2,2022,Saturday,Q1
2022-02-06,Clothing,West,12,42.34,508.09,2,2022,Sunday,Q1
2022-02-07,Clothing,West,9,41.16,370.45,2,2022,Monday,Q1
2022-02-08,Clothing,West,30,12.87,386.13,2,2022,Tuesday,Q1
2022-02-09,Clothing,West,8,43.61,348.86,2,2022,Wednesday,Q1
2022-02-10,Clothing,West,14,26.9,376.59,2,2022,Thursday,Q1
2022-02-11,Clothing,West,11,38.49,423.34,2,2022,Friday,Q1
2022-02-12,Clothing,West,20,25.14,502.71,2,2022,Saturday,Q1
2022-02-13,Clothing,West,17,28.2,479.4,2,2022,Sunday,Q1
2022-02-14,Clothing,West,34,13.06,443.93,2,2022,Monday,Q1
2022-02-15,Clothing,West,10,41.08,410.85,2,2022,Tuesday,Q1
2022-02-16,Clothing,West,15,25.89,388.29,2,2022,Wednesday,Q1
2022-02-17,Clothing,West,9,44.67,402.07,2,2022,Thursday,Q1
2022-02-18,Clothing,West,12,31.17,374.07,2,2022,Friday,Q1
2022-02-19,Clothing,West,28,19.69,551.34,2,2022,Saturday,Q1
2022-02-20,Clothing,West,14,38.38,537.36,2,2022,Sunday,Q1
2022-02-21,Clothing,West,16,24.81,397.04,2,2022,Monday,Q1
2022-02-22,Clothing,West,29,14.82,429.86,2,2022,Tuesday,Q1
2022-02-23,Clothing,West,40,11.16,446.24,2,2022,Wednesday,Q1
2022-02-24,Clothing,West,13,32.98,428.72,2,2022,Thursday,Q1
2022-02-25,Clothing,West,9,47.23,425.09,2,2022,Friday,Q1
2022-02-26,Clothing,West,49,10.67,522.87,2,2022,Saturday,Q1
2022-02-27,Clothing,West,13,36.29,471.77,2,2022,Sunday,Q1
2022-02-28,Clothing,West,18,22.54,405.79,2,2022,Monday,Q1
2022-03-01,Clothing,West,8,49.7,397.6,3,2022,Tuesday,Q1
2022-03-02,Clothing,West,21,21.47,450.87,3,2022,Wednesday,Q1
2022-03-03,Clothing,West,18,22.04,396.71,3,2022,Thursday,Q1
2022-03-04,Clothing,West,26,16.78,436.28,3,2022,Friday,Q1
2022-03-05,Clothing,West,27,20.14,543.73,3,2022,Saturday,Q1
2022-03-06,Clothing,West,45,11.73,527.73,3,2022,Sunday,Q1
2022-03-07,Clothing,West,10,39.42,394.21,3,2022,Monday,Q1
2022-03-08,Clothing,West,14,31.57,441.91,3,2022,Tuesday,Q1
2022-03-09,Clothing,West,11,38.64,425.05,3,2022,Wednesday,Q1
2022-03-10,Clothing,West,11,37.1,408.08,3,2022,Thursday,Q1
2022-03-11,Clothing,West,21,20.13,422.81,3,2022,Friday,Q1
2022-03-12,Clothing,West,50,11.01,550.27,3,2022,Saturday,Q1
2022-03-13,Clothing,West,11,46.91,515.98,3,2022,Sunday,Q1
2022-03-14,Clothing,West,12,37.2,446.36,3,2022,Monday,Q1
2022-03-15,Clothing,West,9,49.87,448.83,3,2022,Tuesday,Q1
2022-03-16,Clothing,West,26,18.03,468.81,3,2022,Wednesday,Q1
2022-03-17,Clothing,West,10,41.16,411.64,3,2022,Thursday,Q1
2022-03-18,Clothing,West,13,37.08,482.04,3,2022,Friday,Q1
2022-03-19,Clothing,West,13,41.56,540.24,3,2022,Saturday,Q1
2022-03-20,Clothing,West,27,18.82,508.18,3,2022,Sunday,Q1
2022-03-21,Clothing,West,9,47.35,426.15,3,2022,Monday,Q1
2022-03-22,Clothing,West,19,22.04,418.75,3,2022,Tuesday,Q1
2022-03-23,Clothing,West,8,54.65,437.16,3,2022,Wednesday,Q1
2022-03-24,Clothing,West,25,19.66,491.47,3,2022,Thursday,Q1
2022-03-25,Clothing,West,12,30.27,363.25,3,2022,Friday,Q1
2022-03-26,Clothing,West,18,29.79,536.13,3,2022,Saturday,Q1
2022-03-27,Clothing,West,20,25.99,519.74,3,2022,Sunday,Q1
2022-03-28,Clothing,West,10,44.2,442.03,3,2022,Monday,Q1
2022-03-29,Clothing,West,18,26.2,471.62,3,2022,Tuesday,Q1
2022-03-30,Clothing,West,12,38.96,467.58,3,2022,Wednesday,Q1
2022-03-31,Clothing,West,10,47.77,477.7,3,2022,Thursday,Q1
2022-04-01,Clothing,West,12,39.0,468.04,4,2022,Friday,Q2
2022-04-02,Clothing,West,21,26.97,566.3,4,2022,Saturday,Q2
2022-04-03,Clothing,West,16,33.66,538.56,4,2022,Sunday,Q2
2022-04-04,Clothing,West,23,18.44,424.04,4,2022,Monday,Q2
2022-04-05,Clothing,West,9,49.35,444.16,4,2022,Tuesday,Q2
2022-04-06,Clothing,West,33,13.25,437.33,4,2022,Wednesday,Q2
2022-04-07,Clothing,West,36,12.17,438.1,4,2022,Thursday,Q2
2022-04-08,Clothing,West,32,13.08,418.69,4,2022,Friday,Q2
2022-04-09,Clothing,West,12,49.3,591.62,4,2022,Saturday,Q2
2022-04-10,Clothing,West,15,33.45,501.71,4,2022,Sunday,Q2
2022-04-11,Clothing,West,41,11.08,454.44,4,2022,Monday,Q2
2022-04-12,Clothing,West,40,12.07,482.7,4,2022,Tuesday,Q2
2022-04-13,Clothing,West,10,47.44,474.37,4,2022,Wednesday,Q2
2022-04-14,Clothing,West,23,20.77,477.72,4,2022,Thursday,Q2
2022-04-15,Clothing,West,18,25.12,452.2,4,2022,Friday,Q2
2022-04-16,Clothing,West,36,14.87,535.48,4,2022,Saturday,Q2
2022-04-17,Clothing,West,21,25.9,543.97,4,2022,Sunday,Q2
2022-04-18,Clothing,West,29,16.33,473.48,4,2022,Monday,Q2
2022-04-19,Clothing,West,23,17.63,405.46,4,2022,Tuesday,Q2
2022-04-20,Clothing,West,15,28.07,420.99,4,2022,Wednesday,Q2
2022-04-21,Clothing,West,16,28.35,453.64,4,2022,Thursday,Q2
2022-04-22,Clothing,West,16,28.23,451.67,4,2022,Friday,Q2
2022-04-23,Clothing,West,45,11.69,526.06,4,2022,Saturday,Q2
2022-04-24,Clothing,West,10,51.65,516.5,4,2022,Sunday,Q2
2022-04-25,Clothing,West,10,42.44,424.35,4,2022,Monday,Q2
2022-04-26,Clothing,West,33,12.87,424.64,4,2022,Tuesday,Q2
2022-04-27,Clothing,West,19,25.23,479.46,4,2022,Wednesday,Q2
2022-04-28,Clothing,West,17,24.19,411.24,4,2022,Thursday,Q2
2022-04-29,Clothing,West,19,21.39,406.4,4,2022,Friday,Q2
2022-04-30,Clothing,West,33,16.93,558.62,4,2022,Saturday,Q2
2022-05-01,Clothing,West,22,22.77,501.04,5,2022,Sunday,Q2
2022-05-02,Clothing,West,20,22.87,457.48,5,2022,Monday,Q2
2022-05-03,Clothing,West,22,17.58,386.78,5,2022,Tuesday,Q2
2022-05-04,Clothing,West,16,26.3,420.81,5,2022,Wednesday,Q2
2022-05-05,Clothing,West,9,40.56,365.04,5,2022,Thursday,Q2
2022-05-06,Clothing,West,18,24.38,438.86,5,2022,Friday,Q2
2022-05-07,Clothing,West,10,49.14,491.44,5,2022,Saturday,Q2
2022-05-08,Clothing,West,34,14.13,480.39,5,2022,Sunday,Q2
2022-05-09,Clothing,West,15,26.46,396.84,5,2022,Monday,Q2
2022-05-10,Clothing,West,13,30.37,394.76,5,2022,Tuesday,Q2
2022-05-11,Clothing,West,13,31.8,413.44,5,2022,Wednesday,Q2
2022-05-12,Clothing,West,19,25.57,485.78,5,2022,Thursday,Q2
2022-05-13,Clothing,West,41,10.41,426.79,5,2022,Friday,Q2
2022-05-14,Clothing,West,16,30.55,488.73,5,2022,Saturday,Q2
2022-05-15,Clothing,West,26,19.92,517.79,5,2022,Sunday,Q2
2022-05-16,Clothing,West,14,25.42,355.92,5,2022,Monday,Q2
2022-05-17,Clothing,West,25,15.08,377.05,5,2022,Tuesday,Q2
2022-05-18,Clothing,West,7,51.47,360.3,5,2022,Wednesday,Q2
2022-05-19,Clothing,West,17,25.13,427.13,5,2022,Thursday,Q2
2022-05-20,Clothing,West,9,47.05,423.46,5,2022,Friday,Q2
2022-05-21,Clothing,West,12,44.07,528.86,5,2022,Saturday,Q2
2022-05-22,Clothing,West,9,53.23,479.11,5,2022,Sunday,Q2
2022-05-23,Clothing,West,13,26.97,350.65,5,2022,Monday,Q2
2022-05-24,Clothing,West,13,33.12,430.56,5,2022,Tuesday,Q2
2022-05-25,Clothing,West,13,30.76,399.88,5,2022,Wednesday,Q2
2022-05-26,Clothing,West,8,47.9,383.19,5,2022,Thursday,Q2
2022-05-27,Clothing,West,18,21.11,379.98,5,2022,Friday,Q2
2022-05-28,Clothing,West,18,25.34,456.08,5,2022,Saturday,Q2
2022-05-29,Clothing,West,19,22.9,435.17,5,2022,Sunday,Q2
2022-05-30,Clothing,West,8,44.94,359.51,5,2022,Monday,Q2
2022-05-31,Clothing,West,14,27.96,391.44,5,2022,Tuesday,Q2
2022-06-01,Clothing,West,16,22.22,355.59,6,2022,Wednesday,Q2
2022-06-02,Clothing,West,24,13.13,315.2,6,2022,Thursday,Q2
2022-06-03,Clothing,West,37,10.21,377.72,6,2022,Friday,Q2
2022-06-04,Clothing,West,11,43.26,475.88,6,2022,Saturday,Q2
2022-06-05,Clothing,West,11,45.62,501.81,6,2022,Sunday,Q2
2022-06-06,Clothing,West,9,49.62,446.58,6,2022,Monday,Q2
2022-06-07,Clothing,West,11,30.85,339.31,6,2022,Tuesday,Q2
2022-06-08,Clothing,West,7,50.8,355.58,6,2022,Wednesday,Q2
2022-06-09,Clothing,West,12,28.98,347.82,6,2022,Thursday,Q2
2022-06-10,Clothing,West,9,44.73,402.61,6,2022,Friday,Q2
2022-06-11,Clothing,West,10,45.18,451.83,6,2022,Saturday,Q2
2022-06-12,Clothing,West,11,36.41,400.52,6,2022,Sunday,Q2
2022-06-13,Clothing,West,19,21.76,413.38,6,2022,Monday,Q2
2022-06-14,Clothing,West,7,55.52,388.61,6,2022,Tuesday,Q2
2022-06-15,Clothing,West,13,29.78,387.13,6,2022,Wednesday,Q2
2022-06-16,Clothing,West,32,11.88,380.3,6,2022,Thursday,Q2
2022-06-17,Clothing,West,7,39.43,275.98,6,2022,Friday,Q2
2022-06-18,Clothing,West,8,50.65,405.18,6,2022,Saturday,Q2
2022-06-19,Clothing,West,15,29.71,445.59,6,2022,Sunday,Q2
2022-06-20,Clothing,West,9,36.37,327.32,6,2022,Monday,Q2
2022-06-21,Clothing,West,33,11.38,375.61,6,2022,Tuesday,Q2
2022-06-22,Clothing,West,11,27.89,306.83,6,2022,Wednesday,Q2
2022-06-23,Clothing,West,30,10.13,304.01,6,2022,Thursday,Q2
2022-06-24,Clothing,West,8,38.19,305.55,6,2022,Friday,Q2
2022-06-25,Clothing,West,13,28.43,369.6,6,2022,Saturday,Q2
2022-06-26,Clothing,West,14,29.43,412.04,6,2022,Sunday,Q2
2022-06-27,Clothing,West,19,18.48,351.03,6,2022,Monday,Q2
2022-06-28,Clothing,West,12,26.48,317.7,6,2022,Tuesday,Q2
2022-06-29,Clothing,West,7,38.63,270.43,6,2022,Wednesday,Q2
2022-06-30,Clothing,West,14,20.92,292.93,6,2022,Thursday,Q2
2022-07-01,Clothing,West,19,15.6,296.34,7,2022,Friday,Q3
2022-07-02,Clothing,West,33,12.49,412.08,7,2022,Saturday,Q3
2022-07-03,Clothing,West,10,34.9,348.97,7,2022,Sunday,Q3
2022-07-04,Clothing,West,17,19.26,327.36,7,2022,Monday,Q3
2022-07-05,Clothing,West,23,12.44,286.13,7,2022,Tuesday,Q3
2022-07-06,Clothing,West,22,13.79,303.33,7,2022,Wednesday,Q3
2022-07-07,Clothing,West,11,26.72,293.93,7,2022,Thursday,Q3
2022-07-08,Clothing,West,14,21.17,296.38,7,2022,Friday,Q3
2022-07-09,Clothing,West,30,11.17,335.25,7,2022,Saturday,Q3
2022-07-10,Clothing,West,26,13.08,339.96,7,2022,Sunday,Q3
2022-07-11,Clothing,West,8,35.67,285.39,7,2022,Monday,Q3
2022-07-12,Clothing,West,19,17.77,337.65,7,2022,Tuesday,Q3
2022-07-13,Clothing,West,8,41.37,330.96,7,2022,Wednesday,Q3
2022-07-14,Clothing,West,17,17.13,291.17,7,2022,Thursday,Q3
2022-07-15,Clothing,West,6,50.13,300.8,7,2022,Friday,Q3
2022-07-16,Clothing,West,31,11.9,368.87,7,2022,Saturday,Q3
2022-07-17,Clothing,West,23,15.75,362.26,7,2022,Sunday,Q3
2022-07-18,Clothing,West,6,50.76,304.58,7,2022,Monday,Q3
2022-07-19,Clothing,West,10,23.73,237.34,7,2022,Tuesday,Q3
2022-07-20,Clothing,West,10,25.86,258.55,7,2022,Wednesday,Q3
2022-07-21,Clothing,West,13,16.17,210.21,7,2022,Thursday,Q3
2022-07-22,Clothing,West,6,41.25,247.49,7,2022,Friday,Q3
2022-07-23,Clothing,West,8,33.46,267.65,7,2022,Saturday,Q3
2022-07-24,Clothing,West,31,13.13,407.11,7,2022,Sunday,Q3
2022-07-25,Clothing,West,10,23.2,231.96,7,2022,Monday,Q3
2022-07-26,Clothing,West,7,33.53,234.69,7,2022,Tuesday,Q3
2022-07-27,Clothing,West,6,44.92,269.53,7,2022,Wednesday,Q3
2022-07-28,Clothing,West,9,26.53,238.8,7,2022,Thursday,Q3
2022-07-29,Clothing,West,8,32.62,260.99,7,2022,Friday,Q3
2022-07-30,Clothing,West,8,40.71,325.69,7,2022,Saturday,Q3
2022-07-31,Clothing,West,17,17.86,303.67,7,2022,Sunday,Q3
2022-08-01,Clothing,West,6,34.33,205.99,8,2022,Monday,Q3
2022-08-02,Clothing,West,8,31.66,253.26,8,2022,Tuesday,Q3
2022-08-03,Clothing,West,11,19.63,215.95,8,2022,Wednesday,Q3
2022-08-04,Clothing,West,4,41.22,164.89,8,2022,Thursday,Q3
2022-08-05,Clothing,West,25,10.82,270.53,8,2022,Friday,Q3
2022-08-06,Clothing,West,10,26.18,261.84,8,2022,Saturday,Q3
2022-08-07,Clothing,West,9,33.54,301.82,8,2022,Sunday,Q3
2022-08-08,Clothing,West,9,25.16,226.46,8,2022,Monday,Q3
2022-08-09,Clothing,West,4,51.32,205.27,8,2022,Tuesday,Q3
2022-08-10,Clothing,West,4,57.18,228.71,8,2022,Wednesday,Q3
2022-08-11,Clothing,West,10,21.49,214.86,8,2022,Thursday,Q3
2022-08-12,Clothing,West,6,37.7,226.22,8,2022,Friday,Q3
2022-08-13,Clothing,West,10,31.27,312.68,8,2022,Saturday,Q3
2022-08-14,Clothing,West,16,20.0,320.06,8,2022,Sunday,Q3
2022-08-15,Clothing,West,11,21.0,230.98,8,2022,Monday,Q3
2022-08-16,Clothing,West,11,21.79,239.66,8,2022,Tuesday,Q3
2022-08-17,Clothing,West,12,16.58,198.96,8,2022,Wednesday,Q3
2022-08-18,Clothing,West,3,52.14,156.42,8,2022,Thursday,Q3
2022-08-19,Clothing,West,10,18.8,188.02,8,2022,Friday,Q3
2022-08-20,Clothing,West,9,24.8,223.2,8,2022,Saturday,Q3
2022-08-21,Clothing,West,12,20.42,244.99,8,2022,Sunday,Q3
2022-08-22,Clothing,West,17,11.74,199.58,8,2022,Monday,Q3
2022-08-23,Clothing,West,3,62.9,188.71,8,2022,Tuesday,Q3
2022-08-24,Clothing,West,5,39.85,199.24,8,2022,Wednesday,Q3
2022-08-25,Clothing,West,10,19.97,199.68,8,2022,Thursday,Q3
2022-08-26,Clothing,West,8,21.33,170.62,8,2022,Friday,Q3
2022-08-27,Clothing,West,6,41.04,246.24,8,2022,Saturday,Q3
2022-08-28,Clothing,West,16,14.68,234.9,8,2022,Sunday,Q3
2022-08-29,Clothing,West,10,22.01,220.1,8,2022,Monday,Q3
2022-08-30,Clothing,West,8,23.5,187.98,8,2022,Tuesday,Q3
2022-08-31,Clothing,West,9,18.01,162.1,8,2022,Wednesday,Q3
2022-09-01,Clothing,West,11,18.83,207.18,9,2022,Thursday,Q3
2022-09-02,Clothing,West,3,54.19,162.57,9,2022,Friday,Q3
2022-09-03,Clothing,West,9,22.51,202.63,9,2022,Saturday,Q3
2022-09-04,Clothing,West,10,28.13,281.32,9,2022,Sunday,Q3
2022-09-05,Clothing,West,6,32.65,195.9,9,2022,Monday,Q3
2022-09-06,Clothing,West,7,28.2,197.4,9,2022,Tuesday,Q3
2022-09-07,Clothing,West,3,54.56,163.67,9,2022,Wednesday,Q3
2022-09-08,Clothing,West,6,26.44,158.62,9,2022,Thursday,Q3
2022-09-09,Clothing,West,7,19.52,136.62,9,2022,Friday,Q3
2022-09-10,Clothing,West,6,39.79,238.72,9,2022,Saturday,Q3
2022-09-11,Clothing,West,11,24.73,272.08,9,2022,Sunday,Q3
2022-09-12,Clothing,West,4,42.89,171.57,9,2022,Monday,Q3
2022-09-13,Clothing,West,3,44.27,132.81,9,2022,Tuesday,Q3
2022-09-14,Clothing,West,5,45.88,229.4,9,2022,Wednesday,Q3
2022-09-15,Clothing,West,4,42.42,169.67,9,2022,Thursday,Q3
2022-09-16,Clothing,West,2,58.28,116.57,9,2022,Friday,Q3
2022-09-17,Clothing,West,6,34.63,207.76,9,2022,Saturday,Q3
2022-09-18,Clothing,West,6,38.93,233.58,9,2022,Sunday,Q3
2022-09-19,Clothing,West,2,56.53,113.06,9,2022,Monday,Q3
2022-09-20,Clothing,West,4,42.0,167.99,9,2022,Tuesday,Q3
2022-09-21,Clothing,West,7,25.03,175.19,9,2022,Wednesday,Q3
2022-09-22,Clothing,West,5,30.42,152.1,9,2022,Thursday,Q3
2022-09-23,Clothing,West,4,41.74,166.97,9,2022,Friday,Q3
2022-09-24,Clothing,West,9,32.45,292.04,9,2022,Saturday,Q3
2022-09-25,Clothing,West,15,18.65,279.8,9,2022,Sunday,Q3
2022-09-26,Clothing,West,3,52.37,157.11,9,2022,Monday,Q3
2022-09-27,Clothing,West,7,25.88,181.19,9,2022,Tuesday,Q3
2022-09-28,Clothing,West,9,21.16,190.42,9,2022,Wednesday,Q3
2022-09-29,Clothing,West,6,27.95,167.67,9,2022,Thursday,Q3
2022-09-30,Clothing,West,5,23.79,118.93,9,2022,Friday,Q3
2022-10-01,Clothing,West,24,17.86,428.75,10,2022,Saturday,Q4
2022-10-02,Clothing,West,24,20.47,491.36,10,2022,Sunday,Q4
2022-10-03,Clothing,West,8,49.14,393.16,10,2022,Monday,Q4
2022-10-04,Clothing,West,24,13.6,326.49,10,2022,Tuesday,Q4
2022-10-05,Clothing,West,12,34.64,415.63,10,2022,Wednesday,Q4
2022-10-06,Clothing,West,28,12.44,348.35,10,2022,Thursday,Q4
2022-10-07,Clothing,West,9,37.33,335.99,10,2022,Friday,Q4
2022-10-08,Clothing,West,13,34.69,450.91,10,2022,Saturday,Q4
2022-10-09,Clothing,West,11,40.28,443.07,10,2022,Sunday,Q4
2022-10-10,Clothing,West,9,42.11,379.01,10,2022,Monday,Q4
2022-10-11,Clothing,West,20,17.31,346.27,10,2022,Tuesday,Q4
2022-10-12,Clothing,West,18,21.64,389.59,10,2022,Wednesday,Q4
2022-10-13,Clothing,West,22,18.23,401.12,10,2022,Thursday,Q4
2022-10-14,Clothing,West,14,26.06,364.82,10,2022,Friday,Q4
2022-10-15,Clothing,West,19,23.63,449.02,10,2022,Saturday,Q4
2022-10-16,Clothing,West,12,38.04,456.54,10,2022,Sunday,Q4
2022-10-17,Clothing,West,9,35.58,320.22,10,2022,Monday,Q4
2022-10-18,Clothing,West,11,29.57,325.32,10,2022,Tuesday,Q4
2022-10-19,Clothing,West,14,27.8,389.26,10,2022,Wednesday,Q4
2022-10-20,Clothing,West,9,39.74,357.7,10,2022,Thursday,Q4
2022-10-21,Clothing,West,20,17.62,352.41,10,2022,Friday,Q4
2022-10-22,Clothing,West,24,18.62,446.81,10,2022,Saturday,Q4
2022-10-23,Clothing,West,35,11.98,419.21,10,2022,Sunday,Q4
2022-10-24,Clothing,West,19,22.4,425.53,10,2022,Monday,Q4
2022-10-25,Clothing,West,15,23.85,357.78,10,2022,Tuesday,Q4
2022-10-26,Clothing,West,10,37.8,378.01,10,2022,Wednesday,Q4
2022-10-27,Clothing,West,17,20.73,352.4,10,2022,Thursday,Q4
2022-10-28,Clothing,West,16,27.79,444.68,10,2022,Friday,Q4
2022-10-29,Clothing,West,17,27.07,460.25,10,2022,Saturday,Q4
2022-10-30,Clothing,West,13,37.53,487.95,10,2022,Sunday,Q4
2022-10-31,Clothing,West,9,44.02,396.19,10,2022,Monday,Q4
