data/sales_data.csv
Date,Product_Category,Region,Units_Sold,Unit_Price,Total_Sales,Month,Year,Day_of_Week,Quarter
2022-11-01,Clothing,West,11,33.03,363.3,11,2022,Tuesday,Q4
2022-11-02,Clothing,West,9,44.66,401.98,11,2022,Wednesday,Q4
2022-11-03,Clothing,West,24,15.59,374.12,11,2022,Thursday,Q4
2022-11-04,Clothing,West,8,49.93,399.42,11,2022,Friday,Q4
2022-11-05,Clothing,West,11,46.14,507.56,11,2022,Saturday,Q4
2022-11-06,Clothing,West,27,18.65,503.44,11,2022,Sunday,Q4
2022-11-07,Clothing,West,19,20.29,385.48,11,2022,Monday,Q4
2022-11-08,Clothing,West,24,15.3,367.17,11,2022,Tuesday,Q4
2022-11-09,Clothing,West,18,24.59,442.68,11,2022,Wednesday,Q4
2022-11-10,Clothing,West,14,28.97,405.6,11,2022,Thursday,Q4
2022-11-11,Clothing,West,9,48.37,435.31,11,2022,Friday,Q4
2022-11-12,Clothing,West,36,13.36,480.81,11,2022,Saturday,Q4
2022-11-13,Clothing,West,13,37.37,485.83,11,2022,Sunday,Q4
2022-11-14,Clothing,West,15,25.01,375.11,11,2022,Monday,Q4
2022-11-15,Clothing,West,11,37.28,410.06,11,2022,Tuesday,Q4
2022-11-16,Clothing,West,9,48.92,440.31,11,2022,Wednesday,Q4
2022-11-17,Clothing,West,13,30.28,393.68,11,2022,Thursday,Q4
2022-11-18,Clothing,West,11,39.38,433.17,11,2022,Friday,Q4
2022-11-19,Clothing,West,10,50.23,502.27,11,2022,Saturday,Q4
2022-11-20,Clothing,West,27,17.42,470.35,11,2022,Sunday,Q4
2022-11-21,Clothing,West,36,11.48,413.45,11,2022,Monday,Q4
2022-11-22,Clothing,West,9,47.33,425.99,11,2022,Tuesday,Q4
2022-11-23,Clothing,West,16,26.9,430.42,11,2022,Wednesday,Q4
2022-11-24,Clothing,West,19,19.82,376.64,11,2022,Thursday,Q4
2022-11-25,Clothing,West,10,44.8,447.95,11,2022,Friday,Q4
2022-11-26,Clothing,West,27,18.81,507.96,11,2022,Saturday,Q4
2022-11-27,Clothing,West,22,22.51,495.29,11,2022,Sunday,Q4
2022-11-28,Clothing,West,13,34.5,448.47,11,2022,Monday,Q4
2022-11-29,Clothing,West,15,30.08,451.21,11,2022,Tuesday,Q4
2022-11-30,Clothing,West,16,26.87,429.85,11,2022,Wednesday,Q4
2022-01-01,Groceries,North,32,27.81,889.84,1,2022,Saturday,Q1
2022-01-02,Groceries,North,41,21.25,871.39,1,2022,Sunday,Q1
2022-01-03,Groceries,North,30,26.71,801.25,1,2022,Monday,Q1
2022-01-04,Groceries,North,67,12.12,812.28,1,2022,Tuesday,Q1
2022-01-05,Groceries,North,34,24.14,820.89,1,2022,Wednesday,Q1
2022-01-06,Groceries,North,39,21.4,834.49,1,2022,Thursday,Q1
2022-01-07,Groceries,North,19,43.88,833.78,1,2022,Friday,Q1
2022-01-08,Groceries,North,27,32.84,886.69,1,2022,Saturday,Q1
2022-01-09,Groceries,North,33,28.82,951.13,1,2022,Sunday,Q1
2022-01-10,Groceries,North,17,49.17,835.87,1,2022,Monday,Q1
2022-01-11,Groceries,North,59,14.48,854.46,1,2022,Tuesday,Q1
2022-01-12,Groceries,North,17,47.32,804.36,1,2022,Wednesday,Q1
2022-01-13,Groceries,North,19,47.14,895.71,1,2022,Thursday,Q1
2022-01-14,Groceries,North,45,18.52,833.24,1,2022,Friday,Q1
2022-01-15,Groceries,North,23,42.16,969.62,1,2022,Saturday,Q1
2022-01-16,Groceries,North,39,23.12,901.67,1,2022,Sunday,Q1
2022-01-17,Groceries,North,23,37.21,855.91,1,2022,Monday,Q1
2022-01-18,Groceries,North,20,41.92,838.49,1,2022,Tuesday,Q1
2022-01-19,Groceries,North,20,42.22,844.35,1,2022,Wednesday,Q1
2022-01-20,Groceries,North,27,31.26,843.93,1,2022,Thursday,Q1
2022-01-21,Groceries,North,41,20.45,838.37,1,2022,Friday,Q1
2022-01-22,Groceries,North,27,34.97,944.19,1,2022,Saturday,Q1
2022-01-23,Groceries,North,39,24.55,957.6,1,2022,Sunday,Q1
2022-01-24,Groceries,North,39,23.2,904.78,1,2022,Monday,Q1
2022-01-25,Groceries,North,25,34.75,868.77,1,2022,Tuesday,Q1
2022-01-26,Groceries,North,19,44.77,850.64,1,2022,Wednesday,Q1
2022-01-27,Groceries,North,18,48.67,876.02,1,2022,Thursday,Q1
2022-01-28,Groceries,North,16,51.57,825.12,1,2022,Friday,Q1
2022-01-29,Groceries,North,23,42.47,976.78,1,2022,Saturday,Q1
2022-01-30,Groceries,North,35,28.43,995.04,1,2022,Sunday,Q1
2022-01-31,Groceries,North,19,47.23,897.37,1,2022,Monday,Q1
2022-02-01,Groceries,North,75,11.59,869.6,2,2022,Tuesday,Q1
2022-02-02,Groceries,North,21,45.45,954.4,2,2022,Wednesday,Q1
2022-02-03,Groceries,North,26,35.91,933.78,2,2022,Thursday,Q1
2022-02-04,Groceries,North,17,49.35,838.92,2,2022,Friday,Q1
2022-02-05,Groceries,North,34,27.79,944.76,2,2022,Saturday,Q1
2022-02-06,Groceries,North,18,52.12,938.24,2,2022,Sunday,Q1
2022-02-07,Groceries,North,25,35.76,893.97,2,2022,Monday,Q1
2022-02-08,Groceries,North,21,42.86,900.02,2,2022,Tuesday,Q1
2022-02-09,Groceries,North,23,38.14,877.19,2,2022,Wednesday,Q1
2022-02-10,Groceries,North,25,35.58,889.61,2,2022,Thursday,Q1
2022-02-11,Groceries,North,18,50.37,906.73,2,2022,Friday,Q1
2022-02-12,Groceries,North,43,22.25,956.64,2,2022,Saturday,Q1
2022-02-13,Groceries,North,28,35.1,982.73,2,2022,Sunday,Q1
2022-02-14,Groceries,North,44,20.55,904.11,2,2022,Monday,Q1
2022-02-15,Groceries,North,28,32.65,914.29,2,2022,Tuesday,Q1
2022-02-16,Groceries,North,42,21.77,914.24,2,2022,Wednesday,Q1
2022-02-17,Groceries,North,23,39.9,917.72,2,2022,Thursday,Q1
2022-02-18,Groceries,North,78,11.34,884.44,2,2022,Friday,Q1
2022-02-19,Groceries,North,45,22.12,995.61,2,2022,Saturday,Q1
2022-02-20,Groceries,North,70,14.29,1000.18,2,2022,Sunday,Q1
2022-02-21,Groceries,North,32,29.75,951.87,2,2022,Monday,Q1
2022-02-22,Groceries,North,84,10.56,886.93,2,2022,Tuesday,Q1
2022-02-23,Groceries,North,40,24.05,962.16,2,2022,Wednesday,Q1
2022-02-24,Groceries,North,34,27.75,943.57,2,2022,Thursday,Q1
2022-02-25,Groceries,North,40,21.82,872.78,2,2022,Friday,Q1
2022-02-26,Groceries,North,25,41.17,1029.23,2,2022,Saturday,Q1
2022-02-27,Groceries,North,70,15.0,1049.76,2,2022,Sunday,Q1
2022-02-28,Groceries,North,34,27.6,938.25,2,2022,Monday,Q1
2022-03-01,Groceries,North,27,35.25,951.88,3,2022,Tuesday,Q1
2022-03-02,Groceries,North,39,24.0,936.17,3,2022,Wednesday,Q1
2022-03-03,Groceries,North,25,38.56,964.05,3,2022,Thursday,Q1
2022-03-04,Groceries,North,49,20.2,989.84,3,2022,Friday,Q1
2022-03-05,Groceries,North,54,18.84,1017.38,3,2022,Saturday,Q1
2022-03-06,Groceries,North,102,10.08,1028.57,3,2022,Sunday,Q1
2022-03-07,Groceries,North,30,30.93,927.78,3,2022,Monday,Q1
2022-03-08,Groceries,North,55,17.48,961.38,3,2022,Tuesday,Q1
2022-03-09,Groceries,North,54,18.06,975.02,3,2022,Wednesday,Q1
2022-03-10,Groceries,North,26,34.96,908.85,3,2022,Thursday,Q1
2022-03-11,Groceries,North,23,40.94,941.51,3,2022,Friday,Q1
2022-03-12,Groceries,North,83,12.35,1025.24,3,2022,Saturday,Q1
2022-03-13,Groceries,North,37,28.05,1037.99,3,2022,Sunday,Q1
2022-03-14,Groceries,North,26,35.22,915.84,3,2022,Monday,Q1
2022-03-15,Groceries,North,19,51.19,972.54,3,2022,Tuesday,Q1
2022-03-16,Groceries,North,20,47.84,956.77,3,2022,Wednesday,Q1
2022-03-17,Groceries,North,68,13.64,927.71,3,2022,Thursday,Q1
2022-03-18,Groceries,North,28,34.17,956.79,3,2022,Friday,Q1
2022-03-19,Groceries,North,24,44.86,1076.59,3,2022,Saturday,Q1
2022-03-20,Groceries,North,49,20.92,1025.27,3,2022,Sunday,Q1
2022-03-21,Groceries,North,33,28.72,947.64,3,2022,Monday,Q1
2022-03-22,Groceries,North,21,44.45,933.43,3,2022,Tuesday,Q1
2022-03-23,Groceries,North,21,44.59,936.36,3,2022,Wednesday,Q1
2022-03-24,Groceries,North,19,49.83,946.75,3,2022,Thursday,Q1
2022-03-25,Groceries,North,24,41.22,989.16,3,2022,Friday,Q1
2022-03-26,Groceries,North,95,11.36,1078.82,3,2022,Saturday,Q1
2022-03-27,Groceries,North,20,48.88,977.55,3,2022,Sunday,Q1
2022-03-28,Groceries,North,56,16.98,951.1,3,2022,Monday,Q1
2022-03-29,Groceries,North,18,51.83,932.91,3,2022,Tuesday,Q1
2022-03-30,Groceries,North,38,25.49,968.49,3,2022,Wednesday,Q1
2022-03-31,Groceries,North,34,27.19,924.35,3,2022,Thursday,Q1
2022-04-01,Groceries,North,26,38.64,1004.52,4,2022,Friday,Q2
2022-04-02,Groceries,North,48,21.83,1047.78,4,2022,Saturday,Q2
2022-04-03,Groceries,North,31,32.54,1008.68,4,2022,Sunday,Q2
2022-04-04,Groceries,North,28,34.03,952.86,4,2022,Monday,Q2
2022-04-05,Groceries,North,39,24.01,936.57,4,2022,Tuesday,Q2
2022-04-06,Groceries,North,37,26.49,980.1,4,2022,Wednesday,Q2
2022-04-07,Groceries,North,28,34.53,966.84,4,2022,Thursday,Q2
2022-04-08,Groceries,North,22,45.67,1004.71,4,2022,Friday,Q2
2022-04-09,Groceries,North,42,24.48,1028.07,4,2022,Saturday,Q2
2022-04-10,Groceries,North,32,32.19,1030.15,4,2022,Sunday,Q2
2022-04-11,Groceries,North,21,45.7,959.76,4,2022,Monday,Q2
2022-04-12,Groceries,North,47,20.48,962.57,4,2022,Tuesday,Q2
2022-04-13,Groceries,North,19,49.57,941.87,4,2022,Wednesday,Q2
2022-04-14,Groceries,North,78,12.17,949.61,4,2022,Thursday,Q2
2022-04-15,Groceries,North,34,28.22,959.45,4,2022,Friday,Q2
2022-04-16,Groceries,North,38,25.4,965.13,4,2022,Saturday,Q2
2022-04-17,Groceries,North,67,14.44,967.55,4,2022,Sunday,Q2
2022-04-18,Groceries,North,36,25.65,923.46,4,2022,Monday,Q2
2022-04-19,Groceries,North,89,11.09,987.33,4,2022,Tuesday,Q2
2022-04-20,Groceries,North,19,46.41,881.82,4,2022,Wednesday,Q2
2022-04-21,Groceries,North,93,10.1,939.03,4,2022,Thursday,Q2
2022-04-22,Groceries,North,46,20.6,947.56,4,2022,Friday,Q2
2022-04-23,Groceries,North,20,48.14,962.87,4,2022,Saturday,Q2
2022-04-24,Groceries,North,50,21.44,1072.25,4,2022,Sunday,Q2
2022-04-25,Groceries,North,52,17.46,907.66,4,2022,Monday,Q2
2022-04-26,Groceries,North,40,22.43,897.33,4,2022,Tuesday,Q2
2022-04-27,Groceries,North,31,30.31,939.63,4,2022,Wednesday,Q2
2022-04-28,Groceries,North,54,17.41,939.95,4,2022,Thursday,Q2
2022-04-29,Groceries,North,70,13.46,942.42,4,2022,Friday,Q2
2022-04-30,Groceries,North,35,27.74,971.06,4,2022,Saturday,Q2
2022-05-01,Groceries,North,54,17.71,956.1,5,2022,Sunday,Q2
2022-05-02,Groceries,North,22,42.58,936.85,5,2022,Monday,Q2
2022-05-03,Groceries,North,42,20.79,873.16,5,2022,Tuesday,Q2
2022-05-04,Groceries,North,21,44.63,937.31,5,2022,Wednesday,Q2
2022-05-05,Groceries,North,46,21.07,969.25,5,2022,Thursday,Q2
2022-05-06,Groceries,North,79,11.19,883.66,5,2022,Friday,Q2
2022-05-07,Groceries,North,52,19.63,1020.64,5,2022,Saturday,Q2
2022-05-08,Groceries,North,27,36.77,992.69,5,2022,Sunday,Q2
2022-05-09,Groceries,North,20,44.78,895.66,5,2022,Monday,Q2
2022-05-10,Groceries,North,23,39.94,918.65,5,2022,Tuesday,Q2
2022-05-11,Groceries,North,23,40.1,922.23,5,2022,Wednesday,Q2
2022-05-12,Groceries,North,33,28.14,928.52,5,2022,Thursday,Q2
2022-05-13,Groceries,North,59,16.07,948.04,5,2022,Friday,Q2
2022-05-14,Groceries,North,33,30.43,1004.15,5,2022,Saturday,Q2
2022-05-15,Groceries,North,67,15.17,1016.29,5,2022,Sunday,Q2
2022-05-16,Groceries,North,37,25.12,929.61,5,2022,Monday,Q2
2022-05-17,Groceries,North,30,31.01,930.27,5,2022,Tuesday,Q2
2022-05-18,Groceries,North,75,12.2,915.25,5,2022,Wednesday,Q2
2022-05-19,Groceries,North,20,43.91,878.19,5,2022,Thursday,Q2
2022-05-20,Groceries,North,18,50.4,907.25,5,2022,Friday,Q2
2022-05-21,Groceries,North,38,25.13,955.02,5,2022,Saturday,Q2
2022-05-22,Groceries,North,100,10.31,1031.31,5,2022,Sunday,Q2
2022-05-23,Groceries,North,18,51.46,926.26,5,2022,Monday,Q2
2022-05-24,Groceries,North,57,15.26,869.64,5,2022,Tuesday,Q2
2022-05-25,Groceries,North,18,49.79,896.25,5,2022,Wednesday,Q2
2022-05-26,Groceries,North,24,37.15,891.69,5,2022,Thursday,Q2
2022-05-27,Groceries,North,20,46.23,924.58,5,2022,Friday,Q2
2022-05-28,Groceries,North,70,14.64,1024.83,5,2022,Saturday,Q2
2022-05-29,Groceries,North,38,24.22,920.38,5,2022,Sunday,Q2
2022-05-30,Groceries,North,24,37.06,889.45,5,2022,Monday,Q2
2022-05-31,Groceries,North,40,22.48,899.18,5,2022,Tuesday,Q2
2022-06-01,Groceries,North,63,13.99,881.35,6,2022,Wednesday,Q2
2022-06-02,Groceries,North,81,10.91,883.63,6,2022,Thursday,Q2
2022-06-03,Groceries,North,44,19.44,855.19,6,2022,Friday,Q2
2022-06-04,Groceries,North,21,42.72,897.07,6,2022,Saturday,Q2
2022-06-05,Groceries,North,20,47.94,958.79,6,2022,Sunday,Q2
2022-06-06,Groceries,North,22,38.18,839.88,6,2022,Monday,Q2
2022-06-07,Groceries,North,34,25.26,858.93,6,2022,Tuesday,Q2
2022-06-08,Groceries,North,19,46.67,886.72,6,2022,Wednesday,Q2
2022-06-09,Groceries,North,22,40.34,887.42,6,2022,Thursday,Q2
2022-06-10,Groceries,North,27,30.88,833.72,6,2022,Friday,Q2
2022-06-11,Groceries,North,41,23.25,953.41,6,2022,Saturday,Q2
2022-06-12,Groceries,North,44,21.17,931.64,6,2022,Sunday,Q2
2022-06-13,Groceries,North,21,38.4,806.35,6,2022,Monday,Q2
2022-06-14,Groceries,North,23,36.3,834.8,6,2022,Tuesday,Q2
2022-06-15,Groceries,North,76,10.96,833.28,6,2022,Wednesday,Q2
2022-06-16,Groceries,North,32,26.53,848.98,6,2022,Thursday,Q2
2022-06-17,Groceries,North,26,33.93,882.21,6,2022,Friday,Q2
2022-06-18,Groceries,North,59,15.99,943.52,6,2022,Saturday,Q2
2022-06-19,Groceries,North,19,50.25,954.68,6,2022,Sunday,Q2
2022-06-20,Groceries,North,34,24.65,838.06,6,2022,Monday,Q2
2022-06-21,Groceries,North,28,31.5,881.97,6,2022,Tuesday,Q2
2022-06-22,Groceries,North,41,20.92,857.69,6,2022,Wednesday,Q2
2022-06-23,Groceries,North,70,11.53,807.33,6,2022,Thursday,Q2
2022-06-24,Groceries,North,56,14.77,827.32,6,2022,Friday,Q2
2022-06-25,Groceries,North,24,39.23,941.48,6,2022,Saturday,Q2
2022-06-26,Groceries,North,20,47.23,944.67,6,2022,Sunday,Q2
2022-06-27,Groceries,North,28,28.19,789.25,6,2022,Monday,Q2
2022-06-28,Groceries,North,18,44.62,803.19,6,2022,Tuesday,Q2
2022-06-29,Groceries,North,23,34.78,800.03,6,2022,Wednesday,Q2
2022-06-30,Groceries,North,37,22.06,816.38,6,2022,Thursday,Q2
2022-07-01,Groceries,North,31,25.53,791.48,7,2022,Friday,Q3
2022-07-02,Groceries,North,50,17.25,862.32,7,2022,Saturday,Q3
2022-07-03,Groceries,North,45,20.38,917.24,7,2022,Sunday,Q3
2022-07-04,Groceries,North,29,27.15,787.25,7,2022,Monday,Q3
2022-07-05,Groceries,North,44,18.3,804.98,7,2022,Tuesday,Q3
2022-07-06,Groceries,North,24,34.09,818.14,7,2022,Wednesday,Q3
2022-07-07,Groceries,North,21,36.65,769.56,7,2022,Thursday,Q3
2022-07-08,Groceries,North,60,13.68,820.73,7,2022,Friday,Q3
2022-07-09,Groceries,North,24,38.08,914.01,7,2022,Saturday,Q3
2022-07-10,Groceries,North,35,23.97,838.99,7,2022,Sunday,Q3
2022-07-11,Groceries,North,37,21.77,805.66,7,2022,Monday,Q3
2022-07-12,Groceries,North,16,50.32,805.11,7,2022,Tuesday,Q3
2022-07-13,Groceries,North,20,38.08,761.6,7,2022,Wednesday,Q3
2022-07-14,Groceries,North,41,18.44,756.07,7,2022,Thursday,Q3
2022-07-15,Groceries,North,30,26.72,801.57,7,2022,Friday,Q3
2022-07-16,Groceries,North,76,11.2,850.99,7,2022,Saturday,Q3
2022-07-17,Groceries,North,67,13.04,873.86,7,2022,Sunday,Q3
2022-07-18,Groceries,North,25,28.83,720.72,7,2022,Monday,Q3
2022-07-19,Groceries,North,22,35.79,787.4,7,2022,Tuesday,Q3
2022-07-20,Groceries,North,14,52.4,733.65,7,2022,Wednesday,Q3
2022-07-21,Groceries,North,28,27.5,769.93,7,2022,Thursday,Q3
2022-07-22,Groceries,North,24,31.65,759.55,7,2022,Friday,Q3
2022-07-23,Groceries,North,49,17.05,835.53,7,2022,Saturday,Q3
2022-07-24,Groceries,North,21,42.53,893.05,7,2022,Sunday,Q3
2022-07-25,Groceries,North,37,20.4,754.88,7,2022,Monday,Q3
2022-07-26,Groceries,North,17,48.23,819.98,7,2022,Tuesday,Q3
2022-07-27,Groceries,North,20,35.4,708.02,7,2022,Wednesday,Q3
2022-07-28,Groceries,North,69,10.62,733.06,7,2022,Thursday,Q3
2022-07-29,Groceries,North,22,33.85,744.8,7,2022,Friday,Q3
2022-07-30,Groceries,North,17,47.83,813.06,7,2022,Saturday,Q3
2022-07-31,Groceries,North,27,32.26,871.1,7,2022,Sunday,Q3
2022-08-01,Groceries,North,29,25.71,745.68,8,2022,Monday,Q3
2022-08-02,Groceries,North,19,39.64,753.12,8,2022,Tuesday,Q3
2022-08-03,Groceries,North,17,47.81,812.75,8,2022,Wednesday,Q3
2022-08-04,Groceries,North,18,42.79,770.13,8,2022,Thursday,Q3
2022-08-05,Groceries,North,73,10.38,757.81,8,2022,Friday,Q3
2022-08-06,Groceries,North,25,32.64,815.96,8,2022,Saturday,Q3
2022-08-07,Groceries,North,31,26.57,823.55,8,2022,Sunday,Q3
2022-08-08,Groceries,North,27,27.17,733.55,8,2022,Monday,Q3
2022-08-09,Groceries,North,24,31.94,766.5,8,2022,Tuesday,Q3
2022-08-10,Groceries,North,23,29.44,677.13,8,2022,Wednesday,Q3
2022-08-11,Groceries,North,41,17.23,706.55,8,2022,Thursday,Q3
2022-08-12,Groceries,North,24,31.1,746.51,8,2022,Friday,Q3
2022-08-13,Groceries,North,37,20.62,763.12,8,2022,Saturday,Q3
2022-08-14,Groceries,North,18,43.65,785.73,8,2022,Sunday,Q3
2022-08-15,Groceries,North,30,22.28,668.51,8,2022,Monday,Q3
2022-08-16,Groceries,North,22,30.08,661.75,8,2022,Tuesday,Q3
2022-08-17,Groceries,North,30,23.23,696.78,8,2022,Wednesday,Q3
2022-08-18,Groceries,North,45,15.72,707.48,8,2022,Thursday,Q3
2022-08-19,Groceries,North,19,37.03,703.55,8,2022,Friday,Q3
2022-08-20,Groceries,North,18,45.02,810.33,8,2022,Saturday,Q3
2022-08-21,Groceries,North,36,20.35,732.72,8,2022,Sunday,Q3
2022-08-22,Groceries,North,14,51.45,720.36,8,2022,Monday,Q3
2022-08-23,Groceries,North,24,32.14,771.36,8,2022,Tuesday,Q3
2022-08-24,Groceries,North,37,18.79,695.1,8,2022,Wednesday,Q3
2022-08-25,Groceries,North,63,10.7,674.33,8,2022,Thursday,Q3
2022-08-26,Groceries,North,21,31.25,656.33,8,2022,Friday,Q3
2022-08-27,Groceries,North,20,38.23,764.55,8,2022,Saturday,Q3
2022-08-28,Groceries,North,62,12.85,796.87,8,2022,Sunday,Q3
2022-08-29,Groceries,North,15,47.54,713.05,8,2022,Monday,Q3
2022-08-30,Groceries,North,19,35.31,670.81,8,2022,Tuesday,Q3
2022-08-31,Groceries,North,32,22.75,728.09,8,2022,Wednesday,Q3
2022-09-01,Groceries,North,19,36.47,692.94,9,2022,Thursday,Q3
2022-09-02,Groceries,North,13,48.99,636.9,9,2022,Friday,Q3
2022-09-03,Groceries,North,15,51.02,765.26,9,2022,Saturday,Q3
2022-09-04,Groceries,North,29,25.32,734.28,9,2022,Sunday,Q3
2022-09-05,Groceries,North,14,46.49,650.84,9,2022,Monday,Q3
2022-09-06,Groceries,North,18,38.27,688.87,9,2022,Tuesday,Q3
2022-09-07,Groceries,North,15,48.46,726.95,9,2022,Wednesday,Q3
2022-09-08,Groceries,North,61,11.87,724.36,9,2022,Thursday,Q3
2022-09-09,Groceries,North,25,26.58,664.47,9,2022,Friday,Q3
2022-09-10,Groceries,North,63,11.86,747.43,9,2022,Saturday,Q3
2022-09-11,Groceries,North,73,10.41,760.09,9,2022,Sunday,Q3
2022-09-12,Groceries,North,55,12.44,684.14,9,2022,Monday,Q3
2022-09-13,Groceries,North,16,41.22,659.47,9,2022,Tuesday,Q3
2022-09-14,Groceries,North,13,47.95,623.3,9,2022,Wednesday,Q3
2022-09-15,Groceries,North,14,50.11,701.48,9,2022,Thursday,Q3
2022-09-16,Groceries,North,53,13.19,699.29,9,2022,Friday,Q3
2022-09-17,Groceries,North,25,28.88,721.98,9,2022,Saturday,Q3
2022-09-18,Groceries,North,31,23.12,716.57,9,2022,Sunday,Q3
2022-09-19,Groceries,North,15,46.07,691.01,9,2022,Monday,Q3
2022-09-20,Groceries,North,14,47.61,666.59,9,2022,Tuesday,Q3
