data/sales_data.csv
Date,Product_Category,Region,Units_Sold,Unit_Price,Total_Sales,Month,Year,Day_of_Week,Quarter
2022-09-21,Groceries,North,16,37.71,603.31,9,2022,Wednesday,Q3
2022-09-22,Groceries,North,48,13.83,663.85,9,2022,Thursday,Q3
2022-09-23,Groceries,North,15,42.71,640.58,9,2022,Friday,Q3
2022-09-24,Groceries,North,23,33.12,761.83,9,2022,Saturday,Q3
2022-09-25,Groceries,North,21,35.15,738.06,9,2022,Sunday,Q3
2022-09-26,Groceries,North,18,36.17,650.99,9,2022,Monday,Q3
2022-09-27,Groceries,North,59,11.7,690.06,9,2022,Tuesday,Q3
2022-09-28,Groceries,North,13,51.48,669.22,9,2022,Wednesday,Q3
2022-09-29,Groceries,North,15,43.55,653.27,9,2022,Thursday,Q3
2022-09-30,Groceries,North,40,17.03,681.22,9,2022,Friday,Q3
2022-10-01,Groceries,North,48,20.24,971.34,10,2022,Saturday,Q4
2022-10-02,Groceries,North,26,36.76,955.73,10,2022,Sunday,Q4
2022-10-03,Groceries,North,46,17.43,801.7,10,2022,Monday,Q4
2022-10-04,Groceries,North,46,18.96,872.09,10,2022,Tuesday,Q4
2022-10-05,Groceries,North,46,18.01,828.28,10,2022,Wednesday,Q4
2022-10-06,Groceries,North,17,49.04,833.62,10,2022,Thursday,Q4
2022-10-07,Groceries,North,22,39.84,876.57,10,2022,Friday,Q4
2022-10-08,Groceries,North,35,28.03,980.99,10,2022,Saturday,Q4
2022-10-09,Groceries,North,33,29.11,960.69,10,2022,Sunday,Q4
2022-10-10,Groceries,North,76,11.22,852.77,10,2022,Monday,Q4
2022-10-11,Groceries,North,20,44.17,883.37,10,2022,Tuesday,Q4
2022-10-12,Groceries,North,30,29.13,873.79,10,2022,Wednesday,Q4
2022-10-13,Groceries,North,27,32.95,889.68,10,2022,Thursday,Q4
2022-10-14,Groceries,North,25,35.8,895.08,10,2022,Friday,Q4
2022-10-15,Groceries,North,55,17.54,964.68,10,2022,Saturday,Q4
2022-10-16,Groceries,North,81,11.69,946.73,10,2022,Sunday,Q4
2022-10-17,Groceries,North,33,26.6,877.84,10,2022,Monday,Q4
2022-10-18,Groceries,North,38,23.47,891.89,10,2022,Tuesday,Q4
2022-10-19,Groceries,North,48,18.85,904.58,10,2022,Wednesday,Q4
2022-10-20,Groceries,North,31,27.74,860.09,10,2022,Thursday,Q4
2022-10-21,Groceries,North,23,36.92,849.09,10,2022,Friday,Q4
2022-10-22,Groceries,North,28,35.43,992.04,10,2022,Saturday,Q4
2022-10-23,Groceries,North,30,32.95,988.54,10,2022,Sunday,Q4
2022-10-24,Groceries,North,23,36.54,840.4,10,2022,Monday,Q4
2022-10-25,Groceries,North,34,25.98,883.22,10,2022,Tuesday,Q4
2022-10-26,Groceries,North,24,37.96,910.93,10,2022,Wednesday,Q4
2022-10-27,Groceries,North,21,43.48,913.09,10,2022,Thursday,Q4
2022-10-28,Groceries,North,18,48.55,873.85,10,2022,Friday,Q4
2022-10-29,Groceries,North,20,45.28,905.6,10,2022,Saturday,Q4
2022-10-30,Groceries,North,35,28.44,995.44,10,2022,Sunday,Q4
2022-10-31,Groceries,North,20,42.58,851.57,10,2022,Monday,Q4
2022-11-01,Groceries,North,52,17.62,916.23,11,2022,Tuesday,Q4
2022-11-02,Groceries,North,21,42.23,886.88,11,2022,Wednesday,Q4
2022-11-03,Groceries,North,28,31.32,877.0,11,2022,Thursday,Q4
2022-11-04,Groceries,North,22,41.35,909.73,11,2022,Friday,Q4
2022-11-05,Groceries,North,25,37.47,936.83,11,2022,Saturday,Q4
2022-11-06,Groceries,North,19,49.86,947.38,11,2022,Sunday,Q4
2022-11-07,Groceries,North,43,21.85,939.53,11,2022,Monday,Q4
2022-11-08,Groceries,North,52,17.64,917.26,11,2022,Tuesday,Q4
2022-11-09,Groceries,North,24,38.92,934.11,11,2022,Wednesday,Q4
2022-11-10,Groceries,North,54,17.1,923.15,11,2022,Thursday,Q4
2022-11-11,Groceries,North,36,25.59,921.21,11,2022,Friday,Q4
2022-11-12,Groceries,North,35,29.17,1020.83,11,2022,Saturday,Q4
2022-11-13,Groceries,North,66,15.9,1049.55,11,2022,Sunday,Q4
2022-11-14,Groceries,North,18,50.15,902.7,11,2022,Monday,Q4
2022-11-15,Groceries,North,27,33.37,900.96,11,2022,Tuesday,Q4
2022-11-16,Groceries,North,37,25.01,925.4,11,2022,Wednesday,Q4
2022-11-17,Groceries,North,19,47.57,903.87,11,2022,Thursday,Q4
2022-11-18,Groceries,North,22,40.57,892.63,11,2022,Friday,Q4
2022-11-19,Groceries,North,34,29.52,1003.65,11,2022,Saturday,Q4
2022-11-20,Groceries,North,25,39.2,979.95,11,2022,Sunday,Q4
2022-11-21,Groceries,North,35,26.8,937.98,11,2022,Monday,Q4
2022-11-22,Groceries,North,26,34.87,906.61,11,2022,Tuesday,Q4
2022-11-23,Groceries,North,32,28.71,918.74,11,2022,Wednesday,Q4
2022-11-24,Groceries,North,31,28.63,887.39,11,2022,Thursday,Q4
2022-11-25,Groceries,North,29,34.12,989.34,11,2022,Friday,Q4
2022-11-26,Groceries,North,36,28.82,1037.64,11,2022,Saturday,Q4
2022-11-27,Groceries,North,23,42.59,979.54,11,2022,Sunday,Q4
2022-11-28,Groceries,North,22,41.79,919.46,11,2022,Monday,Q4
2022-11-29,Groceries,North,29,32.1,930.97,11,2022,Tuesday,Q4
2022-11-30,Groceries,North,36,25.82,929.55,11,2022,Wednesday,Q4
2022-01-01,Groceries,South,38,21.72,825.18,1,2022,Saturday,Q1
2022-01-02,Groceries,South,28,32.75,916.93,1,2022,Sunday,Q1
2022-01-03,Groceries,South,20,40.93,818.56,1,2022,Monday,Q1
2022-01-04,Groceries,South,41,21.57,884.37,1,2022,Tuesday,Q1
2022-01-05,Groceries,South,34,24.6,836.55,1,2022,Wednesday,Q1
2022-01-06,Groceries,South,71,11.13,790.0,1,2022,Thursday,Q1
2022-01-07,Groceries,South,25,37.36,933.91,1,2022,Friday,Q1
2022-01-08,Groceries,South,22,40.06,881.34,1,2022,Saturday,Q1
2022-01-09,Groceries,South,27,32.09,866.41,1,2022,Sunday,Q1
2022-01-10,Groceries,South,24,34.26,822.24,1,2022,Monday,Q1
2022-01-11,Groceries,South,27,30.52,823.94,1,2022,Tuesday,Q1
2022-01-12,Groceries,South,19,44.53,846.07,1,2022,Wednesday,Q1
2022-01-13,Groceries,South,33,26.87,886.55,1,2022,Thursday,Q1
2022-01-14,Groceries,South,32,25.17,805.39,1,2022,Friday,Q1
2022-01-15,Groceries,South,31,30.5,945.45,1,2022,Saturday,Q1
2022-01-16,Groceries,South,34,27.61,938.66,1,2022,Sunday,Q1
2022-01-17,Groceries,South,26,31.98,831.44,1,2022,Monday,Q1
2022-01-18,Groceries,South,51,16.02,817.23,1,2022,Tuesday,Q1
2022-01-19,Groceries,South,82,10.2,836.28,1,2022,Wednesday,Q1
2022-01-20,Groceries,South,32,28.02,896.7,1,2022,Thursday,Q1
2022-01-21,Groceries,South,35,25.3,885.52,1,2022,Friday,Q1
2022-01-22,Groceries,South,26,37.15,965.99,1,2022,Saturday,Q1
2022-01-23,Groceries,South,65,13.72,891.84,1,2022,Sunday,Q1
2022-01-24,Groceries,South,24,36.14,867.27,1,2022,Monday,Q1
2022-01-25,Groceries,South,28,31.38,878.55,1,2022,Tuesday,Q1
2022-01-26,Groceries,South,29,30.1,872.88,1,2022,Wednesday,Q1
2022-01-27,Groceries,South,38,24.1,915.86,1,2022,Thursday,Q1
2022-01-28,Groceries,South,32,26.57,850.13,1,2022,Friday,Q1
2022-01-29,Groceries,South,83,11.64,965.97,1,2022,Saturday,Q1
2022-01-30,Groceries,South,26,36.98,961.44,1,2022,Sunday,Q1
2022-01-31,Groceries,South,45,18.46,830.51,1,2022,Monday,Q1
2022-02-01,Groceries,South,22,39.53,869.58,2,2022,Tuesday,Q1
2022-02-02,Groceries,South,26,33.87,880.57,2,2022,Wednesday,Q1
2022-02-03,Groceries,South,32,28.59,914.81,2,2022,Thursday,Q1
2022-02-04,Groceries,South,30,30.0,899.92,2,2022,Friday,Q1
2022-02-05,Groceries,South,26,39.16,1018.04,2,2022,Saturday,Q1
2022-02-06,Groceries,South,20,48.08,961.52,2,2022,Sunday,Q1
2022-02-07,Groceries,South,20,44.64,892.85,2,2022,Monday,Q1
2022-02-08,Groceries,South,25,35.81,895.3,2,2022,Tuesday,Q1
2022-02-09,Groceries,South,33,28.14,928.46,2,2022,Wednesday,Q1
2022-02-10,Groceries,South,21,42.47,891.77,2,2022,Thursday,Q1
2022-02-11,Groceries,South,18,47.91,862.39,2,2022,Friday,Q1
2022-02-12,Groceries,South,21,46.2,970.14,2,2022,Saturday,Q1
2022-02-13,Groceries,South,24,40.9,981.56,2,2022,Sunday,Q1
2022-02-14,Groceries,South,45,20.02,901.01,2,2022,Monday,Q1
2022-02-15,Groceries,South,67,13.4,897.99,2,2022,Tuesday,Q1
2022-02-16,Groceries,South,20,43.38,867.7,2,2022,Wednesday,Q1
2022-02-17,Groceries,South,42,22.67,952.19,2,2022,Thursday,Q1
2022-02-18,Groceries,South,40,22.35,894.11,2,2022,Friday,Q1
2022-02-19,Groceries,South,29,34.04,987.1,2,2022,Saturday,Q1
2022-02-20,Groceries,South,37,25.67,949.85,2,2022,Sunday,Q1
2022-02-21,Groceries,South,24,38.34,920.23,2,2022,Monday,Q1
2022-02-22,Groceries,South,34,27.19,924.5,2,2022,Tuesday,Q1
2022-02-23,Groceries,South,74,13.04,964.72,2,2022,Wednesday,Q1
2022-02-24,Groceries,South,42,22.37,939.46,2,2022,Thursday,Q1
2022-02-25,Groceries,South,53,18.19,963.83,2,2022,Friday,Q1
2022-02-26,Groceries,South,65,15.74,1022.96,2,2022,Saturday,Q1
2022-02-27,Groceries,South,21,46.18,969.68,2,2022,Sunday,Q1
2022-02-28,Groceries,South,20,46.81,936.18,2,2022,Monday,Q1
2022-03-01,Groceries,South,41,21.94,899.61,3,2022,Tuesday,Q1
2022-03-02,Groceries,South,39,25.12,979.59,3,2022,Wednesday,Q1
2022-03-03,Groceries,South,74,12.6,932.16,3,2022,Thursday,Q1
2022-03-04,Groceries,South,26,35.77,929.98,3,2022,Friday,Q1
2022-03-05,Groceries,South,85,11.63,988.33,3,2022,Saturday,Q1
2022-03-06,Groceries,South,37,27.12,1003.53,3,2022,Sunday,Q1
2022-03-07,Groceries,South,31,30.54,946.81,3,2022,Monday,Q1
2022-03-08,Groceries,South,22,43.32,953.05,3,2022,Tuesday,Q1
2022-03-09,Groceries,South,36,27.36,984.95,3,2022,Wednesday,Q1
2022-03-10,Groceries,South,20,45.75,915.01,3,2022,Thursday,Q1
2022-03-11,Groceries,South,26,35.46,922.05,3,2022,Friday,Q1
2022-03-12,Groceries,South,32,30.22,966.89,3,2022,Saturday,Q1
2022-03-13,Groceries,South,30,34.79,1043.59,3,2022,Sunday,Q1
2022-03-14,Groceries,South,64,14.83,948.83,3,2022,Monday,Q1
2022-03-15,Groceries,South,69,12.75,879.68,3,2022,Tuesday,Q1
2022-03-16,Groceries,South,23,41.82,961.77,3,2022,Wednesday,Q1
2022-03-17,Groceries,South,25,38.64,966.07,3,2022,Thursday,Q1
2022-03-18,Groceries,South,19,51.61,980.66,3,2022,Friday,Q1
2022-03-19,Groceries,South,25,42.22,1055.58,3,2022,Saturday,Q1
2022-03-20,Groceries,South,70,14.06,984.12,3,2022,Sunday,Q1
2022-03-21,Groceries,South,23,40.53,932.08,3,2022,Monday,Q1
2022-03-22,Groceries,South,43,21.76,935.5,3,2022,Tuesday,Q1
2022-03-23,Groceries,South,59,16.84,993.8,3,2022,Wednesday,Q1
2022-03-24,Groceries,South,25,38.03,950.66,3,2022,Thursday,Q1
2022-03-25,Groceries,South,29,33.67,976.31,3,2022,Friday,Q1
2022-03-26,Groceries,South,28,37.55,1051.4,3,2022,Saturday,Q1
2022-03-27,Groceries,South,69,14.81,1021.98,3,2022,Sunday,Q1
2022-03-28,Groceries,South,20,46.9,938.02,3,2022,Monday,Q1
2022-03-29,Groceries,South,88,11.13,979.78,3,2022,Tuesday,Q1
2022-03-30,Groceries,South,29,32.63,946.26,3,2022,Wednesday,Q1
2022-03-31,Groceries,South,47,19.83,931.84,3,2022,Thursday,Q1
2022-04-01,Groceries,South,30,33.34,1000.2,4,2022,Friday,Q2
2022-04-02,Groceries,South,32,31.64,1012.54,4,2022,Saturday,Q2
2022-04-03,Groceries,South,41,25.25,1035.43,4,2022,Sunday,Q2
2022-04-04,Groceries,South,29,31.9,925.01,4,2022,Monday,Q2
2022-04-05,Groceries,South,31,30.63,949.42,4,2022,Tuesday,Q2
2022-04-06,Groceries,South,43,22.29,958.42,4,2022,Wednesday,Q2
2022-04-07,Groceries,South,40,24.17,966.61,4,2022,Thursday,Q2
2022-04-08,Groceries,South,31,32.61,1010.76,4,2022,Friday,Q2
2022-04-09,Groceries,South,24,42.62,1022.87,4,2022,Saturday,Q2
2022-04-10,Groceries,South,30,33.2,996.08,4,2022,Sunday,Q2
2022-04-11,Groceries,South,29,33.97,985.12,4,2022,Monday,Q2
2022-04-12,Groceries,South,50,18.91,945.66,4,2022,Tuesday,Q2
2022-04-13,Groceries,South,38,25.35,963.14,4,2022,Wednesday,Q2
2022-04-14,Groceries,South,24,39.74,953.74,4,2022,Thursday,Q2
2022-04-15,Groceries,South,19,46.69,887.04,4,2022,Friday,Q2
2022-04-16,Groceries,South,29,35.72,1035.79,4,2022,Saturday,Q2
2022-04-17,Groceries,South,21,48.92,1027.24,4,2022,Sunday,Q2
2022-04-18,Groceries,South,35,27.2,952.09,4,2022,Monday,Q2
2022-04-19,Groceries,South,24,38.13,915.24,4,2022,Tuesday,Q2
2022-04-20,Groceries,South,28,33.67,942.84,4,2022,Wednesday,Q2
2022-04-21,Groceries,South,80,11.71,936.82,4,2022,Thursday,Q2
2022-04-22,Groceries,South,80,12.11,969.15,4,2022,Friday,Q2
2022-04-23,Groceries,South,96,10.58,1015.6,4,2022,Saturday,Q2
2022-04-24,Groceries,South,29,36.15,1048.36,4,2022,Sunday,Q2
2022-04-25,Groceries,South,24,40.62,974.96,4,2022,Monday,Q2
2022-04-26,Groceries,South,18,51.05,918.98,4,2022,Tuesday,Q2
2022-04-27,Groceries,South,20,47.57,951.44,4,2022,Wednesday,Q2
2022-04-28,Groceries,South,20,47.47,949.44,4,2022,Thursday,Q2
2022-04-29,Groceries,South,56,16.43,920.32,4,2022,Friday,Q2
2022-04-30,Groceries,South,23,42.72,982.57,4,2022,Saturday,Q2
2022-05-01,Groceries,South,45,22.53,1013.72,5,2022,Sunday,Q2
2022-05-02,Groceries,South,19,46.48,883.15,5,2022,Monday,Q2
2022-05-03,Groceries,South,32,29.24,935.67,5,2022,Tuesday,Q2
2022-05-04,Groceries,South,24,39.6,950.5,5,2022,Wednesday,Q2
2022-05-05,Groceries,South,42,22.86,959.96,5,2022,Thursday,Q2
2022-05-06,Groceries,South,24,39.59,950.06,5,2022,Friday,Q2
2022-05-07,Groceries,South,60,16.33,980.05,5,2022,Saturday,Q2
2022-05-08,Groceries,South,33,31.5,1039.55,5,2022,Sunday,Q2
2022-05-09,Groceries,South,48,19.51,936.63,5,2022,Monday,Q2
2022-05-10,Groceries,South,24,40.0,960.09,5,2022,Tuesday,Q2
2022-05-11,Groceries,South,33,27.87,919.56,5,2022,Wednesday,Q2
2022-05-12,Groceries,South,21,42.72,897.06,5,2022,Thursday,Q2
2022-05-13,Groceries,South,57,16.41,935.31,5,2022,Friday,Q2
2022-05-14,Groceries,South,24,40.97,983.18,5,2022,Saturday,Q2
2022-05-15,Groceries,South,22,45.8,1007.66,5,2022,Sunday,Q2
2022-05-16,Groceries,South,44,20.74,912.68,5,2022,Monday,Q2
2022-05-17,Groceries,South,42,22.17,931.23,5,2022,Tuesday,Q2
2022-05-18,Groceries,South,20,44.76,895.18,5,2022,Wednesday,Q2
2022-05-19,Groceries,South,23,39.04,897.82,5,2022,Thursday,Q2
2022-05-20,Groceries,South,67,14.09,944.06,5,2022,Friday,Q2
2022-05-21,Groceries,South,37,24.94,922.7,5,2022,Saturday,Q2
2022-05-22,Groceries,South,32,31.42,1005.36,5,2022,Sunday,Q2
2022-05-23,Groceries,South,44,21.22,933.55,5,2022,Monday,Q2
2022-05-24,Groceries,South,28,32.27,903.52,5,2022,Tuesday,Q2
2022-05-25,Groceries,South,33,25.92,855.32,5,2022,Wednesday,Q2
2022-05-26,Groceries,South,19,46.79,889.08,5,2022,Thursday,Q2
2022-05-27,Groceries,South,17,49.1,834.71,5,2022,Friday,Q2
2022-05-28,Groceries,South,37,26.26,971.69,5,2022,Saturday,Q2
2022-05-29,Groceries,South,25,41.19,1029.86,5,2022,Sunday,Q2
2022-05-30,Groceries,South,19,47.89,909.82,5,2022,Monday,Q2
2022-05-31,Groceries,South,61,13.65,832.5,5,2022,Tuesday,Q2
2022-06-01,Groceries,South,28,31.65,886.16,6,2022,Wednesday,Q2
2022-06-02,Groceries,South,38,23.29,885.02,6,2022,Thursday,Q2
2022-06-03,Groceries,South,45,18.34,825.1,6,2022,Friday,Q2
2022-06-04,Groceries,South,21,45.5,955.45,6,2022,Saturday,Q2
2022-06-05,Groceries,South,21,43.45,912.37,6,2022,Sunday,Q2
2022-06-06,Groceries,South,40,21.52,860.94,6,2022,Monday,Q2
2022-06-07,Groceries,South,31,27.68,858.02,6,2022,Tuesday,Q2
2022-06-08,Groceries,South,61,15.08,919.93,6,2022,Wednesday,Q2
2022-06-09,Groceries,South,30,27.08,812.32,6,2022,Thursday,Q2
2022-06-10,Groceries,South,58,14.69,852.0,6,2022,Friday,Q2
2022-06-11,Groceries,South,29,32.14,932.04,6,2022,Saturday,Q2
2022-06-12,Groceries,South,19,47.7,906.24,6,2022,Sunday,Q2
2022-06-13,Groceries,South,16,48.74,779.92,6,2022,Monday,Q2
2022-06-14,Groceries,South,73,10.99,802.47,6,2022,Tuesday,Q2
2022-06-15,Groceries,South,18,46.24,832.29,6,2022,Wednesday,Q2
2022-06-16,Groceries,South,29,30.37,880.6,6,2022,Thursday,Q2
2022-06-17,Groceries,South,25,31.92,797.99,6,2022,Friday,Q2
2022-06-18,Groceries,South,21,40.87,858.33,6,2022,Saturday,Q2
2022-06-19,Groceries,South,32,27.98,895.37,6,2022,Sunday,Q2
2022-06-20,Groceries,South,41,21.56,883.99,6,2022,Monday,Q2
2022-06-21,Groceries,South,19,44.48,845.12,6,2022,Tuesday,Q2
2022-06-22,Groceries,South,17,47.52,807.91,6,2022,Wednesday,Q2
2022-06-23,Groceries,South,53,15.18,804.4,6,2022,Thursday,Q2
2022-06-24,Groceries,South,82,10.57,866.37,6,2022,Friday,Q2
2022-06-25,Groceries,South,30,30.15,904.53,6,2022,Saturday,Q2
2022-06-26,Groceries,South,52,16.59,862.62,6,2022,Sunday,Q2
2022-06-27,Groceries,South,20,42.07,841.42,6,2022,Monday,Q2
2022-06-28,Groceries,South,40,19.39,775.55,6,2022,Tuesday,Q2
2022-06-29,Groceries,South,25,33.44,835.9,6,2022,Wednesday,Q2
2022-06-30,Groceries,South,22,35.2,774.31,6,2022,Thursday,Q2
2022-07-01,Groceries,South,29,25.23,731.8,7,2022,Friday,Q3
2022-07-02,Groceries,South,21,41.59,873.32,7,2022,Saturday,Q3
2022-07-03,Groceries,South,17,51.62,877.54,7,2022,Sunday,Q3
2022-07-04,Groceries,South,25,30.88,772.05,7,2022,Monday,Q3
2022-07-05,Groceries,South,36,23.19,834.9,7,2022,Tuesday,Q3
2022-07-06,Groceries,South,29,28.5,826.57,7,2022,Wednesday,Q3
2022-07-07,Groceries,South,29,26.73,775.09,7,2022,Thursday,Q3
2022-07-08,Groceries,South,26,31.38,815.96,7,2022,Friday,Q3
2022-07-09,Groceries,South,24,35.89,861.42,7,2022,Saturday,Q3
2022-07-10,Groceries,South,70,12.62,883.18,7,2022,Sunday,Q3
2022-07-11,Groceries,South,20,38.62,772.49,7,2022,Monday,Q3
2022-07-12,Groceries,South,49,15.61,764.71,7,2022,Tuesday,Q3
2022-07-13,Groceries,South,29,27.83,807.1,7,2022,Wednesday,Q3
2022-07-14,Groceries,South,25,29.76,743.9,7,2022,Thursday,Q3
2022-07-15,Groceries,South,19,41.56,789.62,7,2022,Friday,Q3
2022-07-16,Groceries,South,23,38.15,877.54,7,2022,Saturday,Q3
2022-07-17,Groceries,South,16,49.81,796.97,7,2022,Sunday,Q3
2022-07-18,Groceries,South,28,26.42,739.89,7,2022,Monday,Q3
2022-07-19,Groceries,South,24,33.46,803.08,7,2022,Tuesday,Q3
2022-07-20,Groceries,South,28,27.43,767.93,7,2022,Wednesday,Q3
2022-07-21,Groceries,South,25,31.0,774.91,7,2022,Thursday,Q3
2022-07-22,Groceries,South,27,28.85,778.86,7,2022,Friday,Q3
2022-07-23,Groceries,South,53,15.14,802.27,7,2022,Saturday,Q3
2022-07-24,Groceries,South,25,33.36,833.9,7,2022,Sunday,Q3
2022-07-25,Groceries,South,33,22.38,738.64,7,2022,Monday,Q3
2022-07-26,Groceries,South,17,46.52,790.76,7,2022,Tuesday,Q3
2022-07-27,Groceries,South,14,52.25,731.44,7,2022,Wednesday,Q3
2022-07-28,Groceries,South,34,22.51,765.31,7,2022,Thursday,Q3
2022-07-29,Groceries,South,29,26.4,765.71,7,2022,Friday,Q3
2022-07-30,Groceries,South,19,43.62,828.69,7,2022,Saturday,Q3
2022-07-31,Groceries,South,31,26.14,810.19,7,2022,Sunday,Q3
2022-08-01,Groceries,South,33,24.03,792.93,8,2022,Monday,Q3
2022-08-02,Groceries,South,35,20.24,708.55,8,2022,Tuesday,Q3
2022-08-03,Groceries,South,42,18.01,756.42,8,2022,Wednesday,Q3
2022-08-04,Groceries,South,39,18.8,733.23,8,2022,Thursday,Q3
2022-08-05,Groceries,South,60,11.41,684.59,8,2022,Friday,Q3
2022-08-06,Groceries,South,19,42.62,809.78,8,2022,Saturday,Q3
2022-08-07,Groceries,South,18,46.54,837.73,8,2022,Sunday,Q3
2022-08-08,Groceries,South,23,33.58,772.4,8,2022,Monday,Q3
2022-08-09,Groceries,South,55,13.87,762.66,8,2022,Tuesday,Q3
