data/sales_data.csv
Date,Product_Category,Region,Units_Sold,Unit_Price,Total_Sales,Month,Year,Day_of_Week,Quarter
2022-08-10,Groceries,South,16,44.35,709.57,8,2022,Wednesday,Q3
2022-08-11,Groceries,South,62,11.31,701.08,8,2022,Thursday,Q3
2022-08-12,Groceries,South,16,46.07,737.04,8,2022,Friday,Q3
2022-08-13,Groceries,South,67,11.58,775.87,8,2022,Saturday,Q3
2022-08-14,Groceries,South,29,27.15,787.46,8,2022,Sunday,Q3
2022-08-15,Groceries,South,31,22.9,709.82,8,2022,Monday,Q3
2022-08-16,Groceries,South,31,22.99,712.57,8,2022,Tuesday,Q3
2022-08-17,Groceries,South,18,39.11,704.06,8,2022,Wednesday,Q3
2022-08-18,Groceries,South,17,39.47,670.94,8,2022,Thursday,Q3
2022-08-19,Groceries,South,22,33.19,730.26,8,2022,Friday,Q3
2022-08-20,Groceries,South,16,50.14,802.3,8,2022,Saturday,Q3
2022-08-21,Groceries,South,78,10.37,808.75,8,2022,Sunday,Q3
2022-08-22,Groceries,South,59,12.19,719.36,8,2022,Monday,Q3
2022-08-23,Groceries,South,28,23.36,653.95,8,2022,Tuesday,Q3
2022-08-24,Groceries,South,23,31.72,729.61,8,2022,Wednesday,Q3
2022-08-25,Groceries,South,16,42.22,675.53,8,2022,Thursday,Q3
2022-08-26,Groceries,South,15,47.42,711.33,8,2022,Friday,Q3
2022-08-27,Groceries,South,39,19.26,751.29,8,2022,Saturday,Q3
2022-08-28,Groceries,South,15,50.21,753.19,8,2022,Sunday,Q3
2022-08-29,Groceries,South,56,12.35,691.47,8,2022,Monday,Q3
2022-08-30,Groceries,South,44,16.26,715.35,8,2022,Tuesday,Q3
2022-08-31,Groceries,South,31,23.13,717.02,8,2022,Wednesday,Q3
2022-09-01,Groceries,South,20,35.27,705.35,9,2022,Thursday,Q3
2022-09-02,Groceries,South,17,41.14,699.34,9,2022,Friday,Q3
2022-09-03,Groceries,South,32,23.5,751.86,9,2022,Saturday,Q3
2022-09-04,Groceries,South,21,37.03,777.63,9,2022,Sunday,Q3
2022-09-05,Groceries,South,17,39.76,675.96,9,2022,Monday,Q3
2022-09-06,Groceries,South,55,11.88,653.56,9,2022,Tuesday,Q3
2022-09-07,Groceries,South,14,49.12,687.68,9,2022,Wednesday,Q3
2022-09-08,Groceries,South,65,10.55,685.64,9,2022,Thursday,Q3
2022-09-09,Groceries,South,41,17.18,704.46,9,2022,Friday,Q3
2022-09-10,Groceries,South,16,43.6,697.67,9,2022,Saturday,Q3
2022-09-11,Groceries,South,25,29.23,730.85,9,2022,Sunday,Q3
2022-09-12,Groceries,South,35,18.84,659.43,9,2022,Monday,Q3
2022-09-13,Groceries,South,19,36.86,700.36,9,2022,Tuesday,Q3
2022-09-14,Groceries,South,23,28.39,653.05,9,2022,Wednesday,Q3
2022-09-15,Groceries,South,15,43.8,657.0,9,2022,Thursday,Q3
2022-09-16,Groceries,South,36,17.01,612.42,9,2022,Friday,Q3
2022-09-17,Groceries,South,15,47.38,710.75,9,2022,Saturday,Q3
2022-09-18,Groceries,South,28,27.77,777.59,9,2022,Sunday,Q3
2022-09-19,Groceries,South,20,33.86,677.29,9,2022,Monday,Q3
2022-09-20,Groceries,South,17,38.87,660.81,9,2022,Tuesday,Q3
2022-09-21,Groceries,South,57,12.31,701.91,9,2022,Wednesday,Q3
2022-09-22,Groceries,South,42,15.18,637.68,9,2022,Thursday,Q3
2022-09-23,Groceries,South,13,49.85,648.0,9,2022,Friday,Q3
2022-09-24,Groceries,South,40,18.28,731.25,9,2022,Saturday,Q3
2022-09-25,Groceries,South,22,33.27,731.94,9,2022,Sunday,Q3
2022-09-26,Groceries,South,34,21.3,724.16,9,2022,Monday,Q3
2022-09-27,Groceries,South,13,50.34,654.41,9,2022,Tuesday,Q3
2022-09-28,Groceries,South,14,52.55,735.72,9,2022,Wednesday,Q3
2022-09-29,Groceries,South,26,25.79,670.43,9,2022,Thursday,Q3
2022-09-30,Groceries,South,17,39.05,663.81,9,2022,Friday,Q3
2022-10-01,Groceries,South,41,23.31,955.83,10,2022,Saturday,Q4
2022-10-02,Groceries,South,21,45.18,948.71,10,2022,Sunday,Q4
2022-10-03,Groceries,South,43,19.95,857.71,10,2022,Monday,Q4
2022-10-04,Groceries,South,69,12.63,871.56,10,2022,Tuesday,Q4
2022-10-05,Groceries,South,24,36.57,877.68,10,2022,Wednesday,Q4
2022-10-06,Groceries,South,20,43.57,871.32,10,2022,Thursday,Q4
2022-10-07,Groceries,South,18,46.32,833.78,10,2022,Friday,Q4
2022-10-08,Groceries,South,41,24.0,984.2,10,2022,Saturday,Q4
2022-10-09,Groceries,South,40,23.23,929.32,10,2022,Sunday,Q4
2022-10-10,Groceries,South,53,15.71,832.5,10,2022,Monday,Q4
2022-10-11,Groceries,South,29,29.77,863.26,10,2022,Tuesday,Q4
2022-10-12,Groceries,South,56,16.08,900.54,10,2022,Wednesday,Q4
2022-10-13,Groceries,South,29,30.56,886.14,10,2022,Thursday,Q4
2022-10-14,Groceries,South,18,43.67,785.97,10,2022,Friday,Q4
2022-10-15,Groceries,South,30,30.86,925.79,10,2022,Saturday,Q4
2022-10-16,Groceries,South,52,18.27,949.82,10,2022,Sunday,Q4
2022-10-17,Groceries,South,19,46.75,888.25,10,2022,Monday,Q4
2022-10-18,Groceries,South,29,32.7,948.25,10,2022,Tuesday,Q4
2022-10-19,Groceries,South,21,41.01,861.11,10,2022,Wednesday,Q4
2022-10-20,Groceries,South,18,50.2,903.59,10,2022,Thursday,Q4
2022-10-21,Groceries,South,23,39.5,908.43,10,2022,Friday,Q4
2022-10-22,Groceries,South,27,35.51,958.69,10,2022,Saturday,Q4
2022-10-23,Groceries,South,33,27.89,920.46,10,2022,Sunday,Q4
2022-10-24,Groceries,South,52,17.1,889.02,10,2022,Monday,Q4
2022-10-25,Groceries,South,16,51.38,822.12,10,2022,Tuesday,Q4
2022-10-26,Groceries,South,84,10.39,872.6,10,2022,Wednesday,Q4
2022-10-27,Groceries,South,41,21.59,885.34,10,2022,Thursday,Q4
2022-10-28,Groceries,South,18,46.43,835.65,10,2022,Friday,Q4
2022-10-29,Groceries,South,28,34.2,957.64,10,2022,Saturday,Q4
2022-10-30,Groceries,South,44,21.85,961.29,10,2022,Sunday,Q4
2022-10-31,Groceries,South,58,15.12,876.68,10,2022,Monday,Q4
2022-11-01,Groceries,South,30,29.01,870.37,11,2022,Tuesday,Q4
2022-11-02,Groceries,South,59,15.31,903.51,11,2022,Wednesday,Q4
2022-11-03,Groceries,South,59,16.01,944.73,11,2022,Thursday,Q4
2022-11-04,Groceries,South,19,45.26,859.89,11,2022,Friday,Q4
2022-11-05,Groceries,South,24,41.05,985.16,11,2022,Saturday,Q4
2022-11-06,Groceries,South,37,25.52,944.17,11,2022,Sunday,Q4
2022-11-07,Groceries,South,34,26.69,907.55,11,2022,Monday,Q4
2022-11-08,Groceries,South,20,42.03,840.66,11,2022,Tuesday,Q4
2022-11-09,Groceries,South,63,14.69,925.5,11,2022,Wednesday,Q4
2022-11-10,Groceries,South,36,24.68,888.53,11,2022,Thursday,Q4
2022-11-11,Groceries,South,60,14.84,890.46,11,2022,Friday,Q4
2022-11-12,Groceries,South,22,44.36,975.97,11,2022,Saturday,Q4
2022-11-13,Groceries,South,56,17.42,975.39,11,2022,Sunday,Q4
2022-11-14,Groceries,South,38,23.19,881.31,11,2022,Monday,Q4
2022-11-15,Groceries,South,22,43.16,949.48,11,2022,Tuesday,Q4
2022-11-16,Groceries,South,36,25.28,910.21,11,2022,Wednesday,Q4
2022-11-17,Groceries,South,26,36.08,938.19,11,2022,Thursday,Q4
2022-11-18,Groceries,South,20,45.17,903.43,11,2022,Friday,Q4
2022-11-19,Groceries,South,23,45.03,1035.79,11,2022,Saturday,Q4
2022-11-20,Groceries,South,26,36.61,951.74,11,2022,Sunday,Q4
2022-11-21,Groceries,South,20,45.03,900.6,11,2022,Monday,Q4
2022-11-22,Groceries,South,64,13.92,890.61,11,2022,Tuesday,Q4
2022-11-23,Groceries,South,19,49.65,943.28,11,2022,Wednesday,Q4
2022-11-24,Groceries,South,40,24.76,990.29,11,2022,Thursday,Q4
2022-11-25,Groceries,South,21,44.31,930.6,11,2022,Friday,Q4
2022-11-26,Groceries,South,34,30.29,1029.71,11,2022,Saturday,Q4
2022-11-27,Groceries,South,43,23.73,1020.58,11,2022,Sunday,Q4
2022-11-28,Groceries,South,24,37.23,893.42,11,2022,Monday,Q4
2022-11-29,Groceries,South,89,10.89,968.93,11,2022,Tuesday,Q4
2022-11-30,Groceries,South,67,14.94,1001.28,11,2022,Wednesday,Q4
2022-01-01,Groceries,East,39,21.85,852.2,1,2022,Saturday,Q1
2022-01-02,Groceries,East,68,13.16,894.94,1,2022,Sunday,Q1
2022-01-03,Groceries,East,16,48.97,783.59,1,2022,Monday,Q1
2022-01-04,Groceries,East,50,16.09,804.7,1,2022,Tuesday,Q1
2022-01-05,Groceries,East,18,46.04,828.75,1,2022,Wednesday,Q1
2022-01-06,Groceries,East,16,48.97,783.59,1,2022,Thursday,Q1
2022-01-07,Groceries,East,18,47.05,846.95,1,2022,Friday,Q1
2022-01-08,Groceries,East,17,50.77,863.12,1,2022,Saturday,Q1
2022-01-09,Groceries,East,18,49.94,898.99,1,2022,Sunday,Q1
2022-01-10,Groceries,East,36,22.27,801.6,1,2022,Monday,Q1
2022-01-11,Groceries,East,67,12.36,828.18,1,2022,Tuesday,Q1
2022-01-12,Groceries,East,16,49.48,791.71,1,2022,Wednesday,Q1
2022-01-13,Groceries,East,22,38.78,853.25,1,2022,Thursday,Q1
2022-01-14,Groceries,East,77,11.63,895.39,1,2022,Friday,Q1
2022-01-15,Groceries,East,27,34.12,921.32,1,2022,Saturday,Q1
2022-01-16,Groceries,East,59,14.79,872.72,1,2022,Sunday,Q1
2022-01-17,Groceries,East,33,26.37,870.21,1,2022,Monday,Q1
2022-01-18,Groceries,East,22,39.51,869.3,1,2022,Tuesday,Q1
2022-01-19,Groceries,East,25,32.75,818.73,1,2022,Wednesday,Q1
2022-01-20,Groceries,East,54,16.46,888.96,1,2022,Thursday,Q1
2022-01-21,Groceries,East,23,35.1,807.35,1,2022,Friday,Q1
2022-01-22,Groceries,East,28,31.47,881.28,1,2022,Saturday,Q1
2022-01-23,Groceries,East,53,17.67,936.72,1,2022,Sunday,Q1
2022-01-24,Groceries,East,45,19.32,869.38,1,2022,Monday,Q1
2022-01-25,Groceries,East,44,19.2,844.65,1,2022,Tuesday,Q1
2022-01-26,Groceries,East,21,44.86,941.97,1,2022,Wednesday,Q1
2022-01-27,Groceries,East,62,14.3,886.77,1,2022,Thursday,Q1
2022-01-28,Groceries,East,46,18.77,863.65,1,2022,Friday,Q1
2022-01-29,Groceries,East,46,20.09,924.2,1,2022,Saturday,Q1
2022-01-30,Groceries,East,75,13.43,1007.6,1,2022,Sunday,Q1
2022-01-31,Groceries,East,23,40.09,922.1,1,2022,Monday,Q1
2022-02-01,Groceries,East,19,45.81,870.41,2,2022,Tuesday,Q1
2022-02-02,Groceries,East,49,18.68,915.47,2,2022,Wednesday,Q1
2022-02-03,Groceries,East,29,31.52,913.97,2,2022,Thursday,Q1
2022-02-04,Groceries,East,76,11.76,893.42,2,2022,Friday,Q1
2022-02-05,Groceries,East,47,20.98,985.94,2,2022,Saturday,Q1
2022-02-06,Groceries,East,32,31.48,1007.4,2,2022,Sunday,Q1
2022-02-07,Groceries,East,26,34.32,892.37,2,2022,Monday,Q1
2022-02-08,Groceries,East,29,31.85,923.69,2,2022,Tuesday,Q1
2022-02-09,Groceries,East,79,11.62,917.6,2,2022,Wednesday,Q1
2022-02-10,Groceries,East,78,11.7,912.97,2,2022,Thursday,Q1
2022-02-11,Groceries,East,21,43.49,913.29,2,2022,Friday,Q1
2022-02-12,Groceries,East,22,47.05,1035.08,2,2022,Saturday,Q1
2022-02-13,Groceries,East,26,36.71,954.48,2,2022,Sunday,Q1
2022-02-14,Groceries,East,43,20.94,900.32,2,2022,Monday,Q1
2022-02-15,Groceries,East,52,16.86,876.83,2,2022,Tuesday,Q1
2022-02-16,Groceries,East,23,42.05,967.05,2,2022,Wednesday,Q1
2022-02-17,Groceries,East,33,28.85,952.18,2,2022,Thursday,Q1
2022-02-18,Groceries,East,20,46.49,929.86,2,2022,Friday,Q1
2022-02-19,Groceries,East,24,40.19,964.59,2,2022,Saturday,Q1
2022-02-20,Groceries,East,22,48.32,1063.04,2,2022,Sunday,Q1
2022-02-21,Groceries,East,33,27.22,898.34,2,2022,Monday,Q1
2022-02-22,Groceries,East,27,33.98,917.39,2,2022,Tuesday,Q1
2022-02-23,Groceries,East,23,37.93,872.35,2,2022,Wednesday,Q1
2022-02-24,Groceries,East,73,12.34,900.8,2,2022,Thursday,Q1
2022-02-25,Groceries,East,29,31.31,908.1,2,2022,Friday,Q1
2022-02-26,Groceries,East,28,36.84,1031.49,2,2022,Saturday,Q1
2022-02-27,Groceries,East,27,34.01,918.36,2,2022,Sunday,Q1
2022-02-28,Groceries,East,69,13.65,942.09,2,2022,Monday,Q1
2022-03-01,Groceries,East,23,41.0,943.06,3,2022,Tuesday,Q1
2022-03-02,Groceries,East,21,44.67,938.06,3,2022,Wednesday,Q1
2022-03-03,Groceries,East,59,15.41,909.38,3,2022,Thursday,Q1
2022-03-04,Groceries,East,27,33.59,907.02,3,2022,Friday,Q1
2022-03-05,Groceries,East,20,50.24,1004.74,3,2022,Saturday,Q1
2022-03-06,Groceries,East,20,49.89,997.87,3,2022,Sunday,Q1
2022-03-07,Groceries,East,22,43.52,957.5,3,2022,Monday,Q1
2022-03-08,Groceries,East,57,15.37,875.82,3,2022,Tuesday,Q1
2022-03-09,Groceries,East,44,21.12,929.09,3,2022,Wednesday,Q1
2022-03-10,Groceries,East,52,18.44,959.08,3,2022,Thursday,Q1
2022-03-11,Groceries,East,19,48.74,926.12,3,2022,Friday,Q1
2022-03-12,Groceries,East,27,37.4,1009.68,3,2022,Saturday,Q1
2022-03-13,Groceries,East,60,17.33,1039.6,3,2022,Sunday,Q1
2022-03-14,Groceries,East,24,38.31,919.4,3,2022,Monday,Q1
2022-03-15,Groceries,East,37,25.1,928.88,3,2022,Tuesday,Q1
2022-03-16,Groceries,East,21,47.57,998.87,3,2022,Wednesday,Q1
2022-03-17,Groceries,East,81,11.34,918.35,3,2022,Thursday,Q1
2022-03-18,Groceries,East,24,39.12,938.77,3,2022,Friday,Q1
2022-03-19,Groceries,East,34,30.33,1031.27,3,2022,Saturday,Q1
2022-03-20,Groceries,East,20,51.14,1022.89,3,2022,Sunday,Q1
2022-03-21,Groceries,East,24,41.92,1006.12,3,2022,Monday,Q1
2022-03-22,Groceries,East,36,25.51,918.53,3,2022,Tuesday,Q1
2022-03-23,Groceries,East,27,35.42,956.39,3,2022,Wednesday,Q1
2022-03-24,Groceries,East,27,35.15,949.1,3,2022,Thursday,Q1
2022-03-25,Groceries,East,35,26.41,924.52,3,2022,Friday,Q1
2022-03-26,Groceries,East,59,17.03,1004.78,3,2022,Saturday,Q1
2022-03-27,Groceries,East,33,31.5,1039.35,3,2022,Sunday,Q1
2022-03-28,Groceries,East,30,30.28,908.46,3,2022,Monday,Q1
2022-03-29,Groceries,East,26,38.6,1003.6,3,2022,Tuesday,Q1
2022-03-30,Groceries,East,21,45.3,951.31,3,2022,Wednesday,Q1
2022-03-31,Groceries,East,26,37.83,983.67,3,2022,Thursday,Q1
2022-04-01,Groceries,East,22,41.13,904.8,4,2022,Friday,Q2
2022-04-02,Groceries,East,25,42.11,1052.63,4,2022,Saturday,Q2
2022-04-03,Groceries,East,50,19.75,987.69,4,2022,Sunday,Q2
2022-04-04,Groceries,East,30,32.01,960.37,4,2022,Monday,Q2
2022-04-05,Groceries,East,19,50.95,968.13,4,2022,Tuesday,Q2
2022-04-06,Groceries,East,34,28.0,952.03,4,2022,Wednesday,Q2
2022-04-07,Groceries,East,22,43.71,961.64,4,2022,Thursday,Q2
2022-04-08,Groceries,East,26,36.89,959.1,4,2022,Friday,Q2
2022-04-09,Groceries,East,54,19.17,1034.92,4,2022,Saturday,Q2
2022-04-10,Groceries,East,95,11.09,1053.62,4,2022,Sunday,Q2
2022-04-11,Groceries,East,23,41.04,943.97,4,2022,Monday,Q2
2022-04-12,Groceries,East,51,19.88,1013.98,4,2022,Tuesday,Q2
2022-04-13,Groceries,East,31,30.23,937.13,4,2022,Wednesday,Q2
2022-04-14,Groceries,East,38,25.98,987.3,4,2022,Thursday,Q2
2022-04-15,Groceries,East,67,15.65,1048.31,4,2022,Friday,Q2
2022-04-16,Groceries,East,88,11.51,1012.86,4,2022,Saturday,Q2
2022-04-17,Groceries,East,46,22.29,1025.31,4,2022,Sunday,Q2
2022-04-18,Groceries,East,54,17.36,937.67,4,2022,Monday,Q2
2022-04-19,Groceries,East,27,34.72,937.49,4,2022,Tuesday,Q2
2022-04-20,Groceries,East,40,24.21,968.49,4,2022,Wednesday,Q2
2022-04-21,Groceries,East,30,32.52,975.72,4,2022,Thursday,Q2
2022-04-22,Groceries,East,41,22.63,927.84,4,2022,Friday,Q2
2022-04-23,Groceries,East,36,29.85,1074.51,4,2022,Saturday,Q2
2022-04-24,Groceries,East,24,41.24,989.76,4,2022,Sunday,Q2
2022-04-25,Groceries,East,25,35.89,897.21,4,2022,Monday,Q2
2022-04-26,Groceries,East,20,49.14,982.87,4,2022,Tuesday,Q2
2022-04-27,Groceries,East,22,43.63,959.87,4,2022,Wednesday,Q2
2022-04-28,Groceries,East,20,49.73,994.63,4,2022,Thursday,Q2
2022-04-29,Groceries,East,46,20.74,953.93,4,2022,Friday,Q2
2022-04-30,Groceries,East,32,33.17,1061.55,4,2022,Saturday,Q2
2022-05-01,Groceries,East,36,28.19,1014.71,5,2022,Sunday,Q2
2022-05-02,Groceries,East,24,38.47,923.24,5,2022,Monday,Q2
2022-05-03,Groceries,East,66,14.34,946.37,5,2022,Tuesday,Q2
2022-05-04,Groceries,East,44,21.42,942.67,5,2022,Wednesday,Q2
2022-05-05,Groceries,East,81,11.63,942.1,5,2022,Thursday,Q2
2022-05-06,Groceries,East,24,40.24,965.86,5,2022,Friday,Q2
2022-05-07,Groceries,East,25,41.38,1034.48,5,2022,Saturday,Q2
2022-05-08,Groceries,East,29,35.96,1042.73,5,2022,Sunday,Q2
2022-05-09,Groceries,East,26,34.37,893.72,5,2022,Monday,Q2
2022-05-10,Groceries,East,25,36.42,910.51,5,2022,Tuesday,Q2
2022-05-11,Groceries,East,21,42.67,896.11,5,2022,Wednesday,Q2
2022-05-12,Groceries,East,34,26.59,904.17,5,2022,Thursday,Q2
2022-05-13,Groceries,East,79,11.83,934.8,5,2022,Friday,Q2
2022-05-14,Groceries,East,26,37.01,962.16,5,2022,Saturday,Q2
2022-05-15,Groceries,East,35,27.61,966.3,5,2022,Sunday,Q2
2022-05-16,Groceries,East,22,41.21,906.52,5,2022,Monday,Q2
2022-05-17,Groceries,East,35,25.67,898.58,5,2022,Tuesday,Q2
2022-05-18,Groceries,East,30,33.44,1003.15,5,2022,Wednesday,Q2
2022-05-19,Groceries,East,62,14.42,894.12,5,2022,Thursday,Q2
2022-05-20,Groceries,East,39,24.02,936.64,5,2022,Friday,Q2
2022-05-21,Groceries,East,41,25.04,1026.63,5,2022,Saturday,Q2
2022-05-22,Groceries,East,21,46.94,985.66,5,2022,Sunday,Q2
2022-05-23,Groceries,East,30,27.97,839.18,5,2022,Monday,Q2
2022-05-24,Groceries,East,19,48.85,928.13,5,2022,Tuesday,Q2
2022-05-25,Groceries,East,27,35.1,947.64,5,2022,Wednesday,Q2
2022-05-26,Groceries,East,54,17.85,963.69,5,2022,Thursday,Q2
2022-05-27,Groceries,East,23,38.36,882.3,5,2022,Friday,Q2
2022-05-28,Groceries,East,24,44.14,1059.36,5,2022,Saturday,Q2
2022-05-29,Groceries,East,41,23.84,977.36,5,2022,Sunday,Q2
2022-05-30,Groceries,East,22,40.04,880.8,5,2022,Monday,Q2
2022-05-31,Groceries,East,17,52.51,892.59,5,2022,Tuesday,Q2
2022-06-01,Groceries,East,32,27.41,877.03,6,2022,Wednesday,Q2
2022-06-02,Groceries,East,18,46.57,838.21,6,2022,Thursday,Q2
2022-06-03,Groceries,East,43,20.5,881.54,6,2022,Friday,Q2
2022-06-04,Groceries,East,28,33.8,946.29,6,2022,Saturday,Q2
2022-06-05,Groceries,East,34,27.63,939.32,6,2022,Sunday,Q2
2022-06-06,Groceries,East,33,27.95,922.23,6,2022,Monday,Q2
2022-06-07,Groceries,East,28,30.33,849.21,6,2022,Tuesday,Q2
2022-06-08,Groceries,East,34,26.41,898.1,6,2022,Wednesday,Q2
2022-06-09,Groceries,East,23,39.48,908.04,6,2022,Thursday,Q2
2022-06-10,Groceries,East,33,25.62,845.33,6,2022,Friday,Q2
2022-06-11,Groceries,East,45,20.6,926.88,6,2022,Saturday,Q2
2022-06-12,Groceries,East,22,41.91,921.95,6,2022,Sunday,Q2
2022-06-13,Groceries,East,28,30.23,846.57,6,2022,Monday,Q2
2022-06-14,Groceries,East,40,21.44,857.52,6,2022,Tuesday,Q2
2022-06-15,Groceries,East,39,21.3,830.57,6,2022,Wednesday,Q2
2022-06-16,Groceries,East,35,24.09,843.29,6,2022,Thursday,Q2
2022-06-17,Groceries,East,60,13.43,805.78,6,2022,Friday,Q2
2022-06-18,Groceries,East,20,48.63,972.55,6,2022,Saturday,Q2
2022-06-19,Groceries,East,56,16.54,926.47,6,2022,Sunday,Q2
2022-06-20,Groceries,East,19,46.28,879.32,6,2022,Monday,Q2
2022-06-21,Groceries,East,42,19.83,832.66,6,2022,Tuesday,Q2
2022-06-22,Groceries,East,24,34.57,829.59,6,2022,Wednesday,Q2
2022-06-23,Groceries,East,42,20.29,852.26,6,2022,Thursday,Q2
2022-06-24,Groceries,East,20,43.03,860.5,6,2022,Friday,Q2
2022-06-25,Groceries,East,27,34.12,921.12,6,2022,Saturday,Q2
2022-06-26,Groceries,East,24,36.37,872.88,6,2022,Sunday,Q2
2022-06-27,Groceries,East,19,42.8,813.22,6,2022,Monday,Q2
2022-06-28,Groceries,East,35,24.56,859.69,6,2022,Tuesday,Q2
2022-06-29,Groceries,East,35,23.09,808.01,6,2022,Wednesday,Q2
2022-06-30,Groceries,East,38,21.65,822.78,6,2022,Thursday,Q2
