data/sales_data.csv
Date,Product_Category,Region,Units_Sold,Unit_Price,Total_Sales,Month,Year,Day_of_Week,Quarter
2022-07-01,Groceries,East,29,28.08,814.4,7,2022,Friday,Q3
2022-07-02,Groceries,East,35,25.4,888.94,7,2022,Saturday,Q3
2022-07-03,Groceries,East,68,13.58,923.33,7,2022,Sunday,Q3
2022-07-04,Groceries,East,67,11.2,750.22,7,2022,Monday,Q3
2022-07-05,Groceries,East,66,12.24,807.83,7,2022,Tuesday,Q3
2022-07-06,Groceries,East,24,34.2,820.72,7,2022,Wednesday,Q3
2022-07-07,Groceries,East,24,33.82,811.76,7,2022,Thursday,Q3
2022-07-08,Groceries,East,18,42.95,773.06,7,2022,Friday,Q3
2022-07-09,Groceries,East,28,32.61,913.17,7,2022,Saturday,Q3
2022-07-10,Groceries,East,19,47.08,894.46,7,2022,Sunday,Q3
2022-07-11,Groceries,East,66,11.4,752.16,7,2022,Monday,Q3
2022-07-12,Groceries,East,59,12.5,737.77,7,2022,Tuesday,Q3
2022-07-13,Groceries,East,18,46.56,838.15,7,2022,Wednesday,Q3
2022-07-14,Groceries,East,48,16.79,806.08,7,2022,Thursday,Q3
2022-07-15,Groceries,East,17,44.84,762.32,7,2022,Friday,Q3
2022-07-16,Groceries,East,44,18.65,820.77,7,2022,Saturday,Q3
2022-07-17,Groceries,East,21,41.51,871.74,7,2022,Sunday,Q3
2022-07-18,Groceries,East,19,41.62,790.86,7,2022,Monday,Q3
2022-07-19,Groceries,East,18,43.46,782.2,7,2022,Tuesday,Q3
2022-07-20,Groceries,East,32,25.08,802.46,7,2022,Wednesday,Q3
2022-07-21,Groceries,East,19,42.19,801.63,7,2022,Thursday,Q3
2022-07-22,Groceries,East,21,35.7,749.76,7,2022,Friday,Q3
2022-07-23,Groceries,East,23,36.55,840.71,7,2022,Saturday,Q3
2022-07-24,Groceries,East,75,11.06,829.13,7,2022,Sunday,Q3
2022-07-25,Groceries,East,37,19.72,729.75,7,2022,Monday,Q3
2022-07-26,Groceries,East,15,50.41,756.15,7,2022,Tuesday,Q3
2022-07-27,Groceries,East,19,38.67,734.8,7,2022,Wednesday,Q3
2022-07-28,Groceries,East,21,32.77,688.07,7,2022,Thursday,Q3
2022-07-29,Groceries,East,28,27.33,765.35,7,2022,Friday,Q3
2022-07-30,Groceries,East,55,14.6,803.06,7,2022,Saturday,Q3
2022-07-31,Groceries,East,17,49.83,847.17,7,2022,Sunday,Q3
2022-08-01,Groceries,East,25,30.44,761.07,8,2022,Monday,Q3
2022-08-02,Groceries,East,19,39.22,745.13,8,2022,Tuesday,Q3
2022-08-03,Groceries,East,23,33.22,764.14,8,2022,Wednesday,Q3
2022-08-04,Groceries,East,31,24.38,755.76,8,2022,Thursday,Q3
2022-08-05,Groceries,East,35,21.15,740.21,8,2022,Friday,Q3
2022-08-06,Groceries,East,39,20.32,792.66,8,2022,Saturday,Q3
2022-08-07,Groceries,East,20,39.7,794.02,8,2022,Sunday,Q3
2022-08-08,Groceries,East,60,12.3,738.02,8,2022,Monday,Q3
2022-08-09,Groceries,East,24,29.13,699.19,8,2022,Tuesday,Q3
2022-08-10,Groceries,East,29,24.86,720.98,8,2022,Wednesday,Q3
2022-08-11,Groceries,East,14,49.58,694.12,8,2022,Thursday,Q3
2022-08-12,Groceries,East,13,51.57,670.41,8,2022,Friday,Q3
2022-08-13,Groceries,East,57,13.84,788.8,8,2022,Saturday,Q3
2022-08-14,Groceries,East,16,47.95,767.15,8,2022,Sunday,Q3
2022-08-15,Groceries,East,16,43.41,694.6,8,2022,Monday,Q3
2022-08-16,Groceries,East,14,51.34,718.72,8,2022,Tuesday,Q3
2022-08-17,Groceries,East,15,47.75,716.31,8,2022,Wednesday,Q3
2022-08-18,Groceries,East,23,30.34,697.77,8,2022,Thursday,Q3
2022-08-19,Groceries,East,25,30.66,766.51,8,2022,Friday,Q3
2022-08-20,Groceries,East,31,26.0,806.07,8,2022,Saturday,Q3
2022-08-21,Groceries,East,22,34.59,761.05,8,2022,Sunday,Q3
2022-08-22,Groceries,East,28,23.31,652.69,8,2022,Monday,Q3
2022-08-23,Groceries,East,16,42.66,682.56,8,2022,Tuesday,Q3
2022-08-24,Groceries,East,39,19.01,741.23,8,2022,Wednesday,Q3
2022-08-25,Groceries,East,39,17.93,699.45,8,2022,Thursday,Q3
2022-08-26,Groceries,East,26,25.52,663.44,8,2022,Friday,Q3
2022-08-27,Groceries,East,23,34.09,784.01,8,2022,Saturday,Q3
2022-08-28,Groceries,East,18,41.12,740.1,8,2022,Sunday,Q3
2022-08-29,Groceries,East,17,36.15,614.58,8,2022,Monday,Q3
2022-08-30,Groceries,East,21,32.02,672.38,8,2022,Tuesday,Q3
2022-08-31,Groceries,East,58,12.43,720.87,8,2022,Wednesday,Q3
2022-09-01,Groceries,East,15,45.29,679.37,9,2022,Thursday,Q3
2022-09-02,Groceries,East,15,48.84,732.53,9,2022,Friday,Q3
2022-09-03,Groceries,East,20,40.17,803.39,9,2022,Saturday,Q3
2022-09-04,Groceries,East,26,28.75,747.62,9,2022,Sunday,Q3
2022-09-05,Groceries,East,14,48.66,681.17,9,2022,Monday,Q3
2022-09-06,Groceries,East,24,27.53,660.83,9,2022,Tuesday,Q3
2022-09-07,Groceries,East,62,11.05,684.98,9,2022,Wednesday,Q3
2022-09-08,Groceries,East,17,37.72,641.22,9,2022,Thursday,Q3
2022-09-09,Groceries,East,28,25.05,701.53,9,2022,Friday,Q3
2022-09-10,Groceries,East,71,10.58,751.49,9,2022,Saturday,Q3
2022-09-11,Groceries,East,15,51.06,765.91,9,2022,Sunday,Q3
2022-09-12,Groceries,East,18,35.75,643.55,9,2022,Monday,Q3
2022-09-13,Groceries,East,16,40.0,639.98,9,2022,Tuesday,Q3
2022-09-14,Groceries,East,64,10.17,650.66,9,2022,Wednesday,Q3
2022-09-15,Groceries,East,29,24.35,706.06,9,2022,Thursday,Q3
2022-09-16,Groceries,East,14,48.22,675.13,9,2022,Friday,Q3
2022-09-17,Groceries,East,52,14.36,746.73,9,2022,Saturday,Q3
2022-09-18,Groceries,East,71,10.34,733.86,9,2022,Sunday,Q3
2022-09-19,Groceries,East,16,45.24,723.81,9,2022,Monday,Q3
2022-09-20,Groceries,East,15,45.6,683.94,9,2022,Tuesday,Q3
2022-09-21,Groceries,East,28,23.76,665.19,9,2022,Wednesday,Q3
2022-09-22,Groceries,East,14,48.69,681.66,9,2022,Thursday,Q3
2022-09-23,Groceries,East,13,50.24,653.13,9,2022,Friday,Q3
2022-09-24,Groceries,East,15,46.64,699.55,9,2022,Saturday,Q3
2022-09-25,Groceries,East,36,21.46,772.7,9,2022,Sunday,Q3
2022-09-26,Groceries,East,44,14.7,646.66,9,2022,Monday,Q3
2022-09-27,Groceries,East,60,11.69,701.33,9,2022,Tuesday,Q3
2022-09-28,Groceries,East,21,30.37,637.77,9,2022,Wednesday,Q3
2022-09-29,Groceries,East,19,34.75,660.21,9,2022,Thursday,Q3
2022-09-30,Groceries,East,29,24.49,710.35,9,2022,Friday,Q3
2022-10-01,Groceries,East,21,42.85,899.84,10,2022,Saturday,Q4
2022-10-02,Groceries,East,27,34.44,930.0,10,2022,Sunday,Q4
2022-10-03,Groceries,East,18,48.63,875.42,10,2022,Monday,Q4
2022-10-04,Groceries,East,32,26.22,839.19,10,2022,Tuesday,Q4
2022-10-05,Groceries,East,53,16.23,860.04,10,2022,Wednesday,Q4
2022-10-06,Groceries,East,71,11.45,812.94,10,2022,Thursday,Q4
2022-10-07,Groceries,East,34,24.49,832.7,10,2022,Friday,Q4
2022-10-08,Groceries,East,42,22.86,960.04,10,2022,Saturday,Q4
2022-10-09,Groceries,East,25,37.46,936.43,10,2022,Sunday,Q4
2022-10-10,Groceries,East,35,25.59,895.63,10,2022,Monday,Q4
2022-10-11,Groceries,East,26,32.52,845.59,10,2022,Tuesday,Q4
2022-10-12,Groceries,East,17,47.94,815.03,10,2022,Wednesday,Q4
2022-10-13,Groceries,East,17,48.78,829.26,10,2022,Thursday,Q4
2022-10-14,Groceries,East,28,32.42,907.67,10,2022,Friday,Q4
2022-10-15,Groceries,East,20,48.47,969.42,10,2022,Saturday,Q4
2022-10-16,Groceries,East,41,22.73,931.94,10,2022,Sunday,Q4
2022-10-17,Groceries,East,18,48.65,875.75,10,2022,Monday,Q4
2022-10-18,Groceries,East,67,12.84,860.23,10,2022,Tuesday,Q4
2022-10-19,Groceries,East,39,21.99,857.78,10,2022,Wednesday,Q4
2022-10-20,Groceries,East,31,28.4,880.29,10,2022,Thursday,Q4
2022-10-21,Groceries,East,81,10.98,889.39,10,2022,Friday,Q4
2022-10-22,Groceries,East,20,48.9,977.96,10,2022,Saturday,Q4
2022-10-23,Groceries,East,33,27.69,913.8,10,2022,Sunday,Q4
2022-10-24,Groceries,East,45,19.36,871.06,10,2022,Monday,Q4
2022-10-25,Groceries,East,20,45.59,911.77,10,2022,Tuesday,Q4
2022-10-26,Groceries,East,20,42.76,855.22,10,2022,Wednesday,Q4
2022-10-27,Groceries,East,18,47.5,855.03,10,2022,Thursday,Q4
2022-10-28,Groceries,East,28,31.52,882.59,10,2022,Friday,Q4
2022-10-29,Groceries,East,29,30.86,894.98,10,2022,Saturday,Q4
2022-10-30,Groceries,East,19,50.31,955.95,10,2022,Sunday,Q4
2022-10-31,Groceries,East,26,33.4,868.45,10,2022,Monday,Q4
2022-11-01,Groceries,East,72,12.31,886.01,11,2022,Tuesday,Q4
2022-11-02,Groceries,East,38,22.17,842.46,11,2022,Wednesday,Q4
2022-11-03,Groceries,East,18,49.81,896.64,11,2022,Thursday,Q4
2022-11-04,Groceries,East,28,32.21,902.0,11,2022,Friday,Q4
2022-11-05,Groceries,East,62,16.21,1004.71,11,2022,Saturday,Q4
2022-11-06,Groceries,East,55,17.79,978.64,11,2022,Sunday,Q4
2022-11-07,Groceries,East,78,11.05,861.84,11,2022,Monday,Q4
2022-11-08,Groceries,East,22,40.51,891.12,11,2022,Tuesday,Q4
2022-11-09,Groceries,East,77,11.17,860.23,11,2022,Wednesday,Q4
2022-11-10,Groceries,East,19,48.97,930.34,11,2022,Thursday,Q4
2022-11-11,Groceries,East,23,39.12,899.67,11,2022,Friday,Q4
2022-11-12,Groceries,East,19,50.42,957.92,11,2022,Saturday,Q4
2022-11-13,Groceries,East,50,19.32,966.14,11,2022,Sunday,Q4
2022-11-14,Groceries,East,71,13.16,934.51,11,2022,Monday,Q4
2022-11-15,Groceries,East,25,34.76,868.91,11,2022,Tuesday,Q4
2022-11-16,Groceries,East,22,41.13,904.94,11,2022,Wednesday,Q4
2022-11-17,Groceries,East,35,25.89,905.99,11,2022,Thursday,Q4
2022-11-18,Groceries,East,29,30.95,897.56,11,2022,Friday,Q4
2022-11-19,Groceries,East,72,13.65,982.59,11,2022,Saturday,Q4
2022-11-20,Groceries,East,25,41.82,1045.57,11,2022,Sunday,Q4
2022-11-21,Groceries,East,23,39.49,908.29,11,2022,Monday,Q4
2022-11-22,Groceries,East,18,49.14,884.5,11,2022,Tuesday,Q4
2022-11-23,Groceries,East,22,44.11,970.31,11,2022,Wednesday,Q4
2022-11-24,Groceries,East,39,23.79,927.64,11,2022,Thursday,Q4
2022-11-25,Groceries,East,63,15.03,946.85,11,2022,Friday,Q4
2022-11-26,Groceries,East,25,40.82,1020.44,11,2022,Saturday,Q4
2022-11-27,Groceries,East,23,46.16,1061.75,11,2022,Sunday,Q4
2022-11-28,Groceries,East,30,30.08,902.3,11,2022,Monday,Q4
2022-11-29,Groceries,East,24,39.61,950.73,11,2022,Tuesday,Q4
2022-11-30,Groceries,East,21,44.22,928.72,11,2022,Wednesday,Q4
2022-01-01,Groceries,West,36,24.78,892.01,1,2022,Saturday,Q1
2022-01-02,Groceries,West,17,51.39,873.66,1,2022,Sunday,Q1
2022-01-03,Groceries,West,18,44.04,792.79,1,2022,Monday,Q1
2022-01-04,Groceries,West,27,30.35,819.52,1,2022,Tuesday,Q1
2022-01-05,Groceries,West,19,43.26,822.0,1,2022,Wednesday,Q1
2022-01-06,Groceries,West,17,48.83,830.19,1,2022,Thursday,Q1
2022-01-07,Groceries,West,35,23.94,837.87,1,2022,Friday,Q1
2022-01-08,Groceries,West,23,40.37,928.48,1,2022,Saturday,Q1
2022-01-09,Groceries,West,19,48.48,921.2,1,2022,Sunday,Q1
2022-01-10,Groceries,West,38,23.39,888.92,1,2022,Monday,Q1
2022-01-11,Groceries,West,55,14.91,820.07,1,2022,Tuesday,Q1
2022-01-12,Groceries,West,19,46.65,886.26,1,2022,Wednesday,Q1
2022-01-13,Groceries,West,47,18.62,874.95,1,2022,Thursday,Q1
2022-01-14,Groceries,West,19,44.08,837.51,1,2022,Friday,Q1
2022-01-15,Groceries,West,22,40.6,893.16,1,2022,Saturday,Q1
2022-01-16,Groceries,West,26,35.5,922.99,1,2022,Sunday,Q1
2022-01-17,Groceries,West,19,43.91,834.29,1,2022,Monday,Q1
2022-01-18,Groceries,West,22,37.22,818.92,1,2022,Tuesday,Q1
2022-01-19,Groceries,West,17,47.03,799.44,1,2022,Wednesday,Q1
2022-01-20,Groceries,West,45,17.54,789.38,1,2022,Thursday,Q1
2022-01-21,Groceries,West,33,26.43,872.23,1,2022,Friday,Q1
2022-01-22,Groceries,West,75,11.97,898.12,1,2022,Saturday,Q1
2022-01-23,Groceries,West,30,31.92,957.57,1,2022,Sunday,Q1
2022-01-24,Groceries,West,80,11.1,888.06,1,2022,Monday,Q1
2022-01-25,Groceries,West,48,17.66,847.85,1,2022,Tuesday,Q1
2022-01-26,Groceries,West,35,24.29,850.24,1,2022,Wednesday,Q1
2022-01-27,Groceries,West,18,48.56,874.13,1,2022,Thursday,Q1
2022-01-28,Groceries,West,78,11.3,881.44,1,2022,Friday,Q1
2022-01-29,Groceries,West,19,50.09,951.78,1,2022,Saturday,Q1
2022-01-30,Groceries,West,77,12.49,961.45,1,2022,Sunday,Q1
2022-01-31,Groceries,West,60,15.32,919.2,1,2022,Monday,Q1
2022-02-01,Groceries,West,22,42.83,942.36,2,2022,Tuesday,Q1
2022-02-02,Groceries,West,25,36.72,917.91,2,2022,Wednesday,Q1
2022-02-03,Groceries,West,29,30.16,874.77,2,2022,Thursday,Q1
2022-02-04,Groceries,West,26,35.68,927.63,2,2022,Friday,Q1
2022-02-05,Groceries,West,77,13.22,1017.72,2,2022,Saturday,Q1
2022-02-06,Groceries,West,27,36.12,975.26,2,2022,Sunday,Q1
2022-02-07,Groceries,West,22,41.71,917.65,2,2022,Monday,Q1
2022-02-08,Groceries,West,31,27.44,850.66,2,2022,Tuesday,Q1
2022-02-09,Groceries,West,19,46.45,882.63,2,2022,Wednesday,Q1
2022-02-10,Groceries,West,19,50.75,964.24,2,2022,Thursday,Q1
2022-02-11,Groceries,West,47,18.76,881.75,2,2022,Friday,Q1
2022-02-12,Groceries,West,28,34.69,971.28,2,2022,Saturday,Q1
2022-02-13,Groceries,West,25,41.63,1040.83,2,2022,Sunday,Q1
2022-02-14,Groceries,West,22,41.73,918.14,2,2022,Monday,Q1
2022-02-15,Groceries,West,17,48.32,821.36,2,2022,Tuesday,Q1
2022-02-16,Groceries,West,36,26.2,943.25,2,2022,Wednesday,Q1
2022-02-17,Groceries,West,37,24.57,909.12,2,2022,Thursday,Q1
2022-02-18,Groceries,West,22,41.81,919.83,2,2022,Friday,Q1
2022-02-19,Groceries,West,80,12.05,964.16,2,2022,Saturday,Q1
2022-02-20,Groceries,West,29,34.23,992.64,2,2022,Sunday,Q1
2022-02-21,Groceries,West,33,26.49,874.18,2,2022,Monday,Q1
2022-02-22,Groceries,West,73,11.85,864.79,2,2022,Tuesday,Q1
2022-02-23,Groceries,West,26,34.56,898.68,2,2022,Wednesday,Q1
2022-02-24,Groceries,West,38,23.84,905.81,2,2022,Thursday,Q1
2022-02-25,Groceries,West,32,30.23,967.2,2,2022,Friday,Q1
2022-02-26,Groceries,West,25,41.2,1030.1,2,2022,Saturday,Q1
2022-02-27,Groceries,West,28,36.23,1014.46,2,2022,Sunday,Q1
2022-02-28,Groceries,West,24,38.64,927.28,2,2022,Monday,Q1
2022-03-01,Groceries,West,39,23.2,904.7,3,2022,Tuesday,Q1
2022-03-02,Groceries,West,85,11.0,934.65,3,2022,Wednesday,Q1
2022-03-03,Groceries,West,20,49.86,997.12,3,2022,Thursday,Q1
2022-03-04,Groceries,West,23,41.3,949.88,3,2022,Friday,Q1
2022-03-05,Groceries,West,31,33.47,1037.54,3,2022,Saturday,Q1
2022-03-06,Groceries,West,53,19.23,1019.17,3,2022,Sunday,Q1
2022-03-07,Groceries,West,24,38.91,933.81,3,2022,Monday,Q1
2022-03-08,Groceries,West,21,46.35,973.33,3,2022,Tuesday,Q1
2022-03-09,Groceries,West,45,21.1,949.3,3,2022,Wednesday,Q1
2022-03-10,Groceries,West,28,34.03,952.75,3,2022,Thursday,Q1
2022-03-11,Groceries,West,21,45.27,950.71,3,2022,Friday,Q1
2022-03-12,Groceries,West,52,20.53,1067.79,3,2022,Saturday,Q1
2022-03-13,Groceries,West,26,38.37,997.6,3,2022,Sunday,Q1
2022-03-14,Groceries,West,51,18.31,934.02,3,2022,Monday,Q1
2022-03-15,Groceries,West,22,43.34,953.42,3,2022,Tuesday,Q1
2022-03-16,Groceries,West,29,33.79,980.02,3,2022,Wednesday,Q1
2022-03-17,Groceries,West,43,20.69,889.73,3,2022,Thursday,Q1
2022-03-18,Groceries,West,38,26.22,996.21,3,2022,Friday,Q1
2022-03-19,Groceries,West,40,26.17,1046.71,3,2022,Saturday,Q1
2022-03-20,Groceries,West,25,40.93,1023.33,3,2022,Sunday,Q1
2022-03-21,Groceries,West,21,46.46,975.57,3,2022,Monday,Q1
2022-03-22,Groceries,West,22,43.56,958.29,3,2022,Tuesday,Q1
2022-03-23,Groceries,West,19,46.75,888.24,3,2022,Wednesday,Q1
2022-03-24,Groceries,West,25,38.36,959.03,3,2022,Thursday,Q1
2022-03-25,Groceries,West,22,45.7,1005.4,3,2022,Friday,Q1
2022-03-26,Groceries,West,31,33.41,1035.66,3,2022,Saturday,Q1
2022-03-27,Groceries,West,92,11.38,1047.11,3,2022,Sunday,Q1
2022-03-28,Groceries,West,24,40.15,963.55,3,2022,Monday,Q1
2022-03-29,Groceries,West,66,14.94,986.23,3,2022,Tuesday,Q1
2022-03-30,Groceries,West,22,42.55,936.2,3,2022,Wednesday,Q1
2022-03-31,Groceries,West,22,44.09,969.88,3,2022,Thursday,Q1
2022-04-01,Groceries,West,49,19.16,938.77,4,2022,Friday,Q2
2022-04-02,Groceries,West,28,37.27,1043.48,4,2022,Saturday,Q2
2022-04-03,Groceries,West,78,13.84,1079.63,4,2022,Sunday,Q2
2022-04-04,Groceries,West,47,19.73,927.36,4,2022,Monday,Q2
2022-04-05,Groceries,West,32,28.91,925.0,4,2022,Tuesday,Q2
2022-04-06,Groceries,West,28,34.0,951.98,4,2022,Wednesday,Q2
2022-04-07,Groceries,West,28,35.56,995.6,4,2022,Thursday,Q2
2022-04-08,Groceries,West,77,11.87,913.74,4,2022,Friday,Q2
2022-04-09,Groceries,West,39,26.54,1035.1,4,2022,Saturday,Q2
2022-04-10,Groceries,West,41,24.61,1008.88,4,2022,Sunday,Q2
2022-04-11,Groceries,West,21,47.25,992.25,4,2022,Monday,Q2
2022-04-12,Groceries,West,23,41.41,952.51,4,2022,Tuesday,Q2
2022-04-13,Groceries,West,65,14.56,946.56,4,2022,Wednesday,Q2
2022-04-14,Groceries,West,56,16.95,949.04,4,2022,Thursday,Q2
2022-04-15,Groceries,West,20,51.01,1020.26,4,2022,Friday,Q2
2022-04-16,Groceries,West,20,52.02,1040.31,4,2022,Saturday,Q2
2022-04-17,Groceries,West,44,23.18,1020.02,4,2022,Sunday,Q2
2022-04-18,Groceries,West,36,26.26,945.45,4,2022,Monday,Q2
2022-04-19,Groceries,West,48,19.66,943.91,4,2022,Tuesday,Q2
2022-04-20,Groceries,West,35,27.58,965.18,4,2022,Wednesday,Q2
2022-04-21,Groceries,West,59,16.28,960.79,4,2022,Thursday,Q2
2022-04-22,Groceries,West,30,31.9,956.98,4,2022,Friday,Q2
2022-04-23,Groceries,West,77,13.45,1036.03,4,2022,Saturday,Q2
2022-04-24,Groceries,West,44,21.34,939.12,4,2022,Sunday,Q2
2022-04-25,Groceries,West,80,11.74,938.99,4,2022,Monday,Q2
2022-04-26,Groceries,West,38,25.5,968.93,4,2022,Tuesday,Q2
2022-04-27,Groceries,West,22,45.02,990.45,4,2022,Wednesday,Q2
2022-04-28,Groceries,West,77,12.08,929.94,4,2022,Thursday,Q2
2022-04-29,Groceries,West,37,23.07,853.47,4,2022,Friday,Q2
2022-04-30,Groceries,West,42,24.18,1015.6,4,2022,Saturday,Q2
2022-05-01,Groceries,West,31,33.15,1027.68,5,2022,Sunday,Q2
2022-05-02,Groceries,West,42,22.99,965.7,5,2022,Monday,Q2
2022-05-03,Groceries,West,23,41.55,955.72,5,2022,Tuesday,Q2
2022-05-04,Groceries,West,25,36.68,916.96,5,2022,Wednesday,Q2
2022-05-05,Groceries,West,26,34.86,906.26,5,2022,Thursday,Q2
2022-05-06,Groceries,West,26,37.91,985.68,5,2022,Friday,Q2
2022-05-07,Groceries,West,47,22.53,1059.1,5,2022,Saturday,Q2
2022-05-08,Groceries,West,50,20.83,1041.65,5,2022,Sunday,Q2
2022-05-09,Groceries,West,68,14.37,977.4,5,2022,Monday,Q2
2022-05-10,Groceries,West,69,12.93,891.9,5,2022,Tuesday,Q2
2022-05-11,Groceries,West,28,33.78,945.89,5,2022,Wednesday,Q2
2022-05-12,Groceries,West,19,47.74,906.99,5,2022,Thursday,Q2
2022-05-13,Groceries,West,27,35.47,957.68,5,2022,Friday,Q2
2022-05-14,Groceries,West,58,17.18,996.34,5,2022,Saturday,Q2
2022-05-15,Groceries,West,61,16.45,1003.62,5,2022,Sunday,Q2
2022-05-16,Groceries,West,47,18.44,866.52,5,2022,Monday,Q2
2022-05-17,Groceries,West,22,40.45,889.87,5,2022,Tuesday,Q2
2022-05-18,Groceries,West,56,16.99,951.65,5,2022,Wednesday,Q2
2022-05-19,Groceries,West,24,36.43,874.41,5,2022,Thursday,Q2
2022-05-20,Groceries,West,18,48.06,865.16,5,2022,Friday,Q2
2022-05-21,Groceries,West,31,31.9,988.75,5,2022,Saturday,Q2
2022-05-22,Groceries,West,19,50.95,968.01,5,2022,Sunday,Q2
2022-05-23,Groceries,West,20,45.04,900.75,5,2022,Monday,Q2
