data/sales_data.csv
Date,Product_Category,Region,Units_Sold,Unit_Price,Total_Sales,Month,Year,Day_of_Week,Quarter
2022-05-24,Groceries,West,33,29.37,969.18,5,2022,Tuesday,Q2
2022-05-25,Groceries,West,40,21.99,879.76,5,2022,Wednesday,Q2
2022-05-26,Groceries,West,20,43.49,869.85,5,2022,Thursday,Q2
2022-05-27,Groceries,West,34,26.46,899.78,5,2022,Friday,Q2
2022-05-28,Groceries,West,55,17.07,939.09,5,2022,Saturday,Q2
2022-05-29,Groceries,West,24,40.9,981.71,5,2022,Sunday,Q2
2022-05-30,Groceries,West,20,43.88,877.68,5,2022,Monday,Q2
2022-05-31,Groceries,West,42,21.92,920.71,5,2022,Tuesday,Q2
2022-06-01,Groceries,West,19,44.1,837.81,6,2022,Wednesday,Q2
2022-06-02,Groceries,West,25,36.19,904.64,6,2022,Thursday,Q2
2022-06-03,Groceries,West,71,12.22,867.97,6,2022,Friday,Q2
2022-06-04,Groceries,West,23,41.73,959.83,6,2022,Saturday,Q2
2022-06-05,Groceries,West,33,29.67,979.08,6,2022,Sunday,Q2
2022-06-06,Groceries,West,21,43.89,921.65,6,2022,Monday,Q2
2022-06-07,Groceries,West,50,17.5,875.05,6,2022,Tuesday,Q2
2022-06-08,Groceries,West,29,29.99,869.73,6,2022,Wednesday,Q2
2022-06-09,Groceries,West,73,12.23,892.77,6,2022,Thursday,Q2
2022-06-10,Groceries,West,19,43.02,817.44,6,2022,Friday,Q2
2022-06-11,Groceries,West,56,17.71,991.56,6,2022,Saturday,Q2
2022-06-12,Groceries,West,85,11.33,963.11,6,2022,Sunday,Q2
2022-06-13,Groceries,West,26,32.77,851.93,6,2022,Monday,Q2
2022-06-14,Groceries,West,71,12.59,893.57,6,2022,Tuesday,Q2
2022-06-15,Groceries,West,54,15.36,829.35,6,2022,Wednesday,Q2
2022-06-16,Groceries,West,56,15.71,879.65,6,2022,Thursday,Q2
2022-06-17,Groceries,West,58,14.97,868.55,6,2022,Friday,Q2
2022-06-18,Groceries,West,24,39.23,941.64,6,2022,Saturday,Q2
2022-06-19,Groceries,West,25,38.13,953.3,6,2022,Sunday,Q2
2022-06-20,Groceries,West,36,24.13,868.6,6,2022,Monday,Q2
2022-06-21,Groceries,West,29,28.47,825.52,6,2022,Tuesday,Q2
2022-06-22,Groceries,West,61,13.73,837.45,6,2022,Wednesday,Q2
2022-06-23,Groceries,West,77,10.96,843.97,6,2022,Thursday,Q2
2022-06-24,Groceries,West,36,22.1,795.72,6,2022,Friday,Q2
2022-06-25,Groceries,West,47,19.06,895.66,6,2022,Saturday,Q2
2022-06-26,Groceries,West,22,40.59,893.04,6,2022,Sunday,Q2
2022-06-27,Groceries,West,19,45.5,864.46,6,2022,Monday,Q2
2022-06-28,Groceries,West,23,35.71,821.27,6,2022,Tuesday,Q2
2022-06-29,Groceries,West,47,15.88,746.36,6,2022,Wednesday,Q2
2022-06-30,Groceries,West,78,10.11,788.45,6,2022,Thursday,Q2
2022-07-01,Groceries,West,44,18.19,800.55,7,2022,Friday,Q3
2022-07-02,Groceries,West,29,30.29,878.37,7,2022,Saturday,Q3
2022-07-03,Groceries,West,51,17.65,900.02,7,2022,Sunday,Q3
2022-07-04,Groceries,West,23,34.67,797.42,7,2022,Monday,Q3
2022-07-05,Groceries,West,45,16.59,746.43,7,2022,Tuesday,Q3
2022-07-06,Groceries,West,25,31.91,797.64,7,2022,Wednesday,Q3
2022-07-07,Groceries,West,17,45.12,767.07,7,2022,Thursday,Q3
2022-07-08,Groceries,West,50,15.52,776.16,7,2022,Friday,Q3
2022-07-09,Groceries,West,38,23.12,878.68,7,2022,Saturday,Q3
2022-07-10,Groceries,West,44,19.2,844.64,7,2022,Sunday,Q3
2022-07-11,Groceries,West,30,26.86,805.75,7,2022,Monday,Q3
2022-07-12,Groceries,West,33,23.71,782.27,7,2022,Tuesday,Q3
2022-07-13,Groceries,West,26,30.3,787.85,7,2022,Wednesday,Q3
2022-07-14,Groceries,West,18,43.3,779.32,7,2022,Thursday,Q3
2022-07-15,Groceries,West,30,24.54,736.17,7,2022,Friday,Q3
2022-07-16,Groceries,West,67,12.7,851.2,7,2022,Saturday,Q3
2022-07-17,Groceries,West,20,42.16,843.29,7,2022,Sunday,Q3
2022-07-18,Groceries,West,15,50.36,755.45,7,2022,Monday,Q3
2022-07-19,Groceries,West,22,34.58,760.75,7,2022,Tuesday,Q3
2022-07-20,Groceries,West,16,45.91,734.57,7,2022,Wednesday,Q3
2022-07-21,Groceries,West,18,41.03,738.51,7,2022,Thursday,Q3
2022-07-22,Groceries,West,14,49.82,697.51,7,2022,Friday,Q3
2022-07-23,Groceries,West,32,26.74,855.76,7,2022,Saturday,Q3
2022-07-24,Groceries,West,35,23.25,813.85,7,2022,Sunday,Q3
2022-07-25,Groceries,West,46,17.06,784.86,7,2022,Monday,Q3
2022-07-26,Groceries,West,54,14.04,757.94,7,2022,Tuesday,Q3
2022-07-27,Groceries,West,21,32.82,689.32,7,2022,Wednesday,Q3
2022-07-28,Groceries,West,17,45.87,779.72,7,2022,Thursday,Q3
2022-07-29,Groceries,West,16,45.47,727.55,7,2022,Friday,Q3
2022-07-30,Groceries,West,37,21.9,810.46,7,2022,Saturday,Q3
2022-07-31,Groceries,West,20,38.5,770.03,7,2022,Sunday,Q3
2022-08-01,Groceries,West,17,43.73,743.34,8,2022,Monday,Q3
2022-08-02,Groceries,West,41,18.01,738.33,8,2022,Tuesday,Q3
2022-08-03,Groceries,West,36,20.72,745.85,8,2022,Wednesday,Q3
2022-08-04,Groceries,West,44,17.01,748.22,8,2022,Thursday,Q3
2022-08-05,Groceries,West,20,37.62,752.38,8,2022,Friday,Q3
2022-08-06,Groceries,West,26,30.96,804.84,8,2022,Saturday,Q3
2022-08-07,Groceries,West,19,42.95,816.06,8,2022,Sunday,Q3
2022-08-08,Groceries,West,19,37.65,715.37,8,2022,Monday,Q3
2022-08-09,Groceries,West,19,37.31,708.91,8,2022,Tuesday,Q3
2022-08-10,Groceries,West,21,34.81,730.99,8,2022,Wednesday,Q3
2022-08-11,Groceries,West,15,48.59,728.82,8,2022,Thursday,Q3
2022-08-12,Groceries,West,35,21.21,742.21,8,2022,Friday,Q3
2022-08-13,Groceries,West,50,16.95,847.67,8,2022,Saturday,Q3
2022-08-14,Groceries,West,17,45.11,766.93,8,2022,Sunday,Q3
2022-08-15,Groceries,West,41,16.89,692.63,8,2022,Monday,Q3
2022-08-16,Groceries,West,63,10.95,689.88,8,2022,Tuesday,Q3
2022-08-17,Groceries,West,28,25.12,703.33,8,2022,Wednesday,Q3
2022-08-18,Groceries,West,15,48.56,728.35,8,2022,Thursday,Q3
2022-08-19,Groceries,West,23,30.55,702.71,8,2022,Friday,Q3
2022-08-20,Groceries,West,20,37.45,749.04,8,2022,Saturday,Q3
2022-08-21,Groceries,West,45,17.01,765.36,8,2022,Sunday,Q3
2022-08-22,Groceries,West,55,13.69,752.77,8,2022,Monday,Q3
2022-08-23,Groceries,West,20,35.17,703.33,8,2022,Tuesday,Q3
2022-08-24,Groceries,West,28,25.12,703.43,8,2022,Wednesday,Q3
2022-08-25,Groceries,West,33,21.79,719.14,8,2022,Thursday,Q3
2022-08-26,Groceries,West,26,28.35,737.05,8,2022,Friday,Q3
2022-08-27,Groceries,West,33,24.37,804.22,8,2022,Saturday,Q3
2022-08-28,Groceries,West,21,34.44,723.28,8,2022,Sunday,Q3
2022-08-29,Groceries,West,16,42.86,685.76,8,2022,Monday,Q3
2022-08-30,Groceries,West,19,34.79,661.04,8,2022,Tuesday,Q3
2022-08-31,Groceries,West,13,49.89,648.56,8,2022,Wednesday,Q3
2022-09-01,Groceries,West,29,24.73,717.2,9,2022,Thursday,Q3
2022-09-02,Groceries,West,18,38.89,700.11,9,2022,Friday,Q3
2022-09-03,Groceries,West,27,26.47,714.57,9,2022,Saturday,Q3
2022-09-04,Groceries,West,17,46.6,792.19,9,2022,Sunday,Q3
2022-09-05,Groceries,West,21,32.7,686.77,9,2022,Monday,Q3
2022-09-06,Groceries,West,18,38.66,695.88,9,2022,Tuesday,Q3
2022-09-07,Groceries,West,26,25.81,670.96,9,2022,Wednesday,Q3
2022-09-08,Groceries,West,36,18.61,670.14,9,2022,Thursday,Q3
2022-09-09,Groceries,West,13,51.07,663.95,9,2022,Friday,Q3
2022-09-10,Groceries,West,44,17.16,755.12,9,2022,Saturday,Q3
2022-09-11,Groceries,West,25,28.63,715.84,9,2022,Sunday,Q3
2022-09-12,Groceries,West,17,40.45,687.65,9,2022,Monday,Q3
2022-09-13,Groceries,West,14,47.1,659.4,9,2022,Tuesday,Q3
2022-09-14,Groceries,West,23,30.13,692.88,9,2022,Wednesday,Q3
2022-09-15,Groceries,West,39,16.73,652.33,9,2022,Thursday,Q3
2022-09-16,Groceries,West,13,53.41,694.31,9,2022,Friday,Q3
2022-09-17,Groceries,West,29,24.62,713.93,9,2022,Saturday,Q3
2022-09-18,Groceries,West,64,11.85,758.53,9,2022,Sunday,Q3
2022-09-19,Groceries,West,62,10.28,637.52,9,2022,Monday,Q3
2022-09-20,Groceries,West,16,40.98,655.71,9,2022,Tuesday,Q3
2022-09-21,Groceries,West,29,21.84,633.23,9,2022,Wednesday,Q3
2022-09-22,Groceries,West,15,43.52,652.76,9,2022,Thursday,Q3
2022-09-23,Groceries,West,30,22.89,686.79,9,2022,Friday,Q3
2022-09-24,Groceries,West,27,29.01,783.17,9,2022,Saturday,Q3
2022-09-25,Groceries,West,40,20.23,809.24,9,2022,Sunday,Q3
2022-09-26,Groceries,West,27,24.22,653.83,9,2022,Monday,Q3
2022-09-27,Groceries,West,20,34.89,697.86,9,2022,Tuesday,Q3
2022-09-28,Groceries,West,19,38.15,724.87,9,2022,Wednesday,Q3
2022-09-29,Groceries,West,44,14.82,652.14,9,2022,Thursday,Q3
2022-09-30,Groceries,West,30,23.11,693.39,9,2022,Friday,Q3
2022-10-01,Groceries,West,23,41.27,949.29,10,2022,Saturday,Q4
2022-10-02,Groceries,West,60,16.26,975.88,10,2022,Sunday,Q4
2022-10-03,Groceries,West,46,19.51,897.48,10,2022,Monday,Q4
2022-10-04,Groceries,West,70,12.64,884.6,10,2022,Tuesday,Q4
2022-10-05,Groceries,West,25,34.17,854.19,10,2022,Wednesday,Q4
2022-10-06,Groceries,West,28,32.0,895.92,10,2022,Thursday,Q4
2022-10-07,Groceries,West,18,46.74,841.29,10,2022,Friday,Q4
2022-10-08,Groceries,West,68,14.18,964.5,10,2022,Saturday,Q4
2022-10-09,Groceries,West,29,32.28,936.17,10,2022,Sunday,Q4
2022-10-10,Groceries,West,19,46.3,879.77,10,2022,Monday,Q4
2022-10-11,Groceries,West,74,12.46,922.4,10,2022,Tuesday,Q4
2022-10-12,Groceries,West,18,47.51,855.21,10,2022,Wednesday,Q4
2022-10-13,Groceries,West,20,41.75,835.08,10,2022,Thursday,Q4
2022-10-14,Groceries,West,36,23.95,862.23,10,2022,Friday,Q4
2022-10-15,Groceries,West,91,10.34,940.97,10,2022,Saturday,Q4
2022-10-16,Groceries,West,37,25.05,927.0,10,2022,Sunday,Q4
2022-10-17,Groceries,West,23,36.12,830.85,10,2022,Monday,Q4
2022-10-18,Groceries,West,27,32.4,874.74,10,2022,Tuesday,Q4
2022-10-19,Groceries,West,31,29.58,916.85,10,2022,Wednesday,Q4
2022-10-20,Groceries,West,45,19.51,878.14,10,2022,Thursday,Q4
2022-10-21,Groceries,West,22,39.84,876.45,10,2022,Friday,Q4
2022-10-22,Groceries,West,31,30.87,956.86,10,2022,Saturday,Q4
2022-10-23,Groceries,West,31,31.0,961.14,10,2022,Sunday,Q4
2022-10-24,Groceries,West,18,47.9,862.27,10,2022,Monday,Q4
2022-10-25,Groceries,West,31,27.66,857.57,10,2022,Tuesday,Q4
2022-10-26,Groceries,West,17,52.1,885.64,10,2022,Wednesday,Q4
2022-10-27,Groceries,West,33,26.75,882.87,10,2022,Thursday,Q4
2022-10-28,Groceries,West,21,43.03,903.67,10,2022,Friday,Q4
2022-10-29,Groceries,West,79,11.76,928.69,10,2022,Saturday,Q4
2022-10-30,Groceries,West,29,32.72,948.8,10,2022,Sunday,Q4
2022-10-31,Groceries,West,20,43.36,867.17,10,2022,Monday,Q4
2022-11-01,Groceries,West,17,51.56,876.54,11,2022,Tuesday,Q4
2022-11-02,Groceries,West,58,14.95,867.14,11,2022,Wednesday,Q4
2022-11-03,Groceries,West,61,14.05,857.1,11,2022,Thursday,Q4
2022-11-04,Groceries,West,23,38.49,885.21,11,2022,Friday,Q4
2022-11-05,Groceries,West,45,21.46,965.82,11,2022,Saturday,Q4
2022-11-06,Groceries,West,38,25.04,951.44,11,2022,Sunday,Q4
2022-11-07,Groceries,West,55,16.32,897.49,11,2022,Monday,Q4
2022-11-08,Groceries,West,40,21.42,856.72,11,2022,Tuesday,Q4
2022-11-09,Groceries,West,34,27.23,925.88,11,2022,Wednesday,Q4
2022-11-10,Groceries,West,20,45.83,916.69,11,2022,Thursday,Q4
2022-11-11,Groceries,West,17,50.12,852.11,11,2022,Friday,Q4
2022-11-12,Groceries,West,80,12.55,1004.09,11,2022,Saturday,Q4
2022-11-13,Groceries,West,37,26.04,963.6,11,2022,Sunday,Q4
2022-11-14,Groceries,West,32,28.73,919.48,11,2022,Monday,Q4
2022-11-15,Groceries,West,26,35.59,925.31,11,2022,Tuesday,Q4
2022-11-16,Groceries,West,22,41.19,906.21,11,2022,Wednesday,Q4
2022-11-17,Groceries,West,53,17.03,902.68,11,2022,Thursday,Q4
2022-11-18,Groceries,West,27,32.21,869.58,11,2022,Friday,Q4
2022-11-19,Groceries,West,46,21.24,976.94,11,2022,Saturday,Q4
2022-11-20,Groceries,West,28,35.87,1004.47,11,2022,Sunday,Q4
2022-11-21,Groceries,West,63,14.63,921.54,11,2022,Monday,Q4
2022-11-22,Groceries,West,20,45.02,900.48,11,2022,Tuesday,Q4
2022-11-23,Groceries,West,21,39.81,836.03,11,2022,Wednesday,Q4
2022-11-24,Groceries,West,91,10.07,916.19,11,2022,Thursday,Q4
2022-11-25,Groceries,West,23,38.22,879.14,11,2022,Friday,Q4
2022-11-26,Groceries,West,28,34.35,961.78,11,2022,Saturday,Q4
2022-11-27,Groceries,West,23,44.96,1034.02,11,2022,Sunday,Q4
2022-11-28,Groceries,West,24,40.02,960.51,11,2022,Monday,Q4
2022-11-29,Groceries,West,27,33.62,907.63,11,2022,Tuesday,Q4
2022-01-01,Furniture,North,18,18.14,326.55,1,2022,Saturday,Q1
2022-01-02,Furniture,North,25,10.6,264.91,1,2022,Sunday,Q1
2022-01-03,Furniture,North,5,47.06,235.31,1,2022,Monday,Q1
2022-01-04,Furniture,North,12,20.4,244.76,1,2022,Tuesday,Q1
2022-01-05,Furniture,North,11,17.52,192.69,1,2022,Wednesday,Q1
2022-01-06,Furniture,North,19,11.0,209.01,1,2022,Thursday,Q1
2022-01-07,Furniture,North,5,39.03,195.15,1,2022,Friday,Q1
2022-01-08,Furniture,North,13,28.05,364.61,1,2022,Saturday,Q1
2022-01-09,Furniture,North,24,13.0,311.98,1,2022,Sunday,Q1
2022-01-10,Furniture,North,6,43.48,260.89,1,2022,Monday,Q1
2022-01-11,Furniture,North,5,47.68,238.42,1,2022,Tuesday,Q1
2022-01-12,Furniture,North,5,53.34,266.7,1,2022,Wednesday,Q1
2022-01-13,Furniture,North,10,26.56,265.64,1,2022,Thursday,Q1
2022-01-14,Furniture,North,4,53.86,215.46,1,2022,Friday,Q1
2022-01-15,Furniture,North,13,22.15,287.89,1,2022,Saturday,Q1
2022-01-16,Furniture,North,21,16.22,340.7,1,2022,Sunday,Q1
2022-01-17,Furniture,North,6,30.49,182.93,1,2022,Monday,Q1
2022-01-18,Furniture,North,12,21.58,258.99,1,2022,Tuesday,Q1
2022-01-19,Furniture,North,5,42.08,210.39,1,2022,Wednesday,Q1
2022-01-20,Furniture,North,5,41.87,209.35,1,2022,Thursday,Q1
2022-01-21,Furniture,North,8,23.95,191.59,1,2022,Friday,Q1
2022-01-22,Furniture,North,26,13.54,352.04,1,2022,Saturday,Q1
2022-01-23,Furniture,North,8,43.79,350.36,1,2022,Sunday,Q1
2022-01-24,Furniture,North,5,52.77,263.84,1,2022,Monday,Q1
2022-01-25,Furniture,North,19,12.88,244.66,1,2022,Tuesday,Q1
2022-01-26,Furniture,North,13,22.05,286.62,1,2022,Wednesday,Q1
2022-01-27,Furniture,North,11,23.19,255.14,1,2022,Thursday,Q1
2022-01-28,Furniture,North,5,46.67,233.34,1,2022,Friday,Q1
2022-01-29,Furniture,North,10,35.31,353.1,1,2022,Saturday,Q1
2022-01-30,Furniture,North,7,48.0,335.97,1,2022,Sunday,Q1
2022-01-31,Furniture,North,17,17.21,292.62,1,2022,Monday,Q1
2022-02-01,Furniture,North,17,18.29,310.97,2,2022,Tuesday,Q1
2022-02-02,Furniture,North,23,14.4,331.3,2,2022,Wednesday,Q1
2022-02-03,Furniture,North,7,34.69,242.83,2,2022,Thursday,Q1
2022-02-04,Furniture,North,6,48.4,290.37,2,2022,Friday,Q1
2022-02-05,Furniture,North,18,19.52,351.42,2,2022,Saturday,Q1
2022-02-06,Furniture,North,24,15.7,376.77,2,2022,Sunday,Q1
2022-02-07,Furniture,North,11,26.68,293.43,2,2022,Monday,Q1
2022-02-08,Furniture,North,10,25.42,254.2,2,2022,Tuesday,Q1
2022-02-09,Furniture,North,9,40.22,361.98,2,2022,Wednesday,Q1
2022-02-10,Furniture,North,5,56.0,279.99,2,2022,Thursday,Q1
2022-02-11,Furniture,North,8,42.31,338.44,2,2022,Friday,Q1
2022-02-12,Furniture,North,9,37.86,340.72,2,2022,Saturday,Q1
2022-02-13,Furniture,North,8,47.3,378.41,2,2022,Sunday,Q1
2022-02-14,Furniture,North,27,13.03,351.9,2,2022,Monday,Q1
2022-02-15,Furniture,North,11,29.28,322.1,2,2022,Tuesday,Q1
2022-02-16,Furniture,North,19,16.47,312.88,2,2022,Wednesday,Q1
2022-02-17,Furniture,North,15,23.44,351.57,2,2022,Thursday,Q1
2022-02-18,Furniture,North,16,20.84,333.49,2,2022,Friday,Q1
2022-02-19,Furniture,North,9,47.19,424.71,2,2022,Saturday,Q1
2022-02-20,Furniture,North,11,36.29,399.22,2,2022,Sunday,Q1
2022-02-21,Furniture,North,9,36.4,327.61,2,2022,Monday,Q1
2022-02-22,Furniture,North,13,25.08,326.04,2,2022,Tuesday,Q1
2022-02-23,Furniture,North,5,57.16,285.82,2,2022,Wednesday,Q1
2022-02-24,Furniture,North,7,37.86,265.05,2,2022,Thursday,Q1
2022-02-25,Furniture,North,7,51.09,357.65,2,2022,Friday,Q1
2022-02-26,Furniture,North,30,13.93,418.02,2,2022,Saturday,Q1
2022-02-27,Furniture,North,21,19.77,415.23,2,2022,Sunday,Q1
2022-02-28,Furniture,North,7,36.74,257.21,2,2022,Monday,Q1
2022-03-01,Furniture,North,7,42.3,296.08,3,2022,Tuesday,Q1
2022-03-02,Furniture,North,8,42.29,338.32,3,2022,Wednesday,Q1
2022-03-03,Furniture,North,9,31.8,286.2,3,2022,Thursday,Q1
2022-03-04,Furniture,North,31,10.53,326.32,3,2022,Friday,Q1
2022-03-05,Furniture,North,15,31.75,476.24,3,2022,Saturday,Q1
2022-03-06,Furniture,North,20,19.28,385.53,3,2022,Sunday,Q1
2022-03-07,Furniture,North,7,47.1,329.68,3,2022,Monday,Q1
2022-03-08,Furniture,North,15,21.74,326.05,3,2022,Tuesday,Q1
2022-03-09,Furniture,North,27,13.03,351.81,3,2022,Wednesday,Q1
2022-03-10,Furniture,North,14,26.71,373.95,3,2022,Thursday,Q1
2022-03-11,Furniture,North,7,51.22,358.52,3,2022,Friday,Q1
2022-03-12,Furniture,North,32,13.0,416.11,3,2022,Saturday,Q1
2022-03-13,Furniture,North,24,17.2,412.87,3,2022,Sunday,Q1
2022-03-14,Furniture,North,20,18.6,372.01,3,2022,Monday,Q1
2022-03-15,Furniture,North,15,19.39,290.79,3,2022,Tuesday,Q1
2022-03-16,Furniture,North,10,31.69,316.89,3,2022,Wednesday,Q1
2022-03-17,Furniture,North,31,11.58,359.1,3,2022,Thursday,Q1
2022-03-18,Furniture,North,7,52.04,364.31,3,2022,Friday,Q1
2022-03-19,Furniture,North,20,21.86,437.2,3,2022,Saturday,Q1
2022-03-20,Furniture,North,20,21.44,428.72,3,2022,Sunday,Q1
2022-03-21,Furniture,North,8,45.37,362.96,3,2022,Monday,Q1
2022-03-22,Furniture,North,10,33.01,330.13,3,2022,Tuesday,Q1
2022-03-23,Furniture,North,30,12.25,367.4,3,2022,Wednesday,Q1
2022-03-24,Furniture,North,7,54.09,378.66,3,2022,Thursday,Q1
2022-03-25,Furniture,North,18,21.5,387.05,3,2022,Friday,Q1
2022-03-26,Furniture,North,10,44.34,443.36,3,2022,Saturday,Q1
2022-03-27,Furniture,North,21,17.09,358.99,3,2022,Sunday,Q1
2022-03-28,Furniture,North,10,36.07,360.66,3,2022,Monday,Q1
2022-03-29,Furniture,North,14,22.52,315.32,3,2022,Tuesday,Q1
2022-03-30,Furniture,North,7,47.58,333.06,3,2022,Wednesday,Q1
2022-03-31,Furniture,North,8,40.16,321.31,3,2022,Thursday,Q1
2022-04-01,Furniture,North,9,35.89,322.99,4,2022,Friday,Q2
2022-04-02,Furniture,North,20,22.28,445.57,4,2022,Saturday,Q2
2022-04-03,Furniture,North,24,17.32,415.7,4,2022,Sunday,Q2
2022-04-04,Furniture,North,33,11.75,387.6,4,2022,Monday,Q2
2022-04-05,Furniture,North,21,15.23,319.79,4,2022,Tuesday,Q2
2022-04-06,Furniture,North,8,46.18,369.42,4,2022,Wednesday,Q2
2022-04-07,Furniture,North,13,28.31,368.06,4,2022,Thursday,Q2
2022-04-08,Furniture,North,20,17.01,340.2,4,2022,Friday,Q2
2022-04-09,Furniture,North,25,17.73,443.26,4,2022,Saturday,Q2
2022-04-10,Furniture,North,21,21.1,443.18,4,2022,Sunday,Q2
2022-04-11,Furniture,North,15,20.99,314.79,4,2022,Monday,Q2
2022-04-12,Furniture,North,12,27.42,329.09,4,2022,Tuesday,Q2
2022-04-13,Furniture,North,7,46.82,327.71,4,2022,Wednesday,Q2
2022-04-14,Furniture,North,20,17.85,356.91,4,2022,Thursday,Q2
2022-04-15,Furniture,North,9,38.4,345.57,4,2022,Friday,Q2
2022-04-16,Furniture,North,19,24.63,468.03,4,2022,Saturday,Q2
