data/sales_data.csv
Date,Product_Category,Region,Units_Sold,Unit_Price,Total_Sales,Month,Year,Day_of_Week,Quarter
2022-04-17,Furniture,North,29,15.3,443.75,4,2022,Sunday,Q2
2022-04-18,Furniture,North,6,56.19,337.16,4,2022,Monday,Q2
2022-04-19,Furniture,North,20,16.34,326.73,4,2022,Tuesday,Q2
2022-04-20,Furniture,North,8,41.99,335.91,4,2022,Wednesday,Q2
2022-04-21,Furniture,North,9,40.78,367.06,4,2022,Thursday,Q2
2022-04-22,Furniture,North,24,16.94,406.54,4,2022,Friday,Q2
2022-04-23,Furniture,North,12,35.48,425.75,4,2022,Saturday,Q2
2022-04-24,Furniture,North,35,12.57,439.8,4,2022,Sunday,Q2
2022-04-25,Furniture,North,20,16.62,332.44,4,2022,Monday,Q2
2022-04-26,Furniture,North,7,47.64,333.51,4,2022,Tuesday,Q2
2022-04-27,Furniture,North,11,26.89,295.74,4,2022,Wednesday,Q2
2022-04-28,Furniture,North,16,21.79,348.58,4,2022,Thursday,Q2
2022-04-29,Furniture,North,6,55.24,331.42,4,2022,Friday,Q2
2022-04-30,Furniture,North,21,19.06,400.26,4,2022,Saturday,Q2
2022-05-01,Furniture,North,13,34.73,451.54,5,2022,Sunday,Q2
2022-05-02,Furniture,North,32,10.63,340.16,5,2022,Monday,Q2
2022-05-03,Furniture,North,24,14.67,351.99,5,2022,Tuesday,Q2
2022-05-04,Furniture,North,6,50.99,305.92,5,2022,Wednesday,Q2
2022-05-05,Furniture,North,21,13.25,278.15,5,2022,Thursday,Q2
2022-05-06,Furniture,North,20,15.64,312.8,5,2022,Friday,Q2
2022-05-07,Furniture,North,6,57.28,343.69,5,2022,Saturday,Q2
2022-05-08,Furniture,North,8,50.72,405.73,5,2022,Sunday,Q2
2022-05-09,Furniture,North,6,58.26,349.58,5,2022,Monday,Q2
2022-05-10,Furniture,North,6,56.78,340.67,5,2022,Tuesday,Q2
2022-05-11,Furniture,North,8,37.84,302.72,5,2022,Wednesday,Q2
2022-05-12,Furniture,North,9,33.54,301.88,5,2022,Thursday,Q2
2022-05-13,Furniture,North,7,41.39,289.71,5,2022,Friday,Q2
2022-05-14,Furniture,North,24,16.94,406.56,5,2022,Saturday,Q2
2022-05-15,Furniture,North,30,14.23,427.02,5,2022,Sunday,Q2
2022-05-16,Furniture,North,15,23.81,357.22,5,2022,Monday,Q2
2022-05-17,Furniture,North,26,11.09,288.45,5,2022,Tuesday,Q2
2022-05-18,Furniture,North,8,36.58,292.6,5,2022,Wednesday,Q2
2022-05-19,Furniture,North,8,36.68,293.47,5,2022,Thursday,Q2
2022-05-20,Furniture,North,9,34.4,309.64,5,2022,Friday,Q2
2022-05-21,Furniture,North,16,21.83,349.33,5,2022,Saturday,Q2
2022-05-22,Furniture,North,6,53.37,320.22,5,2022,Sunday,Q2
2022-05-23,Furniture,North,17,19.02,323.29,5,2022,Monday,Q2
2022-05-24,Furniture,North,6,50.33,301.98,5,2022,Tuesday,Q2
2022-05-25,Furniture,North,5,51.21,256.03,5,2022,Wednesday,Q2
2022-05-26,Furniture,North,8,33.67,269.34,5,2022,Thursday,Q2
2022-05-27,Furniture,North,15,18.29,274.3,5,2022,Friday,Q2
2022-05-28,Furniture,North,12,32.44,389.29,5,2022,Saturday,Q2
2022-05-29,Furniture,North,20,20.1,401.95,5,2022,Sunday,Q2
2022-05-30,Furniture,North,20,13.97,279.34,5,2022,Monday,Q2
2022-05-31,Furniture,North,15,17.45,261.76,5,2022,Tuesday,Q2
2022-06-01,Furniture,North,11,24.37,268.07,6,2022,Wednesday,Q2
2022-06-02,Furniture,North,8,27.97,223.76,6,2022,Thursday,Q2
2022-06-03,Furniture,North,6,49.83,298.96,6,2022,Friday,Q2
2022-06-04,Furniture,North,7,49.27,344.88,6,2022,Saturday,Q2
2022-06-05,Furniture,North,7,49.57,347.01,6,2022,Sunday,Q2
2022-06-06,Furniture,North,8,32.57,260.59,6,2022,Monday,Q2
2022-06-07,Furniture,North,10,32.63,326.26,6,2022,Tuesday,Q2
2022-06-08,Furniture,North,11,23.81,261.89,6,2022,Wednesday,Q2
2022-06-09,Furniture,North,12,21.72,260.68,6,2022,Thursday,Q2
2022-06-10,Furniture,North,10,22.42,224.21,6,2022,Friday,Q2
2022-06-11,Furniture,North,11,29.68,326.45,6,2022,Saturday,Q2
2022-06-12,Furniture,North,15,22.56,338.39,6,2022,Sunday,Q2
2022-06-13,Furniture,North,5,54.08,270.42,6,2022,Monday,Q2
2022-06-14,Furniture,North,17,12.92,219.61,6,2022,Tuesday,Q2
2022-06-15,Furniture,North,15,15.41,231.22,6,2022,Wednesday,Q2
2022-06-16,Furniture,North,9,26.95,242.57,6,2022,Thursday,Q2
2022-06-17,Furniture,North,5,49.09,245.44,6,2022,Friday,Q2
2022-06-18,Furniture,North,29,10.1,292.99,6,2022,Saturday,Q2
2022-06-19,Furniture,North,8,48.23,385.84,6,2022,Sunday,Q2
2022-06-20,Furniture,North,5,49.65,248.24,6,2022,Monday,Q2
2022-06-21,Furniture,North,7,34.78,243.44,6,2022,Tuesday,Q2
2022-06-22,Furniture,North,7,39.85,278.93,6,2022,Wednesday,Q2
2022-06-23,Furniture,North,11,20.52,225.76,6,2022,Thursday,Q2
2022-06-24,Furniture,North,5,29.33,146.63,6,2022,Friday,Q2
2022-06-25,Furniture,North,28,11.8,330.38,6,2022,Saturday,Q2
2022-06-26,Furniture,North,6,49.71,298.25,6,2022,Sunday,Q2
2022-06-27,Furniture,North,8,23.09,184.73,6,2022,Monday,Q2
2022-06-28,Furniture,North,4,51.16,204.63,6,2022,Tuesday,Q2
2022-06-29,Furniture,North,5,41.53,207.64,6,2022,Wednesday,Q2
2022-06-30,Furniture,North,4,50.48,201.9,6,2022,Thursday,Q2
2022-07-01,Furniture,North,7,32.21,225.5,7,2022,Friday,Q3
2022-07-02,Furniture,North,10,23.29,232.92,7,2022,Saturday,Q3
2022-07-03,Furniture,North,7,35.51,248.58,7,2022,Sunday,Q3
2022-07-04,Furniture,North,3,51.79,155.36,7,2022,Monday,Q3
2022-07-05,Furniture,North,9,21.29,191.58,7,2022,Tuesday,Q3
2022-07-06,Furniture,North,15,10.3,154.53,7,2022,Wednesday,Q3
2022-07-07,Furniture,North,5,40.58,202.89,7,2022,Thursday,Q3
2022-07-08,Furniture,North,12,17.84,214.11,7,2022,Friday,Q3
2022-07-09,Furniture,North,9,33.51,301.59,7,2022,Saturday,Q3
2022-07-10,Furniture,North,4,52.35,209.38,7,2022,Sunday,Q3
2022-07-11,Furniture,North,5,42.37,211.83,7,2022,Monday,Q3
2022-07-12,Furniture,North,6,32.65,195.9,7,2022,Tuesday,Q3
2022-07-13,Furniture,North,11,19.36,212.99,7,2022,Wednesday,Q3
2022-07-14,Furniture,North,6,27.78,166.66,7,2022,Thursday,Q3
2022-07-15,Furniture,North,6,35.7,214.2,7,2022,Friday,Q3
2022-07-16,Furniture,North,10,31.01,310.11,7,2022,Saturday,Q3
2022-07-17,Furniture,North,8,37.32,298.54,7,2022,Sunday,Q3
2022-07-18,Furniture,North,8,22.71,181.69,7,2022,Monday,Q3
2022-07-19,Furniture,North,6,23.68,142.06,7,2022,Tuesday,Q3
2022-07-20,Furniture,North,15,14.38,215.63,7,2022,Wednesday,Q3
2022-07-21,Furniture,North,5,26.87,134.34,7,2022,Thursday,Q3
2022-07-22,Furniture,North,4,38.95,155.8,7,2022,Friday,Q3
2022-07-23,Furniture,North,5,48.65,243.25,7,2022,Saturday,Q3
2022-07-24,Furniture,North,5,51.95,259.76,7,2022,Sunday,Q3
2022-07-25,Furniture,North,4,34.38,137.51,7,2022,Monday,Q3
2022-07-26,Furniture,North,3,49.27,147.8,7,2022,Tuesday,Q3
2022-07-27,Furniture,North,13,12.35,160.53,7,2022,Wednesday,Q3
2022-07-28,Furniture,North,4,34.38,137.51,7,2022,Thursday,Q3
2022-07-29,Furniture,North,3,42.77,128.32,7,2022,Friday,Q3
2022-07-30,Furniture,North,5,51.34,256.69,7,2022,Saturday,Q3
2022-07-31,Furniture,North,4,53.85,215.42,7,2022,Sunday,Q3
2022-08-01,Furniture,North,8,13.67,109.37,8,2022,Monday,Q3
2022-08-02,Furniture,North,4,27.64,110.58,8,2022,Tuesday,Q3
2022-08-03,Furniture,North,13,12.56,163.28,8,2022,Wednesday,Q3
2022-08-04,Furniture,North,5,25.77,128.84,8,2022,Thursday,Q3
2022-08-05,Furniture,North,9,11.91,107.15,8,2022,Friday,Q3
2022-08-06,Furniture,North,6,47.68,286.09,8,2022,Saturday,Q3
2022-08-07,Furniture,North,16,14.62,233.93,8,2022,Sunday,Q3
2022-08-08,Furniture,North,7,17.75,124.23,8,2022,Monday,Q3
2022-08-09,Furniture,North,2,64.76,129.51,8,2022,Tuesday,Q3
2022-08-10,Furniture,North,2,67.14,134.27,8,2022,Wednesday,Q3
2022-08-11,Furniture,North,15,10.27,154.11,8,2022,Thursday,Q3
2022-08-12,Furniture,North,8,13.1,104.77,8,2022,Friday,Q3
2022-08-13,Furniture,North,14,14.15,198.14,8,2022,Saturday,Q3
2022-08-14,Furniture,North,8,31.6,252.76,8,2022,Sunday,Q3
2022-08-15,Furniture,North,2,54.84,109.68,8,2022,Monday,Q3
2022-08-16,Furniture,North,6,12.33,74.0,8,2022,Tuesday,Q3
2022-08-17,Furniture,North,2,65.06,130.12,8,2022,Wednesday,Q3
2022-08-18,Furniture,North,1,48.97,48.97,8,2022,Thursday,Q3
2022-08-19,Furniture,North,5,16.82,84.11,8,2022,Friday,Q3
2022-08-20,Furniture,North,4,46.26,185.03,8,2022,Saturday,Q3
2022-08-21,Furniture,North,11,22.8,250.81,8,2022,Sunday,Q3
2022-08-22,Furniture,North,4,17.08,68.34,8,2022,Monday,Q3
2022-08-23,Furniture,North,1,48.64,48.64,8,2022,Tuesday,Q3
2022-08-24,Furniture,North,3,34.73,104.2,8,2022,Wednesday,Q3
2022-08-25,Furniture,North,5,21.85,109.23,8,2022,Thursday,Q3
2022-08-26,Furniture,North,4,25.78,103.12,8,2022,Friday,Q3
2022-08-27,Furniture,North,8,30.39,243.11,8,2022,Saturday,Q3
2022-08-28,Furniture,North,13,15.73,204.55,8,2022,Sunday,Q3
2022-08-29,Furniture,North,2,49.29,98.59,8,2022,Monday,Q3
2022-08-30,Furniture,North,2,51.15,102.3,8,2022,Tuesday,Q3
2022-08-31,Furniture,North,5,19.58,97.91,8,2022,Wednesday,Q3
2022-09-01,Furniture,North,4,21.9,87.62,9,2022,Thursday,Q3
2022-09-02,Furniture,North,10,12.26,122.64,9,2022,Friday,Q3
2022-09-03,Furniture,North,5,32.59,162.97,9,2022,Saturday,Q3
2022-09-04,Furniture,North,5,27.18,135.88,9,2022,Sunday,Q3
2022-09-05,Furniture,North,2,43.12,86.23,9,2022,Monday,Q3
2022-09-06,Furniture,North,2,12.93,25.86,9,2022,Tuesday,Q3
2022-09-07,Furniture,North,3,21.91,65.74,9,2022,Wednesday,Q3
2022-09-08,Furniture,North,1,33.32,33.32,9,2022,Thursday,Q3
2022-09-09,Furniture,North,3,26.88,80.64,9,2022,Friday,Q3
2022-09-10,Furniture,North,4,46.77,187.08,9,2022,Saturday,Q3
2022-09-11,Furniture,North,5,30.45,152.23,9,2022,Sunday,Q3
2022-09-12,Furniture,North,2,49.07,98.14,9,2022,Monday,Q3
2022-09-13,Furniture,North,8,14.46,115.67,9,2022,Tuesday,Q3
2022-09-14,Furniture,North,3,25.49,76.46,9,2022,Wednesday,Q3
2022-09-15,Furniture,North,1,65.47,65.47,9,2022,Thursday,Q3
2022-09-16,Furniture,North,1,24.17,24.17,9,2022,Friday,Q3
2022-09-17,Furniture,North,3,52.88,158.64,9,2022,Saturday,Q3
2022-09-18,Furniture,North,4,33.18,132.72,9,2022,Sunday,Q3
2022-09-19,Furniture,North,5,19.69,98.45,9,2022,Monday,Q3
2022-09-20,Furniture,North,1,35.45,35.45,9,2022,Tuesday,Q3
2022-09-21,Furniture,North,3,14.52,43.56,9,2022,Wednesday,Q3
2022-09-22,Furniture,North,1,28.17,28.17,9,2022,Thursday,Q3
2022-09-23,Furniture,North,2,22.9,45.81,9,2022,Friday,Q3
2022-09-24,Furniture,North,5,25.98,129.91,9,2022,Saturday,Q3
2022-09-25,Furniture,North,6,18.07,108.42,9,2022,Sunday,Q3
2022-09-26,Furniture,North,5,16.21,81.04,9,2022,Monday,Q3
2022-09-27,Furniture,North,1,34.58,34.58,9,2022,Tuesday,Q3
2022-09-28,Furniture,North,4,13.68,54.72,9,2022,Wednesday,Q3
2022-09-29,Furniture,North,2,34.62,69.23,9,2022,Thursday,Q3
2022-09-30,Furniture,North,1,32.2,32.2,9,2022,Friday,Q3
2022-10-01,Furniture,North,8,42.51,340.11,10,2022,Saturday,Q4
2022-10-02,Furniture,North,7,42.47,297.31,10,2022,Sunday,Q4
2022-10-03,Furniture,North,7,38.18,267.29,10,2022,Monday,Q4
2022-10-04,Furniture,North,6,47.44,284.64,10,2022,Tuesday,Q4
2022-10-05,Furniture,North,14,21.56,301.81,10,2022,Wednesday,Q4
2022-10-06,Furniture,North,5,47.9,239.48,10,2022,Thursday,Q4
2022-10-07,Furniture,North,10,31.25,312.49,10,2022,Friday,Q4
2022-10-08,Furniture,North,13,25.17,327.25,10,2022,Saturday,Q4
2022-10-09,Furniture,North,9,38.81,349.27,10,2022,Sunday,Q4
2022-10-10,Furniture,North,15,16.42,246.29,10,2022,Monday,Q4
2022-10-11,Furniture,North,6,43.01,258.04,10,2022,Tuesday,Q4
2022-10-12,Furniture,North,14,19.15,268.03,10,2022,Wednesday,Q4
2022-10-13,Furniture,North,16,17.16,274.58,10,2022,Thursday,Q4
2022-10-14,Furniture,North,9,34.05,306.42,10,2022,Friday,Q4
2022-10-15,Furniture,North,7,47.97,335.77,10,2022,Saturday,Q4
2022-10-16,Furniture,North,27,11.97,323.15,10,2022,Sunday,Q4
2022-10-17,Furniture,North,6,47.63,285.77,10,2022,Monday,Q4
2022-10-18,Furniture,North,7,39.77,278.42,10,2022,Tuesday,Q4
2022-10-19,Furniture,North,8,33.75,269.99,10,2022,Wednesday,Q4
2022-10-20,Furniture,North,22,14.6,321.26,10,2022,Thursday,Q4
2022-10-21,Furniture,North,15,17.25,258.76,10,2022,Friday,Q4
2022-10-22,Furniture,North,19,18.05,342.87,10,2022,Saturday,Q4
2022-10-23,Furniture,North,7,49.66,347.6,10,2022,Sunday,Q4
2022-10-24,Furniture,North,20,12.2,244.0,10,2022,Monday,Q4
2022-10-25,Furniture,North,6,53.2,319.22,10,2022,Tuesday,Q4
2022-10-26,Furniture,North,17,19.87,337.75,10,2022,Wednesday,Q4
2022-10-27,Furniture,North,8,29.09,232.69,10,2022,Thursday,Q4
2022-10-28,Furniture,North,5,55.08,275.41,10,2022,Friday,Q4
2022-10-29,Furniture,North,22,16.28,358.09,10,2022,Saturday,Q4
2022-10-30,Furniture,North,13,29.95,389.31,10,2022,Sunday,Q4
2022-10-31,Furniture,North,9,29.8,268.2,10,2022,Monday,Q4
2022-11-01,Furniture,North,21,13.57,284.88,11,2022,Tuesday,Q4
2022-11-02,Furniture,North,7,37.14,259.98,11,2022,Wednesday,Q4
2022-11-03,Furniture,North,24,12.91,309.81,11,2022,Thursday,Q4
2022-11-04,Furniture,North,5,52.32,261.62,11,2022,Friday,Q4
2022-11-05,Furniture,North,18,20.58,370.5,11,2022,Saturday,Q4
2022-11-06,Furniture,North,7,52.43,366.98,11,2022,Sunday,Q4
2022-11-07,Furniture,North,15,18.38,275.64,11,2022,Monday,Q4
2022-11-08,Furniture,North,6,49.65,297.89,11,2022,Tuesday,Q4
2022-11-09,Furniture,North,6,43.64,261.84,11,2022,Wednesday,Q4
2022-11-10,Furniture,North,24,13.54,325.0,11,2022,Thursday,Q4
2022-11-11,Furniture,North,10,32.78,327.76,11,2022,Friday,Q4
2022-11-12,Furniture,North,12,31.21,374.56,11,2022,Saturday,Q4
2022-11-13,Furniture,North,8,45.24,361.93,11,2022,Sunday,Q4
2022-11-14,Furniture,North,7,45.53,318.72,11,2022,Monday,Q4
2022-11-15,Furniture,North,6,55.2,331.18,11,2022,Tuesday,Q4
2022-11-16,Furniture,North,9,36.58,329.19,11,2022,Wednesday,Q4
2022-11-17,Furniture,North,4,53.33,213.31,11,2022,Thursday,Q4
2022-11-18,Furniture,North,7,43.59,305.11,11,2022,Friday,Q4
2022-11-19,Furniture,North,10,41.35,413.46,11,2022,Saturday,Q4
2022-11-20,Furniture,North,8,47.45,379.61,11,2022,Sunday,Q4
2022-11-21,Furniture,North,12,25.4,304.76,11,2022,Monday,Q4
2022-11-22,Furniture,North,7,48.98,342.84,11,2022,Tuesday,Q4
2022-11-23,Furniture,North,7,51.35,359.44,11,2022,Wednesday,Q4
2022-11-24,Furniture,North,11,26.73,294.02,11,2022,Thursday,Q4
2022-11-25,Furniture,North,20,15.19,303.89,11,2022,Friday,Q4
2022-11-26,Furniture,North,9,42.63,383.66,11,2022,Saturday,Q4
2022-11-27,Furniture,North,12,30.59,367.1,11,2022,Sunday,Q4
2022-11-28,Furniture,North,17,18.31,311.31,11,2022,Monday,Q4
2022-11-29,Furniture,North,13,25.61,332.9,11,2022,Tuesday,Q4
2022-01-01,Furniture,South,9,30.65,275.81,1,2022,Saturday,Q1
2022-01-02,Furniture,South,7,43.37,303.56,1,2022,Sunday,Q1
2022-01-03,Furniture,South,12,18.14,217.71,1,2022,Monday,Q1
2022-01-04,Furniture,South,5,46.61,233.03,1,2022,Tuesday,Q1
2022-01-05,Furniture,South,4,55.02,220.06,1,2022,Wednesday,Q1
2022-01-06,Furniture,South,5,47.43,237.14,1,2022,Thursday,Q1
2022-01-07,Furniture,South,18,11.73,211.23,1,2022,Friday,Q1
2022-01-08,Furniture,South,16,20.74,331.92,1,2022,Saturday,Q1
2022-01-09,Furniture,South,12,23.74,284.87,1,2022,Sunday,Q1
2022-01-10,Furniture,South,6,41.65,249.89,1,2022,Monday,Q1
2022-01-11,Furniture,South,6,33.99,203.92,1,2022,Tuesday,Q1
2022-01-12,Furniture,South,13,16.71,217.24,1,2022,Wednesday,Q1
2022-01-13,Furniture,South,6,30.19,181.13,1,2022,Thursday,Q1
2022-01-14,Furniture,South,5,48.57,242.87,1,2022,Friday,Q1
2022-01-15,Furniture,South,12,26.11,313.29,1,2022,Saturday,Q1
2022-01-16,Furniture,South,9,30.19,271.7,1,2022,Sunday,Q1
2022-01-17,Furniture,South,9,23.76,213.83,1,2022,Monday,Q1
2022-01-18,Furniture,South,12,25.24,302.89,1,2022,Tuesday,Q1
2022-01-19,Furniture,South,7,30.03,210.24,1,2022,Wednesday,Q1
2022-01-20,Furniture,South,8,28.53,228.24,1,2022,Thursday,Q1
2022-01-21,Furniture,South,6,50.82,304.95,1,2022,Friday,Q1
2022-01-22,Furniture,South,9,34.97,314.74,1,2022,Saturday,Q1
2022-01-23,Furniture,South,9,39.7,357.27,1,2022,Sunday,Q1
2022-01-24,Furniture,South,6,48.89,293.34,1,2022,Monday,Q1
2022-01-25,Furniture,South,6,49.91,299.45,1,2022,Tuesday,Q1
2022-01-26,Furniture,South,7,45.94,321.57,1,2022,Wednesday,Q1
2022-01-27,Furniture,South,7,39.19,274.36,1,2022,Thursday,Q1
2022-01-28,Furniture,South,10,31.42,314.2,1,2022,Friday,Q1
2022-01-29,Furniture,South,8,39.81,318.46,1,2022,Saturday,Q1
2022-01-30,Furniture,South,18,18.94,341.0,1,2022,Sunday,Q1
2022-01-31,Furniture,South,14,20.4,285.62,1,2022,Monday,Q1
2022-02-01,Furniture,South,19,15.12,287.23,2,2022,Tuesday,Q1
2022-02-02,Furniture,South,6,41.32,247.91,2,2022,Wednesday,Q1
2022-02-03,Furniture,South,7,33.59,235.15,2,2022,Thursday,Q1
2022-02-04,Furniture,South,6,50.5,303.0,2,2022,Friday,Q1
2022-02-05,Furniture,South,13,26.03,338.43,2,2022,Saturday,Q1
2022-02-06,Furniture,South,8,45.22,361.74,2,2022,Sunday,Q1
2022-02-07,Furniture,South,16,15.86,253.77,2,2022,Monday,Q1
2022-02-08,Furniture,South,10,28.85,288.46,2,2022,Tuesday,Q1
2022-02-09,Furniture,South,6,46.52,279.09,2,2022,Wednesday,Q1
2022-02-10,Furniture,South,9,36.35,327.13,2,2022,Thursday,Q1
2022-02-11,Furniture,South,9,33.55,301.93,2,2022,Friday,Q1
2022-02-12,Furniture,South,32,10.33,330.44,2,2022,Saturday,Q1
2022-02-13,Furniture,South,14,25.46,356.42,2,2022,Sunday,Q1
2022-02-14,Furniture,South,10,29.9,298.99,2,2022,Monday,Q1
2022-02-15,Furniture,South,12,28.01,336.12,2,2022,Tuesday,Q1
2022-02-16,Furniture,South,8,42.05,336.43,2,2022,Wednesday,Q1
2022-02-17,Furniture,South,18,17.33,311.98,2,2022,Thursday,Q1
2022-02-18,Furniture,South,7,49.68,347.74,2,2022,Friday,Q1
2022-02-19,Furniture,South,25,17.9,447.51,2,2022,Saturday,Q1
2022-02-20,Furniture,South,34,13.2,448.76,2,2022,Sunday,Q1
2022-02-21,Furniture,South,14,23.92,334.86,2,2022,Monday,Q1
2022-02-22,Furniture,South,7,41.49,290.41,2,2022,Tuesday,Q1
2022-02-23,Furniture,South,10,30.51,305.08,2,2022,Wednesday,Q1
2022-02-24,Furniture,South,22,15.77,346.87,2,2022,Thursday,Q1
2022-02-25,Furniture,South,12,27.72,332.67,2,2022,Friday,Q1
2022-02-26,Furniture,South,14,31.4,439.58,2,2022,Saturday,Q1
2022-02-27,Furniture,South,10,39.42,394.19,2,2022,Sunday,Q1
2022-02-28,Furniture,South,8,40.79,326.34,2,2022,Monday,Q1
2022-03-01,Furniture,South,21,18.14,381.04,3,2022,Tuesday,Q1
2022-03-02,Furniture,South,12,28.37,340.44,3,2022,Wednesday,Q1
2022-03-03,Furniture,South,9,37.78,339.98,3,2022,Thursday,Q1
2022-03-04,Furniture,South,13,25.82,335.69,3,2022,Friday,Q1
2022-03-05,Furniture,South,9,41.11,370.02,3,2022,Saturday,Q1
2022-03-06,Furniture,South,38,10.15,385.57,3,2022,Sunday,Q1
2022-03-07,Furniture,South,10,39.32,393.16,3,2022,Monday,Q1
2022-03-08,Furniture,South,7,44.93,314.54,3,2022,Tuesday,Q1
2022-03-09,Furniture,South,11,30.91,340.04,3,2022,Wednesday,Q1
