data/sales_data.csv
Date,Product_Category,Region,Units_Sold,Unit_Price,Total_Sales,Month,Year,Day_of_Week,Quarter
2022-03-10,Furniture,South,35,10.79,377.62,3,2022,Thursday,Q1
2022-03-11,Furniture,South,11,32.52,357.69,3,2022,Friday,Q1
2022-03-12,Furniture,South,23,18.09,416.09,3,2022,Saturday,Q1
2022-03-13,Furniture,South,41,10.16,416.54,3,2022,Sunday,Q1
2022-03-14,Furniture,South,11,30.84,339.22,3,2022,Monday,Q1
2022-03-15,Furniture,South,15,24.38,365.68,3,2022,Tuesday,Q1
2022-03-16,Furniture,South,9,39.98,359.81,3,2022,Wednesday,Q1
2022-03-17,Furniture,South,8,37.71,301.67,3,2022,Thursday,Q1
2022-03-18,Furniture,South,6,51.22,307.33,3,2022,Friday,Q1
2022-03-19,Furniture,South,8,49.43,395.43,3,2022,Saturday,Q1
2022-03-20,Furniture,South,10,44.5,444.96,3,2022,Sunday,Q1
2022-03-21,Furniture,South,5,58.66,293.32,3,2022,Monday,Q1
2022-03-22,Furniture,South,7,49.25,344.76,3,2022,Tuesday,Q1
2022-03-23,Furniture,South,41,11.46,469.94,3,2022,Wednesday,Q1
2022-03-24,Furniture,South,7,48.42,338.92,3,2022,Thursday,Q1
2022-03-25,Furniture,South,18,17.77,319.79,3,2022,Friday,Q1
2022-03-26,Furniture,South,8,53.58,428.67,3,2022,Saturday,Q1
2022-03-27,Furniture,South,11,37.63,413.89,3,2022,Sunday,Q1
2022-03-28,Furniture,South,14,26.76,374.68,3,2022,Monday,Q1
2022-03-29,Furniture,South,11,33.75,371.29,3,2022,Tuesday,Q1
2022-03-30,Furniture,South,7,47.56,332.92,3,2022,Wednesday,Q1
2022-03-31,Furniture,South,14,24.61,344.49,3,2022,Thursday,Q1
2022-04-01,Furniture,South,9,41.91,377.22,4,2022,Friday,Q2
2022-04-02,Furniture,South,43,10.21,438.98,4,2022,Saturday,Q2
2022-04-03,Furniture,South,8,53.24,425.89,4,2022,Sunday,Q2
2022-04-04,Furniture,South,12,30.73,368.74,4,2022,Monday,Q2
2022-04-05,Furniture,South,6,50.63,303.77,4,2022,Tuesday,Q2
2022-04-06,Furniture,South,30,13.3,398.92,4,2022,Wednesday,Q2
2022-04-07,Furniture,South,8,49.31,394.45,4,2022,Thursday,Q2
2022-04-08,Furniture,South,23,15.1,347.28,4,2022,Friday,Q2
2022-04-09,Furniture,South,10,43.17,431.74,4,2022,Saturday,Q2
2022-04-10,Furniture,South,12,39.73,476.78,4,2022,Sunday,Q2
2022-04-11,Furniture,South,20,18.08,361.5,4,2022,Monday,Q2
2022-04-12,Furniture,South,20,19.25,384.95,4,2022,Tuesday,Q2
2022-04-13,Furniture,South,7,45.52,318.62,4,2022,Wednesday,Q2
2022-04-14,Furniture,South,10,38.84,388.43,4,2022,Thursday,Q2
2022-04-15,Furniture,South,10,34.78,347.83,4,2022,Friday,Q2
2022-04-16,Furniture,South,15,27.8,416.99,4,2022,Saturday,Q2
2022-04-17,Furniture,South,11,37.57,413.3,4,2022,Sunday,Q2
2022-04-18,Furniture,South,14,25.52,357.24,4,2022,Monday,Q2
2022-04-19,Furniture,South,15,22.84,342.59,4,2022,Tuesday,Q2
2022-04-20,Furniture,South,7,53.96,377.75,4,2022,Wednesday,Q2
2022-04-21,Furniture,South,9,43.64,392.76,4,2022,Thursday,Q2
2022-04-22,Furniture,South,15,25.65,384.8,4,2022,Friday,Q2
2022-04-23,Furniture,South,22,19.97,439.39,4,2022,Saturday,Q2
2022-04-24,Furniture,South,14,29.83,417.65,4,2022,Sunday,Q2
2022-04-25,Furniture,South,5,56.62,283.11,4,2022,Monday,Q2
2022-04-26,Furniture,South,22,17.41,383.04,4,2022,Tuesday,Q2
2022-04-27,Furniture,South,5,52.48,262.38,4,2022,Wednesday,Q2
2022-04-28,Furniture,South,18,18.05,324.95,4,2022,Thursday,Q2
2022-04-29,Furniture,South,6,53.83,322.97,4,2022,Friday,Q2
2022-04-30,Furniture,South,14,31.35,438.91,4,2022,Saturday,Q2
2022-05-01,Furniture,South,32,13.94,445.95,5,2022,Sunday,Q2
2022-05-02,Furniture,South,12,27.12,325.42,5,2022,Monday,Q2
2022-05-03,Furniture,South,9,39.41,354.65,5,2022,Tuesday,Q2
2022-05-04,Furniture,South,27,11.26,304.01,5,2022,Wednesday,Q2
2022-05-05,Furniture,South,7,37.81,264.67,5,2022,Thursday,Q2
2022-05-06,Furniture,South,19,15.55,295.51,5,2022,Friday,Q2
2022-05-07,Furniture,South,17,21.94,372.96,5,2022,Saturday,Q2
2022-05-08,Furniture,South,11,35.53,390.79,5,2022,Sunday,Q2
2022-05-09,Furniture,South,16,19.29,308.71,5,2022,Monday,Q2
2022-05-10,Furniture,South,8,32.39,259.15,5,2022,Tuesday,Q2
2022-05-11,Furniture,South,6,50.12,300.74,5,2022,Wednesday,Q2
2022-05-12,Furniture,South,27,13.74,371.09,5,2022,Thursday,Q2
2022-05-13,Furniture,South,6,46.02,276.14,5,2022,Friday,Q2
2022-05-14,Furniture,South,8,53.32,426.57,5,2022,Saturday,Q2
2022-05-15,Furniture,South,13,32.31,420.03,5,2022,Sunday,Q2
2022-05-16,Furniture,South,9,33.54,301.82,5,2022,Monday,Q2
2022-05-17,Furniture,South,22,14.31,314.91,5,2022,Tuesday,Q2
2022-05-18,Furniture,South,15,18.69,280.41,5,2022,Wednesday,Q2
2022-05-19,Furniture,South,7,49.82,348.77,5,2022,Thursday,Q2
2022-05-20,Furniture,South,7,40.76,285.31,5,2022,Friday,Q2
2022-05-21,Furniture,South,8,51.49,411.89,5,2022,Saturday,Q2
2022-05-22,Furniture,South,12,37.05,444.62,5,2022,Sunday,Q2
2022-05-23,Furniture,South,6,51.99,311.95,5,2022,Monday,Q2
2022-05-24,Furniture,South,5,55.61,278.04,5,2022,Tuesday,Q2
2022-05-25,Furniture,South,18,15.8,284.36,5,2022,Wednesday,Q2
2022-05-26,Furniture,South,9,32.79,295.09,5,2022,Thursday,Q2
2022-05-27,Furniture,South,7,41.73,292.13,5,2022,Friday,Q2
2022-05-28,Furniture,South,10,40.0,400.03,5,2022,Saturday,Q2
2022-05-29,Furniture,South,28,12.6,352.75,5,2022,Sunday,Q2
2022-05-30,Furniture,South,11,29.05,319.52,5,2022,Monday,Q2
2022-05-31,Furniture,South,12,22.5,269.97,5,2022,Tuesday,Q2
2022-06-01,Furniture,South,14,23.6,330.4,6,2022,Wednesday,Q2
2022-06-02,Furniture,South,16,18.12,289.89,6,2022,Thursday,Q2
2022-06-03,Furniture,South,8,32.49,259.93,6,2022,Friday,Q2
2022-06-04,Furniture,South,31,11.0,341.08,6,2022,Saturday,Q2
2022-06-05,Furniture,South,10,34.96,349.58,6,2022,Sunday,Q2
2022-06-06,Furniture,South,6,36.9,221.41,6,2022,Monday,Q2
2022-06-07,Furniture,South,7,42.85,299.95,6,2022,Tuesday,Q2
2022-06-08,Furniture,South,5,51.43,257.16,6,2022,Wednesday,Q2
2022-06-09,Furniture,South,15,19.9,298.45,6,2022,Thursday,Q2
2022-06-10,Furniture,South,8,32.15,257.21,6,2022,Friday,Q2
2022-06-11,Furniture,South,12,25.29,303.45,6,2022,Saturday,Q2
2022-06-12,Furniture,South,14,25.22,353.01,6,2022,Sunday,Q2
2022-06-13,Furniture,South,4,58.91,235.64,6,2022,Monday,Q2
2022-06-14,Furniture,South,7,39.62,277.32,6,2022,Tuesday,Q2
2022-06-15,Furniture,South,7,36.65,256.53,6,2022,Wednesday,Q2
2022-06-16,Furniture,South,4,40.22,160.86,6,2022,Thursday,Q2
2022-06-17,Furniture,South,5,39.81,199.07,6,2022,Friday,Q2
2022-06-18,Furniture,South,25,14.87,371.64,6,2022,Saturday,Q2
2022-06-19,Furniture,South,11,29.66,326.31,6,2022,Sunday,Q2
2022-06-20,Furniture,South,9,31.45,283.01,6,2022,Monday,Q2
2022-06-21,Furniture,South,4,58.58,234.3,6,2022,Tuesday,Q2
2022-06-22,Furniture,South,5,41.94,209.68,6,2022,Wednesday,Q2
2022-06-23,Furniture,South,6,33.83,202.98,6,2022,Thursday,Q2
2022-06-24,Furniture,South,11,20.32,223.53,6,2022,Friday,Q2
2022-06-25,Furniture,South,5,57.31,286.55,6,2022,Saturday,Q2
2022-06-26,Furniture,South,24,13.01,312.23,6,2022,Sunday,Q2
2022-06-27,Furniture,South,10,24.08,240.82,6,2022,Monday,Q2
2022-06-28,Furniture,South,14,14.95,209.27,6,2022,Tuesday,Q2
2022-06-29,Furniture,South,5,41.95,209.77,6,2022,Wednesday,Q2
2022-06-30,Furniture,South,6,38.0,228.0,6,2022,Thursday,Q2
2022-07-01,Furniture,South,10,22.62,226.18,7,2022,Friday,Q3
2022-07-02,Furniture,South,7,43.76,306.29,7,2022,Saturday,Q3
2022-07-03,Furniture,South,8,41.0,328.02,7,2022,Sunday,Q3
2022-07-04,Furniture,South,4,44.55,178.21,7,2022,Monday,Q3
2022-07-05,Furniture,South,7,29.65,207.57,7,2022,Tuesday,Q3
2022-07-06,Furniture,South,9,21.21,190.93,7,2022,Wednesday,Q3
2022-07-07,Furniture,South,12,15.4,184.84,7,2022,Thursday,Q3
2022-07-08,Furniture,South,3,63.71,191.12,7,2022,Friday,Q3
2022-07-09,Furniture,South,7,38.24,267.71,7,2022,Saturday,Q3
2022-07-10,Furniture,South,4,49.02,196.08,7,2022,Sunday,Q3
2022-07-11,Furniture,South,5,33.38,166.91,7,2022,Monday,Q3
2022-07-12,Furniture,South,10,16.01,160.11,7,2022,Tuesday,Q3
2022-07-13,Furniture,South,6,25.99,155.97,7,2022,Wednesday,Q3
2022-07-14,Furniture,South,11,16.94,186.3,7,2022,Thursday,Q3
2022-07-15,Furniture,South,8,25.5,204.01,7,2022,Friday,Q3
2022-07-16,Furniture,South,6,47.94,287.67,7,2022,Saturday,Q3
2022-07-17,Furniture,South,8,36.36,290.9,7,2022,Sunday,Q3
2022-07-18,Furniture,South,2,61.1,122.2,7,2022,Monday,Q3
2022-07-19,Furniture,South,5,29.18,145.89,7,2022,Tuesday,Q3
2022-07-20,Furniture,South,3,50.69,152.08,7,2022,Wednesday,Q3
2022-07-21,Furniture,South,6,30.08,180.45,7,2022,Thursday,Q3
2022-07-22,Furniture,South,4,47.0,187.99,7,2022,Friday,Q3
2022-07-23,Furniture,South,10,25.77,257.7,7,2022,Saturday,Q3
2022-07-24,Furniture,South,15,15.73,235.9,7,2022,Sunday,Q3
2022-07-25,Furniture,South,5,32.28,161.38,7,2022,Monday,Q3
2022-07-26,Furniture,South,3,32.25,96.76,7,2022,Tuesday,Q3
2022-07-27,Furniture,South,3,54.96,164.87,7,2022,Wednesday,Q3
2022-07-28,Furniture,South,4,39.08,156.32,7,2022,Thursday,Q3
2022-07-29,Furniture,South,7,22.33,156.32,7,2022,Friday,Q3
2022-07-30,Furniture,South,6,38.94,233.66,7,2022,Saturday,Q3
2022-07-31,Furniture,South,14,13.85,193.89,7,2022,Sunday,Q3
2022-08-01,Furniture,South,10,12.9,129.01,8,2022,Monday,Q3
2022-08-02,Furniture,South,3,43.39,130.18,8,2022,Tuesday,Q3
2022-08-03,Furniture,South,5,21.1,105.49,8,2022,Wednesday,Q3
2022-08-04,Furniture,South,3,42.58,127.73,8,2022,Thursday,Q3
2022-08-05,Furniture,South,3,52.23,156.7,8,2022,Friday,Q3
2022-08-06,Furniture,South,6,36.73,220.38,8,2022,Saturday,Q3
2022-08-07,Furniture,South,6,28.69,172.17,8,2022,Sunday,Q3
2022-08-08,Furniture,South,5,25.05,125.25,8,2022,Monday,Q3
2022-08-09,Furniture,South,11,12.27,134.95,8,2022,Tuesday,Q3
2022-08-10,Furniture,South,3,36.23,108.69,8,2022,Wednesday,Q3
2022-08-11,Furniture,South,3,49.97,149.92,8,2022,Thursday,Q3
2022-08-12,Furniture,South,1,71.18,71.18,8,2022,Friday,Q3
2022-08-13,Furniture,South,4,41.44,165.77,8,2022,Saturday,Q3
2022-08-14,Furniture,South,8,27.31,218.47,8,2022,Sunday,Q3
2022-08-15,Furniture,South,4,24.67,98.66,8,2022,Monday,Q3
2022-08-16,Furniture,South,5,26.18,130.9,8,2022,Tuesday,Q3
2022-08-17,Furniture,South,3,25.12,75.35,8,2022,Wednesday,Q3
2022-08-18,Furniture,South,5,38.36,191.8,8,2022,Thursday,Q3
2022-08-19,Furniture,South,4,19.07,76.27,8,2022,Friday,Q3
2022-08-20,Furniture,South,3,59.45,178.34,8,2022,Saturday,Q3
2022-08-21,Furniture,South,17,11.79,200.46,8,2022,Sunday,Q3
2022-08-22,Furniture,South,5,35.27,176.37,8,2022,Monday,Q3
2022-08-23,Furniture,South,2,38.58,77.15,8,2022,Tuesday,Q3
2022-08-24,Furniture,South,2,44.4,88.81,8,2022,Wednesday,Q3
2022-08-25,Furniture,South,2,44.93,89.85,8,2022,Thursday,Q3
2022-08-26,Furniture,South,1,56.23,56.23,8,2022,Friday,Q3
2022-08-27,Furniture,South,4,38.6,154.4,8,2022,Saturday,Q3
2022-08-28,Furniture,South,4,46.96,187.86,8,2022,Sunday,Q3
2022-08-29,Furniture,South,2,16.77,33.54,8,2022,Monday,Q3
2022-08-30,Furniture,South,4,29.51,118.03,8,2022,Tuesday,Q3
2022-08-31,Furniture,South,4,16.04,64.15,8,2022,Wednesday,Q3
2022-09-01,Furniture,South,2,47.38,94.76,9,2022,Thursday,Q3
2022-09-02,Furniture,South,2,26.99,53.97,9,2022,Friday,Q3
2022-09-03,Furniture,South,5,37.12,185.59,9,2022,Saturday,Q3
2022-09-04,Furniture,South,5,37.32,186.6,9,2022,Sunday,Q3
2022-09-05,Furniture,South,7,11.26,78.82,9,2022,Monday,Q3
2022-09-06,Furniture,South,1,15.76,15.76,9,2022,Tuesday,Q3
2022-09-07,Furniture,South,4,22.68,90.74,9,2022,Wednesday,Q3
2022-09-08,Furniture,South,4,16.21,64.85,9,2022,Thursday,Q3
2022-09-09,Furniture,South,6,11.01,66.09,9,2022,Friday,Q3
2022-09-10,Furniture,South,9,22.19,199.72,9,2022,Saturday,Q3
2022-09-11,Furniture,South,4,47.91,191.64,9,2022,Sunday,Q3
2022-09-12,Furniture,South,2,27.41,54.83,9,2022,Monday,Q3
2022-09-13,Furniture,South,1,82.31,82.31,9,2022,Tuesday,Q3
2022-09-14,Furniture,South,2,28.63,57.26,9,2022,Wednesday,Q3
2022-09-15,Furniture,South,2,28.34,56.68,9,2022,Thursday,Q3
2022-09-16,Furniture,South,1,39.98,39.98,9,2022,Friday,Q3
2022-09-17,Furniture,South,2,58.7,117.4,9,2022,Saturday,Q3
2022-09-18,Furniture,South,3,45.8,137.39,9,2022,Sunday,Q3
2022-09-19,Furniture,South,2,31.76,63.52,9,2022,Monday,Q3
2022-09-20,Furniture,South,2,35.35,70.71,9,2022,Tuesday,Q3
2022-09-21,Furniture,South,1,76.26,76.26,9,2022,Wednesday,Q3
2022-09-22,Furniture,South,1,38.12,38.12,9,2022,Thursday,Q3
2022-09-23,Furniture,South,1,71.48,71.48,9,2022,Friday,Q3
2022-09-24,Furniture,South,3,50.79,152.38,9,2022,Saturday,Q3
2022-09-25,Furniture,South,3,52.45,157.34,9,2022,Sunday,Q3
2022-09-26,Furniture,South,2,52.81,105.62,9,2022,Monday,Q3
2022-09-27,Furniture,South,1,62.64,62.64,9,2022,Tuesday,Q3
2022-09-28,Furniture,South,3,14.3,42.91,9,2022,Wednesday,Q3
2022-09-29,Furniture,South,2,37.64,75.27,9,2022,Thursday,Q3
2022-09-30,Furniture,South,4,20.99,83.95,9,2022,Friday,Q3
2022-10-01,Furniture,South,13,23.76,308.94,10,2022,Saturday,Q4
2022-10-02,Furniture,South,11,31.8,349.85,10,2022,Sunday,Q4
2022-10-03,Furniture,South,11,23.99,263.92,10,2022,Monday,Q4
2022-10-04,Furniture,South,13,18.83,244.78,10,2022,Tuesday,Q4
2022-10-05,Furniture,South,21,13.89,291.73,10,2022,Wednesday,Q4
2022-10-06,Furniture,South,5,51.49,257.47,10,2022,Thursday,Q4
2022-10-07,Furniture,South,25,11.19,279.85,10,2022,Friday,Q4
2022-10-08,Furniture,South,8,43.56,348.48,10,2022,Saturday,Q4
2022-10-09,Furniture,South,27,12.56,339.06,10,2022,Sunday,Q4
2022-10-10,Furniture,South,6,38.94,233.65,10,2022,Monday,Q4
2022-10-11,Furniture,South,6,45.03,270.18,10,2022,Tuesday,Q4
2022-10-12,Furniture,South,9,26.82,241.37,10,2022,Wednesday,Q4
2022-10-13,Furniture,South,6,55.18,331.08,10,2022,Thursday,Q4
2022-10-14,Furniture,South,24,12.33,295.93,10,2022,Friday,Q4
2022-10-15,Furniture,South,11,31.62,347.85,10,2022,Saturday,Q4
2022-10-16,Furniture,South,9,38.26,344.31,10,2022,Sunday,Q4
2022-10-17,Furniture,South,6,50.37,302.24,10,2022,Monday,Q4
2022-10-18,Furniture,South,12,19.48,233.79,10,2022,Tuesday,Q4
2022-10-19,Furniture,South,6,44.92,269.53,10,2022,Wednesday,Q4
2022-10-20,Furniture,South,12,21.08,252.98,10,2022,Thursday,Q4
2022-10-21,Furniture,South,7,35.01,245.08,10,2022,Friday,Q4
2022-10-22,Furniture,South,8,37.27,298.15,10,2022,Saturday,Q4
2022-10-23,Furniture,South,10,36.91,369.07,10,2022,Sunday,Q4
2022-10-24,Furniture,South,35,10.31,360.7,10,2022,Monday,Q4
2022-10-25,Furniture,South,6,42.89,257.33,10,2022,Tuesday,Q4
2022-10-26,Furniture,South,10,28.89,288.9,10,2022,Wednesday,Q4
2022-10-27,Furniture,South,12,21.21,254.5,10,2022,Thursday,Q4
2022-10-28,Furniture,South,6,36.98,221.85,10,2022,Friday,Q4
2022-10-29,Furniture,South,9,39.87,358.79,10,2022,Saturday,Q4
2022-10-30,Furniture,South,15,23.69,355.37,10,2022,Sunday,Q4
2022-10-31,Furniture,South,6,46.25,277.51,10,2022,Monday,Q4
2022-11-01,Furniture,South,9,36.73,330.54,11,2022,Tuesday,Q4
2022-11-02,Furniture,South,13,20.91,271.77,11,2022,Wednesday,Q4
2022-11-03,Furniture,South,6,46.21,277.26,11,2022,Thursday,Q4
2022-11-04,Furniture,South,19,15.69,298.12,11,2022,Friday,Q4
2022-11-05,Furniture,South,7,52.83,369.82,11,2022,Saturday,Q4
2022-11-06,Furniture,South,13,31.23,405.97,11,2022,Sunday,Q4
2022-11-07,Furniture,South,12,25.1,301.14,11,2022,Monday,Q4
2022-11-08,Furniture,South,11,25.95,285.42,11,2022,Tuesday,Q4
2022-11-09,Furniture,South,10,22.42,224.23,11,2022,Wednesday,Q4
2022-11-10,Furniture,South,12,20.7,248.45,11,2022,Thursday,Q4
2022-11-11,Furniture,South,6,36.49,218.93,11,2022,Friday,Q4
2022-11-12,Furniture,South,14,28.74,402.32,11,2022,Saturday,Q4
2022-11-13,Furniture,South,11,40.36,443.96,11,2022,Sunday,Q4
2022-11-14,Furniture,South,10,32.8,328.02,11,2022,Monday,Q4
2022-11-15,Furniture,South,19,18.52,351.82,11,2022,Tuesday,Q4
2022-11-16,Furniture,South,16,18.91,302.62,11,2022,Wednesday,Q4
2022-11-17,Furniture,South,10,29.52,295.24,11,2022,Thursday,Q4
2022-11-18,Furniture,South,25,12.73,318.28,11,2022,Friday,Q4
2022-11-19,Furniture,South,11,37.22,409.46,11,2022,Saturday,Q4
2022-11-20,Furniture,South,12,36.01,432.18,11,2022,Sunday,Q4
2022-11-21,Furniture,South,8,41.87,334.94,11,2022,Monday,Q4
2022-11-22,Furniture,South,8,50.13,401.02,11,2022,Tuesday,Q4
2022-11-23,Furniture,South,6,53.85,323.08,11,2022,Wednesday,Q4
2022-11-24,Furniture,South,19,15.71,298.4,11,2022,Thursday,Q4
2022-11-25,Furniture,South,14,27.26,381.6,11,2022,Friday,Q4
2022-11-26,Furniture,South,16,25.22,403.59,11,2022,Saturday,Q4
2022-11-27,Furniture,South,11,41.71,458.79,11,2022,Sunday,Q4
2022-11-28,Furniture,South,18,18.86,339.54,11,2022,Monday,Q4
2022-11-29,Furniture,South,10,30.42,304.22,11,2022,Tuesday,Q4
2022-01-01,Furniture,East,7,38.04,266.25,1,2022,Saturday,Q1
2022-01-02,Furniture,East,7,45.16,316.14,1,2022,Sunday,Q1
2022-01-03,Furniture,East,4,52.69,210.76,1,2022,Monday,Q1
2022-01-04,Furniture,East,7,36.08,252.55,1,2022,Tuesday,Q1
2022-01-05,Furniture,East,21,10.57,221.89,1,2022,Wednesday,Q1
2022-01-06,Furniture,East,4,57.48,229.91,1,2022,Thursday,Q1
2022-01-07,Furniture,East,13,22.14,287.77,1,2022,Friday,Q1
2022-01-08,Furniture,East,32,10.59,338.95,1,2022,Saturday,Q1
2022-01-09,Furniture,East,19,15.05,285.87,1,2022,Sunday,Q1
2022-01-10,Furniture,East,18,12.54,225.78,1,2022,Monday,Q1
2022-01-11,Furniture,East,10,22.55,225.47,1,2022,Tuesday,Q1
2022-01-12,Furniture,East,3,59.97,179.92,1,2022,Wednesday,Q1
2022-01-13,Furniture,East,7,32.26,225.81,1,2022,Thursday,Q1
2022-01-14,Furniture,East,5,46.62,233.08,1,2022,Friday,Q1
2022-01-15,Furniture,East,14,24.77,346.79,1,2022,Saturday,Q1
2022-01-16,Furniture,East,12,25.17,301.99,1,2022,Sunday,Q1
2022-01-17,Furniture,East,12,20.39,244.62,1,2022,Monday,Q1
2022-01-18,Furniture,East,6,32.2,193.23,1,2022,Tuesday,Q1
2022-01-19,Furniture,East,15,16.09,241.3,1,2022,Wednesday,Q1
2022-01-20,Furniture,East,25,11.19,279.65,1,2022,Thursday,Q1
2022-01-21,Furniture,East,5,47.54,237.7,1,2022,Friday,Q1
2022-01-22,Furniture,East,14,22.73,318.16,1,2022,Saturday,Q1
2022-01-23,Furniture,East,18,20.22,363.97,1,2022,Sunday,Q1
2022-01-24,Furniture,East,8,30.73,245.85,1,2022,Monday,Q1
2022-01-25,Furniture,East,8,38.3,306.39,1,2022,Tuesday,Q1
2022-01-26,Furniture,East,6,47.31,283.89,1,2022,Wednesday,Q1
2022-01-27,Furniture,East,11,24.77,272.52,1,2022,Thursday,Q1
2022-01-28,Furniture,East,6,46.86,281.16,1,2022,Friday,Q1
2022-01-29,Furniture,East,15,23.11,346.58,1,2022,Saturday,Q1
2022-01-30,Furniture,East,10,37.12,371.2,1,2022,Sunday,Q1
2022-01-31,Furniture,East,13,21.31,277.03,1,2022,Monday,Q1
