data/sales_data.csv
Date,Product_Category,Region,Units_Sold,Unit_Price,Total_Sales,Month,Year,Day_of_Week,Quarter
2022-02-01,Furniture,East,8,34.74,277.91,2,2022,Tuesday,Q1
2022-02-02,Furniture,East,6,46.73,280.38,2,2022,Wednesday,Q1
2022-02-03,Furniture,East,7,46.58,326.04,2,2022,Thursday,Q1
2022-02-04,Furniture,East,7,37.95,265.65,2,2022,Friday,Q1
2022-02-05,Furniture,East,29,12.75,369.89,2,2022,Saturday,Q1
2022-02-06,Furniture,East,34,11.54,392.25,2,2022,Sunday,Q1
2022-02-07,Furniture,East,24,11.45,274.84,2,2022,Monday,Q1
2022-02-08,Furniture,East,7,44.49,311.45,2,2022,Tuesday,Q1
2022-02-09,Furniture,East,26,12.94,336.32,2,2022,Wednesday,Q1
2022-02-10,Furniture,East,8,43.14,345.15,2,2022,Thursday,Q1
2022-02-11,Furniture,East,14,22.04,308.52,2,2022,Friday,Q1
2022-02-12,Furniture,East,8,42.19,337.5,2,2022,Saturday,Q1
2022-02-13,Furniture,East,25,17.67,441.75,2,2022,Sunday,Q1
2022-02-14,Furniture,East,9,26.04,234.39,2,2022,Monday,Q1
2022-02-15,Furniture,East,26,12.6,327.57,2,2022,Tuesday,Q1
2022-02-16,Furniture,East,6,48.59,291.54,2,2022,Wednesday,Q1
2022-02-17,Furniture,East,24,14.08,337.88,2,2022,Thursday,Q1
2022-02-18,Furniture,East,23,14.55,334.62,2,2022,Friday,Q1
2022-02-19,Furniture,East,9,43.67,393.06,2,2022,Saturday,Q1
2022-02-20,Furniture,East,12,31.3,375.64,2,2022,Sunday,Q1
2022-02-21,Furniture,East,15,20.34,305.1,2,2022,Monday,Q1
2022-02-22,Furniture,East,9,38.93,350.33,2,2022,Tuesday,Q1
2022-02-23,Furniture,East,10,29.86,298.57,2,2022,Wednesday,Q1
2022-02-24,Furniture,East,13,29.74,386.65,2,2022,Thursday,Q1
2022-02-25,Furniture,East,10,34.16,341.61,2,2022,Friday,Q1
2022-02-26,Furniture,East,15,26.84,402.58,2,2022,Saturday,Q1
2022-02-27,Furniture,East,13,32.56,423.23,2,2022,Sunday,Q1
2022-02-28,Furniture,East,7,51.33,359.33,2,2022,Monday,Q1
2022-03-01,Furniture,East,13,24.76,321.91,3,2022,Tuesday,Q1
2022-03-02,Furniture,East,22,12.96,285.09,3,2022,Wednesday,Q1
2022-03-03,Furniture,East,7,46.96,328.73,3,2022,Thursday,Q1
2022-03-04,Furniture,East,13,22.94,298.2,3,2022,Friday,Q1
2022-03-05,Furniture,East,8,48.75,389.98,3,2022,Saturday,Q1
2022-03-06,Furniture,East,11,39.87,438.53,3,2022,Sunday,Q1
2022-03-07,Furniture,East,17,21.13,359.28,3,2022,Monday,Q1
2022-03-08,Furniture,East,18,20.68,372.22,3,2022,Tuesday,Q1
2022-03-09,Furniture,East,8,41.82,334.58,3,2022,Wednesday,Q1
2022-03-10,Furniture,East,10,29.66,296.6,3,2022,Thursday,Q1
2022-03-11,Furniture,East,9,39.78,357.99,3,2022,Friday,Q1
2022-03-12,Furniture,East,10,44.82,448.19,3,2022,Saturday,Q1
2022-03-13,Furniture,East,14,32.48,454.66,3,2022,Sunday,Q1
2022-03-14,Furniture,East,8,42.16,337.27,3,2022,Monday,Q1
2022-03-15,Furniture,East,13,25.26,328.35,3,2022,Tuesday,Q1
2022-03-16,Furniture,East,14,23.03,322.44,3,2022,Wednesday,Q1
2022-03-17,Furniture,East,8,46.12,368.99,3,2022,Thursday,Q1
2022-03-18,Furniture,East,19,18.97,360.34,3,2022,Friday,Q1
2022-03-19,Furniture,East,19,25.4,482.63,3,2022,Saturday,Q1
2022-03-20,Furniture,East,20,19.72,394.48,3,2022,Sunday,Q1
2022-03-21,Furniture,East,19,18.04,342.78,3,2022,Monday,Q1
2022-03-22,Furniture,East,9,37.3,335.73,3,2022,Tuesday,Q1
2022-03-23,Furniture,East,6,48.27,289.63,3,2022,Wednesday,Q1
2022-03-24,Furniture,East,15,21.73,325.91,3,2022,Thursday,Q1
2022-03-25,Furniture,East,12,28.09,337.11,3,2022,Friday,Q1
2022-03-26,Furniture,East,31,12.13,376.1,3,2022,Saturday,Q1
2022-03-27,Furniture,East,11,39.58,435.41,3,2022,Sunday,Q1
2022-03-28,Furniture,East,9,40.0,359.97,3,2022,Monday,Q1
2022-03-29,Furniture,East,18,17.74,319.26,3,2022,Tuesday,Q1
2022-03-30,Furniture,East,14,25.07,350.97,3,2022,Wednesday,Q1
2022-03-31,Furniture,East,24,13.27,318.51,3,2022,Thursday,Q1
2022-04-01,Furniture,East,8,45.38,363.01,4,2022,Friday,Q2
2022-04-02,Furniture,East,11,37.1,408.11,4,2022,Saturday,Q2
2022-04-03,Furniture,East,10,47.71,477.09,4,2022,Sunday,Q2
2022-04-04,Furniture,East,14,22.98,321.72,4,2022,Monday,Q2
2022-04-05,Furniture,East,8,37.57,300.57,4,2022,Tuesday,Q2
2022-04-06,Furniture,East,9,46.93,422.39,4,2022,Wednesday,Q2
2022-04-07,Furniture,East,22,19.19,422.24,4,2022,Thursday,Q2
2022-04-08,Furniture,East,17,20.91,355.41,4,2022,Friday,Q2
2022-04-09,Furniture,East,17,27.66,470.19,4,2022,Saturday,Q2
2022-04-10,Furniture,East,12,39.55,474.55,4,2022,Sunday,Q2
2022-04-11,Furniture,East,10,32.84,328.43,4,2022,Monday,Q2
2022-04-12,Furniture,East,7,50.5,353.51,4,2022,Tuesday,Q2
2022-04-13,Furniture,East,8,46.94,375.53,4,2022,Wednesday,Q2
2022-04-14,Furniture,East,14,30.44,426.11,4,2022,Thursday,Q2
2022-04-15,Furniture,East,7,43.13,301.88,4,2022,Friday,Q2
2022-04-16,Furniture,East,9,48.17,433.54,4,2022,Saturday,Q2
2022-04-17,Furniture,East,33,13.19,435.25,4,2022,Sunday,Q2
2022-04-18,Furniture,East,9,36.56,329.05,4,2022,Monday,Q2
2022-04-19,Furniture,East,23,15.14,348.24,4,2022,Tuesday,Q2
2022-04-20,Furniture,East,9,43.28,389.51,4,2022,Wednesday,Q2
2022-04-21,Furniture,East,14,24.91,348.72,4,2022,Thursday,Q2
2022-04-22,Furniture,East,9,39.61,356.51,4,2022,Friday,Q2
2022-04-23,Furniture,East,26,13.23,344.08,4,2022,Saturday,Q2
2022-04-24,Furniture,East,13,33.11,430.44,4,2022,Sunday,Q2
2022-04-25,Furniture,East,18,18.43,331.69,4,2022,Monday,Q2
2022-04-26,Furniture,East,14,26.91,376.72,4,2022,Tuesday,Q2
2022-04-27,Furniture,East,7,46.55,325.86,4,2022,Wednesday,Q2
2022-04-28,Furniture,East,11,29.62,325.86,4,2022,Thursday,Q2
2022-04-29,Furniture,East,7,51.86,363.04,4,2022,Friday,Q2
2022-04-30,Furniture,East,15,28.19,422.88,4,2022,Saturday,Q2
2022-05-01,Furniture,East,11,36.64,403.03,5,2022,Sunday,Q2
2022-05-02,Furniture,East,9,41.35,372.13,5,2022,Monday,Q2
2022-05-03,Furniture,East,9,38.06,342.55,5,2022,Tuesday,Q2
2022-05-04,Furniture,East,8,45.67,365.34,5,2022,Wednesday,Q2
2022-05-05,Furniture,East,11,28.64,315.0,5,2022,Thursday,Q2
2022-05-06,Furniture,East,7,50.82,355.71,5,2022,Friday,Q2
2022-05-07,Furniture,East,11,34.55,380.02,5,2022,Saturday,Q2
2022-05-08,Furniture,East,11,38.4,422.35,5,2022,Sunday,Q2
2022-05-09,Furniture,East,7,50.2,351.4,5,2022,Monday,Q2
2022-05-10,Furniture,East,7,45.14,315.97,5,2022,Tuesday,Q2
2022-05-11,Furniture,East,6,46.06,276.38,5,2022,Wednesday,Q2
2022-05-12,Furniture,East,23,14.81,340.7,5,2022,Thursday,Q2
2022-05-13,Furniture,East,12,28.07,336.82,5,2022,Friday,Q2
2022-05-14,Furniture,East,10,37.41,374.11,5,2022,Saturday,Q2
2022-05-15,Furniture,East,13,31.96,415.5,5,2022,Sunday,Q2
2022-05-16,Furniture,East,27,12.38,334.19,5,2022,Monday,Q2
2022-05-17,Furniture,East,9,37.02,333.21,5,2022,Tuesday,Q2
2022-05-18,Furniture,East,18,16.13,290.4,5,2022,Wednesday,Q2
2022-05-19,Furniture,East,10,27.09,270.86,5,2022,Thursday,Q2
2022-05-20,Furniture,East,6,47.49,284.97,5,2022,Friday,Q2
2022-05-21,Furniture,East,11,36.57,402.22,5,2022,Saturday,Q2
2022-05-22,Furniture,East,19,20.09,381.62,5,2022,Sunday,Q2
2022-05-23,Furniture,East,8,33.11,264.92,5,2022,Monday,Q2
2022-05-24,Furniture,East,5,48.96,244.82,5,2022,Tuesday,Q2
2022-05-25,Furniture,East,15,19.31,289.71,5,2022,Wednesday,Q2
2022-05-26,Furniture,East,12,24.16,289.89,5,2022,Thursday,Q2
2022-05-27,Furniture,East,9,26.44,237.97,5,2022,Friday,Q2
2022-05-28,Furniture,East,9,37.73,339.61,5,2022,Saturday,Q2
2022-05-29,Furniture,East,10,32.91,329.11,5,2022,Sunday,Q2
2022-05-30,Furniture,East,6,44.05,264.29,5,2022,Monday,Q2
2022-05-31,Furniture,East,18,15.25,274.49,5,2022,Tuesday,Q2
2022-06-01,Furniture,East,12,20.82,249.85,6,2022,Wednesday,Q2
2022-06-02,Furniture,East,9,32.95,296.57,6,2022,Thursday,Q2
2022-06-03,Furniture,East,16,18.04,288.58,6,2022,Friday,Q2
2022-06-04,Furniture,East,12,29.25,350.99,6,2022,Saturday,Q2
2022-06-05,Furniture,East,15,24.86,372.96,6,2022,Sunday,Q2
2022-06-06,Furniture,East,7,36.68,256.79,6,2022,Monday,Q2
2022-06-07,Furniture,East,11,27.66,304.28,6,2022,Tuesday,Q2
2022-06-08,Furniture,East,6,42.89,257.33,6,2022,Wednesday,Q2
2022-06-09,Furniture,East,11,26.81,294.91,6,2022,Thursday,Q2
2022-06-10,Furniture,East,8,34.03,272.21,6,2022,Friday,Q2
2022-06-11,Furniture,East,9,38.22,343.97,6,2022,Saturday,Q2
2022-06-12,Furniture,East,12,28.39,340.73,6,2022,Sunday,Q2
2022-06-13,Furniture,East,6,44.0,263.97,6,2022,Monday,Q2
2022-06-14,Furniture,East,7,27.94,195.57,6,2022,Tuesday,Q2
2022-06-15,Furniture,East,8,36.05,288.42,6,2022,Wednesday,Q2
2022-06-16,Furniture,East,7,37.57,263.02,6,2022,Thursday,Q2
2022-06-17,Furniture,East,8,28.42,227.37,6,2022,Friday,Q2
2022-06-18,Furniture,East,14,27.33,382.69,6,2022,Saturday,Q2
2022-06-19,Furniture,East,11,29.81,327.96,6,2022,Sunday,Q2
2022-06-20,Furniture,East,7,45.32,317.26,6,2022,Monday,Q2
2022-06-21,Furniture,East,4,57.66,230.63,6,2022,Tuesday,Q2
2022-06-22,Furniture,East,14,14.9,208.54,6,2022,Wednesday,Q2
2022-06-23,Furniture,East,9,26.09,234.82,6,2022,Thursday,Q2
2022-06-24,Furniture,East,17,12.89,219.05,6,2022,Friday,Q2
2022-06-25,Furniture,East,12,26.19,314.23,6,2022,Saturday,Q2
2022-06-26,Furniture,East,6,47.49,284.97,6,2022,Sunday,Q2
2022-06-27,Furniture,East,11,19.1,210.05,6,2022,Monday,Q2
2022-06-28,Furniture,East,10,23.87,238.66,6,2022,Tuesday,Q2
2022-06-29,Furniture,East,6,35.04,210.25,6,2022,Wednesday,Q2
2022-06-30,Furniture,East,5,42.08,210.41,6,2022,Thursday,Q2
2022-07-01,Furniture,East,8,21.11,168.84,7,2022,Friday,Q3
2022-07-02,Furniture,East,20,14.02,280.49,7,2022,Saturday,Q3
2022-07-03,Furniture,East,20,13.12,262.43,7,2022,Sunday,Q3
2022-07-04,Furniture,East,13,15.56,202.26,7,2022,Monday,Q3
2022-07-05,Furniture,East,8,31.01,248.04,7,2022,Tuesday,Q3
2022-07-06,Furniture,East,4,31.58,126.34,7,2022,Wednesday,Q3
2022-07-07,Furniture,East,3,59.61,178.82,7,2022,Thursday,Q3
2022-07-08,Furniture,East,11,17.56,193.13,7,2022,Friday,Q3
2022-07-09,Furniture,East,11,26.11,287.19,7,2022,Saturday,Q3
2022-07-10,Furniture,East,7,47.08,329.56,7,2022,Sunday,Q3
2022-07-11,Furniture,East,5,46.26,231.3,7,2022,Monday,Q3
2022-07-12,Furniture,East,8,24.28,194.21,7,2022,Tuesday,Q3
2022-07-13,Furniture,East,7,27.49,192.42,7,2022,Wednesday,Q3
2022-07-14,Furniture,East,4,37.97,151.88,7,2022,Thursday,Q3
2022-07-15,Furniture,East,8,15.01,120.05,7,2022,Friday,Q3
2022-07-16,Furniture,East,24,10.93,262.38,7,2022,Saturday,Q3
2022-07-17,Furniture,East,6,43.17,259.04,7,2022,Sunday,Q3
2022-07-18,Furniture,East,7,24.03,168.23,7,2022,Monday,Q3
2022-07-19,Furniture,East,10,16.96,169.59,7,2022,Tuesday,Q3
2022-07-20,Furniture,East,8,17.23,137.82,7,2022,Wednesday,Q3
2022-07-21,Furniture,East,8,24.46,195.67,7,2022,Thursday,Q3
2022-07-22,Furniture,East,6,28.63,171.76,7,2022,Friday,Q3
2022-07-23,Furniture,East,10,22.82,228.18,7,2022,Saturday,Q3
2022-07-24,Furniture,East,7,34.15,239.03,7,2022,Sunday,Q3
2022-07-25,Furniture,East,4,45.47,181.86,7,2022,Monday,Q3
2022-07-26,Furniture,East,6,21.82,130.91,7,2022,Tuesday,Q3
2022-07-27,Furniture,East,4,40.94,163.77,7,2022,Wednesday,Q3
2022-07-28,Furniture,East,6,27.96,167.78,7,2022,Thursday,Q3
2022-07-29,Furniture,East,2,55.19,110.38,7,2022,Friday,Q3
2022-07-30,Furniture,East,7,30.27,211.9,7,2022,Saturday,Q3
2022-07-31,Furniture,East,9,27.57,248.09,7,2022,Sunday,Q3
2022-08-01,Furniture,East,2,44.72,89.43,8,2022,Monday,Q3
2022-08-02,Furniture,East,2,43.03,86.05,8,2022,Tuesday,Q3
2022-08-03,Furniture,East,5,32.01,160.05,8,2022,Wednesday,Q3
2022-08-04,Furniture,East,6,23.17,138.99,8,2022,Thursday,Q3
2022-08-05,Furniture,East,3,34.67,104.01,8,2022,Friday,Q3
2022-08-06,Furniture,East,5,45.21,226.07,8,2022,Saturday,Q3
2022-08-07,Furniture,East,5,38.23,191.15,8,2022,Sunday,Q3
2022-08-08,Furniture,East,2,53.62,107.25,8,2022,Monday,Q3
2022-08-09,Furniture,East,3,29.56,88.69,8,2022,Tuesday,Q3
2022-08-10,Furniture,East,7,11.56,80.91,8,2022,Wednesday,Q3
2022-08-11,Furniture,East,1,77.09,77.09,8,2022,Thursday,Q3
2022-08-12,Furniture,East,4,38.36,153.44,8,2022,Friday,Q3
2022-08-13,Furniture,East,15,13.38,200.73,8,2022,Saturday,Q3
2022-08-14,Furniture,East,4,33.69,134.77,8,2022,Sunday,Q3
2022-08-15,Furniture,East,2,56.4,112.8,8,2022,Monday,Q3
2022-08-16,Furniture,East,2,53.38,106.77,8,2022,Tuesday,Q3
2022-08-17,Furniture,East,1,95.56,95.56,8,2022,Wednesday,Q3
2022-08-18,Furniture,East,1,79.42,79.42,8,2022,Thursday,Q3
2022-08-19,Furniture,East,3,39.56,118.68,8,2022,Friday,Q3
2022-08-20,Furniture,East,8,21.68,173.43,8,2022,Saturday,Q3
2022-08-21,Furniture,East,3,50.36,151.09,8,2022,Sunday,Q3
2022-08-22,Furniture,East,2,60.67,121.34,8,2022,Monday,Q3
2022-08-23,Furniture,East,11,14.51,159.66,8,2022,Tuesday,Q3
2022-08-24,Furniture,East,2,33.6,67.2,8,2022,Wednesday,Q3
2022-08-25,Furniture,East,1,37.44,37.44,8,2022,Thursday,Q3
2022-08-26,Furniture,East,4,26.87,107.48,8,2022,Friday,Q3
2022-08-27,Furniture,East,6,21.13,126.77,8,2022,Saturday,Q3
2022-08-28,Furniture,East,4,46.43,185.72,8,2022,Sunday,Q3
2022-08-29,Furniture,East,2,48.76,97.52,8,2022,Monday,Q3
2022-08-30,Furniture,East,1,8.63,8.63,8,2022,Tuesday,Q3
2022-08-31,Furniture,East,4,32.79,131.14,8,2022,Wednesday,Q3
2022-09-01,Furniture,East,1,47.67,47.67,9,2022,Thursday,Q3
2022-09-02,Furniture,East,4,11.29,45.16,9,2022,Friday,Q3
2022-09-03,Furniture,East,5,31.21,156.06,9,2022,Saturday,Q3
2022-09-04,Furniture,East,5,24.36,121.81,9,2022,Sunday,Q3
2022-09-05,Furniture,East,2,45.69,91.38,9,2022,Monday,Q3
2022-09-06,Furniture,East,3,27.35,82.05,9,2022,Tuesday,Q3
2022-09-07,Furniture,East,1,41.12,41.12,9,2022,Wednesday,Q3
2022-09-08,Furniture,East,4,15.72,62.87,9,2022,Thursday,Q3
2022-09-09,Furniture,East,2,46.48,92.95,9,2022,Friday,Q3
2022-09-10,Furniture,East,7,25.0,175.03,9,2022,Saturday,Q3
2022-09-11,Furniture,East,7,22.53,157.74,9,2022,Sunday,Q3
2022-09-12,Furniture,East,7,18.87,132.08,9,2022,Monday,Q3
2022-09-13,Furniture,East,2,62.57,125.14,9,2022,Tuesday,Q3
2022-09-14,Furniture,East,1,61.55,61.55,9,2022,Wednesday,Q3
2022-09-15,Furniture,East,1,63.19,63.19,9,2022,Thursday,Q3
2022-09-16,Furniture,East,2,52.05,104.1,9,2022,Friday,Q3
2022-09-17,Furniture,East,4,46.76,187.03,9,2022,Saturday,Q3
2022-09-18,Furniture,East,4,30.32,121.3,9,2022,Sunday,Q3
2022-09-19,Furniture,East,3,19.19,57.56,9,2022,Monday,Q3
2022-09-20,Furniture,East,1,85.47,85.47,9,2022,Tuesday,Q3
2022-09-21,Furniture,East,1,41.39,41.39,9,2022,Wednesday,Q3
2022-09-22,Furniture,East,1,68.13,68.13,9,2022,Thursday,Q3
2022-09-23,Furniture,East,3,29.34,88.02,9,2022,Friday,Q3
2022-09-24,Furniture,East,6,21.89,131.33,9,2022,Saturday,Q3
2022-09-25,Furniture,East,6,28.06,168.36,9,2022,Sunday,Q3
2022-09-26,Furniture,East,2,39.0,78.0,9,2022,Monday,Q3
2022-09-27,Furniture,East,1,0.0,0.0,9,2022,Tuesday,Q3
2022-09-28,Furniture,East,1,61.62,61.62,9,2022,Wednesday,Q3
2022-09-29,Furniture,East,2,41.19,82.39,9,2022,Thursday,Q3
2022-09-30,Furniture,East,4,19.31,77.25,9,2022,Friday,Q3
2022-10-01,Furniture,East,9,36.57,329.11,10,2022,Saturday,Q4
2022-10-02,Furniture,East,5,59.36,296.79,10,2022,Sunday,Q4
2022-10-03,Furniture,East,25,10.91,272.72,10,2022,Monday,Q4
2022-10-04,Furniture,East,18,13.24,238.3,10,2022,Tuesday,Q4
2022-10-05,Furniture,East,5,52.03,260.16,10,2022,Wednesday,Q4
2022-10-06,Furniture,East,15,19.01,285.16,10,2022,Thursday,Q4
2022-10-07,Furniture,East,6,44.45,266.72,10,2022,Friday,Q4
2022-10-08,Furniture,East,9,41.69,375.19,10,2022,Saturday,Q4
2022-10-09,Furniture,East,6,53.45,320.71,10,2022,Sunday,Q4
2022-10-10,Furniture,East,7,45.92,321.46,10,2022,Monday,Q4
2022-10-11,Furniture,East,8,30.49,243.89,10,2022,Tuesday,Q4
2022-10-12,Furniture,East,11,24.48,269.32,10,2022,Wednesday,Q4
2022-10-13,Furniture,East,8,30.31,242.49,10,2022,Thursday,Q4
2022-10-14,Furniture,East,11,22.93,252.2,10,2022,Friday,Q4
2022-10-15,Furniture,East,9,40.73,366.57,10,2022,Saturday,Q4
2022-10-16,Furniture,East,7,39.84,278.87,10,2022,Sunday,Q4
2022-10-17,Furniture,East,8,30.88,247.04,10,2022,Monday,Q4
2022-10-18,Furniture,East,6,40.1,240.59,10,2022,Tuesday,Q4
2022-10-19,Furniture,East,20,12.96,259.24,10,2022,Wednesday,Q4
2022-10-20,Furniture,East,6,45.03,270.15,10,2022,Thursday,Q4
2022-10-21,Furniture,East,7,34.84,243.85,10,2022,Friday,Q4
2022-10-22,Furniture,East,18,18.1,325.76,10,2022,Saturday,Q4
2022-10-23,Furniture,East,16,21.5,343.99,10,2022,Sunday,Q4
2022-10-24,Furniture,East,12,21.84,262.04,10,2022,Monday,Q4
2022-10-25,Furniture,East,11,26.27,288.94,10,2022,Tuesday,Q4
2022-10-26,Furniture,East,13,20.94,272.27,10,2022,Wednesday,Q4
2022-10-27,Furniture,East,7,45.19,316.35,10,2022,Thursday,Q4
2022-10-28,Furniture,East,13,23.11,300.37,10,2022,Friday,Q4
2022-10-29,Furniture,East,9,43.38,390.46,10,2022,Saturday,Q4
2022-10-30,Furniture,East,8,45.63,365.03,10,2022,Sunday,Q4
2022-10-31,Furniture,East,5,52.87,264.35,10,2022,Monday,Q4
2022-11-01,Furniture,East,8,33.13,265.05,11,2022,Tuesday,Q4
2022-11-02,Furniture,East,7,40.76,285.3,11,2022,Wednesday,Q4
2022-11-03,Furniture,East,9,23.83,214.44,11,2022,Thursday,Q4
2022-11-04,Furniture,East,9,34.81,313.25,11,2022,Friday,Q4
2022-11-05,Furniture,East,11,33.47,368.17,11,2022,Saturday,Q4
2022-11-06,Furniture,East,32,13.04,417.38,11,2022,Sunday,Q4
2022-11-07,Furniture,East,7,37.14,259.98,11,2022,Monday,Q4
2022-11-08,Furniture,East,8,38.77,310.12,11,2022,Tuesday,Q4
2022-11-09,Furniture,East,7,40.92,286.47,11,2022,Wednesday,Q4
2022-11-10,Furniture,East,6,48.64,291.82,11,2022,Thursday,Q4
2022-11-11,Furniture,East,29,10.14,294.12,11,2022,Friday,Q4
2022-11-12,Furniture,East,20,18.5,369.92,11,2022,Saturday,Q4
2022-11-13,Furniture,East,8,52.6,420.8,11,2022,Sunday,Q4
2022-11-14,Furniture,East,14,22.94,321.09,11,2022,Monday,Q4
2022-11-15,Furniture,East,8,38.84,310.75,11,2022,Tuesday,Q4
2022-11-16,Furniture,East,7,46.68,326.79,11,2022,Wednesday,Q4
2022-11-17,Furniture,East,10,30.49,304.88,11,2022,Thursday,Q4
2022-11-18,Furniture,East,12,29.46,353.49,11,2022,Friday,Q4
2022-11-19,Furniture,East,17,26.63,452.74,11,2022,Saturday,Q4
2022-11-20,Furniture,East,21,19.26,404.44,11,2022,Sunday,Q4
2022-11-21,Furniture,East,7,45.28,316.97,11,2022,Monday,Q4
2022-11-22,Furniture,East,10,33.73,337.27,11,2022,Tuesday,Q4
2022-11-23,Furniture,East,11,30.12,331.27,11,2022,Wednesday,Q4
2022-11-24,Furniture,East,10,38.57,385.7,11,2022,Thursday,Q4
2022-11-25,Furniture,East,12,26.54,318.51,11,2022,Friday,Q4
2022-11-26,Furniture,East,10,41.43,414.3,11,2022,Saturday,Q4
2022-11-27,Furniture,East,16,28.33,453.32,11,2022,Sunday,Q4
2022-11-28,Furniture,East,11,31.71,348.84,11,2022,Monday,Q4
2022-11-29,Furniture,East,26,13.39,348.19,11,2022,Tuesday,Q4
