data/sales_data.csv
Date,Product_Category,Region,Units_Sold,Unit_Price,Total_Sales,Month,Year,Day_of_Week,Quarter
2022-01-01,Furniture,West,16,17.87,285.91,1,2022,Saturday,Q1
2022-01-02,Furniture,West,24,13.05,313.15,1,2022,Sunday,Q1
2022-01-03,Furniture,West,5,47.38,236.9,1,2022,Monday,Q1
2022-01-04,Furniture,West,5,33.68,168.41,1,2022,Tuesday,Q1
2022-01-05,Furniture,West,11,17.42,191.66,1,2022,Wednesday,Q1
2022-01-06,Furniture,West,4,53.38,213.53,1,2022,Thursday,Q1
2022-01-07,Furniture,West,4,40.58,162.31,1,2022,Friday,Q1
2022-01-08,Furniture,West,19,14.72,279.71,1,2022,Saturday,Q1
2022-01-09,Furniture,West,8,41.13,329.03,1,2022,Sunday,Q1
2022-01-10,Furniture,West,6,33.2,199.23,1,2022,Monday,Q1
2022-01-11,Furniture,West,5,48.16,240.79,1,2022,Tuesday,Q1
2022-01-12,Furniture,West,6,45.32,271.93,1,2022,Wednesday,Q1
2022-01-13,Furniture,West,6,42.57,255.41,1,2022,Thursday,Q1
2022-01-14,Furniture,West,5,45.96,229.82,1,2022,Friday,Q1
2022-01-15,Furniture,West,7,53.76,376.29,1,2022,Saturday,Q1
2022-01-16,Furniture,West,21,15.38,322.97,1,2022,Sunday,Q1
2022-01-17,Furniture,West,6,49.06,294.37,1,2022,Monday,Q1
2022-01-18,Furniture,West,6,48.58,291.47,1,2022,Tuesday,Q1
2022-01-19,Furniture,West,11,18.55,204.0,1,2022,Wednesday,Q1
2022-01-20,Furniture,West,15,19.32,289.73,1,2022,Thursday,Q1
2022-01-21,Furniture,West,9,29.56,266.03,1,2022,Friday,Q1
2022-01-22,Furniture,West,12,24.53,294.31,1,2022,Saturday,Q1
2022-01-23,Furniture,West,11,32.07,352.72,1,2022,Sunday,Q1
2022-01-24,Furniture,West,8,37.96,303.65,1,2022,Monday,Q1
2022-01-25,Furniture,West,15,16.44,246.66,1,2022,Tuesday,Q1
2022-01-26,Furniture,West,6,49.9,299.43,1,2022,Wednesday,Q1
2022-01-27,Furniture,West,7,35.36,247.53,1,2022,Thursday,Q1
2022-01-28,Furniture,West,6,47.43,284.59,1,2022,Friday,Q1
2022-01-29,Furniture,West,11,32.18,354.02,1,2022,Saturday,Q1
2022-01-30,Furniture,West,11,30.76,338.31,1,2022,Sunday,Q1
2022-01-31,Furniture,West,6,52.16,312.98,1,2022,Monday,Q1
2022-02-01,Furniture,West,5,55.79,278.95,2,2022,Tuesday,Q1
2022-02-02,Furniture,West,7,41.74,292.16,2,2022,Wednesday,Q1
2022-02-03,Furniture,West,7,43.06,301.43,2,2022,Thursday,Q1
2022-02-04,Furniture,West,10,26.68,266.82,2,2022,Friday,Q1
2022-02-05,Furniture,West,8,43.22,345.77,2,2022,Saturday,Q1
2022-02-06,Furniture,West,18,22.21,399.71,2,2022,Sunday,Q1
2022-02-07,Furniture,West,18,15.97,287.51,2,2022,Monday,Q1
2022-02-08,Furniture,West,30,10.6,317.98,2,2022,Tuesday,Q1
2022-02-09,Furniture,West,11,31.28,344.11,2,2022,Wednesday,Q1
2022-02-10,Furniture,West,8,39.32,314.53,2,2022,Thursday,Q1
2022-02-11,Furniture,West,11,34.49,379.35,2,2022,Friday,Q1
2022-02-12,Furniture,West,30,14.04,421.14,2,2022,Saturday,Q1
2022-02-13,Furniture,West,17,25.38,431.51,2,2022,Sunday,Q1
2022-02-14,Furniture,West,7,47.66,333.64,2,2022,Monday,Q1
2022-02-15,Furniture,West,12,30.89,370.72,2,2022,Tuesday,Q1
2022-02-16,Furniture,West,7,48.82,341.75,2,2022,Wednesday,Q1
2022-02-17,Furniture,West,16,20.57,329.06,2,2022,Thursday,Q1
2022-02-18,Furniture,West,13,28.57,371.44,2,2022,Friday,Q1
2022-02-19,Furniture,West,34,11.5,391.13,2,2022,Saturday,Q1
2022-02-20,Furniture,West,30,11.94,358.31,2,2022,Sunday,Q1
2022-02-21,Furniture,West,26,12.46,324.0,2,2022,Monday,Q1
2022-02-22,Furniture,West,12,27.84,334.06,2,2022,Tuesday,Q1
2022-02-23,Furniture,West,30,11.19,335.58,2,2022,Wednesday,Q1
2022-02-24,Furniture,West,11,26.99,296.85,2,2022,Thursday,Q1
2022-02-25,Furniture,West,7,49.33,345.33,2,2022,Friday,Q1
2022-02-26,Furniture,West,30,12.84,385.13,2,2022,Saturday,Q1
2022-02-27,Furniture,West,13,32.62,424.11,2,2022,Sunday,Q1
2022-02-28,Furniture,West,9,40.83,367.46,2,2022,Monday,Q1
2022-03-01,Furniture,West,28,12.5,349.86,3,2022,Tuesday,Q1
2022-03-02,Furniture,West,16,19.27,308.26,3,2022,Wednesday,Q1
2022-03-03,Furniture,West,11,29.43,323.71,3,2022,Thursday,Q1
2022-03-04,Furniture,West,8,44.23,353.85,3,2022,Friday,Q1
2022-03-05,Furniture,West,7,53.86,377.04,3,2022,Saturday,Q1
2022-03-06,Furniture,West,8,47.96,383.68,3,2022,Sunday,Q1
2022-03-07,Furniture,West,8,43.99,351.95,3,2022,Monday,Q1
2022-03-08,Furniture,West,10,35.89,358.93,3,2022,Tuesday,Q1
2022-03-09,Furniture,West,8,39.22,313.77,3,2022,Wednesday,Q1
2022-03-10,Furniture,West,7,51.14,357.96,3,2022,Thursday,Q1
2022-03-11,Furniture,West,7,43.77,306.4,3,2022,Friday,Q1
2022-03-12,Furniture,West,11,39.52,434.68,3,2022,Saturday,Q1
2022-03-13,Furniture,West,27,16.78,452.94,3,2022,Sunday,Q1
2022-03-14,Furniture,West,27,12.77,344.75,3,2022,Monday,Q1
2022-03-15,Furniture,West,11,31.05,341.55,3,2022,Tuesday,Q1
2022-03-16,Furniture,West,16,20.52,328.31,3,2022,Wednesday,Q1
2022-03-17,Furniture,West,14,24.25,339.55,3,2022,Thursday,Q1
2022-03-18,Furniture,West,5,57.26,286.31,3,2022,Friday,Q1
2022-03-19,Furniture,West,39,12.23,477.16,3,2022,Saturday,Q1
2022-03-20,Furniture,West,26,15.36,399.32,3,2022,Sunday,Q1
2022-03-21,Furniture,West,12,31.38,376.5,3,2022,Monday,Q1
2022-03-22,Furniture,West,19,19.27,366.19,3,2022,Tuesday,Q1
2022-03-23,Furniture,West,24,16.83,403.89,3,2022,Wednesday,Q1
2022-03-24,Furniture,West,7,54.46,381.25,3,2022,Thursday,Q1
2022-03-25,Furniture,West,7,45.9,321.29,3,2022,Friday,Q1
2022-03-26,Furniture,West,33,12.35,407.52,3,2022,Saturday,Q1
2022-03-27,Furniture,West,35,12.77,447.04,3,2022,Sunday,Q1
2022-03-28,Furniture,West,14,28.78,402.85,3,2022,Monday,Q1
2022-03-29,Furniture,West,12,28.8,345.62,3,2022,Tuesday,Q1
2022-03-30,Furniture,West,7,46.77,327.39,3,2022,Wednesday,Q1
2022-03-31,Furniture,West,7,54.46,381.23,3,2022,Thursday,Q1
2022-04-01,Furniture,West,27,12.03,324.86,4,2022,Friday,Q2
2022-04-02,Furniture,West,11,37.56,413.17,4,2022,Saturday,Q2
2022-04-03,Furniture,West,7,51.41,359.9,4,2022,Sunday,Q2
2022-04-04,Furniture,West,10,37.95,379.52,4,2022,Monday,Q2
2022-04-05,Furniture,West,11,28.52,313.72,4,2022,Tuesday,Q2
2022-04-06,Furniture,West,8,42.76,342.12,4,2022,Wednesday,Q2
2022-04-07,Furniture,West,10,38.07,380.74,4,2022,Thursday,Q2
2022-04-08,Furniture,West,13,24.77,322.02,4,2022,Friday,Q2
2022-04-09,Furniture,West,12,33.94,407.26,4,2022,Saturday,Q2
2022-04-10,Furniture,West,12,36.89,442.65,4,2022,Sunday,Q2
2022-04-11,Furniture,West,9,35.66,320.91,4,2022,Monday,Q2
2022-04-12,Furniture,West,16,22.24,355.83,4,2022,Tuesday,Q2
2022-04-13,Furniture,West,8,42.39,339.11,4,2022,Wednesday,Q2
2022-04-14,Furniture,West,8,44.94,359.49,4,2022,Thursday,Q2
2022-04-15,Furniture,West,16,18.59,297.43,4,2022,Friday,Q2
2022-04-16,Furniture,West,11,44.7,491.7,4,2022,Saturday,Q2
2022-04-17,Furniture,West,9,52.1,468.92,4,2022,Sunday,Q2
2022-04-18,Furniture,West,21,18.3,384.31,4,2022,Monday,Q2
2022-04-19,Furniture,West,15,22.8,341.98,4,2022,Tuesday,Q2
2022-04-20,Furniture,West,8,46.13,369.02,4,2022,Wednesday,Q2
2022-04-21,Furniture,West,9,39.84,358.56,4,2022,Thursday,Q2
2022-04-22,Furniture,West,7,49.81,348.68,4,2022,Friday,Q2
2022-04-23,Furniture,West,28,14.51,406.31,4,2022,Saturday,Q2
2022-04-24,Furniture,West,22,20.33,447.27,4,2022,Sunday,Q2
2022-04-25,Furniture,West,8,41.77,334.17,4,2022,Monday,Q2
2022-04-26,Furniture,West,9,35.45,319.02,4,2022,Tuesday,Q2
2022-04-27,Furniture,West,11,31.69,348.61,4,2022,Wednesday,Q2
2022-04-28,Furniture,West,10,35.1,351.01,4,2022,Thursday,Q2
2022-04-29,Furniture,West,27,10.49,283.33,4,2022,Friday,Q2
2022-04-30,Furniture,West,9,53.76,483.84,4,2022,Saturday,Q2
2022-05-01,Furniture,West,10,42.23,422.33,5,2022,Sunday,Q2
2022-05-02,Furniture,West,13,23.32,303.22,5,2022,Monday,Q2
2022-05-03,Furniture,West,13,28.47,370.11,5,2022,Tuesday,Q2
2022-05-04,Furniture,West,7,51.6,361.22,5,2022,Wednesday,Q2
2022-05-05,Furniture,West,8,44.06,352.46,5,2022,Thursday,Q2
2022-05-06,Furniture,West,9,38.08,342.73,5,2022,Friday,Q2
2022-05-07,Furniture,West,18,20.46,368.21,5,2022,Saturday,Q2
2022-05-08,Furniture,West,7,54.42,380.97,5,2022,Sunday,Q2
2022-05-09,Furniture,West,6,48.16,288.95,5,2022,Monday,Q2
2022-05-10,Furniture,West,10,36.3,363.04,5,2022,Tuesday,Q2
2022-05-11,Furniture,West,8,38.32,306.55,5,2022,Wednesday,Q2
2022-05-12,Furniture,West,5,54.44,272.19,5,2022,Thursday,Q2
2022-05-13,Furniture,West,7,45.09,315.64,5,2022,Friday,Q2
2022-05-14,Furniture,West,19,20.99,398.85,5,2022,Saturday,Q2
2022-05-15,Furniture,West,15,26.45,396.72,5,2022,Sunday,Q2
2022-05-16,Furniture,West,6,48.38,290.28,5,2022,Monday,Q2
2022-05-17,Furniture,West,7,44.06,308.39,5,2022,Tuesday,Q2
2022-05-18,Furniture,West,21,16.18,339.88,5,2022,Wednesday,Q2
2022-05-19,Furniture,West,7,45.05,315.36,5,2022,Thursday,Q2
2022-05-20,Furniture,West,15,17.81,267.12,5,2022,Friday,Q2
2022-05-21,Furniture,West,38,11.43,434.35,5,2022,Saturday,Q2
2022-05-22,Furniture,West,12,30.11,361.3,5,2022,Sunday,Q2
2022-05-23,Furniture,West,5,53.55,267.77,5,2022,Monday,Q2
2022-05-24,Furniture,West,15,18.55,278.27,5,2022,Tuesday,Q2
2022-05-25,Furniture,West,7,42.19,295.35,5,2022,Wednesday,Q2
2022-05-26,Furniture,West,8,32.69,261.51,5,2022,Thursday,Q2
2022-05-27,Furniture,West,6,46.75,280.51,5,2022,Friday,Q2
2022-05-28,Furniture,West,11,33.05,363.58,5,2022,Saturday,Q2
2022-05-29,Furniture,West,12,32.58,390.91,5,2022,Sunday,Q2
2022-05-30,Furniture,West,19,13.56,257.7,5,2022,Monday,Q2
2022-05-31,Furniture,West,6,51.34,308.03,5,2022,Tuesday,Q2
2022-06-01,Furniture,West,5,56.14,280.7,6,2022,Wednesday,Q2
2022-06-02,Furniture,West,21,13.49,283.27,6,2022,Thursday,Q2
2022-06-03,Furniture,West,14,19.75,276.52,6,2022,Friday,Q2
2022-06-04,Furniture,West,39,10.39,405.19,6,2022,Saturday,Q2
2022-06-05,Furniture,West,10,36.16,361.59,6,2022,Sunday,Q2
2022-06-06,Furniture,West,19,16.39,311.39,6,2022,Monday,Q2
2022-06-07,Furniture,West,8,30.94,247.53,6,2022,Tuesday,Q2
2022-06-08,Furniture,West,12,17.8,213.56,6,2022,Wednesday,Q2
2022-06-09,Furniture,West,6,43.88,263.28,6,2022,Thursday,Q2
2022-06-10,Furniture,West,5,46.17,230.84,6,2022,Friday,Q2
2022-06-11,Furniture,West,30,11.28,338.32,6,2022,Saturday,Q2
2022-06-12,Furniture,West,6,54.66,327.95,6,2022,Sunday,Q2
2022-06-13,Furniture,West,8,31.0,247.97,6,2022,Monday,Q2
2022-06-14,Furniture,West,15,19.74,296.04,6,2022,Tuesday,Q2
2022-06-15,Furniture,West,10,22.09,220.88,6,2022,Wednesday,Q2
2022-06-16,Furniture,West,5,49.05,245.25,6,2022,Thursday,Q2
2022-06-17,Furniture,West,10,28.04,280.38,6,2022,Friday,Q2
2022-06-18,Furniture,West,8,41.84,334.73,6,2022,Saturday,Q2
2022-06-19,Furniture,West,9,36.94,332.45,6,2022,Sunday,Q2
2022-06-20,Furniture,West,5,51.19,255.94,6,2022,Monday,Q2
2022-06-21,Furniture,West,6,34.9,209.38,6,2022,Tuesday,Q2
2022-06-22,Furniture,West,4,47.34,189.37,6,2022,Wednesday,Q2
2022-06-23,Furniture,West,10,25.67,256.67,6,2022,Thursday,Q2
2022-06-24,Furniture,West,12,18.11,217.26,6,2022,Friday,Q2
2022-06-25,Furniture,West,9,32.73,294.59,6,2022,Saturday,Q2
2022-06-26,Furniture,West,9,34.13,307.17,6,2022,Sunday,Q2
2022-06-27,Furniture,West,7,28.98,202.88,6,2022,Monday,Q2
2022-06-28,Furniture,West,4,51.15,204.59,6,2022,Tuesday,Q2
2022-06-29,Furniture,West,5,49.67,248.36,6,2022,Wednesday,Q2
2022-06-30,Furniture,West,17,13.06,222.07,6,2022,Thursday,Q2
2022-07-01,Furniture,West,6,39.57,237.39,7,2022,Friday,Q3
2022-07-02,Furniture,West,6,49.44,296.65,7,2022,Saturday,Q3
2022-07-03,Furniture,West,8,34.51,276.1,7,2022,Sunday,Q3
2022-07-04,Furniture,West,6,39.58,237.45,7,2022,Monday,Q3
2022-07-05,Furniture,West,4,50.83,203.32,7,2022,Tuesday,Q3
2022-07-06,Furniture,West,4,50.87,203.47,7,2022,Wednesday,Q3
2022-07-07,Furniture,West,15,16.64,249.67,7,2022,Thursday,Q3
2022-07-08,Furniture,West,8,24.62,196.95,7,2022,Friday,Q3
2022-07-09,Furniture,West,9,33.64,302.73,7,2022,Saturday,Q3
2022-07-10,Furniture,West,26,10.48,272.37,7,2022,Sunday,Q3
2022-07-11,Furniture,West,8,29.04,232.3,7,2022,Monday,Q3
2022-07-12,Furniture,West,4,36.83,147.34,7,2022,Tuesday,Q3
2022-07-13,Furniture,West,10,20.01,200.15,7,2022,Wednesday,Q3
2022-07-14,Furniture,West,5,30.19,150.95,7,2022,Thursday,Q3
2022-07-15,Furniture,West,4,50.54,202.15,7,2022,Friday,Q3
2022-07-16,Furniture,West,7,40.4,282.81,7,2022,Saturday,Q3
2022-07-17,Furniture,West,6,41.88,251.27,7,2022,Sunday,Q3
2022-07-18,Furniture,West,7,23.58,165.08,7,2022,Monday,Q3
2022-07-19,Furniture,West,2,54.43,108.86,7,2022,Tuesday,Q3
2022-07-20,Furniture,West,8,22.96,183.65,7,2022,Wednesday,Q3
2022-07-21,Furniture,West,8,17.17,137.39,7,2022,Thursday,Q3
2022-07-22,Furniture,West,4,38.78,155.13,7,2022,Friday,Q3
2022-07-23,Furniture,West,11,22.2,244.22,7,2022,Saturday,Q3
2022-07-24,Furniture,West,10,20.85,208.52,7,2022,Sunday,Q3
2022-07-25,Furniture,West,16,12.14,194.3,7,2022,Monday,Q3
2022-07-26,Furniture,West,4,40.31,161.26,7,2022,Tuesday,Q3
2022-07-27,Furniture,West,3,52.84,158.51,7,2022,Wednesday,Q3
2022-07-28,Furniture,West,11,10.63,116.97,7,2022,Thursday,Q3
2022-07-29,Furniture,West,5,22.11,110.56,7,2022,Friday,Q3
2022-07-30,Furniture,West,16,12.29,196.6,7,2022,Saturday,Q3
2022-07-31,Furniture,West,7,29.36,205.51,7,2022,Sunday,Q3
2022-08-01,Furniture,West,2,50.78,101.56,8,2022,Monday,Q3
2022-08-02,Furniture,West,2,50.83,101.66,8,2022,Tuesday,Q3
2022-08-03,Furniture,West,4,38.06,152.22,8,2022,Wednesday,Q3
2022-08-04,Furniture,West,6,20.04,120.26,8,2022,Thursday,Q3
2022-08-05,Furniture,West,2,58.94,117.87,8,2022,Friday,Q3
2022-08-06,Furniture,West,11,18.23,200.57,8,2022,Saturday,Q3
2022-08-07,Furniture,West,7,33.31,233.19,8,2022,Sunday,Q3
2022-08-08,Furniture,West,3,42.58,127.73,8,2022,Monday,Q3
2022-08-09,Furniture,West,4,23.26,93.05,8,2022,Tuesday,Q3
2022-08-10,Furniture,West,2,43.18,86.36,8,2022,Wednesday,Q3
2022-08-11,Furniture,West,7,21.92,153.47,8,2022,Thursday,Q3
2022-08-12,Furniture,West,5,35.17,175.86,8,2022,Friday,Q3
2022-08-13,Furniture,West,4,52.1,208.41,8,2022,Saturday,Q3
2022-08-14,Furniture,West,5,32.12,160.61,8,2022,Sunday,Q3
2022-08-15,Furniture,West,1,77.56,77.56,8,2022,Monday,Q3
2022-08-16,Furniture,West,13,14.2,184.61,8,2022,Tuesday,Q3
2022-08-17,Furniture,West,5,24.26,121.3,8,2022,Wednesday,Q3
2022-08-18,Furniture,West,3,32.87,98.61,8,2022,Thursday,Q3
2022-08-19,Furniture,West,3,17.84,53.53,8,2022,Friday,Q3
2022-08-20,Furniture,West,8,27.35,218.81,8,2022,Saturday,Q3
2022-08-21,Furniture,West,7,30.16,211.09,8,2022,Sunday,Q3
2022-08-22,Furniture,West,4,29.62,118.49,8,2022,Monday,Q3
2022-08-23,Furniture,West,4,30.63,122.52,8,2022,Tuesday,Q3
2022-08-24,Furniture,West,2,59.6,119.2,8,2022,Wednesday,Q3
2022-08-25,Furniture,West,5,14.97,74.84,8,2022,Thursday,Q3
2022-08-26,Furniture,West,7,18.77,131.41,8,2022,Friday,Q3
2022-08-27,Furniture,West,15,10.59,158.78,8,2022,Saturday,Q3
2022-08-28,Furniture,West,5,43.5,217.49,8,2022,Sunday,Q3
2022-08-29,Furniture,West,5,24.33,121.65,8,2022,Monday,Q3
2022-08-30,Furniture,West,3,20.28,60.84,8,2022,Tuesday,Q3
2022-08-31,Furniture,West,1,59.52,59.52,8,2022,Wednesday,Q3
2022-09-01,Furniture,West,3,28.16,84.47,9,2022,Thursday,Q3
2022-09-02,Furniture,West,4,17.59,70.35,9,2022,Friday,Q3
2022-09-03,Furniture,West,6,25.14,150.87,9,2022,Saturday,Q3
2022-09-04,Furniture,West,3,54.89,164.68,9,2022,Sunday,Q3
2022-09-05,Furniture,West,2,42.44,84.87,9,2022,Monday,Q3
2022-09-06,Furniture,West,2,39.89,79.79,9,2022,Tuesday,Q3
2022-09-07,Furniture,West,2,68.09,136.18,9,2022,Wednesday,Q3
2022-09-08,Furniture,West,2,39.58,79.16,9,2022,Thursday,Q3
2022-09-09,Furniture,West,1,26.59,26.59,9,2022,Friday,Q3
2022-09-10,Furniture,West,5,36.85,184.27,9,2022,Saturday,Q3
2022-09-11,Furniture,West,5,32.02,160.11,9,2022,Sunday,Q3
2022-09-12,Furniture,West,4,29.18,116.73,9,2022,Monday,Q3
2022-09-13,Furniture,West,6,14.32,85.9,9,2022,Tuesday,Q3
2022-09-14,Furniture,West,3,18.2,54.59,9,2022,Wednesday,Q3
2022-09-15,Furniture,West,4,16.59,66.35,9,2022,Thursday,Q3
2022-09-16,Furniture,West,3,27.9,83.7,9,2022,Friday,Q3
2022-09-17,Furniture,West,6,16.14,96.86,9,2022,Saturday,Q3
2022-09-18,Furniture,West,5,33.53,167.66,9,2022,Sunday,Q3
2022-09-19,Furniture,West,1,36.19,36.19,9,2022,Monday,Q3
2022-09-20,Furniture,West,8,11.01,88.09,9,2022,Tuesday,Q3
2022-09-21,Furniture,West,2,58.83,117.65,9,2022,Wednesday,Q3
2022-09-22,Furniture,West,1,57.4,57.4,9,2022,Thursday,Q3
2022-09-23,Furniture,West,1,66.15,66.15,9,2022,Friday,Q3
2022-09-24,Furniture,West,6,26.01,156.09,9,2022,Saturday,Q3
2022-09-25,Furniture,West,8,22.63,181.05,9,2022,Sunday,Q3
2022-09-26,Furniture,West,3,22.33,67.0,9,2022,Monday,Q3
2022-09-27,Furniture,West,2,50.91,101.82,9,2022,Tuesday,Q3
2022-09-28,Furniture,West,1,21.47,21.47,9,2022,Wednesday,Q3
2022-09-29,Furniture,West,4,27.04,108.16,9,2022,Thursday,Q3
2022-09-30,Furniture,West,1,61.63,61.63,9,2022,Friday,Q3
2022-10-01,Furniture,West,21,16.57,347.95,10,2022,Saturday,Q4
2022-10-02,Furniture,West,25,13.03,325.71,10,2022,Sunday,Q4
2022-10-03,Furniture,West,6,45.95,275.71,10,2022,Monday,Q4
2022-10-04,Furniture,West,5,50.5,252.49,10,2022,Tuesday,Q4
2022-10-05,Furniture,West,12,20.08,240.9,10,2022,Wednesday,Q4
2022-10-06,Furniture,West,13,21.61,280.94,10,2022,Thursday,Q4
2022-10-07,Furniture,West,13,18.69,242.97,10,2022,Friday,Q4
2022-10-08,Furniture,West,16,20.11,321.72,10,2022,Saturday,Q4
2022-10-09,Furniture,West,7,49.88,349.17,10,2022,Sunday,Q4
2022-10-10,Furniture,West,7,32.4,226.77,10,2022,Monday,Q4
2022-10-11,Furniture,West,6,38.8,232.79,10,2022,Tuesday,Q4
2022-10-12,Furniture,West,16,18.67,298.67,10,2022,Wednesday,Q4
2022-10-13,Furniture,West,5,51.92,259.6,10,2022,Thursday,Q4
2022-10-14,Furniture,West,6,40.6,243.61,10,2022,Friday,Q4
2022-10-15,Furniture,West,7,49.16,344.15,10,2022,Saturday,Q4
2022-10-16,Furniture,West,9,44.09,396.78,10,2022,Sunday,Q4
2022-10-17,Furniture,West,6,42.38,254.3,10,2022,Monday,Q4
2022-10-18,Furniture,West,10,28.72,287.21,10,2022,Tuesday,Q4
2022-10-19,Furniture,West,9,33.69,303.24,10,2022,Wednesday,Q4
2022-10-20,Furniture,West,23,11.1,255.27,10,2022,Thursday,Q4
2022-10-21,Furniture,West,8,38.53,308.26,10,2022,Friday,Q4
2022-10-22,Furniture,West,12,29.55,354.63,10,2022,Saturday,Q4
2022-10-23,Furniture,West,14,26.93,376.99,10,2022,Sunday,Q4
2022-10-24,Furniture,West,8,26.27,210.13,10,2022,Monday,Q4
2022-10-25,Furniture,West,8,33.73,269.85,10,2022,Tuesday,Q4
2022-10-26,Furniture,West,10,28.59,285.9,10,2022,Wednesday,Q4
2022-10-27,Furniture,West,11,24.08,264.84,10,2022,Thursday,Q4
2022-10-28,Furniture,West,23,11.3,259.95,10,2022,Friday,Q4
