data/sales_data.csv
Date,Product_Category,Region,Units_Sold,Unit_Price,Total_Sales,Month,Year,Day_of_Week,Quarter
2022-10-29,Furniture,West,13,28.88,375.44,10,2022,Saturday,Q4
2022-10-30,Furniture,West,23,17.41,400.4,10,2022,Sunday,Q4
2022-10-31,Furniture,West,5,52.9,264.48,10,2022,Monday,Q4
2022-11-01,Furniture,West,7,43.46,304.24,11,2022,Tuesday,Q4
2022-11-02,Furniture,West,15,15.77,236.62,11,2022,Wednesday,Q4
2022-11-03,Furniture,West,14,22.07,309.0,11,2022,Thursday,Q4
2022-11-04,Furniture,West,6,45.51,273.03,11,2022,Friday,Q4
2022-11-05,Furniture,West,7,49.84,348.88,11,2022,Saturday,Q4
2022-11-06,Furniture,West,26,13.7,356.08,11,2022,Sunday,Q4
2022-11-07,Furniture,West,10,34.22,342.17,11,2022,Monday,Q4
2022-11-08,Furniture,West,7,42.09,294.66,11,2022,Tuesday,Q4
2022-11-09,Furniture,West,8,36.68,293.48,11,2022,Wednesday,Q4
2022-11-10,Furniture,West,11,25.61,281.76,11,2022,Thursday,Q4
2022-11-11,Furniture,West,21,14.39,302.24,11,2022,Friday,Q4
2022-11-12,Furniture,West,19,18.52,351.81,11,2022,Saturday,Q4
2022-11-13,Furniture,West,9,48.95,440.51,11,2022,Sunday,Q4
2022-11-14,Furniture,West,29,11.54,334.71,11,2022,Monday,Q4
2022-11-15,Furniture,West,23,14.26,327.99,11,2022,Tuesday,Q4
2022-11-16,Furniture,West,4,59.84,239.38,11,2022,Wednesday,Q4
2022-11-17,Furniture,West,13,24.87,323.37,11,2022,Thursday,Q4
2022-11-18,Furniture,West,19,16.38,311.15,11,2022,Friday,Q4
2022-11-19,Furniture,West,9,44.51,400.59,11,2022,Saturday,Q4
2022-11-20,Furniture,West,13,33.67,437.74,11,2022,Sunday,Q4
2022-11-21,Furniture,West,18,18.6,334.73,11,2022,Monday,Q4
2022-11-22,Furniture,West,27,10.94,295.43,11,2022,Tuesday,Q4
2022-11-23,Furniture,West,8,44.33,354.61,11,2022,Wednesday,Q4
2022-11-24,Furniture,West,7,47.07,329.48,11,2022,Thursday,Q4
2022-11-25,Furniture,West,7,41.47,290.27,11,2022,Friday,Q4
2022-11-26,Furniture,West,10,46.33,463.29,11,2022,Saturday,Q4
2022-11-27,Furniture,West,17,23.36,397.08,11,2022,Sunday,Q4
2022-11-28,Furniture,West,15,19.18,287.74,11,2022,Monday,Q4
2022-11-29,Furniture,West,7,50.24,351.66,11,2022,Tuesday,Q4
2022-01-01,Sports,North,8,39.32,314.56,1,2022,Saturday,Q1
2022-01-02,Sports,North,6,51.67,310.04,1,2022,Sunday,Q1
2022-01-03,Sports,North,12,19.73,236.78,1,2022,Monday,Q1
2022-01-04,Sports,North,19,12.14,230.75,1,2022,Tuesday,Q1
2022-01-05,Sports,North,8,39.88,319.07,1,2022,Wednesday,Q1
2022-01-06,Sports,North,5,48.06,240.31,1,2022,Thursday,Q1
2022-01-07,Sports,North,16,15.89,254.17,1,2022,Friday,Q1
2022-01-08,Sports,North,12,30.35,364.26,1,2022,Saturday,Q1
2022-01-09,Sports,North,9,42.28,380.53,1,2022,Sunday,Q1
2022-01-10,Sports,North,12,25.45,305.4,1,2022,Monday,Q1
2022-01-11,Sports,North,22,12.98,285.46,1,2022,Tuesday,Q1
2022-01-12,Sports,North,10,27.79,277.88,1,2022,Wednesday,Q1
2022-01-13,Sports,North,7,47.54,332.75,1,2022,Thursday,Q1
2022-01-14,Sports,North,10,27.05,270.54,1,2022,Friday,Q1
2022-01-15,Sports,North,23,14.22,327.05,1,2022,Saturday,Q1
2022-01-16,Sports,North,19,21.14,401.73,1,2022,Sunday,Q1
2022-01-17,Sports,North,6,53.16,318.95,1,2022,Monday,Q1
2022-01-18,Sports,North,10,30.5,304.99,1,2022,Tuesday,Q1
2022-01-19,Sports,North,4,54.55,218.18,1,2022,Wednesday,Q1
2022-01-20,Sports,North,29,11.15,323.23,1,2022,Thursday,Q1
2022-01-21,Sports,North,11,27.95,307.48,1,2022,Friday,Q1
2022-01-22,Sports,North,10,35.72,357.23,1,2022,Saturday,Q1
2022-01-23,Sports,North,23,17.47,401.84,1,2022,Sunday,Q1
2022-01-24,Sports,North,11,27.09,298.01,1,2022,Monday,Q1
2022-01-25,Sports,North,15,19.81,297.21,1,2022,Tuesday,Q1
2022-01-26,Sports,North,8,42.6,340.78,1,2022,Wednesday,Q1
2022-01-27,Sports,North,7,43.11,301.77,1,2022,Thursday,Q1
2022-01-28,Sports,North,22,15.46,340.16,1,2022,Friday,Q1
2022-01-29,Sports,North,34,11.64,395.79,1,2022,Saturday,Q1
2022-01-30,Sports,North,23,19.88,457.34,1,2022,Sunday,Q1
2022-01-31,Sports,North,14,25.07,350.95,1,2022,Monday,Q1
2022-02-01,Sports,North,15,23.47,352.04,2,2022,Tuesday,Q1
2022-02-02,Sports,North,8,47.59,380.71,2,2022,Wednesday,Q1
2022-02-03,Sports,North,18,19.85,357.28,2,2022,Thursday,Q1
2022-02-04,Sports,North,7,42.77,299.39,2,2022,Friday,Q1
2022-02-05,Sports,North,9,47.32,425.88,2,2022,Saturday,Q1
2022-02-06,Sports,North,29,13.7,397.43,2,2022,Sunday,Q1
2022-02-07,Sports,North,7,49.26,344.82,2,2022,Monday,Q1
2022-02-08,Sports,North,30,10.93,327.91,2,2022,Tuesday,Q1
2022-02-09,Sports,North,11,32.82,361.06,2,2022,Wednesday,Q1
2022-02-10,Sports,North,7,48.34,338.35,2,2022,Thursday,Q1
2022-02-11,Sports,North,10,37.39,373.9,2,2022,Friday,Q1
2022-02-12,Sports,North,11,37.88,416.71,2,2022,Saturday,Q1
2022-02-13,Sports,North,20,21.97,439.43,2,2022,Sunday,Q1
2022-02-14,Sports,North,7,51.3,359.13,2,2022,Monday,Q1
2022-02-15,Sports,North,29,12.19,353.51,2,2022,Tuesday,Q1
2022-02-16,Sports,North,20,17.54,350.8,2,2022,Wednesday,Q1
2022-02-17,Sports,North,12,29.24,350.91,2,2022,Thursday,Q1
2022-02-18,Sports,North,12,33.14,397.66,2,2022,Friday,Q1
2022-02-19,Sports,North,35,12.81,448.3,2,2022,Saturday,Q1
2022-02-20,Sports,North,8,54.38,435.03,2,2022,Sunday,Q1
2022-02-21,Sports,North,28,14.93,417.96,2,2022,Monday,Q1
2022-02-22,Sports,North,15,22.36,335.43,2,2022,Tuesday,Q1
2022-02-23,Sports,North,15,25.95,389.24,2,2022,Wednesday,Q1
2022-02-24,Sports,North,11,37.04,407.46,2,2022,Thursday,Q1
2022-02-25,Sports,North,8,46.26,370.05,2,2022,Friday,Q1
2022-02-26,Sports,North,10,43.37,433.7,2,2022,Saturday,Q1
2022-02-27,Sports,North,22,21.4,470.72,2,2022,Sunday,Q1
2022-02-28,Sports,North,17,22.53,383.03,2,2022,Monday,Q1
2022-03-01,Sports,North,18,21.28,382.99,3,2022,Tuesday,Q1
2022-03-02,Sports,North,9,42.22,380.02,3,2022,Wednesday,Q1
2022-03-03,Sports,North,27,11.78,318.08,3,2022,Thursday,Q1
2022-03-04,Sports,North,13,28.59,371.61,3,2022,Friday,Q1
2022-03-05,Sports,North,11,41.93,461.27,3,2022,Saturday,Q1
2022-03-06,Sports,North,18,23.13,416.37,3,2022,Sunday,Q1
2022-03-07,Sports,North,15,24.84,372.55,3,2022,Monday,Q1
2022-03-08,Sports,North,9,47.42,426.78,3,2022,Tuesday,Q1
2022-03-09,Sports,North,12,28.01,336.11,3,2022,Wednesday,Q1
2022-03-10,Sports,North,24,17.76,426.26,3,2022,Thursday,Q1
2022-03-11,Sports,North,14,26.47,370.63,3,2022,Friday,Q1
2022-03-12,Sports,North,20,23.23,464.54,3,2022,Saturday,Q1
2022-03-13,Sports,North,31,14.65,454.1,3,2022,Sunday,Q1
2022-03-14,Sports,North,13,36.53,474.88,3,2022,Monday,Q1
2022-03-15,Sports,North,11,38.55,424.0,3,2022,Tuesday,Q1
2022-03-16,Sports,North,8,48.34,386.75,3,2022,Wednesday,Q1
2022-03-17,Sports,North,20,20.43,408.66,3,2022,Thursday,Q1
2022-03-18,Sports,North,12,34.84,418.07,3,2022,Friday,Q1
2022-03-19,Sports,North,35,13.65,477.75,3,2022,Saturday,Q1
2022-03-20,Sports,North,12,38.12,457.48,3,2022,Sunday,Q1
2022-03-21,Sports,North,13,30.74,399.57,3,2022,Monday,Q1
2022-03-22,Sports,North,20,20.7,413.93,3,2022,Tuesday,Q1
2022-03-23,Sports,North,20,20.04,400.79,3,2022,Wednesday,Q1
2022-03-24,Sports,North,8,53.61,428.87,3,2022,Thursday,Q1
2022-03-25,Sports,North,13,31.81,413.56,3,2022,Friday,Q1
2022-03-26,Sports,North,24,19.62,470.92,3,2022,Saturday,Q1
2022-03-27,Sports,North,13,34.98,454.76,3,2022,Sunday,Q1
2022-03-28,Sports,North,26,16.43,427.15,3,2022,Monday,Q1
2022-03-29,Sports,North,31,13.41,415.78,3,2022,Tuesday,Q1
2022-03-30,Sports,North,13,24.39,317.08,3,2022,Wednesday,Q1
2022-03-31,Sports,North,9,47.91,431.2,3,2022,Thursday,Q1
2022-04-01,Sports,North,13,29.16,379.09,4,2022,Friday,Q2
2022-04-02,Sports,North,12,39.78,477.39,4,2022,Saturday,Q2
2022-04-03,Sports,North,22,23.77,522.84,4,2022,Sunday,Q2
2022-04-04,Sports,North,18,25.12,452.18,4,2022,Monday,Q2
2022-04-05,Sports,North,9,43.18,388.61,4,2022,Tuesday,Q2
2022-04-06,Sports,North,27,15.19,410.11,4,2022,Wednesday,Q2
2022-04-07,Sports,North,29,12.6,365.42,4,2022,Thursday,Q2
2022-04-08,Sports,North,33,13.13,433.17,4,2022,Friday,Q2
2022-04-09,Sports,North,11,45.15,496.61,4,2022,Saturday,Q2
2022-04-10,Sports,North,21,21.42,449.9,4,2022,Sunday,Q2
2022-04-11,Sports,North,34,13.54,460.5,4,2022,Monday,Q2
2022-04-12,Sports,North,11,38.48,423.27,4,2022,Tuesday,Q2
2022-04-13,Sports,North,8,51.92,415.39,4,2022,Wednesday,Q2
2022-04-14,Sports,North,29,14.4,417.55,4,2022,Thursday,Q2
2022-04-15,Sports,North,15,27.73,415.92,4,2022,Friday,Q2
2022-04-16,Sports,North,16,30.55,488.76,4,2022,Saturday,Q2
2022-04-17,Sports,North,29,17.15,497.41,4,2022,Sunday,Q2
2022-04-18,Sports,North,34,12.78,434.61,4,2022,Monday,Q2
2022-04-19,Sports,North,8,51.0,408.04,4,2022,Tuesday,Q2
2022-04-20,Sports,North,14,27.22,381.02,4,2022,Wednesday,Q2
2022-04-21,Sports,North,9,42.94,386.43,4,2022,Thursday,Q2
2022-04-22,Sports,North,23,17.88,411.27,4,2022,Friday,Q2
2022-04-23,Sports,North,25,18.42,460.56,4,2022,Saturday,Q2
2022-04-24,Sports,North,15,33.48,502.27,4,2022,Sunday,Q2
2022-04-25,Sports,North,40,11.09,443.7,4,2022,Monday,Q2
2022-04-26,Sports,North,23,19.18,441.23,4,2022,Tuesday,Q2
2022-04-27,Sports,North,14,28.13,393.89,4,2022,Wednesday,Q2
2022-04-28,Sports,North,9,41.97,377.73,4,2022,Thursday,Q2
2022-04-29,Sports,North,36,10.85,390.47,4,2022,Friday,Q2
2022-04-30,Sports,North,32,15.63,500.21,4,2022,Saturday,Q2
2022-05-01,Sports,North,42,11.48,482.01,5,2022,Sunday,Q2
2022-05-02,Sports,North,13,28.28,367.66,5,2022,Monday,Q2
2022-05-03,Sports,North,10,36.85,368.48,5,2022,Tuesday,Q2
2022-05-04,Sports,North,11,36.14,397.56,5,2022,Wednesday,Q2
2022-05-05,Sports,North,11,33.76,371.37,5,2022,Thursday,Q2
2022-05-06,Sports,North,11,35.45,389.9,5,2022,Friday,Q2
2022-05-07,Sports,North,9,50.26,452.36,5,2022,Saturday,Q2
2022-05-08,Sports,North,33,14.53,479.6,5,2022,Sunday,Q2
2022-05-09,Sports,North,27,15.53,419.39,5,2022,Monday,Q2
2022-05-10,Sports,North,10,36.78,367.82,5,2022,Tuesday,Q2
2022-05-11,Sports,North,19,18.55,352.36,5,2022,Wednesday,Q2
2022-05-12,Sports,North,19,20.29,385.54,5,2022,Thursday,Q2
2022-05-13,Sports,North,8,49.77,398.16,5,2022,Friday,Q2
2022-05-14,Sports,North,9,51.49,463.4,5,2022,Saturday,Q2
2022-05-15,Sports,North,15,29.69,445.41,5,2022,Sunday,Q2
2022-05-16,Sports,North,15,24.91,373.62,5,2022,Monday,Q2
2022-05-17,Sports,North,20,14.86,297.29,5,2022,Tuesday,Q2
2022-05-18,Sports,North,9,43.41,390.66,5,2022,Wednesday,Q2
2022-05-19,Sports,North,8,49.94,399.55,5,2022,Thursday,Q2
2022-05-20,Sports,North,8,45.55,364.37,5,2022,Friday,Q2
2022-05-21,Sports,North,13,33.93,441.05,5,2022,Saturday,Q2
2022-05-22,Sports,North,20,25.08,501.67,5,2022,Sunday,Q2
2022-05-23,Sports,North,7,49.61,347.26,5,2022,Monday,Q2
2022-05-24,Sports,North,26,11.83,307.68,5,2022,Tuesday,Q2
2022-05-25,Sports,North,25,13.57,339.23,5,2022,Wednesday,Q2
2022-05-26,Sports,North,8,42.83,342.66,5,2022,Thursday,Q2
2022-05-27,Sports,North,21,15.14,317.97,5,2022,Friday,Q2
2022-05-28,Sports,North,8,47.42,379.35,5,2022,Saturday,Q2
2022-05-29,Sports,North,8,47.9,383.19,5,2022,Sunday,Q2
2022-05-30,Sports,North,9,36.54,328.89,5,2022,Monday,Q2
2022-05-31,Sports,North,11,27.57,303.29,5,2022,Tuesday,Q2
2022-06-01,Sports,North,11,31.43,345.69,6,2022,Wednesday,Q2
2022-06-02,Sports,North,6,47.43,284.59,6,2022,Thursday,Q2
2022-06-03,Sports,North,12,25.23,302.81,6,2022,Friday,Q2
2022-06-04,Sports,North,12,32.63,391.62,6,2022,Saturday,Q2
2022-06-05,Sports,North,17,24.65,418.97,6,2022,Sunday,Q2
2022-06-06,Sports,North,8,39.55,316.37,6,2022,Monday,Q2
2022-06-07,Sports,North,15,23.66,354.84,6,2022,Tuesday,Q2
2022-06-08,Sports,North,8,46.05,368.42,6,2022,Wednesday,Q2
2022-06-09,Sports,North,6,52.16,312.96,6,2022,Thursday,Q2
2022-06-10,Sports,North,6,50.04,300.26,6,2022,Friday,Q2
2022-06-11,Sports,North,19,22.14,420.58,6,2022,Saturday,Q2
2022-06-12,Sports,North,13,30.28,393.66,6,2022,Sunday,Q2
2022-06-13,Sports,North,11,30.95,340.43,6,2022,Monday,Q2
2022-06-14,Sports,North,11,28.5,313.46,6,2022,Tuesday,Q2
2022-06-15,Sports,North,8,34.47,275.76,6,2022,Wednesday,Q2
2022-06-16,Sports,North,12,24.23,290.8,6,2022,Thursday,Q2
2022-06-17,Sports,North,17,17.62,299.5,6,2022,Friday,Q2
2022-06-18,Sports,North,19,18.37,349.03,6,2022,Saturday,Q2
2022-06-19,Sports,North,15,24.06,360.95,6,2022,Sunday,Q2
2022-06-20,Sports,North,8,36.19,289.48,6,2022,Monday,Q2
2022-06-21,Sports,North,25,10.05,251.21,6,2022,Tuesday,Q2
2022-06-22,Sports,North,16,21.19,339.08,6,2022,Wednesday,Q2
2022-06-23,Sports,North,11,29.81,327.9,6,2022,Thursday,Q2
2022-06-24,Sports,North,10,26.14,261.44,6,2022,Friday,Q2
2022-06-25,Sports,North,11,31.71,348.85,6,2022,Saturday,Q2
2022-06-26,Sports,North,23,16.61,382.0,6,2022,Sunday,Q2
2022-06-27,Sports,North,21,14.25,299.22,6,2022,Monday,Q2
2022-06-28,Sports,North,6,40.03,240.16,6,2022,Tuesday,Q2
2022-06-29,Sports,North,21,13.93,292.6,6,2022,Wednesday,Q2
2022-06-30,Sports,North,8,34.51,276.06,6,2022,Thursday,Q2
2022-07-01,Sports,North,12,19.78,237.36,7,2022,Friday,Q3
2022-07-02,Sports,North,14,25.61,358.61,7,2022,Saturday,Q3
2022-07-03,Sports,North,12,32.17,386.05,7,2022,Sunday,Q3
2022-07-04,Sports,North,19,12.86,244.33,7,2022,Monday,Q3
2022-07-05,Sports,North,13,17.22,223.82,7,2022,Tuesday,Q3
2022-07-06,Sports,North,14,16.29,228.06,7,2022,Wednesday,Q3
2022-07-07,Sports,North,4,51.77,207.09,7,2022,Thursday,Q3
2022-07-08,Sports,North,8,23.75,189.99,7,2022,Friday,Q3
2022-07-09,Sports,North,11,27.74,305.16,7,2022,Saturday,Q3
2022-07-10,Sports,North,8,42.78,342.22,7,2022,Sunday,Q3
2022-07-11,Sports,North,6,34.44,206.66,7,2022,Monday,Q3
2022-07-12,Sports,North,11,19.57,215.29,7,2022,Tuesday,Q3
2022-07-13,Sports,North,11,17.25,189.73,7,2022,Wednesday,Q3
2022-07-14,Sports,North,13,15.93,207.08,7,2022,Thursday,Q3
2022-07-15,Sports,North,5,42.83,214.17,7,2022,Friday,Q3
2022-07-16,Sports,North,9,38.84,349.55,7,2022,Saturday,Q3
2022-07-17,Sports,North,21,13.86,291.03,7,2022,Sunday,Q3
2022-07-18,Sports,North,7,35.27,246.9,7,2022,Monday,Q3
2022-07-19,Sports,North,5,43.41,217.03,7,2022,Tuesday,Q3
2022-07-20,Sports,North,7,28.39,198.7,7,2022,Wednesday,Q3
2022-07-21,Sports,North,11,19.89,218.81,7,2022,Thursday,Q3
2022-07-22,Sports,North,10,21.24,212.45,7,2022,Friday,Q3
2022-07-23,Sports,North,27,11.35,306.54,7,2022,Saturday,Q3
2022-07-24,Sports,North,12,25.89,310.69,7,2022,Sunday,Q3
2022-07-25,Sports,North,10,16.97,169.71,7,2022,Monday,Q3
2022-07-26,Sports,North,9,20.6,185.36,7,2022,Tuesday,Q3
2022-07-27,Sports,North,4,46.8,187.22,7,2022,Wednesday,Q3
2022-07-28,Sports,North,6,32.29,193.72,7,2022,Thursday,Q3
2022-07-29,Sports,North,5,34.71,173.56,7,2022,Friday,Q3
2022-07-30,Sports,North,6,39.67,238.05,7,2022,Saturday,Q3
2022-07-31,Sports,North,26,11.75,305.43,7,2022,Sunday,Q3
2022-08-01,Sports,North,12,16.36,196.3,8,2022,Monday,Q3
2022-08-02,Sports,North,10,17.94,179.37,8,2022,Tuesday,Q3
2022-08-03,Sports,North,5,29.63,148.16,8,2022,Wednesday,Q3
2022-08-04,Sports,North,9,19.17,172.53,8,2022,Thursday,Q3
2022-08-05,Sports,North,7,22.15,155.06,8,2022,Friday,Q3
2022-08-06,Sports,North,8,33.29,266.36,8,2022,Saturday,Q3
2022-08-07,Sports,North,21,12.31,258.53,8,2022,Sunday,Q3
2022-08-08,Sports,North,4,38.97,155.88,8,2022,Monday,Q3
2022-08-09,Sports,North,2,41.6,83.21,8,2022,Tuesday,Q3
2022-08-10,Sports,North,3,36.22,108.67,8,2022,Wednesday,Q3
2022-08-11,Sports,North,2,68.8,137.61,8,2022,Thursday,Q3
2022-08-12,Sports,North,4,41.4,165.62,8,2022,Friday,Q3
2022-08-13,Sports,North,8,34.66,277.27,8,2022,Saturday,Q3
2022-08-14,Sports,North,6,34.15,204.88,8,2022,Sunday,Q3
2022-08-15,Sports,North,3,37.41,112.22,8,2022,Monday,Q3
2022-08-16,Sports,North,5,38.02,190.12,8,2022,Tuesday,Q3
2022-08-17,Sports,North,5,32.44,162.18,8,2022,Wednesday,Q3
2022-08-18,Sports,North,3,53.3,159.89,8,2022,Thursday,Q3
2022-08-19,Sports,North,8,21.13,169.01,8,2022,Friday,Q3
2022-08-20,Sports,North,7,32.75,229.25,8,2022,Saturday,Q3
2022-08-21,Sports,North,6,41.87,251.22,8,2022,Sunday,Q3
2022-08-22,Sports,North,4,30.16,120.66,8,2022,Monday,Q3
2022-08-23,Sports,North,3,42.31,126.92,8,2022,Tuesday,Q3
2022-08-24,Sports,North,8,20.33,162.61,8,2022,Wednesday,Q3
2022-08-25,Sports,North,3,40.57,121.72,8,2022,Thursday,Q3
2022-08-26,Sports,North,7,19.59,137.1,8,2022,Friday,Q3
2022-08-27,Sports,North,5,49.88,249.39,8,2022,Saturday,Q3
2022-08-28,Sports,North,6,34.49,206.94,8,2022,Sunday,Q3
2022-08-29,Sports,North,10,13.57,135.7,8,2022,Monday,Q3
2022-08-30,Sports,North,3,46.82,140.46,8,2022,Tuesday,Q3
2022-08-31,Sports,North,4,35.05,140.19,8,2022,Wednesday,Q3
2022-09-01,Sports,North,4,39.39,157.54,9,2022,Thursday,Q3
2022-09-02,Sports,North,3,54.48,163.43,9,2022,Friday,Q3
2022-09-03,Sports,North,5,47.09,235.47,9,2022,Saturday,Q3
2022-09-04,Sports,North,21,10.87,228.3,9,2022,Sunday,Q3
2022-09-05,Sports,North,6,22.47,134.8,9,2022,Monday,Q3
2022-09-06,Sports,North,6,22.45,134.69,9,2022,Tuesday,Q3
2022-09-07,Sports,North,1,93.09,93.09,9,2022,Wednesday,Q3
2022-09-08,Sports,North,2,71.33,142.66,9,2022,Thursday,Q3
2022-09-09,Sports,North,3,46.32,138.95,9,2022,Friday,Q3
2022-09-10,Sports,North,4,49.35,197.41,9,2022,Saturday,Q3
2022-09-11,Sports,North,6,32.03,192.19,9,2022,Sunday,Q3
2022-09-12,Sports,North,2,44.24,88.48,9,2022,Monday,Q3
2022-09-13,Sports,North,3,50.52,151.56,9,2022,Tuesday,Q3
2022-09-14,Sports,North,3,46.25,138.75,9,2022,Wednesday,Q3
2022-09-15,Sports,North,5,13.41,67.05,9,2022,Thursday,Q3
2022-09-16,Sports,North,4,38.48,153.91,9,2022,Friday,Q3
2022-09-17,Sports,North,9,19.22,172.94,9,2022,Saturday,Q3
2022-09-18,Sports,North,4,52.36,209.45,9,2022,Sunday,Q3
2022-09-19,Sports,North,5,20.53,102.64,9,2022,Monday,Q3
2022-09-20,Sports,North,7,14.83,103.81,9,2022,Tuesday,Q3
2022-09-21,Sports,North,4,27.92,111.67,9,2022,Wednesday,Q3
2022-09-22,Sports,North,4,30.92,123.66,9,2022,Thursday,Q3
2022-09-23,Sports,North,2,63.01,126.02,9,2022,Friday,Q3
2022-09-24,Sports,North,5,46.32,231.6,9,2022,Saturday,Q3
2022-09-25,Sports,North,5,43.74,218.69,9,2022,Sunday,Q3
2022-09-26,Sports,North,16,11.16,178.59,9,2022,Monday,Q3
2022-09-27,Sports,North,4,34.87,139.48,9,2022,Tuesday,Q3
2022-09-28,Sports,North,2,47.67,95.34,9,2022,Wednesday,Q3
2022-09-29,Sports,North,6,20.36,122.14,9,2022,Thursday,Q3
2022-09-30,Sports,North,3,43.82,131.46,9,2022,Friday,Q3
2022-10-01,Sports,North,17,22.35,379.92,10,2022,Saturday,Q4
2022-10-02,Sports,North,22,19.02,418.42,10,2022,Sunday,Q4
2022-10-03,Sports,North,15,19.31,289.67,10,2022,Monday,Q4
2022-10-04,Sports,North,8,41.34,330.71,10,2022,Tuesday,Q4
