data/sales_data.csv
Date,Product_Category,Region,Units_Sold,Unit_Price,Total_Sales,Month,Year,Day_of_Week,Quarter
2022-10-05,Sports,North,8,37.62,300.95,10,2022,Wednesday,Q4
2022-10-06,Sports,North,6,55.7,334.22,10,2022,Thursday,Q4
2022-10-07,Sports,North,12,28.35,340.18,10,2022,Friday,Q4
2022-10-08,Sports,North,16,26.43,422.82,10,2022,Saturday,Q4
2022-10-09,Sports,North,9,45.45,409.08,10,2022,Sunday,Q4
2022-10-10,Sports,North,15,22.26,333.97,10,2022,Monday,Q4
2022-10-11,Sports,North,15,22.5,337.46,10,2022,Tuesday,Q4
2022-10-12,Sports,North,11,30.19,332.08,10,2022,Wednesday,Q4
2022-10-13,Sports,North,26,11.83,307.53,10,2022,Thursday,Q4
2022-10-14,Sports,North,9,32.37,291.37,10,2022,Friday,Q4
2022-10-15,Sports,North,7,55.15,386.04,10,2022,Saturday,Q4
2022-10-16,Sports,North,9,50.75,456.76,10,2022,Sunday,Q4
2022-10-17,Sports,North,8,40.79,326.28,10,2022,Monday,Q4
2022-10-18,Sports,North,20,14.89,297.84,10,2022,Tuesday,Q4
2022-10-19,Sports,North,7,50.93,356.54,10,2022,Wednesday,Q4
2022-10-20,Sports,North,17,19.84,337.36,10,2022,Thursday,Q4
2022-10-21,Sports,North,8,44.61,356.87,10,2022,Friday,Q4
2022-10-22,Sports,North,10,40.96,409.59,10,2022,Saturday,Q4
2022-10-23,Sports,North,16,22.92,366.69,10,2022,Sunday,Q4
2022-10-24,Sports,North,20,17.57,351.44,10,2022,Monday,Q4
2022-10-25,Sports,North,7,45.01,315.1,10,2022,Tuesday,Q4
2022-10-26,Sports,North,6,50.56,303.33,10,2022,Wednesday,Q4
2022-10-27,Sports,North,29,12.48,362.06,10,2022,Thursday,Q4
2022-10-28,Sports,North,6,53.03,318.15,10,2022,Friday,Q4
2022-10-29,Sports,North,15,30.61,459.13,10,2022,Saturday,Q4
2022-10-30,Sports,North,19,22.23,422.42,10,2022,Sunday,Q4
2022-10-31,Sports,North,13,24.5,318.56,10,2022,Monday,Q4
2022-11-01,Sports,North,7,51.01,357.05,11,2022,Tuesday,Q4
2022-11-02,Sports,North,6,53.58,321.49,11,2022,Wednesday,Q4
2022-11-03,Sports,North,9,39.98,359.84,11,2022,Thursday,Q4
2022-11-04,Sports,North,5,54.08,270.4,11,2022,Friday,Q4
2022-11-05,Sports,North,11,37.9,416.95,11,2022,Saturday,Q4
2022-11-06,Sports,North,10,41.81,418.12,11,2022,Sunday,Q4
2022-11-07,Sports,North,12,30.12,361.49,11,2022,Monday,Q4
2022-11-08,Sports,North,9,39.92,359.31,11,2022,Tuesday,Q4
2022-11-09,Sports,North,12,32.36,388.31,11,2022,Wednesday,Q4
2022-11-10,Sports,North,10,29.29,292.85,11,2022,Thursday,Q4
2022-11-11,Sports,North,19,19.0,361.04,11,2022,Friday,Q4
2022-11-12,Sports,North,10,43.23,432.26,11,2022,Saturday,Q4
2022-11-13,Sports,North,17,22.49,382.34,11,2022,Sunday,Q4
2022-11-14,Sports,North,16,22.58,361.31,11,2022,Monday,Q4
2022-11-15,Sports,North,10,39.9,399.04,11,2022,Tuesday,Q4
2022-11-16,Sports,North,25,13.44,336.0,11,2022,Wednesday,Q4
2022-11-17,Sports,North,7,44.65,312.56,11,2022,Thursday,Q4
2022-11-18,Sports,North,20,17.55,350.95,11,2022,Friday,Q4
2022-11-19,Sports,North,15,32.16,482.41,11,2022,Saturday,Q4
2022-11-20,Sports,North,16,30.78,492.41,11,2022,Sunday,Q4
2022-11-21,Sports,North,21,18.45,387.55,11,2022,Monday,Q4
2022-11-22,Sports,North,7,51.78,362.46,11,2022,Tuesday,Q4
2022-11-23,Sports,North,28,13.68,383.04,11,2022,Wednesday,Q4
2022-11-24,Sports,North,9,45.62,410.56,11,2022,Thursday,Q4
2022-11-25,Sports,North,36,10.98,395.16,11,2022,Friday,Q4
2022-11-26,Sports,North,15,30.9,463.49,11,2022,Saturday,Q4
2022-11-27,Sports,North,10,51.55,515.51,11,2022,Sunday,Q4
2022-11-28,Sports,North,8,48.15,385.18,11,2022,Monday,Q4
2022-11-29,Sports,North,28,15.66,438.36,11,2022,Tuesday,Q4
2022-01-01,Sports,South,11,29.44,323.83,1,2022,Saturday,Q1
2022-01-02,Sports,South,9,36.22,325.94,1,2022,Sunday,Q1
2022-01-03,Sports,South,9,27.56,248.01,1,2022,Monday,Q1
2022-01-04,Sports,South,7,34.78,243.48,1,2022,Tuesday,Q1
2022-01-05,Sports,South,14,19.81,277.31,1,2022,Wednesday,Q1
2022-01-06,Sports,South,9,24.47,220.27,1,2022,Thursday,Q1
2022-01-07,Sports,South,9,33.44,301.0,1,2022,Friday,Q1
2022-01-08,Sports,South,26,14.39,374.18,1,2022,Saturday,Q1
2022-01-09,Sports,South,8,45.35,362.77,1,2022,Sunday,Q1
2022-01-10,Sports,South,18,15.1,271.73,1,2022,Monday,Q1
2022-01-11,Sports,South,8,34.89,279.11,1,2022,Tuesday,Q1
2022-01-12,Sports,South,15,21.23,318.45,1,2022,Wednesday,Q1
2022-01-13,Sports,South,5,48.5,242.49,1,2022,Thursday,Q1
2022-01-14,Sports,South,9,29.91,269.18,1,2022,Friday,Q1
2022-01-15,Sports,South,23,16.78,385.89,1,2022,Saturday,Q1
2022-01-16,Sports,South,9,39.36,354.24,1,2022,Sunday,Q1
2022-01-17,Sports,South,6,37.96,227.74,1,2022,Monday,Q1
2022-01-18,Sports,South,7,37.55,262.82,1,2022,Tuesday,Q1
2022-01-19,Sports,South,12,24.79,297.46,1,2022,Wednesday,Q1
2022-01-20,Sports,South,18,14.87,267.71,1,2022,Thursday,Q1
2022-01-21,Sports,South,28,11.02,308.56,1,2022,Friday,Q1
2022-01-22,Sports,South,14,29.87,418.12,1,2022,Saturday,Q1
2022-01-23,Sports,South,12,32.93,395.18,1,2022,Sunday,Q1
2022-01-24,Sports,South,8,44.37,354.97,1,2022,Monday,Q1
2022-01-25,Sports,South,10,33.28,332.77,1,2022,Tuesday,Q1
2022-01-26,Sports,South,8,41.42,331.38,1,2022,Wednesday,Q1
2022-01-27,Sports,South,30,11.0,329.85,1,2022,Thursday,Q1
2022-01-28,Sports,South,31,11.64,360.76,1,2022,Friday,Q1
2022-01-29,Sports,South,29,13.2,382.75,1,2022,Saturday,Q1
2022-01-30,Sports,South,8,52.33,418.61,1,2022,Sunday,Q1
2022-01-31,Sports,South,7,34.62,242.34,1,2022,Monday,Q1
2022-02-01,Sports,South,10,32.76,327.64,2,2022,Tuesday,Q1
2022-02-02,Sports,South,13,26.61,345.91,2,2022,Wednesday,Q1
2022-02-03,Sports,South,7,48.99,342.95,2,2022,Thursday,Q1
2022-02-04,Sports,South,15,21.06,315.92,2,2022,Friday,Q1
2022-02-05,Sports,South,10,37.22,372.19,2,2022,Saturday,Q1
2022-02-06,Sports,South,8,47.63,381.07,2,2022,Sunday,Q1
2022-02-07,Sports,South,13,27.62,359.01,2,2022,Monday,Q1
2022-02-08,Sports,South,13,20.58,267.48,2,2022,Tuesday,Q1
2022-02-09,Sports,South,8,40.87,326.93,2,2022,Wednesday,Q1
2022-02-10,Sports,South,17,19.07,324.12,2,2022,Thursday,Q1
2022-02-11,Sports,South,8,45.34,362.73,2,2022,Friday,Q1
2022-02-12,Sports,South,40,12.75,510.01,2,2022,Saturday,Q1
2022-02-13,Sports,South,8,47.77,382.15,2,2022,Sunday,Q1
2022-02-14,Sports,South,30,12.42,372.6,2,2022,Monday,Q1
2022-02-15,Sports,South,9,44.47,400.24,2,2022,Tuesday,Q1
2022-02-16,Sports,South,7,49.82,348.74,2,2022,Wednesday,Q1
2022-02-17,Sports,South,8,41.87,334.99,2,2022,Thursday,Q1
2022-02-18,Sports,South,14,25.77,360.83,2,2022,Friday,Q1
2022-02-19,Sports,South,11,43.73,481.05,2,2022,Saturday,Q1
2022-02-20,Sports,South,18,23.73,427.14,2,2022,Sunday,Q1
2022-02-21,Sports,South,15,26.43,396.5,2,2022,Monday,Q1
2022-02-22,Sports,South,9,44.31,398.82,2,2022,Tuesday,Q1
2022-02-23,Sports,South,32,11.66,373.05,2,2022,Wednesday,Q1
2022-02-24,Sports,South,23,18.83,433.18,2,2022,Thursday,Q1
2022-02-25,Sports,South,13,28.57,371.43,2,2022,Friday,Q1
2022-02-26,Sports,South,9,49.8,448.24,2,2022,Saturday,Q1
2022-02-27,Sports,South,14,31.69,443.67,2,2022,Sunday,Q1
2022-02-28,Sports,South,27,14.31,386.29,2,2022,Monday,Q1
2022-03-01,Sports,South,8,43.96,351.7,3,2022,Tuesday,Q1
2022-03-02,Sports,South,11,30.35,333.82,3,2022,Wednesday,Q1
2022-03-03,Sports,South,25,17.22,430.44,3,2022,Thursday,Q1
2022-03-04,Sports,South,35,11.25,393.69,3,2022,Friday,Q1
2022-03-05,Sports,South,17,29.09,494.6,3,2022,Saturday,Q1
2022-03-06,Sports,South,11,40.71,447.82,3,2022,Sunday,Q1
2022-03-07,Sports,South,7,50.9,356.3,3,2022,Monday,Q1
2022-03-08,Sports,South,37,10.76,398.26,3,2022,Tuesday,Q1
2022-03-09,Sports,South,17,21.39,363.61,3,2022,Wednesday,Q1
2022-03-10,Sports,South,10,38.25,382.51,3,2022,Thursday,Q1
2022-03-11,Sports,South,8,49.33,394.66,3,2022,Friday,Q1
2022-03-12,Sports,South,22,20.73,456.11,3,2022,Saturday,Q1
2022-03-13,Sports,South,23,19.03,437.63,3,2022,Sunday,Q1
2022-03-14,Sports,South,9,40.32,362.9,3,2022,Monday,Q1
2022-03-15,Sports,South,42,10.37,435.33,3,2022,Tuesday,Q1
2022-03-16,Sports,South,11,32.34,355.7,3,2022,Wednesday,Q1
2022-03-17,Sports,South,12,34.01,408.1,3,2022,Thursday,Q1
2022-03-18,Sports,South,35,12.17,425.87,3,2022,Friday,Q1
2022-03-19,Sports,South,13,35.88,466.42,3,2022,Saturday,Q1
2022-03-20,Sports,South,35,12.62,441.69,3,2022,Sunday,Q1
2022-03-21,Sports,South,10,45.23,452.27,3,2022,Monday,Q1
2022-03-22,Sports,South,19,20.65,392.44,3,2022,Tuesday,Q1
2022-03-23,Sports,South,32,12.17,389.43,3,2022,Wednesday,Q1
2022-03-24,Sports,South,19,23.51,446.77,3,2022,Thursday,Q1
2022-03-25,Sports,South,17,22.7,385.87,3,2022,Friday,Q1
2022-03-26,Sports,South,15,36.0,539.96,3,2022,Saturday,Q1
2022-03-27,Sports,South,10,47.74,477.44,3,2022,Sunday,Q1
2022-03-28,Sports,South,9,46.72,420.49,3,2022,Monday,Q1
2022-03-29,Sports,South,16,25.73,411.66,3,2022,Tuesday,Q1
2022-03-30,Sports,South,15,26.2,393.04,3,2022,Wednesday,Q1
2022-03-31,Sports,South,21,21.87,459.3,3,2022,Thursday,Q1
2022-04-01,Sports,South,9,49.11,441.99,4,2022,Friday,Q2
2022-04-02,Sports,South,21,23.14,485.92,4,2022,Saturday,Q2
2022-04-03,Sports,South,22,22.49,494.67,4,2022,Sunday,Q2
2022-04-04,Sports,South,11,38.34,421.7,4,2022,Monday,Q2
2022-04-05,Sports,South,8,51.22,409.72,4,2022,Tuesday,Q2
2022-04-06,Sports,South,8,50.16,401.28,4,2022,Wednesday,Q2
2022-04-07,Sports,South,12,34.4,412.85,4,2022,Thursday,Q2
2022-04-08,Sports,South,33,10.32,340.67,4,2022,Friday,Q2
2022-04-09,Sports,South,40,12.45,497.83,4,2022,Saturday,Q2
2022-04-10,Sports,South,18,26.79,482.18,4,2022,Sunday,Q2
2022-04-11,Sports,South,27,13.56,366.21,4,2022,Monday,Q2
2022-04-12,Sports,South,8,53.07,424.53,4,2022,Tuesday,Q2
2022-04-13,Sports,South,10,37.73,377.27,4,2022,Wednesday,Q2
2022-04-14,Sports,South,9,47.42,426.74,4,2022,Thursday,Q2
2022-04-15,Sports,South,15,28.87,433.11,4,2022,Friday,Q2
2022-04-16,Sports,South,9,53.31,479.77,4,2022,Saturday,Q2
2022-04-17,Sports,South,10,46.74,467.45,4,2022,Sunday,Q2
2022-04-18,Sports,South,17,24.33,413.58,4,2022,Monday,Q2
2022-04-19,Sports,South,13,34.47,448.06,4,2022,Tuesday,Q2
2022-04-20,Sports,South,10,39.38,393.8,4,2022,Wednesday,Q2
2022-04-21,Sports,South,11,33.98,373.74,4,2022,Thursday,Q2
2022-04-22,Sports,South,11,39.95,439.5,4,2022,Friday,Q2
2022-04-23,Sports,South,16,30.89,494.21,4,2022,Saturday,Q2
2022-04-24,Sports,South,15,30.79,461.84,4,2022,Sunday,Q2
2022-04-25,Sports,South,29,11.59,335.99,4,2022,Monday,Q2
2022-04-26,Sports,South,30,12.71,381.16,4,2022,Tuesday,Q2
2022-04-27,Sports,South,8,46.11,368.9,4,2022,Wednesday,Q2
2022-04-28,Sports,South,37,10.5,388.33,4,2022,Thursday,Q2
2022-04-29,Sports,South,19,21.36,405.86,4,2022,Friday,Q2
2022-04-30,Sports,South,14,33.88,474.27,4,2022,Saturday,Q2
2022-05-01,Sports,South,10,45.38,453.85,5,2022,Sunday,Q2
2022-05-02,Sports,South,10,41.25,412.54,5,2022,Monday,Q2
2022-05-03,Sports,South,29,13.28,385.22,5,2022,Tuesday,Q2
2022-05-04,Sports,South,27,15.37,415.1,5,2022,Wednesday,Q2
2022-05-05,Sports,South,22,18.03,396.59,5,2022,Thursday,Q2
2022-05-06,Sports,South,10,41.87,418.72,5,2022,Friday,Q2
2022-05-07,Sports,South,33,14.25,470.16,5,2022,Saturday,Q2
2022-05-08,Sports,South,10,43.82,438.19,5,2022,Sunday,Q2
2022-05-09,Sports,South,7,53.75,376.25,5,2022,Monday,Q2
2022-05-10,Sports,South,11,36.58,402.42,5,2022,Tuesday,Q2
2022-05-11,Sports,South,8,35.66,285.3,5,2022,Wednesday,Q2
2022-05-12,Sports,South,8,42.44,339.48,5,2022,Thursday,Q2
2022-05-13,Sports,South,27,13.64,368.34,5,2022,Friday,Q2
2022-05-14,Sports,South,15,30.85,462.71,5,2022,Saturday,Q2
2022-05-15,Sports,South,16,30.14,482.21,5,2022,Sunday,Q2
2022-05-16,Sports,South,9,39.66,356.97,5,2022,Monday,Q2
2022-05-17,Sports,South,7,49.54,346.75,5,2022,Tuesday,Q2
2022-05-18,Sports,South,8,50.26,402.06,5,2022,Wednesday,Q2
2022-05-19,Sports,South,8,49.72,397.8,5,2022,Thursday,Q2
2022-05-20,Sports,South,10,39.48,394.75,5,2022,Friday,Q2
2022-05-21,Sports,South,20,25.35,507.04,5,2022,Saturday,Q2
2022-05-22,Sports,South,23,17.23,396.32,5,2022,Sunday,Q2
2022-05-23,Sports,South,13,26.05,338.7,5,2022,Monday,Q2
2022-05-24,Sports,South,16,25.04,400.57,5,2022,Tuesday,Q2
2022-05-25,Sports,South,8,43.38,347.02,5,2022,Wednesday,Q2
2022-05-26,Sports,South,8,43.24,345.9,5,2022,Thursday,Q2
2022-05-27,Sports,South,18,20.62,371.14,5,2022,Friday,Q2
2022-05-28,Sports,South,13,35.18,457.37,5,2022,Saturday,Q2
2022-05-29,Sports,South,19,23.17,440.15,5,2022,Sunday,Q2
2022-05-30,Sports,South,27,13.85,374.07,5,2022,Monday,Q2
2022-05-31,Sports,South,16,21.73,347.74,5,2022,Tuesday,Q2
2022-06-01,Sports,South,11,32.27,354.93,6,2022,Wednesday,Q2
2022-06-02,Sports,South,13,28.08,365.05,6,2022,Thursday,Q2
2022-06-03,Sports,South,6,52.02,312.09,6,2022,Friday,Q2
2022-06-04,Sports,South,11,39.91,439.06,6,2022,Saturday,Q2
2022-06-05,Sports,South,16,26.41,422.62,6,2022,Sunday,Q2
2022-06-06,Sports,South,31,10.99,340.71,6,2022,Monday,Q2
2022-06-07,Sports,South,27,13.54,365.46,6,2022,Tuesday,Q2
2022-06-08,Sports,South,8,39.25,314.01,6,2022,Wednesday,Q2
2022-06-09,Sports,South,7,40.99,286.93,6,2022,Thursday,Q2
2022-06-10,Sports,South,5,57.98,289.9,6,2022,Friday,Q2
2022-06-11,Sports,South,27,14.23,384.18,6,2022,Saturday,Q2
2022-06-12,Sports,South,8,42.35,338.81,6,2022,Sunday,Q2
2022-06-13,Sports,South,12,25.77,309.22,6,2022,Monday,Q2
2022-06-14,Sports,South,9,29.65,266.81,6,2022,Tuesday,Q2
2022-06-15,Sports,South,11,28.17,309.92,6,2022,Wednesday,Q2
2022-06-16,Sports,South,8,33.88,271.04,6,2022,Thursday,Q2
2022-06-17,Sports,South,24,12.34,296.16,6,2022,Friday,Q2
2022-06-18,Sports,South,8,46.77,374.17,6,2022,Saturday,Q2
2022-06-19,Sports,South,10,37.4,373.98,6,2022,Sunday,Q2
2022-06-20,Sports,South,10,30.97,309.67,6,2022,Monday,Q2
2022-06-21,Sports,South,6,48.02,288.14,6,2022,Tuesday,Q2
2022-06-22,Sports,South,12,23.67,284.07,6,2022,Wednesday,Q2
2022-06-23,Sports,South,5,52.43,262.17,6,2022,Thursday,Q2
2022-06-24,Sports,South,23,10.66,245.1,6,2022,Friday,Q2
2022-06-25,Sports,South,32,12.02,384.58,6,2022,Saturday,Q2
2022-06-26,Sports,South,31,11.86,367.8,6,2022,Sunday,Q2
2022-06-27,Sports,South,6,50.71,304.29,6,2022,Monday,Q2
2022-06-28,Sports,South,23,11.5,264.52,6,2022,Tuesday,Q2
2022-06-29,Sports,South,15,17.84,267.57,6,2022,Wednesday,Q2
2022-06-30,Sports,South,12,21.66,259.92,6,2022,Thursday,Q2
2022-07-01,Sports,South,5,49.3,246.5,7,2022,Friday,Q3
2022-07-02,Sports,South,18,15.39,276.98,7,2022,Saturday,Q3
2022-07-03,Sports,South,12,28.3,339.61,7,2022,Sunday,Q3
2022-07-04,Sports,South,4,52.67,210.66,7,2022,Monday,Q3
2022-07-05,Sports,South,9,28.7,258.29,7,2022,Tuesday,Q3
2022-07-06,Sports,South,15,12.41,186.21,7,2022,Wednesday,Q3
2022-07-07,Sports,South,12,24.27,291.25,7,2022,Thursday,Q3
2022-07-08,Sports,South,4,55.45,221.8,7,2022,Friday,Q3
2022-07-09,Sports,South,25,14.24,356.05,7,2022,Saturday,Q3
2022-07-10,Sports,South,9,34.64,311.77,7,2022,Sunday,Q3
2022-07-11,Sports,South,7,29.7,207.92,7,2022,Monday,Q3
2022-07-12,Sports,South,12,18.74,224.89,7,2022,Tuesday,Q3
2022-07-13,Sports,South,5,40.64,203.19,7,2022,Wednesday,Q3
2022-07-14,Sports,South,5,52.51,262.57,7,2022,Thursday,Q3
2022-07-15,Sports,South,10,24.63,246.28,7,2022,Friday,Q3
2022-07-16,Sports,South,10,24.42,244.2,7,2022,Saturday,Q3
2022-07-17,Sports,South,10,31.24,312.44,7,2022,Sunday,Q3
2022-07-18,Sports,South,5,45.97,229.84,7,2022,Monday,Q3
2022-07-19,Sports,South,8,30.18,241.4,7,2022,Tuesday,Q3
2022-07-20,Sports,South,6,35.28,211.7,7,2022,Wednesday,Q3
2022-07-21,Sports,South,6,34.82,208.92,7,2022,Thursday,Q3
2022-07-22,Sports,South,5,42.04,210.21,7,2022,Friday,Q3
2022-07-23,Sports,South,20,13.63,272.58,7,2022,Saturday,Q3
2022-07-24,Sports,South,7,39.54,276.77,7,2022,Sunday,Q3
2022-07-25,Sports,South,7,24.58,172.04,7,2022,Monday,Q3
2022-07-26,Sports,South,7,24.05,168.36,7,2022,Tuesday,Q3
2022-07-27,Sports,South,9,19.19,172.72,7,2022,Wednesday,Q3
2022-07-28,Sports,South,17,10.99,186.89,7,2022,Thursday,Q3
2022-07-29,Sports,South,12,12.64,151.62,7,2022,Friday,Q3
2022-07-30,Sports,South,8,31.85,254.82,7,2022,Saturday,Q3
2022-07-31,Sports,South,8,35.76,286.11,7,2022,Sunday,Q3
2022-08-01,Sports,South,8,16.72,133.78,8,2022,Monday,Q3
2022-08-02,Sports,South,4,41.99,167.97,8,2022,Tuesday,Q3
2022-08-03,Sports,South,5,34.05,170.24,8,2022,Wednesday,Q3
2022-08-04,Sports,South,3,23.64,70.93,8,2022,Thursday,Q3
2022-08-05,Sports,South,3,50.18,150.53,8,2022,Friday,Q3
2022-08-06,Sports,South,5,46.1,230.49,8,2022,Saturday,Q3
2022-08-07,Sports,South,7,36.36,254.52,8,2022,Sunday,Q3
2022-08-08,Sports,South,4,44.81,179.22,8,2022,Monday,Q3
2022-08-09,Sports,South,5,37.01,185.04,8,2022,Tuesday,Q3
2022-08-10,Sports,South,3,50.09,150.26,8,2022,Wednesday,Q3
2022-08-11,Sports,South,10,16.91,169.05,8,2022,Thursday,Q3
2022-08-12,Sports,South,5,30.29,151.46,8,2022,Friday,Q3
2022-08-13,Sports,South,6,40.04,240.26,8,2022,Saturday,Q3
2022-08-14,Sports,South,12,20.08,240.93,8,2022,Sunday,Q3
2022-08-15,Sports,South,13,14.4,187.18,8,2022,Monday,Q3
2022-08-16,Sports,South,3,63.46,190.39,8,2022,Tuesday,Q3
2022-08-17,Sports,South,11,18.98,208.73,8,2022,Wednesday,Q3
2022-08-18,Sports,South,2,64.25,128.49,8,2022,Thursday,Q3
2022-08-19,Sports,South,7,24.22,169.56,8,2022,Friday,Q3
2022-08-20,Sports,South,6,36.11,216.66,8,2022,Saturday,Q3
2022-08-21,Sports,South,6,23.12,138.72,8,2022,Sunday,Q3
2022-08-22,Sports,South,5,26.13,130.63,8,2022,Monday,Q3
2022-08-23,Sports,South,2,63.04,126.07,8,2022,Tuesday,Q3
2022-08-24,Sports,South,10,14.12,141.19,8,2022,Wednesday,Q3
2022-08-25,Sports,South,12,13.59,163.06,8,2022,Thursday,Q3
2022-08-26,Sports,South,10,18.55,185.5,8,2022,Friday,Q3
2022-08-27,Sports,South,10,19.28,192.8,8,2022,Saturday,Q3
2022-08-28,Sports,South,14,12.55,175.7,8,2022,Sunday,Q3
2022-08-29,Sports,South,2,52.8,105.6,8,2022,Monday,Q3
2022-08-30,Sports,South,9,14.32,128.9,8,2022,Tuesday,Q3
2022-08-31,Sports,South,3,24.51,73.52,8,2022,Wednesday,Q3
2022-09-01,Sports,South,5,28.24,141.21,9,2022,Thursday,Q3
2022-09-02,Sports,South,6,24.53,147.2,9,2022,Friday,Q3
2022-09-03,Sports,South,4,56.31,225.26,9,2022,Saturday,Q3
2022-09-04,Sports,South,5,37.32,186.62,9,2022,Sunday,Q3
2022-09-05,Sports,South,3,35.79,107.38,9,2022,Monday,Q3
2022-09-06,Sports,South,4,32.47,129.87,9,2022,Tuesday,Q3
2022-09-07,Sports,South,6,23.92,143.51,9,2022,Wednesday,Q3
2022-09-08,Sports,South,2,61.2,122.39,9,2022,Thursday,Q3
2022-09-09,Sports,South,6,27.95,167.73,9,2022,Friday,Q3
2022-09-10,Sports,South,6,27.9,167.4,9,2022,Saturday,Q3
2022-09-11,Sports,South,3,52.23,156.7,9,2022,Sunday,Q3
