data/sales_data.csv
Date,Product_Category,Region,Units_Sold,Unit_Price,Total_Sales,Month,Year,Day_of_Week,Quarter
2022-09-12,Sports,South,2,34.97,69.93,9,2022,Monday,Q3
2022-09-13,Sports,South,3,36.66,109.99,9,2022,Tuesday,Q3
2022-09-14,Sports,South,2,62.98,125.96,9,2022,Wednesday,Q3
2022-09-15,Sports,South,10,13.01,130.08,9,2022,Thursday,Q3
2022-09-16,Sports,South,11,11.43,125.78,9,2022,Friday,Q3
2022-09-17,Sports,South,9,27.49,247.45,9,2022,Saturday,Q3
2022-09-18,Sports,South,6,34.73,208.35,9,2022,Sunday,Q3
2022-09-19,Sports,South,3,34.64,103.92,9,2022,Monday,Q3
2022-09-20,Sports,South,11,11.36,124.93,9,2022,Tuesday,Q3
2022-09-21,Sports,South,15,10.71,160.69,9,2022,Wednesday,Q3
2022-09-22,Sports,South,2,59.17,118.34,9,2022,Thursday,Q3
2022-09-23,Sports,South,4,28.34,113.36,9,2022,Friday,Q3
2022-09-24,Sports,South,7,30.88,216.13,9,2022,Saturday,Q3
2022-09-25,Sports,South,8,22.51,180.05,9,2022,Sunday,Q3
2022-09-26,Sports,South,9,11.39,102.48,9,2022,Monday,Q3
2022-09-27,Sports,South,5,31.9,159.5,9,2022,Tuesday,Q3
2022-09-28,Sports,South,5,21.29,106.45,9,2022,Wednesday,Q3
2022-09-29,Sports,South,4,28.35,113.41,9,2022,Thursday,Q3
2022-09-30,Sports,South,6,15.87,95.22,9,2022,Friday,Q3
2022-10-01,Sports,South,9,47.23,425.05,10,2022,Saturday,Q4
2022-10-02,Sports,South,8,50.47,403.79,10,2022,Sunday,Q4
2022-10-03,Sports,South,10,30.01,300.09,10,2022,Monday,Q4
2022-10-04,Sports,South,8,46.96,375.66,10,2022,Tuesday,Q4
2022-10-05,Sports,South,8,38.27,306.14,10,2022,Wednesday,Q4
2022-10-06,Sports,South,7,41.83,292.84,10,2022,Thursday,Q4
2022-10-07,Sports,South,8,41.62,332.93,10,2022,Friday,Q4
2022-10-08,Sports,South,22,19.12,420.71,10,2022,Saturday,Q4
2022-10-09,Sports,South,9,44.65,401.85,10,2022,Sunday,Q4
2022-10-10,Sports,South,13,24.71,321.27,10,2022,Monday,Q4
2022-10-11,Sports,South,21,12.77,268.25,10,2022,Tuesday,Q4
2022-10-12,Sports,South,18,19.63,353.37,10,2022,Wednesday,Q4
2022-10-13,Sports,South,7,47.79,334.54,10,2022,Thursday,Q4
2022-10-14,Sports,South,15,19.0,285.06,10,2022,Friday,Q4
2022-10-15,Sports,South,36,10.97,395.1,10,2022,Saturday,Q4
2022-10-16,Sports,South,8,46.28,370.22,10,2022,Sunday,Q4
2022-10-17,Sports,South,12,26.52,318.27,10,2022,Monday,Q4
2022-10-18,Sports,South,8,39.29,314.35,10,2022,Tuesday,Q4
2022-10-19,Sports,South,10,32.77,327.7,10,2022,Wednesday,Q4
2022-10-20,Sports,South,8,41.08,328.68,10,2022,Thursday,Q4
2022-10-21,Sports,South,25,12.65,316.3,10,2022,Friday,Q4
2022-10-22,Sports,South,18,24.09,433.61,10,2022,Saturday,Q4
2022-10-23,Sports,South,10,36.18,361.76,10,2022,Sunday,Q4
2022-10-24,Sports,South,7,48.04,336.3,10,2022,Monday,Q4
2022-10-25,Sports,South,10,34.12,341.17,10,2022,Tuesday,Q4
2022-10-26,Sports,South,27,13.8,372.48,10,2022,Wednesday,Q4
2022-10-27,Sports,South,7,46.76,327.35,10,2022,Thursday,Q4
2022-10-28,Sports,South,6,47.81,286.86,10,2022,Friday,Q4
2022-10-29,Sports,South,15,29.36,440.43,10,2022,Saturday,Q4
2022-10-30,Sports,South,9,46.11,415.03,10,2022,Sunday,Q4
2022-10-31,Sports,South,13,24.4,317.2,10,2022,Monday,Q4
2022-11-01,Sports,South,7,50.67,354.68,11,2022,Tuesday,Q4
2022-11-02,Sports,South,12,26.41,316.87,11,2022,Wednesday,Q4
2022-11-03,Sports,South,8,41.1,328.79,11,2022,Thursday,Q4
2022-11-04,Sports,South,30,11.66,349.66,11,2022,Friday,Q4
2022-11-05,Sports,South,16,24.98,399.76,11,2022,Saturday,Q4
2022-11-06,Sports,South,10,48.89,488.85,11,2022,Sunday,Q4
2022-11-07,Sports,South,7,47.49,332.4,11,2022,Monday,Q4
2022-11-08,Sports,South,7,49.79,348.55,11,2022,Tuesday,Q4
2022-11-09,Sports,South,11,29.04,319.39,11,2022,Wednesday,Q4
2022-11-10,Sports,South,8,50.44,403.56,11,2022,Thursday,Q4
2022-11-11,Sports,South,7,47.75,334.28,11,2022,Friday,Q4
2022-11-12,Sports,South,11,35.7,392.68,11,2022,Saturday,Q4
2022-11-13,Sports,South,24,16.61,398.59,11,2022,Sunday,Q4
2022-11-14,Sports,South,23,16.42,377.57,11,2022,Monday,Q4
2022-11-15,Sports,South,29,11.77,341.47,11,2022,Tuesday,Q4
2022-11-16,Sports,South,10,34.03,340.3,11,2022,Wednesday,Q4
2022-11-17,Sports,South,11,29.7,326.69,11,2022,Thursday,Q4
2022-11-18,Sports,South,8,50.95,407.6,11,2022,Friday,Q4
2022-11-19,Sports,South,10,47.87,478.7,11,2022,Saturday,Q4
2022-11-20,Sports,South,9,46.71,420.43,11,2022,Sunday,Q4
2022-11-21,Sports,South,18,22.41,403.38,11,2022,Monday,Q4
2022-11-22,Sports,South,11,36.37,400.03,11,2022,Tuesday,Q4
2022-11-23,Sports,South,9,47.27,425.39,11,2022,Wednesday,Q4
2022-11-24,Sports,South,10,29.31,293.14,11,2022,Thursday,Q4
2022-11-25,Sports,South,8,52.5,419.96,11,2022,Friday,Q4
2022-11-26,Sports,South,23,21.13,485.98,11,2022,Saturday,Q4
2022-11-27,Sports,South,14,29.92,418.9,11,2022,Sunday,Q4
2022-11-28,Sports,South,9,44.02,396.16,11,2022,Monday,Q4
2022-11-29,Sports,South,10,38.23,382.27,11,2022,Tuesday,Q4
2022-01-01,Sports,East,29,11.45,332.18,1,2022,Saturday,Q1
2022-01-02,Sports,East,14,22.92,320.84,1,2022,Sunday,Q1
2022-01-03,Sports,East,25,10.67,266.73,1,2022,Monday,Q1
2022-01-04,Sports,East,5,42.79,213.95,1,2022,Tuesday,Q1
2022-01-05,Sports,East,10,23.39,233.85,1,2022,Wednesday,Q1
2022-01-06,Sports,East,5,54.43,272.14,1,2022,Thursday,Q1
2022-01-07,Sports,East,7,35.27,246.87,1,2022,Friday,Q1
2022-01-08,Sports,East,14,18.12,253.7,1,2022,Saturday,Q1
2022-01-09,Sports,East,8,41.08,328.68,1,2022,Sunday,Q1
2022-01-10,Sports,East,8,36.07,288.53,1,2022,Monday,Q1
2022-01-11,Sports,East,7,39.92,279.47,1,2022,Tuesday,Q1
2022-01-12,Sports,East,6,46.91,281.47,1,2022,Wednesday,Q1
2022-01-13,Sports,East,8,29.1,232.79,1,2022,Thursday,Q1
2022-01-14,Sports,East,8,30.12,241.0,1,2022,Friday,Q1
2022-01-15,Sports,East,20,17.47,349.48,1,2022,Saturday,Q1
2022-01-16,Sports,East,13,29.8,387.44,1,2022,Sunday,Q1
2022-01-17,Sports,East,16,15.61,249.71,1,2022,Monday,Q1
2022-01-18,Sports,East,7,42.84,299.87,1,2022,Tuesday,Q1
2022-01-19,Sports,East,33,10.74,354.56,1,2022,Wednesday,Q1
2022-01-20,Sports,East,7,40.83,285.84,1,2022,Thursday,Q1
2022-01-21,Sports,East,8,39.16,313.29,1,2022,Friday,Q1
2022-01-22,Sports,East,10,40.13,401.31,1,2022,Saturday,Q1
2022-01-23,Sports,East,7,50.93,356.52,1,2022,Sunday,Q1
2022-01-24,Sports,East,12,24.9,298.77,1,2022,Monday,Q1
2022-01-25,Sports,East,26,13.85,360.2,1,2022,Tuesday,Q1
2022-01-26,Sports,East,21,17.03,357.63,1,2022,Wednesday,Q1
2022-01-27,Sports,East,9,40.61,365.5,1,2022,Thursday,Q1
2022-01-28,Sports,East,7,46.68,326.78,1,2022,Friday,Q1
2022-01-29,Sports,East,11,33.92,373.16,1,2022,Saturday,Q1
2022-01-30,Sports,East,22,18.48,406.66,1,2022,Sunday,Q1
2022-01-31,Sports,East,6,52.82,316.93,1,2022,Monday,Q1
2022-02-01,Sports,East,12,29.8,357.55,2,2022,Tuesday,Q1
2022-02-02,Sports,East,8,46.0,367.98,2,2022,Wednesday,Q1
2022-02-03,Sports,East,10,31.19,311.9,2,2022,Thursday,Q1
2022-02-04,Sports,East,8,40.98,327.86,2,2022,Friday,Q1
2022-02-05,Sports,East,15,23.94,359.06,2,2022,Saturday,Q1
2022-02-06,Sports,East,14,26.14,365.92,2,2022,Sunday,Q1
2022-02-07,Sports,East,12,28.75,345.06,2,2022,Monday,Q1
2022-02-08,Sports,East,10,32.88,328.82,2,2022,Tuesday,Q1
2022-02-09,Sports,East,26,12.93,336.31,2,2022,Wednesday,Q1
2022-02-10,Sports,East,11,28.9,317.95,2,2022,Thursday,Q1
2022-02-11,Sports,East,33,10.52,347.14,2,2022,Friday,Q1
2022-02-12,Sports,East,14,34.25,479.53,2,2022,Saturday,Q1
2022-02-13,Sports,East,9,46.8,421.23,2,2022,Sunday,Q1
2022-02-14,Sports,East,7,44.32,310.24,2,2022,Monday,Q1
2022-02-15,Sports,East,20,16.98,339.62,2,2022,Tuesday,Q1
2022-02-16,Sports,East,12,27.68,332.19,2,2022,Wednesday,Q1
2022-02-17,Sports,East,16,24.95,399.18,2,2022,Thursday,Q1
2022-02-18,Sports,East,8,43.55,348.39,2,2022,Friday,Q1
2022-02-19,Sports,East,30,13.95,418.38,2,2022,Saturday,Q1
2022-02-20,Sports,East,11,36.88,405.72,2,2022,Sunday,Q1
2022-02-21,Sports,East,20,15.25,305.04,2,2022,Monday,Q1
2022-02-22,Sports,East,9,45.89,413.02,2,2022,Tuesday,Q1
2022-02-23,Sports,East,22,16.83,370.2,2,2022,Wednesday,Q1
2022-02-24,Sports,East,12,30.04,360.47,2,2022,Thursday,Q1
2022-02-25,Sports,East,11,35.8,393.78,2,2022,Friday,Q1
2022-02-26,Sports,East,30,13.36,400.67,2,2022,Saturday,Q1
2022-02-27,Sports,East,12,36.51,438.1,2,2022,Sunday,Q1
2022-02-28,Sports,East,33,12.09,398.85,2,2022,Monday,Q1
2022-03-01,Sports,East,12,31.24,374.91,3,2022,Tuesday,Q1
2022-03-02,Sports,East,7,54.82,383.75,3,2022,Wednesday,Q1
2022-03-03,Sports,East,28,12.2,341.72,3,2022,Thursday,Q1
2022-03-04,Sports,East,30,14.96,448.7,3,2022,Friday,Q1
2022-03-05,Sports,East,12,35.28,423.41,3,2022,Saturday,Q1
2022-03-06,Sports,East,18,25.23,454.21,3,2022,Sunday,Q1
2022-03-07,Sports,East,10,40.25,402.49,3,2022,Monday,Q1
2022-03-08,Sports,East,11,34.49,379.34,3,2022,Tuesday,Q1
2022-03-09,Sports,East,18,21.61,388.99,3,2022,Wednesday,Q1
2022-03-10,Sports,East,28,13.99,391.82,3,2022,Thursday,Q1
2022-03-11,Sports,East,20,21.29,425.71,3,2022,Friday,Q1
2022-03-12,Sports,East,23,24.48,562.95,3,2022,Saturday,Q1
2022-03-13,Sports,East,27,20.3,548.19,3,2022,Sunday,Q1
2022-03-14,Sports,East,9,44.96,404.68,3,2022,Monday,Q1
2022-03-15,Sports,East,14,29.76,416.63,3,2022,Tuesday,Q1
2022-03-16,Sports,East,8,46.33,370.64,3,2022,Wednesday,Q1
2022-03-17,Sports,East,9,46.81,421.31,3,2022,Thursday,Q1
2022-03-18,Sports,East,12,38.16,457.93,3,2022,Friday,Q1
2022-03-19,Sports,East,10,44.6,446.05,3,2022,Saturday,Q1
2022-03-20,Sports,East,31,16.08,498.43,3,2022,Sunday,Q1
2022-03-21,Sports,East,16,26.86,429.69,3,2022,Monday,Q1
2022-03-22,Sports,East,10,41.77,417.72,3,2022,Tuesday,Q1
2022-03-23,Sports,East,11,35.01,385.06,3,2022,Wednesday,Q1
2022-03-24,Sports,East,13,29.57,384.47,3,2022,Thursday,Q1
2022-03-25,Sports,East,10,34.56,345.62,3,2022,Friday,Q1
2022-03-26,Sports,East,20,24.9,497.91,3,2022,Saturday,Q1
2022-03-27,Sports,East,19,24.53,466.04,3,2022,Sunday,Q1
2022-03-28,Sports,East,16,27.49,439.91,3,2022,Monday,Q1
2022-03-29,Sports,East,26,16.75,435.58,3,2022,Tuesday,Q1
2022-03-30,Sports,East,11,33.38,367.16,3,2022,Wednesday,Q1
2022-03-31,Sports,East,17,27.82,472.86,3,2022,Thursday,Q1
2022-04-01,Sports,East,37,10.59,391.96,4,2022,Friday,Q2
2022-04-02,Sports,East,21,24.02,504.5,4,2022,Saturday,Q2
2022-04-03,Sports,East,14,38.2,534.82,4,2022,Sunday,Q2
2022-04-04,Sports,East,9,40.39,363.51,4,2022,Monday,Q2
2022-04-05,Sports,East,25,16.66,416.4,4,2022,Tuesday,Q2
2022-04-06,Sports,East,12,34.78,417.33,4,2022,Wednesday,Q2
2022-04-07,Sports,East,21,19.44,408.3,4,2022,Thursday,Q2
2022-04-08,Sports,East,16,27.4,438.45,4,2022,Friday,Q2
2022-04-09,Sports,East,17,27.04,459.7,4,2022,Saturday,Q2
2022-04-10,Sports,East,22,22.44,493.65,4,2022,Sunday,Q2
2022-04-11,Sports,East,21,19.29,405.03,4,2022,Monday,Q2
2022-04-12,Sports,East,10,37.29,372.91,4,2022,Tuesday,Q2
2022-04-13,Sports,East,11,36.57,402.26,4,2022,Wednesday,Q2
2022-04-14,Sports,East,17,25.77,438.1,4,2022,Thursday,Q2
2022-04-15,Sports,East,13,32.83,426.76,4,2022,Friday,Q2
2022-04-16,Sports,East,14,32.58,456.05,4,2022,Saturday,Q2
2022-04-17,Sports,East,11,43.64,480.06,4,2022,Sunday,Q2
2022-04-18,Sports,East,17,25.31,430.24,4,2022,Monday,Q2
2022-04-19,Sports,East,21,16.99,356.75,4,2022,Tuesday,Q2
2022-04-20,Sports,East,18,24.79,446.15,4,2022,Wednesday,Q2
2022-04-21,Sports,East,8,47.38,379.0,4,2022,Thursday,Q2
2022-04-22,Sports,East,14,31.21,436.96,4,2022,Friday,Q2
2022-04-23,Sports,East,38,11.73,445.66,4,2022,Saturday,Q2
2022-04-24,Sports,East,13,36.24,471.16,4,2022,Sunday,Q2
2022-04-25,Sports,East,9,48.07,432.67,4,2022,Monday,Q2
2022-04-26,Sports,East,23,16.74,385.06,4,2022,Tuesday,Q2
2022-04-27,Sports,East,12,33.92,407.1,4,2022,Wednesday,Q2
2022-04-28,Sports,East,14,28.72,402.1,4,2022,Thursday,Q2
2022-04-29,Sports,East,11,40.44,444.81,4,2022,Friday,Q2
2022-04-30,Sports,East,12,39.58,474.97,4,2022,Saturday,Q2
2022-05-01,Sports,East,27,15.64,422.23,5,2022,Sunday,Q2
2022-05-02,Sports,East,11,36.91,405.96,5,2022,Monday,Q2
2022-05-03,Sports,East,10,33.2,331.98,5,2022,Tuesday,Q2
2022-05-04,Sports,East,32,11.85,379.18,5,2022,Wednesday,Q2
2022-05-05,Sports,East,33,12.07,398.15,5,2022,Thursday,Q2
2022-05-06,Sports,East,33,12.29,405.58,5,2022,Friday,Q2
2022-05-07,Sports,East,28,17.12,479.49,5,2022,Saturday,Q2
2022-05-08,Sports,East,12,37.56,450.76,5,2022,Sunday,Q2
2022-05-09,Sports,East,17,21.06,357.94,5,2022,Monday,Q2
2022-05-10,Sports,East,24,14.23,341.53,5,2022,Tuesday,Q2
2022-05-11,Sports,East,9,34.69,312.21,5,2022,Wednesday,Q2
2022-05-12,Sports,East,11,35.63,391.92,5,2022,Thursday,Q2
2022-05-13,Sports,East,8,43.91,351.25,5,2022,Friday,Q2
2022-05-14,Sports,East,32,15.5,495.96,5,2022,Saturday,Q2
2022-05-15,Sports,East,17,26.74,454.51,5,2022,Sunday,Q2
2022-05-16,Sports,East,25,15.33,383.23,5,2022,Monday,Q2
2022-05-17,Sports,East,11,31.43,345.78,5,2022,Tuesday,Q2
2022-05-18,Sports,East,16,20.95,335.27,5,2022,Wednesday,Q2
2022-05-19,Sports,East,10,40.89,408.93,5,2022,Thursday,Q2
2022-05-20,Sports,East,8,45.87,366.97,5,2022,Friday,Q2
2022-05-21,Sports,East,15,28.79,431.83,5,2022,Saturday,Q2
2022-05-22,Sports,East,12,39.33,472.0,5,2022,Sunday,Q2
2022-05-23,Sports,East,13,26.26,341.36,5,2022,Monday,Q2
2022-05-24,Sports,East,7,53.73,376.12,5,2022,Tuesday,Q2
2022-05-25,Sports,East,7,50.28,351.93,5,2022,Wednesday,Q2
2022-05-26,Sports,East,8,41.29,330.31,5,2022,Thursday,Q2
2022-05-27,Sports,East,11,31.62,347.85,5,2022,Friday,Q2
2022-05-28,Sports,East,10,41.82,418.23,5,2022,Saturday,Q2
2022-05-29,Sports,East,11,34.1,375.07,5,2022,Sunday,Q2
2022-05-30,Sports,East,6,52.89,317.36,5,2022,Monday,Q2
2022-05-31,Sports,East,6,54.17,325.02,5,2022,Tuesday,Q2
2022-06-01,Sports,East,19,18.47,351.0,6,2022,Wednesday,Q2
2022-06-02,Sports,East,7,44.96,314.74,6,2022,Thursday,Q2
2022-06-03,Sports,East,6,47.97,287.83,6,2022,Friday,Q2
2022-06-04,Sports,East,13,31.43,408.57,6,2022,Saturday,Q2
2022-06-05,Sports,East,19,20.08,381.45,6,2022,Sunday,Q2
2022-06-06,Sports,East,7,45.66,319.64,6,2022,Monday,Q2
2022-06-07,Sports,East,12,24.72,296.64,6,2022,Tuesday,Q2
2022-06-08,Sports,East,6,48.77,292.61,6,2022,Wednesday,Q2
2022-06-09,Sports,East,16,19.68,314.83,6,2022,Thursday,Q2
2022-06-10,Sports,East,29,10.66,309.11,6,2022,Friday,Q2
2022-06-11,Sports,East,12,33.94,407.27,6,2022,Saturday,Q2
2022-06-12,Sports,East,23,17.76,408.44,6,2022,Sunday,Q2
2022-06-13,Sports,East,21,18.39,386.21,6,2022,Monday,Q2
2022-06-14,Sports,East,11,29.49,324.34,6,2022,Tuesday,Q2
2022-06-15,Sports,East,7,45.78,320.45,6,2022,Wednesday,Q2
2022-06-16,Sports,East,10,31.72,317.23,6,2022,Thursday,Q2
2022-06-17,Sports,East,6,45.65,273.91,6,2022,Friday,Q2
2022-06-18,Sports,East,26,14.96,389.08,6,2022,Saturday,Q2
2022-06-19,Sports,East,11,28.32,311.51,6,2022,Sunday,Q2
2022-06-20,Sports,East,7,41.91,293.4,6,2022,Monday,Q2
2022-06-21,Sports,East,6,48.75,292.51,6,2022,Tuesday,Q2
2022-06-22,Sports,East,6,52.62,315.72,6,2022,Wednesday,Q2
2022-06-23,Sports,East,8,34.46,275.66,6,2022,Thursday,Q2
2022-06-24,Sports,East,9,38.53,346.77,6,2022,Friday,Q2
2022-06-25,Sports,East,22,15.13,332.82,6,2022,Saturday,Q2
2022-06-26,Sports,East,22,15.55,342.11,6,2022,Sunday,Q2
2022-06-27,Sports,East,5,42.41,212.04,6,2022,Monday,Q2
2022-06-28,Sports,East,5,52.72,263.62,6,2022,Tuesday,Q2
2022-06-29,Sports,East,7,46.73,327.14,6,2022,Wednesday,Q2
2022-06-30,Sports,East,7,39.12,273.81,6,2022,Thursday,Q2
2022-07-01,Sports,East,4,48.19,192.76,7,2022,Friday,Q3
2022-07-02,Sports,East,19,18.89,358.9,7,2022,Saturday,Q3
2022-07-03,Sports,East,13,24.99,324.83,7,2022,Sunday,Q3
2022-07-04,Sports,East,6,41.58,249.5,7,2022,Monday,Q3
2022-07-05,Sports,East,8,36.79,294.31,7,2022,Tuesday,Q3
2022-07-06,Sports,East,6,43.15,258.9,7,2022,Wednesday,Q3
2022-07-07,Sports,East,5,54.03,270.16,7,2022,Thursday,Q3
2022-07-08,Sports,East,25,10.27,256.85,7,2022,Friday,Q3
2022-07-09,Sports,East,11,26.25,288.79,7,2022,Saturday,Q3
2022-07-10,Sports,East,8,31.74,253.91,7,2022,Sunday,Q3
2022-07-11,Sports,East,5,41.84,209.21,7,2022,Monday,Q3
2022-07-12,Sports,East,14,20.63,288.77,7,2022,Tuesday,Q3
2022-07-13,Sports,East,8,27.64,221.12,7,2022,Wednesday,Q3
2022-07-14,Sports,East,7,37.11,259.74,7,2022,Thursday,Q3
2022-07-15,Sports,East,7,25.89,181.25,7,2022,Friday,Q3
2022-07-16,Sports,East,11,26.77,294.44,7,2022,Saturday,Q3
2022-07-17,Sports,East,12,28.25,339.01,7,2022,Sunday,Q3
2022-07-18,Sports,East,7,31.74,222.16,7,2022,Monday,Q3
2022-07-19,Sports,East,7,24.52,171.63,7,2022,Tuesday,Q3
2022-07-20,Sports,East,4,53.43,213.73,7,2022,Wednesday,Q3
2022-07-21,Sports,East,6,31.39,188.37,7,2022,Thursday,Q3
2022-07-22,Sports,East,3,51.98,155.95,7,2022,Friday,Q3
2022-07-23,Sports,East,13,20.02,260.28,7,2022,Saturday,Q3
2022-07-24,Sports,East,5,50.38,251.9,7,2022,Sunday,Q3
2022-07-25,Sports,East,5,41.59,207.93,7,2022,Monday,Q3
2022-07-26,Sports,East,5,34.38,171.88,7,2022,Tuesday,Q3
2022-07-27,Sports,East,4,46.78,187.12,7,2022,Wednesday,Q3
2022-07-28,Sports,East,4,40.07,160.3,7,2022,Thursday,Q3
2022-07-29,Sports,East,5,31.33,156.63,7,2022,Friday,Q3
2022-07-30,Sports,East,3,62.2,186.61,7,2022,Saturday,Q3
2022-07-31,Sports,East,10,25.17,251.74,7,2022,Sunday,Q3
2022-08-01,Sports,East,7,24.95,174.66,8,2022,Monday,Q3
2022-08-02,Sports,East,8,24.05,192.41,8,2022,Tuesday,Q3
2022-08-03,Sports,East,3,39.68,119.04,8,2022,Wednesday,Q3
2022-08-04,Sports,East,4,48.74,194.95,8,2022,Thursday,Q3
2022-08-05,Sports,East,3,62.28,186.84,8,2022,Friday,Q3
2022-08-06,Sports,East,5,55.34,276.68,8,2022,Saturday,Q3
2022-08-07,Sports,East,19,13.21,251.0,8,2022,Sunday,Q3
2022-08-08,Sports,East,10,16.89,168.94,8,2022,Monday,Q3
2022-08-09,Sports,East,7,18.03,126.22,8,2022,Tuesday,Q3
2022-08-10,Sports,East,5,25.31,126.53,8,2022,Wednesday,Q3
2022-08-11,Sports,East,4,43.55,174.2,8,2022,Thursday,Q3
2022-08-12,Sports,East,7,19.92,139.47,8,2022,Friday,Q3
2022-08-13,Sports,East,18,12.21,219.77,8,2022,Saturday,Q3
2022-08-14,Sports,East,6,37.78,226.69,8,2022,Sunday,Q3
2022-08-15,Sports,East,3,64.08,192.24,8,2022,Monday,Q3
2022-08-16,Sports,East,3,27.88,83.63,8,2022,Tuesday,Q3
2022-08-17,Sports,East,3,42.16,126.49,8,2022,Wednesday,Q3
2022-08-18,Sports,East,4,34.47,137.89,8,2022,Thursday,Q3
2022-08-19,Sports,East,5,27.02,135.12,8,2022,Friday,Q3
2022-08-20,Sports,East,8,27.05,216.37,8,2022,Saturday,Q3
2022-08-21,Sports,East,10,23.16,231.57,8,2022,Sunday,Q3
2022-08-22,Sports,East,4,49.91,199.65,8,2022,Monday,Q3
2022-08-23,Sports,East,2,52.07,104.14,8,2022,Tuesday,Q3
