data/sales_data.csv
Date,Product_Category,Region,Units_Sold,Unit_Price,Total_Sales,Month,Year,Day_of_Week,Quarter
2022-08-24,Sports,East,5,29.87,149.34,8,2022,Wednesday,Q3
2022-08-25,Sports,East,2,72.78,145.56,8,2022,Thursday,Q3
2022-08-26,Sports,East,8,19.21,153.71,8,2022,Friday,Q3
2022-08-27,Sports,East,4,54.51,218.04,8,2022,Saturday,Q3
2022-08-28,Sports,East,19,11.49,218.38,8,2022,Sunday,Q3
2022-08-29,Sports,East,5,13.51,67.54,8,2022,Monday,Q3
2022-08-30,Sports,East,3,44.51,133.54,8,2022,Tuesday,Q3
2022-08-31,Sports,East,3,46.68,140.04,8,2022,Wednesday,Q3
2022-09-01,Sports,East,3,64.17,192.51,9,2022,Thursday,Q3
2022-09-02,Sports,East,8,18.69,149.53,9,2022,Friday,Q3
2022-09-03,Sports,East,5,45.52,227.61,9,2022,Saturday,Q3
2022-09-04,Sports,East,3,48.16,144.48,9,2022,Sunday,Q3
2022-09-05,Sports,East,5,18.88,94.4,9,2022,Monday,Q3
2022-09-06,Sports,East,9,15.55,139.95,9,2022,Tuesday,Q3
2022-09-07,Sports,East,6,15.92,95.51,9,2022,Wednesday,Q3
2022-09-08,Sports,East,3,31.4,94.2,9,2022,Thursday,Q3
2022-09-09,Sports,East,5,20.63,103.17,9,2022,Friday,Q3
2022-09-10,Sports,East,11,19.2,211.22,9,2022,Saturday,Q3
2022-09-11,Sports,East,18,10.86,195.44,9,2022,Sunday,Q3
2022-09-12,Sports,East,4,29.05,116.2,9,2022,Monday,Q3
2022-09-13,Sports,East,3,56.03,168.09,9,2022,Tuesday,Q3
2022-09-14,Sports,East,2,55.07,110.14,9,2022,Wednesday,Q3
2022-09-15,Sports,East,4,28.91,115.65,9,2022,Thursday,Q3
2022-09-16,Sports,East,4,22.68,90.7,9,2022,Friday,Q3
2022-09-17,Sports,East,10,20.37,203.7,9,2022,Saturday,Q3
2022-09-18,Sports,East,5,35.29,176.43,9,2022,Sunday,Q3
2022-09-19,Sports,East,1,72.74,72.74,9,2022,Monday,Q3
2022-09-20,Sports,East,3,52.79,158.38,9,2022,Tuesday,Q3
2022-09-21,Sports,East,6,20.06,120.36,9,2022,Wednesday,Q3
2022-09-22,Sports,East,2,42.78,85.56,9,2022,Thursday,Q3
2022-09-23,Sports,East,10,13.07,130.69,9,2022,Friday,Q3
2022-09-24,Sports,East,12,15.52,186.28,9,2022,Saturday,Q3
2022-09-25,Sports,East,10,15.54,155.4,9,2022,Sunday,Q3
2022-09-26,Sports,East,3,34.21,102.62,9,2022,Monday,Q3
2022-09-27,Sports,East,1,70.96,70.96,9,2022,Tuesday,Q3
2022-09-28,Sports,East,8,15.2,121.6,9,2022,Wednesday,Q3
2022-09-29,Sports,East,3,47.75,143.25,9,2022,Thursday,Q3
2022-09-30,Sports,East,2,58.35,116.7,9,2022,Friday,Q3
2022-10-01,Sports,East,15,25.99,389.85,10,2022,Saturday,Q4
2022-10-02,Sports,East,9,44.35,399.14,10,2022,Sunday,Q4
2022-10-03,Sports,East,15,17.55,263.22,10,2022,Monday,Q4
2022-10-04,Sports,East,13,25.38,329.96,10,2022,Tuesday,Q4
2022-10-05,Sports,East,11,31.12,342.29,10,2022,Wednesday,Q4
2022-10-06,Sports,East,12,26.99,323.87,10,2022,Thursday,Q4
2022-10-07,Sports,East,9,40.56,365.05,10,2022,Friday,Q4
2022-10-08,Sports,East,11,38.17,419.86,10,2022,Saturday,Q4
2022-10-09,Sports,East,18,19.02,342.4,10,2022,Sunday,Q4
2022-10-10,Sports,East,19,17.85,339.1,10,2022,Monday,Q4
2022-10-11,Sports,East,20,16.53,330.66,10,2022,Tuesday,Q4
2022-10-12,Sports,East,10,32.55,325.5,10,2022,Wednesday,Q4
2022-10-13,Sports,East,9,36.19,325.75,10,2022,Thursday,Q4
2022-10-14,Sports,East,10,35.3,353.03,10,2022,Friday,Q4
2022-10-15,Sports,East,37,10.66,394.39,10,2022,Saturday,Q4
2022-10-16,Sports,East,26,17.54,456.17,10,2022,Sunday,Q4
2022-10-17,Sports,East,18,16.91,304.45,10,2022,Monday,Q4
2022-10-18,Sports,East,8,40.67,325.37,10,2022,Tuesday,Q4
2022-10-19,Sports,East,28,10.35,289.77,10,2022,Wednesday,Q4
2022-10-20,Sports,East,19,16.45,312.55,10,2022,Thursday,Q4
2022-10-21,Sports,East,8,35.44,283.54,10,2022,Friday,Q4
2022-10-22,Sports,East,9,39.76,357.82,10,2022,Saturday,Q4
2022-10-23,Sports,East,9,45.98,413.84,10,2022,Sunday,Q4
2022-10-24,Sports,East,27,11.79,318.27,10,2022,Monday,Q4
2022-10-25,Sports,East,33,11.02,363.68,10,2022,Tuesday,Q4
2022-10-26,Sports,East,19,19.57,371.87,10,2022,Wednesday,Q4
2022-10-27,Sports,East,10,35.05,350.55,10,2022,Thursday,Q4
2022-10-28,Sports,East,8,32.81,262.46,10,2022,Friday,Q4
2022-10-29,Sports,East,12,36.36,436.28,10,2022,Saturday,Q4
2022-10-30,Sports,East,9,44.05,396.46,10,2022,Sunday,Q4
2022-10-31,Sports,East,6,51.69,310.15,10,2022,Monday,Q4
2022-11-01,Sports,East,9,42.11,378.96,11,2022,Tuesday,Q4
2022-11-02,Sports,East,9,32.74,294.69,11,2022,Wednesday,Q4
2022-11-03,Sports,East,9,35.54,319.86,11,2022,Thursday,Q4
2022-11-04,Sports,East,7,46.93,328.49,11,2022,Friday,Q4
2022-11-05,Sports,East,9,48.76,438.82,11,2022,Saturday,Q4
2022-11-06,Sports,East,15,31.14,467.05,11,2022,Sunday,Q4
2022-11-07,Sports,East,8,43.99,351.92,11,2022,Monday,Q4
2022-11-08,Sports,East,17,22.28,378.73,11,2022,Tuesday,Q4
2022-11-09,Sports,East,11,37.88,416.63,11,2022,Wednesday,Q4
2022-11-10,Sports,East,14,26.96,377.44,11,2022,Thursday,Q4
2022-11-11,Sports,East,11,31.74,349.13,11,2022,Friday,Q4
2022-11-12,Sports,East,11,40.19,442.13,11,2022,Saturday,Q4
2022-11-13,Sports,East,19,22.45,426.47,11,2022,Sunday,Q4
2022-11-14,Sports,East,8,45.97,367.78,11,2022,Monday,Q4
2022-11-15,Sports,East,6,55.55,333.31,11,2022,Tuesday,Q4
2022-11-16,Sports,East,27,13.33,359.89,11,2022,Wednesday,Q4
2022-11-17,Sports,East,30,12.47,374.08,11,2022,Thursday,Q4
2022-11-18,Sports,East,16,25.0,400.02,11,2022,Friday,Q4
2022-11-19,Sports,East,10,42.68,426.8,11,2022,Saturday,Q4
2022-11-20,Sports,East,25,19.37,484.14,11,2022,Sunday,Q4
2022-11-21,Sports,East,19,19.03,361.66,11,2022,Monday,Q4
2022-11-22,Sports,East,25,14.54,363.51,11,2022,Tuesday,Q4
2022-11-23,Sports,East,8,38.91,311.31,11,2022,Wednesday,Q4
2022-11-24,Sports,East,13,27.69,359.99,11,2022,Thursday,Q4
2022-11-25,Sports,East,10,36.43,364.28,11,2022,Friday,Q4
2022-11-26,Sports,East,30,15.31,459.34,11,2022,Saturday,Q4
2022-11-27,Sports,East,38,11.8,448.25,11,2022,Sunday,Q4
2022-11-28,Sports,East,24,18.42,442.11,11,2022,Monday,Q4
2022-11-29,Sports,East,35,10.78,377.39,11,2022,Tuesday,Q4
2022-01-01,Sports,West,6,50.14,300.85,1,2022,Saturday,Q1
2022-01-02,Sports,West,14,23.55,329.64,1,2022,Sunday,Q1
2022-01-03,Sports,West,8,33.21,265.67,1,2022,Monday,Q1
2022-01-04,Sports,West,15,17.5,262.53,1,2022,Tuesday,Q1
2022-01-05,Sports,West,7,40.96,286.71,1,2022,Wednesday,Q1
2022-01-06,Sports,West,6,38.06,228.34,1,2022,Thursday,Q1
2022-01-07,Sports,West,21,13.75,288.72,1,2022,Friday,Q1
2022-01-08,Sports,West,11,29.11,320.21,1,2022,Saturday,Q1
2022-01-09,Sports,West,7,48.11,336.74,1,2022,Sunday,Q1
2022-01-10,Sports,West,18,14.4,259.23,1,2022,Monday,Q1
2022-01-11,Sports,West,7,41.95,293.67,1,2022,Tuesday,Q1
2022-01-12,Sports,West,5,56.55,282.73,1,2022,Wednesday,Q1
2022-01-13,Sports,West,5,56.44,282.22,1,2022,Thursday,Q1
2022-01-14,Sports,West,8,40.93,327.46,1,2022,Friday,Q1
2022-01-15,Sports,West,16,22.15,354.39,1,2022,Saturday,Q1
2022-01-16,Sports,West,15,27.65,414.79,1,2022,Sunday,Q1
2022-01-17,Sports,West,7,46.91,328.38,1,2022,Monday,Q1
2022-01-18,Sports,West,6,53.06,318.36,1,2022,Tuesday,Q1
2022-01-19,Sports,West,9,36.99,332.89,1,2022,Wednesday,Q1
2022-01-20,Sports,West,16,19.77,316.26,1,2022,Thursday,Q1
2022-01-21,Sports,West,12,21.06,252.75,1,2022,Friday,Q1
2022-01-22,Sports,West,21,18.67,392.05,1,2022,Saturday,Q1
2022-01-23,Sports,West,8,52.57,420.54,1,2022,Sunday,Q1
2022-01-24,Sports,West,14,21.64,302.92,1,2022,Monday,Q1
2022-01-25,Sports,West,8,45.96,367.66,1,2022,Tuesday,Q1
2022-01-26,Sports,West,7,47.95,335.63,1,2022,Wednesday,Q1
2022-01-27,Sports,West,11,28.78,316.56,1,2022,Thursday,Q1
2022-01-28,Sports,West,11,31.1,342.15,1,2022,Friday,Q1
2022-01-29,Sports,West,10,39.48,394.78,1,2022,Saturday,Q1
2022-01-30,Sports,West,10,40.91,409.12,1,2022,Sunday,Q1
2022-01-31,Sports,West,14,21.02,294.21,1,2022,Monday,Q1
2022-02-01,Sports,West,11,30.95,340.46,2,2022,Tuesday,Q1
2022-02-02,Sports,West,7,42.21,295.47,2,2022,Wednesday,Q1
2022-02-03,Sports,West,16,20.38,326.1,2,2022,Thursday,Q1
2022-02-04,Sports,West,27,13.86,374.14,2,2022,Friday,Q1
2022-02-05,Sports,West,11,39.1,430.09,2,2022,Saturday,Q1
2022-02-06,Sports,West,15,29.08,436.25,2,2022,Sunday,Q1
2022-02-07,Sports,West,19,14.94,283.86,2,2022,Monday,Q1
2022-02-08,Sports,West,19,18.79,356.96,2,2022,Tuesday,Q1
2022-02-09,Sports,West,33,10.69,352.81,2,2022,Wednesday,Q1
2022-02-10,Sports,West,8,36.29,290.3,2,2022,Thursday,Q1
2022-02-11,Sports,West,15,20.97,314.57,2,2022,Friday,Q1
2022-02-12,Sports,West,14,35.25,493.45,2,2022,Saturday,Q1
2022-02-13,Sports,West,8,48.42,387.37,2,2022,Sunday,Q1
2022-02-14,Sports,West,6,56.87,341.25,2,2022,Monday,Q1
2022-02-15,Sports,West,14,23.93,335.02,2,2022,Tuesday,Q1
2022-02-16,Sports,West,10,37.36,373.55,2,2022,Wednesday,Q1
2022-02-17,Sports,West,9,45.37,408.3,2,2022,Thursday,Q1
2022-02-18,Sports,West,7,51.68,361.73,2,2022,Friday,Q1
2022-02-19,Sports,West,9,50.37,453.35,2,2022,Saturday,Q1
2022-02-20,Sports,West,20,22.27,445.42,2,2022,Sunday,Q1
2022-02-21,Sports,West,13,26.77,348.02,2,2022,Monday,Q1
2022-02-22,Sports,West,8,45.47,363.74,2,2022,Tuesday,Q1
2022-02-23,Sports,West,33,10.96,361.75,2,2022,Wednesday,Q1
2022-02-24,Sports,West,11,33.75,371.25,2,2022,Thursday,Q1
2022-02-25,Sports,West,6,47.96,287.76,2,2022,Friday,Q1
2022-02-26,Sports,West,15,30.92,463.87,2,2022,Saturday,Q1
2022-02-27,Sports,West,36,12.41,446.66,2,2022,Sunday,Q1
2022-02-28,Sports,West,17,24.5,416.49,2,2022,Monday,Q1
2022-03-01,Sports,West,13,27.07,351.93,3,2022,Tuesday,Q1
2022-03-02,Sports,West,29,13.45,390.04,3,2022,Wednesday,Q1
2022-03-03,Sports,West,8,47.05,376.43,3,2022,Thursday,Q1
2022-03-04,Sports,West,17,22.25,378.3,3,2022,Friday,Q1
2022-03-05,Sports,West,26,17.95,466.58,3,2022,Saturday,Q1
2022-03-06,Sports,West,10,48.2,482.01,3,2022,Sunday,Q1
2022-03-07,Sports,West,12,34.39,412.67,3,2022,Monday,Q1
2022-03-08,Sports,West,18,21.93,394.72,3,2022,Tuesday,Q1
2022-03-09,Sports,West,16,21.75,348.01,3,2022,Wednesday,Q1
2022-03-10,Sports,West,9,43.03,387.3,3,2022,Thursday,Q1
2022-03-11,Sports,West,18,25.8,464.44,3,2022,Friday,Q1
2022-03-12,Sports,West,21,24.37,511.82,3,2022,Saturday,Q1
2022-03-13,Sports,West,39,12.52,488.38,3,2022,Sunday,Q1
2022-03-14,Sports,West,10,44.9,449.02,3,2022,Monday,Q1
2022-03-15,Sports,West,35,10.37,362.95,3,2022,Tuesday,Q1
2022-03-16,Sports,West,12,36.95,443.45,3,2022,Wednesday,Q1
2022-03-17,Sports,West,8,52.12,416.99,3,2022,Thursday,Q1
2022-03-18,Sports,West,15,25.61,384.14,3,2022,Friday,Q1
2022-03-19,Sports,West,10,49.86,498.65,3,2022,Saturday,Q1
2022-03-20,Sports,West,19,24.41,463.85,3,2022,Sunday,Q1
2022-03-21,Sports,West,16,24.38,390.15,3,2022,Monday,Q1
2022-03-22,Sports,West,27,16.24,438.54,3,2022,Tuesday,Q1
2022-03-23,Sports,West,19,21.69,412.04,3,2022,Wednesday,Q1
2022-03-24,Sports,West,19,20.83,395.7,3,2022,Thursday,Q1
2022-03-25,Sports,West,14,28.64,400.92,3,2022,Friday,Q1
2022-03-26,Sports,West,10,43.69,436.91,3,2022,Saturday,Q1
2022-03-27,Sports,West,15,32.69,490.36,3,2022,Sunday,Q1
2022-03-28,Sports,West,16,25.51,408.11,3,2022,Monday,Q1
2022-03-29,Sports,West,23,19.73,453.78,3,2022,Tuesday,Q1
2022-03-30,Sports,West,9,45.29,407.57,3,2022,Wednesday,Q1
2022-03-31,Sports,West,14,27.56,385.89,3,2022,Thursday,Q1
2022-04-01,Sports,West,25,13.75,343.72,4,2022,Friday,Q2
2022-04-02,Sports,West,35,15.51,542.77,4,2022,Saturday,Q2
2022-04-03,Sports,West,20,22.81,456.17,4,2022,Sunday,Q2
2022-04-04,Sports,West,12,33.33,400.01,4,2022,Monday,Q2
2022-04-05,Sports,West,14,29.17,408.32,4,2022,Tuesday,Q2
2022-04-06,Sports,West,6,54.71,328.28,4,2022,Wednesday,Q2
2022-04-07,Sports,West,12,37.64,451.72,4,2022,Thursday,Q2
2022-04-08,Sports,West,15,29.7,445.43,4,2022,Friday,Q2
2022-04-09,Sports,West,15,33.09,496.3,4,2022,Saturday,Q2
2022-04-10,Sports,West,54,10.34,558.6,4,2022,Sunday,Q2
2022-04-11,Sports,West,17,21.42,364.09,4,2022,Monday,Q2
2022-04-12,Sports,West,10,39.4,393.96,4,2022,Tuesday,Q2
2022-04-13,Sports,West,11,30.86,339.45,4,2022,Wednesday,Q2
2022-04-14,Sports,West,9,48.14,433.27,4,2022,Thursday,Q2
2022-04-15,Sports,West,16,23.51,376.17,4,2022,Friday,Q2
2022-04-16,Sports,West,10,50.51,505.14,4,2022,Saturday,Q2
2022-04-17,Sports,West,9,52.23,470.05,4,2022,Sunday,Q2
2022-04-18,Sports,West,22,16.2,356.47,4,2022,Monday,Q2
2022-04-19,Sports,West,8,50.4,403.18,4,2022,Tuesday,Q2
2022-04-20,Sports,West,10,38.8,388.04,4,2022,Wednesday,Q2
2022-04-21,Sports,West,13,25.02,325.21,4,2022,Thursday,Q2
2022-04-22,Sports,West,14,31.81,445.3,4,2022,Friday,Q2
2022-04-23,Sports,West,39,12.34,481.17,4,2022,Saturday,Q2
2022-04-24,Sports,West,36,13.5,486.09,4,2022,Sunday,Q2
2022-04-25,Sports,West,28,13.81,386.61,4,2022,Monday,Q2
2022-04-26,Sports,West,13,25.82,335.64,4,2022,Tuesday,Q2
2022-04-27,Sports,West,30,12.57,376.98,4,2022,Wednesday,Q2
2022-04-28,Sports,West,12,33.18,398.13,4,2022,Thursday,Q2
2022-04-29,Sports,West,7,53.52,374.66,4,2022,Friday,Q2
2022-04-30,Sports,West,20,24.95,499.02,4,2022,Saturday,Q2
2022-05-01,Sports,West,9,51.17,460.5,5,2022,Sunday,Q2
2022-05-02,Sports,West,7,50.13,350.91,5,2022,Monday,Q2
2022-05-03,Sports,West,23,15.99,367.87,5,2022,Tuesday,Q2
2022-05-04,Sports,West,16,25.52,408.34,5,2022,Wednesday,Q2
2022-05-05,Sports,West,9,44.67,402.0,5,2022,Thursday,Q2
2022-05-06,Sports,West,9,43.96,395.63,5,2022,Friday,Q2
2022-05-07,Sports,West,9,51.86,466.75,5,2022,Saturday,Q2
2022-05-08,Sports,West,17,28.25,480.31,5,2022,Sunday,Q2
2022-05-09,Sports,West,8,45.86,366.85,5,2022,Monday,Q2
2022-05-10,Sports,West,34,10.78,366.69,5,2022,Tuesday,Q2
2022-05-11,Sports,West,6,47.96,287.76,5,2022,Wednesday,Q2
2022-05-12,Sports,West,8,50.54,404.31,5,2022,Thursday,Q2
2022-05-13,Sports,West,8,48.41,387.28,5,2022,Friday,Q2
2022-05-14,Sports,West,13,33.79,439.28,5,2022,Saturday,Q2
2022-05-15,Sports,West,19,23.94,454.88,5,2022,Sunday,Q2
2022-05-16,Sports,West,20,17.8,356.02,5,2022,Monday,Q2
2022-05-17,Sports,West,12,31.42,377.02,5,2022,Tuesday,Q2
2022-05-18,Sports,West,8,46.89,375.1,5,2022,Wednesday,Q2
2022-05-19,Sports,West,10,36.82,368.17,5,2022,Thursday,Q2
2022-05-20,Sports,West,11,28.68,315.48,5,2022,Friday,Q2
2022-05-21,Sports,West,37,12.22,452.28,5,2022,Saturday,Q2
2022-05-22,Sports,West,18,24.1,433.79,5,2022,Sunday,Q2
2022-05-23,Sports,West,6,51.86,311.18,5,2022,Monday,Q2
2022-05-24,Sports,West,15,21.05,315.79,5,2022,Tuesday,Q2
2022-05-25,Sports,West,9,38.93,350.38,5,2022,Wednesday,Q2
2022-05-26,Sports,West,7,48.7,340.9,5,2022,Thursday,Q2
2022-05-27,Sports,West,10,36.65,366.49,5,2022,Friday,Q2
2022-05-28,Sports,West,9,44.0,396.02,5,2022,Saturday,Q2
2022-05-29,Sports,West,29,13.15,381.3,5,2022,Sunday,Q2
2022-05-30,Sports,West,7,47.04,329.25,5,2022,Monday,Q2
2022-05-31,Sports,West,31,12.42,385.16,5,2022,Tuesday,Q2
2022-06-01,Sports,West,17,18.59,316.02,6,2022,Wednesday,Q2
2022-06-02,Sports,West,15,20.99,314.83,6,2022,Thursday,Q2
2022-06-03,Sports,West,31,12.3,381.37,6,2022,Friday,Q2
2022-06-04,Sports,West,15,27.15,407.19,6,2022,Saturday,Q2
2022-06-05,Sports,West,9,42.66,383.98,6,2022,Sunday,Q2
2022-06-06,Sports,West,8,34.75,278.02,6,2022,Monday,Q2
2022-06-07,Sports,West,9,36.75,330.73,6,2022,Tuesday,Q2
2022-06-08,Sports,West,21,15.62,327.94,6,2022,Wednesday,Q2
2022-06-09,Sports,West,10,27.02,270.25,6,2022,Thursday,Q2
2022-06-10,Sports,West,11,30.06,330.64,6,2022,Friday,Q2
2022-06-11,Sports,West,35,12.35,432.25,6,2022,Saturday,Q2
2022-06-12,Sports,West,11,32.95,362.43,6,2022,Sunday,Q2
2022-06-13,Sports,West,6,49.7,298.2,6,2022,Monday,Q2
2022-06-14,Sports,West,9,31.82,286.35,6,2022,Tuesday,Q2
2022-06-15,Sports,West,5,51.05,255.27,6,2022,Wednesday,Q2
2022-06-16,Sports,West,6,44.15,264.88,6,2022,Thursday,Q2
2022-06-17,Sports,West,8,39.96,319.69,6,2022,Friday,Q2
2022-06-18,Sports,West,7,54.59,382.14,6,2022,Saturday,Q2
2022-06-19,Sports,West,17,20.76,352.86,6,2022,Sunday,Q2
2022-06-20,Sports,West,12,23.32,279.81,6,2022,Monday,Q2
2022-06-21,Sports,West,14,18.86,263.97,6,2022,Tuesday,Q2
2022-06-22,Sports,West,8,33.24,265.89,6,2022,Wednesday,Q2
2022-06-23,Sports,West,21,13.98,293.67,6,2022,Thursday,Q2
2022-06-24,Sports,West,13,25.7,334.04,6,2022,Friday,Q2
2022-06-25,Sports,West,13,28.18,366.31,6,2022,Saturday,Q2
2022-06-26,Sports,West,13,28.86,375.24,6,2022,Sunday,Q2
2022-06-27,Sports,West,14,21.42,299.81,6,2022,Monday,Q2
2022-06-28,Sports,West,6,43.83,262.98,6,2022,Tuesday,Q2
2022-06-29,Sports,West,4,55.56,222.25,6,2022,Wednesday,Q2
2022-06-30,Sports,West,9,26.94,242.47,6,2022,Thursday,Q2
2022-07-01,Sports,West,10,27.04,270.42,7,2022,Friday,Q3
2022-07-02,Sports,West,14,29.48,412.76,7,2022,Saturday,Q3
2022-07-03,Sports,West,6,55.5,333.03,7,2022,Sunday,Q3
2022-07-04,Sports,West,8,35.76,286.11,7,2022,Monday,Q3
2022-07-05,Sports,West,9,25.73,231.55,7,2022,Tuesday,Q3
2022-07-06,Sports,West,18,16.19,291.36,7,2022,Wednesday,Q3
2022-07-07,Sports,West,11,20.57,226.26,7,2022,Thursday,Q3
2022-07-08,Sports,West,6,36.93,221.56,7,2022,Friday,Q3
2022-07-09,Sports,West,10,37.37,373.66,7,2022,Saturday,Q3
2022-07-10,Sports,West,9,36.67,330.04,7,2022,Sunday,Q3
2022-07-11,Sports,West,12,19.28,231.33,7,2022,Monday,Q3
2022-07-12,Sports,West,19,10.9,207.11,7,2022,Tuesday,Q3
2022-07-13,Sports,West,3,60.44,181.33,7,2022,Wednesday,Q3
2022-07-14,Sports,West,6,31.52,189.09,7,2022,Thursday,Q3
2022-07-15,Sports,West,7,29.31,205.15,7,2022,Friday,Q3
2022-07-16,Sports,West,15,18.84,282.6,7,2022,Saturday,Q3
2022-07-17,Sports,West,9,33.55,301.96,7,2022,Sunday,Q3
2022-07-18,Sports,West,15,11.07,166.09,7,2022,Monday,Q3
2022-07-19,Sports,West,7,35.88,251.18,7,2022,Tuesday,Q3
2022-07-20,Sports,West,7,33.11,231.78,7,2022,Wednesday,Q3
2022-07-21,Sports,West,5,41.43,207.16,7,2022,Thursday,Q3
2022-07-22,Sports,West,6,35.49,212.96,7,2022,Friday,Q3
2022-07-23,Sports,West,6,44.43,266.6,7,2022,Saturday,Q3
2022-07-24,Sports,West,9,31.28,281.53,7,2022,Sunday,Q3
2022-07-25,Sports,West,5,28.56,142.82,7,2022,Monday,Q3
2022-07-26,Sports,West,17,14.2,241.48,7,2022,Tuesday,Q3
2022-07-27,Sports,West,5,41.21,206.03,7,2022,Wednesday,Q3
2022-07-28,Sports,West,10,22.52,225.2,7,2022,Thursday,Q3
2022-07-29,Sports,West,4,39.38,157.51,7,2022,Friday,Q3
2022-07-30,Sports,West,14,18.89,264.44,7,2022,Saturday,Q3
2022-07-31,Sports,West,8,29.42,235.34,7,2022,Sunday,Q3
2022-08-01,Sports,West,3,49.55,148.66,8,2022,Monday,Q3
2022-08-02,Sports,West,8,20.16,161.3,8,2022,Tuesday,Q3
2022-08-03,Sports,West,16,11.49,183.77,8,2022,Wednesday,Q3
2022-08-04,Sports,West,5,30.96,154.8,8,2022,Thursday,Q3
2022-08-05,Sports,West,8,17.11,136.87,8,2022,Friday,Q3
