data/sales_data.csv
Date,Product_Category,Region,Units_Sold,Unit_Price,Total_Sales,Month,Year,Day_of_Week,Quarter
2022-08-06,Sports,West,9,32.95,296.54,8,2022,Saturday,Q3
2022-08-07,Sports,West,8,35.82,286.57,8,2022,Sunday,Q3
2022-08-08,Sports,West,5,32.82,164.08,8,2022,Monday,Q3
2022-08-09,Sports,West,6,24.9,149.42,8,2022,Tuesday,Q3
2022-08-10,Sports,West,6,25.36,152.17,8,2022,Wednesday,Q3
2022-08-11,Sports,West,3,40.08,120.25,8,2022,Thursday,Q3
2022-08-12,Sports,West,11,16.81,184.93,8,2022,Friday,Q3
2022-08-13,Sports,West,29,10.6,307.29,8,2022,Saturday,Q3
2022-08-14,Sports,West,7,40.6,284.19,8,2022,Sunday,Q3
2022-08-15,Sports,West,9,20.56,185.08,8,2022,Monday,Q3
2022-08-16,Sports,West,4,33.79,135.14,8,2022,Tuesday,Q3
2022-08-17,Sports,West,8,21.48,171.87,8,2022,Wednesday,Q3
2022-08-18,Sports,West,5,37.13,185.65,8,2022,Thursday,Q3
2022-08-19,Sports,West,4,39.38,157.51,8,2022,Friday,Q3
2022-08-20,Sports,West,8,24.62,196.97,8,2022,Saturday,Q3
2022-08-21,Sports,West,7,28.04,196.3,8,2022,Sunday,Q3
2022-08-22,Sports,West,6,32.44,194.66,8,2022,Monday,Q3
2022-08-23,Sports,West,2,65.39,130.78,8,2022,Tuesday,Q3
2022-08-24,Sports,West,3,59.09,177.27,8,2022,Wednesday,Q3
2022-08-25,Sports,West,5,29.34,146.68,8,2022,Thursday,Q3
2022-08-26,Sports,West,3,40.68,122.05,8,2022,Friday,Q3
2022-08-27,Sports,West,6,39.25,235.49,8,2022,Saturday,Q3
2022-08-28,Sports,West,5,54.87,274.35,8,2022,Sunday,Q3
2022-08-29,Sports,West,4,37.04,148.14,8,2022,Monday,Q3
2022-08-30,Sports,West,4,26.14,104.56,8,2022,Tuesday,Q3
2022-08-31,Sports,West,5,19.77,98.87,8,2022,Wednesday,Q3
2022-09-01,Sports,West,6,22.63,135.81,9,2022,Thursday,Q3
2022-09-02,Sports,West,3,44.86,134.59,9,2022,Friday,Q3
2022-09-03,Sports,West,8,24.72,197.78,9,2022,Saturday,Q3
2022-09-04,Sports,West,4,48.8,195.21,9,2022,Sunday,Q3
2022-09-05,Sports,West,3,45.64,136.92,9,2022,Monday,Q3
2022-09-06,Sports,West,4,40.99,163.97,9,2022,Tuesday,Q3
2022-09-07,Sports,West,5,25.92,129.62,9,2022,Wednesday,Q3
2022-09-08,Sports,West,3,63.69,191.08,9,2022,Thursday,Q3
2022-09-09,Sports,West,4,40.7,162.8,9,2022,Friday,Q3
2022-09-10,Sports,West,7,33.79,236.51,9,2022,Saturday,Q3
2022-09-11,Sports,West,5,45.63,228.14,9,2022,Sunday,Q3
2022-09-12,Sports,West,3,43.17,129.52,9,2022,Monday,Q3
2022-09-13,Sports,West,9,15.73,141.57,9,2022,Tuesday,Q3
2022-09-14,Sports,West,2,52.55,105.11,9,2022,Wednesday,Q3
2022-09-15,Sports,West,6,27.77,166.64,9,2022,Thursday,Q3
2022-09-16,Sports,West,2,52.65,105.31,9,2022,Friday,Q3
2022-09-17,Sports,West,8,22.86,182.87,9,2022,Saturday,Q3
2022-09-18,Sports,West,10,20.67,206.69,9,2022,Sunday,Q3
2022-09-19,Sports,West,5,25.39,126.97,9,2022,Monday,Q3
2022-09-20,Sports,West,6,26.35,158.07,9,2022,Tuesday,Q3
2022-09-21,Sports,West,2,68.16,136.31,9,2022,Wednesday,Q3
2022-09-22,Sports,West,3,32.18,96.53,9,2022,Thursday,Q3
2022-09-23,Sports,West,1,77.1,77.1,9,2022,Friday,Q3
2022-09-24,Sports,West,7,33.43,233.99,9,2022,Saturday,Q3
2022-09-25,Sports,West,4,46.26,185.04,9,2022,Sunday,Q3
2022-09-26,Sports,West,3,32.36,97.07,9,2022,Monday,Q3
2022-09-27,Sports,West,3,42.91,128.74,9,2022,Tuesday,Q3
2022-09-28,Sports,West,6,19.26,115.58,9,2022,Wednesday,Q3
2022-09-29,Sports,West,4,22.59,90.35,9,2022,Thursday,Q3
2022-09-30,Sports,West,2,57.17,114.33,9,2022,Friday,Q3
2022-10-01,Sports,West,17,22.18,377.12,10,2022,Saturday,Q4
2022-10-02,Sports,West,14,26.08,365.05,10,2022,Sunday,Q4
2022-10-03,Sports,West,7,42.26,295.84,10,2022,Monday,Q4
2022-10-04,Sports,West,5,56.37,281.84,10,2022,Tuesday,Q4
2022-10-05,Sports,West,21,15.49,325.35,10,2022,Wednesday,Q4
2022-10-06,Sports,West,12,28.36,340.26,10,2022,Thursday,Q4
2022-10-07,Sports,West,5,57.56,287.79,10,2022,Friday,Q4
2022-10-08,Sports,West,23,17.24,396.41,10,2022,Saturday,Q4
2022-10-09,Sports,West,17,24.39,414.67,10,2022,Sunday,Q4
2022-10-10,Sports,West,14,25.8,361.18,10,2022,Monday,Q4
2022-10-11,Sports,West,7,33.54,234.81,10,2022,Tuesday,Q4
2022-10-12,Sports,West,12,26.16,313.94,10,2022,Wednesday,Q4
2022-10-13,Sports,West,8,43.56,348.49,10,2022,Thursday,Q4
2022-10-14,Sports,West,14,22.33,312.64,10,2022,Friday,Q4
2022-10-15,Sports,West,11,37.64,414.0,10,2022,Saturday,Q4
2022-10-16,Sports,West,11,33.69,370.58,10,2022,Sunday,Q4
2022-10-17,Sports,West,20,14.32,286.46,10,2022,Monday,Q4
2022-10-18,Sports,West,8,42.29,338.33,10,2022,Tuesday,Q4
2022-10-19,Sports,West,10,30.61,306.06,10,2022,Wednesday,Q4
2022-10-20,Sports,West,8,39.5,315.99,10,2022,Thursday,Q4
2022-10-21,Sports,West,7,48.86,342.04,10,2022,Friday,Q4
2022-10-22,Sports,West,38,12.32,468.14,10,2022,Saturday,Q4
2022-10-23,Sports,West,13,30.59,397.64,10,2022,Sunday,Q4
2022-10-24,Sports,West,20,15.78,315.53,10,2022,Monday,Q4
2022-10-25,Sports,West,22,14.51,319.16,10,2022,Tuesday,Q4
2022-10-26,Sports,West,8,37.78,302.25,10,2022,Wednesday,Q4
2022-10-27,Sports,West,9,33.08,297.7,10,2022,Thursday,Q4
2022-10-28,Sports,West,15,19.86,297.95,10,2022,Friday,Q4
2022-10-29,Sports,West,13,36.36,472.63,10,2022,Saturday,Q4
2022-10-30,Sports,West,24,17.22,413.36,10,2022,Sunday,Q4
2022-10-31,Sports,West,8,44.1,352.78,10,2022,Monday,Q4
2022-11-01,Sports,West,7,39.7,277.9,11,2022,Tuesday,Q4
2022-11-02,Sports,West,27,13.12,354.28,11,2022,Wednesday,Q4
2022-11-03,Sports,West,12,30.25,363.01,11,2022,Thursday,Q4
2022-11-04,Sports,West,22,16.22,356.79,11,2022,Friday,Q4
2022-11-05,Sports,West,32,11.67,373.46,11,2022,Saturday,Q4
2022-11-06,Sports,West,7,53.36,373.55,11,2022,Sunday,Q4
2022-11-07,Sports,West,7,49.14,344.01,11,2022,Monday,Q4
2022-11-08,Sports,West,16,23.37,373.89,11,2022,Tuesday,Q4
2022-11-09,Sports,West,16,22.14,354.21,11,2022,Wednesday,Q4
2022-11-10,Sports,West,24,12.78,306.68,11,2022,Thursday,Q4
2022-11-11,Sports,West,21,17.02,357.4,11,2022,Friday,Q4
2022-11-12,Sports,West,12,38.16,457.97,11,2022,Saturday,Q4
2022-11-13,Sports,West,8,52.76,422.08,11,2022,Sunday,Q4
2022-11-14,Sports,West,10,36.76,367.57,11,2022,Monday,Q4
2022-11-15,Sports,West,7,51.73,362.08,11,2022,Tuesday,Q4
2022-11-16,Sports,West,13,27.29,354.72,11,2022,Wednesday,Q4
2022-11-17,Sports,West,12,30.29,363.49,11,2022,Thursday,Q4
2022-11-18,Sports,West,15,24.54,368.11,11,2022,Friday,Q4
2022-11-19,Sports,West,13,31.16,405.02,11,2022,Saturday,Q4
2022-11-20,Sports,West,9,53.66,482.9,11,2022,Sunday,Q4
2022-11-21,Sports,West,9,37.98,341.85,11,2022,Monday,Q4
2022-11-22,Sports,West,15,27.51,412.71,11,2022,Tuesday,Q4
2022-11-23,Sports,West,9,39.37,354.33,11,2022,Wednesday,Q4
2022-11-24,Sports,West,10,43.0,430.02,11,2022,Thursday,Q4
2022-11-25,Sports,West,13,30.4,395.24,11,2022,Friday,Q4
2022-11-26,Sports,West,17,28.42,483.21,11,2022,Saturday,Q4
2022-11-27,Sports,West,13,34.64,450.33,11,2022,Sunday,Q4
2022-11-28,Sports,West,10,38.9,388.98,11,2022,Monday,Q4
2022-11-29,Sports,West,21,16.3,342.33,11,2022,Tuesday,Q4
